==> Starting ksmbd test VM...

  SMB port:     localhost:10445 -> VM:445
  SSH port:     localhost:10022 -> VM:22
  Shared dir:   /home/ezechiel203/ksmbd -> /mnt/ksmbd (9p)
  Console:      serial (this terminal)

  To exit:      Type 'poweroff' in the VM, or press Ctrl-A then X

c[?7l[2J[0mSeaBIOS (version Arch Linux 1.17.0-2-2)


iPXE (http://ipxe.org) 00:04.0 C900 PCI2.10 PnP PMM+7EFD3C70+7EF33C70 C900
Press Ctrl-B to configure iPXE (PCI 00:04.0)...                                                                               


Booting from ROM...
Probing EDD (edd=off to disable)... oc[?7l[2J[0mk[    0.000000] Linux version 6.18.9-arch1-2 (linux@archlinux) (gcc (GCC) 15.2.1 20260209, GNU ld (GNU Binutils) 2.46) #1 SMP PREEMPT_DYNAMIC Mon, 09 Feb 2026 17:16:33 +0000
[    0.000000] Command line: root=/dev/vda1 rw console=ttyS0,115200 loglevel=7
[    0.000000] BIOS-provided physical RAM map:
[    0.000000] BIOS-e820: [mem 0x0000000000000000-0x000000000009fbff] usable
[    0.000000] BIOS-e820: [mem 0x000000000009fc00-0x000000000009ffff] reserved
[    0.000000] BIOS-e820: [mem 0x00000000000f0000-0x00000000000fffff] reserved
[    0.000000] BIOS-e820: [mem 0x0000000000100000-0x000000007ffdcfff] usable
[    0.000000] BIOS-e820: [mem 0x000000007ffdd000-0x000000007fffffff] reserved
[    0.000000] BIOS-e820: [mem 0x00000000feffc000-0x00000000feffffff] reserved
[    0.000000] BIOS-e820: [mem 0x00000000fffc0000-0x00000000ffffffff] reserved
[    0.000000] NX (Execute Disable) protection: active
[    0.000000] APIC: Static calls initialized
[    0.000000] SMBIOS 2.8 present.
[    0.000000] DMI: QEMU Standard PC (i440FX + PIIX, 1996), BIOS Arch Linux 1.17.0-2-2 04/01/2014
[    0.000000] DMI: Memory slots populated: 1/1
[    0.000000] Hypervisor detected: KVM
[    0.000000] last_pfn = 0x7ffdd max_arch_pfn = 0x400000000
[    0.000000] kvm-clock: Using msrs 4b564d01 and 4b564d00
[    0.000000] kvm-clock: using sched offset of 197193692 cycles
[    0.000002] clocksource: kvm-clock: mask: 0xffffffffffffffff max_cycles: 0x1cd42e4dffb, max_idle_ns: 881590591483 ns
[    0.000004] tsc: Detected 3600.000 MHz processor
[    0.000592] last_pfn = 0x7ffdd max_arch_pfn = 0x400000000
[    0.000619] MTRR map: 4 entries (3 fixed + 1 variable; max 19), built from 8 variable MTRRs
[    0.000621] x86/PAT: Configuration [0-7]: WB  WC  UC- UC  WB  WP  UC- WT  
[    0.007497] found SMP MP-table at [mem 0x000f66b0-0x000f66bf]
[    0.007511] Using GB pages for direct mapping
[    0.007630] RAMDISK: [mem 0x7f32e000-0x7ffcffff]
[    0.007649] ACPI: Early table checksum verification disabled
[    0.007652] ACPI: RSDP 0x00000000000F64E0 000014 (v00 BOCHS )
[    0.007655] ACPI: RSDT 0x000000007FFE239C 000034 (v01 BOCHS  BXPC     00000001 BXPC 00000001)
[    0.007660] ACPI: FACP 0x000000007FFE2248 000074 (v01 BOCHS  BXPC     00000001 BXPC 00000001)
[    0.007665] ACPI: DSDT 0x000000007FFE0040 002208 (v01 BOCHS  BXPC     00000001 BXPC 00000001)
[    0.007668] ACPI: FACS 0x000000007FFE0000 000040
[    0.007670] ACPI: APIC 0x000000007FFE22BC 000080 (v03 BOCHS  BXPC     00000001 BXPC 00000001)
[    0.007673] ACPI: HPET 0x000000007FFE233C 000038 (v01 BOCHS  BXPC     00000001 BXPC 00000001)
[    0.007676] ACPI: WAET 0x000000007FFE2374 000028 (v01 BOCHS  BXPC     00000001 BXPC 00000001)
[    0.007678] ACPI: Reserving FACP table memory at [mem 0x7ffe2248-0x7ffe22bb]
[    0.007679] ACPI: Reserving DSDT table memory at [mem 0x7ffe0040-0x7ffe2247]
[    0.007680] ACPI: Reserving FACS table memory at [mem 0x7ffe0000-0x7ffe003f]
[    0.007680] ACPI: Reserving APIC table memory at [mem 0x7ffe22bc-0x7ffe233b]
[    0.007681] ACPI: Reserving HPET table memory at [mem 0x7ffe233c-0x7ffe2373]
[    0.007681] ACPI: Reserving WAET table memory at [mem 0x7ffe2374-0x7ffe239b]
[    0.008104] No NUMA configuration found
[    0.008105] Faking a node at [mem 0x0000000000000000-0x000000007ffdcfff]
[    0.008110] NODE_DATA(0) allocated [mem 0x7f303280-0x7f32dfff]
[    0.008249] Zone ranges:
[    0.008249]   DMA      [mem 0x0000000000001000-0x0000000000ffffff]
[    0.008251]   DMA32    [mem 0x0000000001000000-0x000000007ffdcfff]
[    0.008252]   Normal   empty
[    0.008253]   Device   empty
[    0.008253] Movable zone start for each node
[    0.008255] Early memory node ranges
[    0.008255]   node   0: [mem 0x0000000000001000-0x000000000009efff]
[    0.008256]   node   0: [mem 0x0000000000100000-0x000000007ffdcfff]
[    0.008257] Initmem setup node 0 [mem 0x0000000000001000-0x000000007ffdcfff]
[    0.008348] On node 0, zone DMA: 1 pages in unavailable ranges
[    0.008359] On node 0, zone DMA: 97 pages in unavailable ranges
[    0.011892] On node 0, zone DMA32: 35 pages in unavailable ranges
[    0.012626] ACPI: PM-Timer IO Port: 0x608
[    0.012641] ACPI: LAPIC_NMI (acpi_id[0xff] dfl dfl lint[0x1])
[    0.012673] IOAPIC[0]: apic_id 0, version 17, address 0xfec00000, GSI 0-23
[    0.012677] ACPI: INT_SRC_OVR (bus 0 bus_irq 0 global_irq 2 dfl dfl)
[    0.012678] ACPI: INT_SRC_OVR (bus 0 bus_irq 5 global_irq 5 high level)
[    0.012679] ACPI: INT_SRC_OVR (bus 0 bus_irq 9 global_irq 9 high level)
[    0.012679] ACPI: INT_SRC_OVR (bus 0 bus_irq 10 global_irq 10 high level)
[    0.012680] ACPI: INT_SRC_OVR (bus 0 bus_irq 11 global_irq 11 high level)
[    0.012684] ACPI: Using ACPI (MADT) for SMP configuration information
[    0.012685] ACPI: HPET id: 0x8086a201 base: 0xfed00000
[    0.012689] TSC deadline timer available
[    0.012693] CPU topo: Max. logical packages:   1
[    0.012694] CPU topo: Max. logical dies:       1
[    0.012694] CPU topo: Max. dies per package:   1
[    0.012698] CPU topo: Max. threads per core:   1
[    0.012698] CPU topo: Num. cores per package:     2
[    0.012698] CPU topo: Num. threads per package:   2
[    0.012699] CPU topo: Allowing 2 present CPUs plus 0 hotplug CPUs
[    0.012716] kvm-guest: APIC: eoi() replaced with kvm_guest_apic_eoi_write()
[    0.012727] kvm-guest: KVM setup pv remote TLB flush
[    0.012730] kvm-guest: setup PV sched yield
[    0.012747] PM: hibernation: Registered nosave memory: [mem 0x00000000-0x00000fff]
[    0.012749] PM: hibernation: Registered nosave memory: [mem 0x0009f000-0x000fffff]
[    0.012750] [mem 0x80000000-0xfeffbfff] available for PCI devices
[    0.012751] Booting paravirtualized kernel on KVM
[    0.012752] clocksource: refined-jiffies: mask: 0xffffffff max_cycles: 0xffffffff, max_idle_ns: 1910969940391419 ns
[    0.017749] setup_percpu: NR_CPUS:8192 nr_cpumask_bits:2 nr_cpu_ids:2 nr_node_ids:1
[    0.017935] percpu: Embedded 62 pages/cpu s217088 r8192 d28672 u1048576
[    0.017963] kvm-guest: PV spinlocks enabled
[    0.017965] PV qspinlock hash table entries: 256 (order: 0, 4096 bytes, linear)
[    0.017967] Kernel command line: root=/dev/vda1 rw console=ttyS0,115200 loglevel=7
[    0.018013] random: crng init done
[    0.018013] printk: log buffer data + meta data: 131072 + 458752 = 589824 bytes
[    0.018173] Dentry cache hash table entries: 262144 (order: 9, 2097152 bytes, linear)
[    0.018234] Inode-cache hash table entries: 131072 (order: 8, 1048576 bytes, linear)
[    0.018284] Fallback order for Node 0: 0 
[    0.018287] Built 1 zonelists, mobility grouping on.  Total pages: 524155
[    0.018287] Policy zone: DMA32
[    0.018463] mem auto-init: stack:all(zero), heap alloc:on, heap free:off
[    0.022396] SLUB: HWalign=64, Order=0-3, MinObjects=0, CPUs=2, Nodes=1
[    0.022409] Kernel/User page tables isolation: enabled
[    0.029742] ftrace: allocating 57056 entries in 224 pages
[    0.029744] ftrace: allocated 224 pages with 3 groups
[    0.029801] Dynamic Preempt: full
[    0.029907] rcu: Preemptible hierarchical RCU implementation.
[    0.029908] rcu: 	RCU restricting CPUs from NR_CPUS=8192 to nr_cpu_ids=2.
[    0.029909] rcu: 	RCU priority boosting: priority 1 delay 500 ms.
[    0.029910] 	Trampoline variant of Tasks RCU enabled.
[    0.029910] 	Rude variant of Tasks RCU enabled.
[    0.029910] 	Tracing variant of Tasks RCU enabled.
[    0.029911] rcu: RCU calculated value of scheduler-enlistment delay is 100 jiffies.
[    0.029911] rcu: Adjusting geometry for rcu_fanout_leaf=16, nr_cpu_ids=2
[    0.029916] RCU Tasks: Setting shift to 1 and lim to 1 rcu_task_cb_adjust=1 rcu_task_cpu_ids=2.
[    0.029917] RCU Tasks Rude: Setting shift to 1 and lim to 1 rcu_task_cb_adjust=1 rcu_task_cpu_ids=2.
[    0.029918] RCU Tasks Trace: Setting shift to 1 and lim to 1 rcu_task_cb_adjust=1 rcu_task_cpu_ids=2.
[    0.034210] NR_IRQS: 524544, nr_irqs: 440, preallocated irqs: 16
[    0.034404] rcu: srcu_init: Setting srcu_struct sizes based on contention.
[    0.034517] kfence: initialized - using 2097152 bytes for 255 objects at 0x(____ptrval____)-0x(____ptrval____)
[    0.050834] Console: colour VGA+ 80x25
[    0.050892] printk: legacy console [ttyS0] enabled
[    0.214712] ACPI: Core revision 20250807
[    0.215785] clocksource: hpet: mask: 0xffffffff max_cycles: 0xffffffff, max_idle_ns: 19112604467 ns
[    0.218001] APIC: Switch to symmetric I/O mode setup
[    0.219430] x2apic enabled
[    0.220347] APIC: Switched APIC routing to: physical x2apic
[    0.221651] kvm-guest: APIC: send_IPI_mask() replaced with kvm_send_ipi_mask()
[    0.223372] kvm-guest: APIC: send_IPI_mask_allbutself() replaced with kvm_send_ipi_mask_allbutself()
[    0.225499] kvm-guest: setup PV IPIs
[    0.227509] ..TIMER: vector=0x30 apic1=0 pin1=2 apic2=-1 pin2=-1
[    0.229053] clocksource: tsc-early: mask: 0xffffffffffffffff max_cycles: 0x33e452fbb2f, max_idle_ns: 440795236593 ns
[    0.231546] Calibrating delay loop (skipped) preset value.. 7200.00 BogoMIPS (lpj=3600000)
[    0.232643] x86/cpu: User Mode Instruction Prevention (UMIP) activated
[    0.233600] Last level iTLB entries: 4KB 0, 2MB 0, 4MB 0
[    0.234546] Last level dTLB entries: 4KB 0, 2MB 0, 4MB 0, 1GB 0
[    0.235553] mitigations: Enabled attack vectors: user_kernel, user_user, guest_host, guest_guest, SMT mitigations: auto
[    0.236546] Speculative Store Bypass: Mitigation: Speculative Store Bypass disabled via prctl
[    0.237546] SRBDS: Unknown: Dependent on hypervisor status
[    0.238546] Spectre V2 : Mitigation: IBRS
[    0.239546] RETBleed: Mitigation: IBRS
[    0.240546] MDS: Mitigation: Clear CPU buffers
[    0.241546] TAA: Mitigation: Clear CPU buffers
[    0.242546] MMIO Stale Data: Mitigation: Clear CPU buffers
[    0.243546] Spectre V1 : Mitigation: usercopy/swapgs barriers and __user pointer sanitization
[    0.244547] Spectre V2 : Spectre v2 / SpectreRSB: Filling RSB on context switch and VMEXIT
[    0.245547] Spectre V2 : mitigation: Enabling conditional Indirect Branch Prediction Barrier
[    0.246550] GDS: Unknown: Dependent on hypervisor status
[    0.247546] Spectre V2 : Spectre BHI mitigation: SW BHB clearing on syscall and VM exit
[    0.248560] x86/fpu: Supporting XSAVE feature 0x001: 'x87 floating point registers'
[    0.249546] x86/fpu: Supporting XSAVE feature 0x002: 'SSE registers'
[    0.250546] x86/fpu: Supporting XSAVE feature 0x004: 'AVX registers'
[    0.251546] x86/fpu: Supporting XSAVE feature 0x008: 'MPX bounds registers'
[    0.252546] x86/fpu: Supporting XSAVE feature 0x010: 'MPX CSR'
[    0.253546] x86/fpu: xstate_offset[2]:  576, xstate_sizes[2]:  256
[    0.254546] x86/fpu: xstate_offset[3]:  832, xstate_sizes[3]:   64
[    0.255546] x86/fpu: xstate_offset[4]:  896, xstate_sizes[4]:   64
[    0.256546] x86/fpu: Enabled xstate features 0x1f, context size is 960 bytes, using 'compacted' format.
[    0.285972] Freeing SMP alternatives memory: 56K
[    0.286547] pid_max: default: 32768 minimum: 301
[    0.287573] LSM: initializing lsm=capability,landlock,lockdown,yama,bpf
[    0.288600] landlock: Up and running.
[    0.289547] Yama: becoming mindful.
[    0.290651] LSM support for eBPF active
[    0.291551] Mount-cache hash table entries: 4096 (order: 3, 32768 bytes, linear)
[    0.292547] Mountpoint-cache hash table entries: 4096 (order: 3, 32768 bytes, linear)
[    0.293834] smpboot: CPU0: Intel(R) Core(TM) i7-7700 CPU @ 3.60GHz (family: 0x6, model: 0x9e, stepping: 0x9)
[    0.294697] Performance Events: Skylake events, full-width counters, Intel PMU driver.
[    0.295549] ... version:                   2
[    0.296547] ... bit width:                 48
[    0.297546] ... generic counters:          4
[    0.298538] ... generic bitmap:            000000000000000f
[    0.298546] ... fixed-purpose counters:    3
[    0.299541] ... fixed-purpose bitmap:      0000000000000007
[    0.299546] ... value mask:                0000ffffffffffff
[    0.300546] ... max period:                00007fffffffffff
[    0.301546] ... global_ctrl mask:          000000070000000f
[    0.302671] signal: max sigframe size: 2032
[    0.303586] rcu: Hierarchical SRCU implementation.
[    0.304546] rcu: 	Max phase no-delay instances is 400.
[    0.305597] Timer migration: 1 hierarchy levels; 8 children per group; 1 crossnode level
[    0.306778] smp: Bringing up secondary CPUs ...
[    0.307726] smpboot: x86: Booting SMP configuration:
[    0.308566] .... node  #0, CPUs:      #1
[    0.308693] smp: Brought up 1 node, 2 CPUs
[    0.310498] smpboot: Total of 2 processors activated (14400.00 BogoMIPS)
[    0.310693] Memory: 1983560K/2096620K available (20315K kernel code, 2939K rwdata, 16372K rodata, 4732K init, 4776K bss, 107788K reserved, 0K cma-reserved)
[    0.311634] devtmpfs: initialized
[    0.312579] x86/mm: Memory block size: 128MB
[    0.313856] clocksource: jiffies: mask: 0xffffffff max_cycles: 0xffffffff, max_idle_ns: 1911260446275000 ns
[    0.314554] posixtimers hash table entries: 1024 (order: 2, 16384 bytes, linear)
[    0.315551] futex hash table entries: 512 (32768 bytes on 1 NUMA nodes, total 32 KiB, linear).
[    0.316612] pinctrl core: initialized pinctrl subsystem
[    0.317682] PM: RTC time: 11:26:21, date: 2026-02-28
[    0.319025] NET: Registered PF_NETLINK/PF_ROUTE protocol family
[    0.319723] DMA: preallocated 256 KiB GFP_KERNEL pool for atomic allocations
[    0.320559] DMA: preallocated 256 KiB GFP_KERNEL|GFP_DMA pool for atomic allocations
[    0.321555] DMA: preallocated 256 KiB GFP_KERNEL|GFP_DMA32 pool for atomic allocations
[    0.322551] audit: initializing netlink subsys (disabled)
[    0.323571] audit: type=2000 audit(1772277982.038:1): state=initialized audit_enabled=0 res=1
[    0.323629] thermal_sys: Registered thermal governor 'fair_share'
[    0.324547] thermal_sys: Registered thermal governor 'bang_bang'
[    0.325547] thermal_sys: Registered thermal governor 'step_wise'
[    0.326547] thermal_sys: Registered thermal governor 'user_space'
[    0.327547] thermal_sys: Registered thermal governor 'power_allocator'
[    0.328556] cpuidle: using governor ladder
[    0.330509] cpuidle: using governor menu
[    0.330673] acpiphp: ACPI Hot Plug PCI Controller Driver version: 0.5
[    0.331687] PCI: Using configuration type 1 for base access
[    0.332642] kprobes: kprobe jump-optimization is enabled. All kprobes are optimized if possible.
[    0.339564] HugeTLB: registered 1.00 GiB page size, pre-allocated 0 pages
[    0.340547] HugeTLB: 16380 KiB vmemmap can be freed for a 1.00 GiB page
[    0.343547] HugeTLB: registered 2.00 MiB page size, pre-allocated 0 pages
[    0.344547] HugeTLB: 28 KiB vmemmap can be freed for a 2.00 MiB page
[    0.351887] raid6: skipped pq benchmark and selected avx2x4
[    0.353551] raid6: using avx2x2 recovery algorithm
[    0.354611] ACPI: Added _OSI(Module Device)
[    0.355547] ACPI: Added _OSI(Processor Device)
[    0.356548] ACPI: Added _OSI(Processor Aggregator Device)
[    0.358572] ACPI: 1 ACPI AML tables successfully acquired and loaded
[    0.361753] ACPI: Interpreter enabled
[    0.362558] ACPI: PM: (supports S0 S3 S4 S5)
[    0.363547] ACPI: Using IOAPIC for interrupt routing
[    0.364655] PCI: Using host bridge windows from ACPI; if necessary, use "pci=nocrs" and report a bug
[    0.366547] PCI: Using E820 reservations for host bridge windows
[    0.368645] ACPI: Enabled 2 GPEs in block 00 to 0F
[    0.372108] ACPI: PCI Root Bridge [PCI0] (domain 0000 [bus 00-ff])
[    0.373551] acpi PNP0A03:00: _OSC: OS supports [ASPM ClockPM Segments MSI EDR HPX-Type3]
[    0.375548] acpi PNP0A03:00: _OSC: not requesting OS control; OS requires [ExtendedConfig ASPM ClockPM MSI]
[    0.377555] acpi PNP0A03:00: fail to add MMCONFIG information, can't access extended configuration space under this bridge
[    0.380881] acpiphp: Slot [3] registered
[    0.381571] acpiphp: Slot [4] registered
[    0.382556] acpiphp: Slot [5] registered
[    0.383516] acpiphp: Slot [6] registered
[    0.384568] acpiphp: Slot [7] registered
[    0.385552] acpiphp: Slot [8] registered
[    0.386504] acpiphp: Slot [9] registered
[    0.386569] acpiphp: Slot [10] registered
[    0.387536] acpiphp: Slot [11] registered
[    0.388569] acpiphp: Slot [12] registered
[    0.389543] acpiphp: Slot [13] registered
[    0.390519] acpiphp: Slot [14] registered
[    0.391568] acpiphp: Slot [15] registered
[    0.392540] acpiphp: Slot [16] registered
[    0.393568] acpiphp: Slot [17] registered
[    0.394588] acpiphp: Slot [18] registered
[    0.395546] acpiphp: Slot [19] registered
[    0.396520] acpiphp: Slot [20] registered
[    0.397569] acpiphp: Slot [21] registered
[    0.398542] acpiphp: Slot [22] registered
[    0.399583] acpiphp: Slot [23] registered
[    0.400555] acpiphp: Slot [24] registered
[    0.401528] acpiphp: Slot [25] registered
[    0.402569] acpiphp: Slot [26] registered
[    0.403568] acpiphp: Slot [27] registered
[    0.404568] acpiphp: Slot [28] registered
[    0.405568] acpiphp: Slot [29] registered
[    0.406568] acpiphp: Slot [30] registered
[    0.407568] acpiphp: Slot [31] registered
[    0.408562] PCI host bridge to bus 0000:00
[    0.409550] pci_bus 0000:00: root bus resource [io  0x0000-0x0cf7 window]
[    0.411547] pci_bus 0000:00: root bus resource [io  0x0d00-0xffff window]
[    0.412547] pci_bus 0000:00: root bus resource [mem 0x000a0000-0x000bffff window]
[    0.414547] pci_bus 0000:00: root bus resource [mem 0x80000000-0xfebfffff window]
[    0.416547] pci_bus 0000:00: root bus resource [mem 0x100000000-0x17fffffff window]
[    0.417547] pci_bus 0000:00: root bus resource [bus 00-ff]
[    0.419623] pci 0000:00:00.0: [8086:1237] type 00 class 0x060000 conventional PCI endpoint
[    0.422277] pci 0000:00:01.0: [8086:7000] type 00 class 0x060100 conventional PCI endpoint
[    0.424342] pci 0000:00:01.1: [8086:7010] type 00 class 0x010180 conventional PCI endpoint
[    0.427424] pci 0000:00:01.1: BAR 4 [io  0xc0e0-0xc0ef]
[    0.428606] pci 0000:00:01.1: BAR 0 [io  0x01f0-0x01f7]: legacy IDE quirk
[    0.430547] pci 0000:00:01.1: BAR 1 [io  0x03f6]: legacy IDE quirk
[    0.431547] pci 0000:00:01.1: BAR 2 [io  0x0170-0x0177]: legacy IDE quirk
[    0.433547] pci 0000:00:01.1: BAR 3 [io  0x0376]: legacy IDE quirk
[    0.434799] pci 0000:00:01.3: [8086:7113] type 00 class 0x068000 conventional PCI endpoint
[    0.438134] pci 0000:00:01.3: quirk: [io  0x0600-0x063f] claimed by PIIX4 ACPI
[    0.439560] pci 0000:00:01.3: quirk: [io  0x0700-0x070f] claimed by PIIX4 SMB
[    0.441860] pci 0000:00:02.0: [1234:1111] type 00 class 0x030000 conventional PCI endpoint
[    0.448432] pci 0000:00:02.0: BAR 0 [mem 0xfd000000-0xfdffffff pref]
[    0.449573] pci 0000:00:02.0: BAR 2 [mem 0xfebd0000-0xfebd0fff]
[    0.451635] pci 0000:00:02.0: ROM [mem 0xfebc0000-0xfebcffff pref]
[    0.452667] pci 0000:00:02.0: Video device with shadowed ROM at [mem 0x000c0000-0x000dffff]
[    0.455143] pci 0000:00:03.0: [1af4:1009] type 00 class 0x000200 conventional PCI endpoint
[    0.459280] pci 0000:00:03.0: BAR 0 [io  0xc080-0xc0bf]
[    0.460560] pci 0000:00:03.0: BAR 1 [mem 0xfebd1000-0xfebd1fff]
[    0.461595] pci 0000:00:03.0: BAR 4 [mem 0xfe000000-0xfe003fff 64bit pref]
[    0.465338] pci 0000:00:04.0: [1af4:1000] type 00 class 0x020000 conventional PCI endpoint
[    0.469244] pci 0000:00:04.0: BAR 0 [io  0xc0c0-0xc0df]
[    0.470561] pci 0000:00:04.0: BAR 1 [mem 0xfebd2000-0xfebd2fff]
[    0.471595] pci 0000:00:04.0: BAR 4 [mem 0xfe004000-0xfe007fff 64bit pref]
[    0.473561] pci 0000:00:04.0: ROM [mem 0xfeb80000-0xfebbffff pref]
[    0.476269] pci 0000:00:05.0: [1af4:1001] type 00 class 0x010000 conventional PCI endpoint
[    0.480073] pci 0000:00:05.0: BAR 0 [io  0xc000-0xc07f]
[    0.481561] pci 0000:00:05.0: BAR 1 [mem 0xfebd3000-0xfebd3fff]
[    0.482595] pci 0000:00:05.0: BAR 4 [mem 0xfe008000-0xfe00bfff 64bit pref]
[    0.491544] ACPI: PCI: Interrupt link LNKA configured for IRQ 10
[    0.493679] ACPI: PCI: Interrupt link LNKB configured for IRQ 10
[    0.494676] ACPI: PCI: Interrupt link LNKC configured for IRQ 11
[    0.496697] ACPI: PCI: Interrupt link LNKD configured for IRQ 11
[    0.497619] ACPI: PCI: Interrupt link LNKS configured for IRQ 9
[    0.500100] iommu: Default domain type: Translated
[    0.501547] iommu: DMA domain TLB invalidation policy: lazy mode
[    0.502702] SCSI subsystem initialized
[    0.503597] ACPI: bus type USB registered
[    0.504569] usbcore: registered new interface driver usbfs
[    0.505557] usbcore: registered new interface driver hub
[    0.507553] usbcore: registered new device driver usb
[    0.508575] EDAC MC: Ver: 3.0.0
[    0.509913] NetLabel: Initializing
[    0.510548] NetLabel:  domain hash size = 128
[    0.511547] NetLabel:  protocols = UNLABELED CIPSOv4 CALIPSO
[    0.513565] NetLabel:  unlabeled traffic allowed by default
[    0.514550] mctp: management component transport protocol core
[    0.515547] NET: Registered PF_MCTP protocol family
[    0.516570] PCI: Using ACPI for IRQ routing
[    0.518608] pci 0000:00:02.0: vgaarb: setting as boot VGA device
[    0.519544] pci 0000:00:02.0: vgaarb: bridge control possible
[    0.519544] pci 0000:00:02.0: vgaarb: VGA device added: decodes=io+mem,owns=io+mem,locks=none
[    0.523548] vgaarb: loaded
[    0.524176] hpet0: at MMIO 0xfed00000, IRQs 2, 8, 0
[    0.524547] hpet0: 3 comparators, 64-bit 100.000000 MHz counter
[    0.529643] clocksource: Switched to clocksource kvm-clock
[    0.531569] VFS: Disk quotas dquot_6.6.0
[    0.532542] VFS: Dquot-cache hash table entries: 512 (order 0, 4096 bytes)
[    0.534383] pnp: PnP ACPI init
[    0.535488] pnp: PnP ACPI: found 6 devices
[    0.542613] clocksource: acpi_pm: mask: 0xffffff max_cycles: 0xffffff, max_idle_ns: 2085701024 ns
[    0.544750] NET: Registered PF_INET protocol family
[    0.545971] IP idents hash table entries: 32768 (order: 6, 262144 bytes, linear)
[    0.559903] tcp_listen_portaddr_hash hash table entries: 1024 (order: 2, 16384 bytes, linear)
[    0.561956] Table-perturb hash table entries: 65536 (order: 6, 262144 bytes, linear)
[    0.563927] TCP established hash table entries: 16384 (order: 5, 131072 bytes, linear)
[    0.565810] TCP bind hash table entries: 16384 (order: 7, 524288 bytes, linear)
[    0.567625] TCP: Hash tables configured (established 16384 bind 16384)
[    0.569256] MPTCP token hash table entries: 2048 (order: 4, 49152 bytes, linear)
[    0.571005] UDP hash table entries: 1024 (order: 4, 65536 bytes, linear)
[    0.572566] UDP-Lite hash table entries: 1024 (order: 4, 65536 bytes, linear)
[    0.574360] NET: Registered PF_UNIX/PF_LOCAL protocol family
[    0.575678] NET: Registered PF_XDP protocol family
[    0.577039] pci_bus 0000:00: resource 4 [io  0x0000-0x0cf7 window]
[    0.578515] pci_bus 0000:00: resource 5 [io  0x0d00-0xffff window]
[    0.580042] pci_bus 0000:00: resource 6 [mem 0x000a0000-0x000bffff window]
[    0.581641] pci_bus 0000:00: resource 7 [mem 0x80000000-0xfebfffff window]
[    0.583316] pci_bus 0000:00: resource 8 [mem 0x100000000-0x17fffffff window]
[    0.585052] pci 0000:00:01.0: PIIX3: Enabling Passive Release
[    0.586411] pci 0000:00:00.0: Limiting direct PCI/PCI transfers
[    0.587964] PCI: CLS 0 bytes, default 64
[    0.589038] clocksource: tsc: mask: 0xffffffffffffffff max_cycles: 0x33e452fbb2f, max_idle_ns: 440795236593 ns
[    0.589083] Trying to unpack rootfs image as initramfs...
[    0.616654] Initialise system trusted keyrings
[    0.617748] Key type blacklist registered
[    0.618866] workingset: timestamp_bits=36 max_order=19 bucket_order=0
[    0.620596] fuse: init (API version 7.45)
[    0.621651] integrity: Platform Keyring initialized
[    0.623019] integrity: Machine keyring initialized
[    0.633508] xor: automatically using best checksumming function   avx       
[    0.635173] Key type asymmetric registered
[    0.636171] Asymmetric key parser 'x509' registered
[    0.636209] Freeing initrd memory: 12936K
[    0.637326] Block layer SCSI generic (bsg) driver version 0.4 loaded (major 245)
[    0.640101] io scheduler mq-deadline registered
[    0.641172] io scheduler kyber registered
[    0.642188] io scheduler bfq registered
[    0.643259] ledtrig-cpu: registered to indicate activity on CPUs
[    0.644825] input: Power Button as /devices/LNXSYSTM:00/LNXPWRBN:00/input/input0
[    0.650224] ACPI: button: Power Button [PWRF]
[    0.652473] ACPI: \_SB_.LNKC: Enabled at IRQ 11
[    0.655855] ACPI: \_SB_.LNKD: Enabled at IRQ 10
[    0.659087] ACPI: \_SB_.LNKA: Enabled at IRQ 10
[    0.662269] Serial: 8250/16550 driver, 32 ports, IRQ sharing enabled
[    0.664390] 00:04: ttyS0 at I/O 0x3f8 (irq = 4, base_baud = 115200) is a 16550A
[    0.668226] Non-volatile memory driver v1.3
[    0.669310] Linux agpgart interface v0.103
[    0.670354] ACPI: bus type drm_connector registered
[    0.672009] virtio_blk virtio2: 2/0/0 default/read/poll queues
[    0.674562] virtio_blk virtio2: [vda] 25165824 512-byte logical blocks (12.9 GB/12.0 GiB)
[    0.677480]  vda: vda1
[    0.678398] usbcore: registered new interface driver usbserial_generic
[    0.679977] usbserial: USB Serial support registered for generic
[    0.681421] i8042: PNP: PS/2 Controller [PNP0303:KBD,PNP0f13:MOU] at 0x60,0x64 irq 1,12
[    0.684223] serio: i8042 KBD port at 0x60,0x64 irq 1
[    0.685589] serio: i8042 AUX port at 0x60,0x64 irq 12
[    0.686998] rtc_cmos 00:05: RTC can wake from S4
[    0.688670] input: AT Translated Set 2 keyboard as /devices/platform/i8042/serio0/input/input1
[    0.689780] rtc_cmos 00:05: registered as rtc0
[    0.692239] rtc_cmos 00:05: setting system clock to 2026-02-28T11:26:21 UTC (1772277981)
[    0.694305] rtc_cmos 00:05: alarms up to one day, y3k, 242 bytes nvram, hpet irqs
[    0.696212] intel_pstate: CPU model not supported
[    0.697382] hid: raw HID events driver (C) Jiri Kosina
[    0.698609] usbcore: registered new interface driver usbhid
[    0.699958] usbhid: USB HID core driver
[    0.700886] rust_binder: Loaded Rust Binder.
[    0.700903] drop_monitor: Initializing network drop monitor service
[    0.703443] NET: Registered PF_INET6 protocol family
[    0.704974] Segment Routing with IPv6
[    0.705835] RPL Segment Routing with IPv6
[    0.706780] In-situ OAM (IOAM) with IPv6
[    0.707767] NET: Registered PF_PACKET protocol family
[    0.709232] IPI shorthand broadcast: enabled
[    0.712195] sched_clock: Marking stable (523026647, 189134139)->(763235658, -51074872)
[    0.714306] registered taskstats version 1
[    0.715705] Loading compiled-in X.509 certificates
[    0.722540] Loaded X.509 cert 'Build time autogenerated kernel key: bd75f57764373954f9094fd02f3449c1c19f0d83'
[    0.727234] zswap: loaded using pool zstd
[    0.728279] Demotion targets for Node 0: null
[    0.729467] Key type .fscrypt registered
[    0.730412] Key type fscrypt-provisioning registered
[    0.731820] Btrfs loaded, zoned=yes, fsverity=yes
[    0.733013] Key type big_key registered
[    0.734156] PM:   Magic number: 14:619:429
[    0.736020] RAS: Correctable Errors collector initialized.
[    0.741349] clk: Disabling unused clocks
[    0.742319] PM: genpd: Disabling unused power domains
[    0.745031] Freeing unused decrypted memory: 2028K
[    0.746622] Freeing unused kernel image (initmem) memory: 4732K
[    0.747714] Write protecting the kernel read-only data: 36864k
[    0.748994] Freeing unused kernel image (text/rodata gap) memory: 164K
[    0.750163] Freeing unused kernel image (rodata/data gap) memory: 12K
[    0.789164] x86/mm: Checked W+X mappings: passed, no W+X pages found.
[    0.790267] rodata_test: all tests were successful
[    0.791109] x86/mm: Checking user space page tables
[    0.827803] x86/mm: Checked W+X mappings: passed, no W+X pages found.
[    0.829009] Run /init as init process
P+q6E616D65\[    1.183977] systemd[1]: Successfully made /usr/ read-only.
[6n[32766;32766H[6n[!p]104\[0m[?7h[1G[0J[    1.522053] systemd[1]: systemd 259.1-1-arch running in system mode (+PAM +AUDIT -SELINUX +APPARMOR -IMA +IPE +SMACK +SECCOMP +GCRYPT +GNUTLS +OPENSSL +ACL +BLKID +CURL +ELFUTILS +FIDO2 +IDN2 -IDN +KMOD +LIBCRYPTSETUP +LIBCRYPTSETUP_PLUGINS +LIBFDISK +PCRE2 +PWQUALITY +P11KIT +QRENCODE +TPM2 +BZIP2 +LZ4 +XZ +ZLIB +ZSTD +BPF_FRAMEWORK +BTF +XKBCOMMON +UTMP -SYSVINIT +LIBARCHIVE)
[    1.536673] systemd[1]: Detected virtualization kvm.
[    1.539028] systemd[1]: Detected architecture x86-64.
[    1.541337] systemd[1]: Running in initrd.
[0;1;39mBooting initrd of [0m[38;2;23;147;209mArch Linux[0m[0;1;39m.[0m
[    1.547424] systemd[1]: Initializing machine ID from random generator.
]3008;start=2b85ba8154b74d42b98ba944eca07b71;user=root;hostname=archlinux;machineid=16a71001c3234ff2a4bec1a7db253799;bootid=e69d0fce0f984428a1092f4d3f747fb4;pid=1;pidfdid=2;comm=systemd;type=boot\[    1.589925] systemd[1]: Queued start job for default target Initrd Default Target.
[    1.629170] systemd[1]: Expecting device /dev/vda1...
         Expecting device [0;1;39m/dev/vda1[0m...
[    1.631181] systemd[1]: Reached target Path Units.
[[0;32m  OK  [0m] Reached target [0;1;39mPath Units[0m.
[    1.633153] systemd[1]: Reached target Slice Units.
[[0;32m  OK  [0m] Reached target [0;1;39mSlice Units[0m.
[    1.635142] systemd[1]: Reached target Swaps.
[[0;32m  OK  [0m] Reached target [0;1;39mSwaps[0m.
[    1.636977] systemd[1]: Reached target Timer Units.
[[0;32m  OK  [0m] Reached target [0;1;39mTimer Units[0m.
[    1.639039] systemd[1]: Listening on Journal Socket (/dev/log).
[[0;32m  OK  [0m] Listening on [0;1;39mJournal Socket (/dev/log)[0m.
[    1.641509] systemd[1]: Listening on Journal Sockets.
[[0;32m  OK  [0m] Listening on [0;1;39mJournal Sockets[0m.
[    1.643643] systemd[1]: Listening on udev Control Socket.
[[0;32m  OK  [0m] Listening on [0;1;39mudev Control Socket[0m.
[    1.645896] systemd[1]: Listening on udev Kernel Socket.
[[0;32m  OK  [0m] Listening on [0;1;39mudev Kernel Socket[0m.
[    1.648054] systemd[1]: Reached target Socket Units.
[[0;32m  OK  [0m] Reached target [0;1;39mSocket Units[0m.
[    1.650049] systemd[1]: Create List of Static Device Nodes skipped, unmet condition check ConditionFileNotEmpty=/lib/modules/6.18.9-arch1-2/modules.devname
[    1.652446] systemd[1]: Early Battery Level Check skipped, unmet condition check ConditionDirectoryNotEmpty=/sys/class/power_supply
[    1.654499] systemd[1]: Display Boot-Time Emergency Messages In Full Screen skipped, unmet condition check ConditionVirtualization=no
[    1.660698] systemd[1]: Starting Journal Service...
         Starting [0;1;39mJournal Service[0m...
[    1.664401] systemd[1]: Starting Load Kernel Modules...
         Starting [0;1;39mLoad Kernel Modules[0m...
[    1.667180] systemd[1]: TPM PCR Barrier (initrd) skipped, unmet condition check ConditionSecurity=measured-uki
[    1.670702] systemd[1]: Starting Create Static Device Nodes in /dev...
         Starting [0;1;39mCreate Static Device Nodes in /dev[0m...
[    1.676857] systemd[1]: Starting Coldplug All udev Devices...
         Starting [0;1;39mColdplug All udev Devices[0m...
[    1.687097] systemd-journald[104]: Collecting audit messages is disabled.
[    1.701193] systemd[1]: Finished Create Static Device Nodes in /dev.
[[0;32m  OK  [0m] Finished [0;1;39mCreate Static Device Nodes in /dev[0m.
[    1.706564] systemd[1]: Reached target Preparation for Local File Systems.
[[0;32m  OK  [0m] Reached target [0;1;39mPreparation for Local File Systems[0m.
[    1.711668] systemd[1]: Reached target Local File Systems.
[[0;32m  OK  [0m] Reached target [0;1;39mLocal File Systems[0m.
[    1.723526] systemd[1]: Starting Rule-based Manager for Device Events and Files...
         Starting [0;1;39mRule-based Manager for Device Events and Files[0m...
[    1.730817] systemd[1]: Started Journal Service.
[[0;32m  OK  [0m] Started [0;1;39mJournal Service[0m.
[    1.737248] netfs: FS-Cache loaded
         Starting [0;1;39mCreate System Files and Directories[0m...
[    1.747954] 9pnet: Installing 9P2000 support
[    1.767003] 9p: Installing v9fs 9p2000 file system support
[[0;32m  OK  [0m] Finished [0;1;39mCreate System Files and Directories[0m.
[[0;32m  OK  [0m] Started [0;1;39mRule-based Manager for Device Events and Files[0m.
[[0;32m  OK  [0m] Finished [0;1;39mLoad Kernel Modules[0m.
[[0;32m  OK  [0m] Finished [0;1;39mColdplug All udev Devices[0m.
[[0;32m  OK  [0m] Reached target [0;1;39mSystem Initialization[0m.
[[0;32m  OK  [0m] Reached target [0;1;39mBasic System[0m.
[[0;32m  OK  [0m] Found device [0;1;39m/dev/vda1[0m.
[[0;32m  OK  [0m] Reached target [0;1;39mInitrd Root Device[0m.
         Starting [0;1;39mFile System Check on /dev/vda1[0m...
         Starting [0;1;39mVirtual Console Setup[0m...
[[0;32m  OK  [0m] Finished [0;1;39mFile System Check on /dev/vda1[0m.
[[0;32m  OK  [0m] Finished [0;1;39mVirtual Console Setup[0m.
         Mounting [0;1;39m/sysroot[0m...
[    2.748973] EXT4-fs (vda1): mounted filesystem ddfae1cc-629e-47f4-9008-261996ba3811 r/w with ordered data mode. Quota mode: none.
[[0;32m  OK  [0m] Mounted [0;1;39m/sysroot[0m.
[[0;32m  OK  [0m] Reached target [0;1;39mInitrd Root File System[0m.
         Starting [0;1;39mMountpoints Configured in the Real Root[0m...
[[0;32m  OK  [0m] Finished [0;1;39mMountpoints Configured in the Real Root[0m.
[[0;32m  OK  [0m] Reached target [0;1;39mInitrd File Systems[0m.
[[0;32m  OK  [0m] Reached target [0;1;39mInitrd Default Target[0m.
         Starting [0;1;39mCleaning Up and Shutting Down Daemons[0m...
[[0;32m  OK  [0m] Stopped target [0;1;39mInitrd Default Target[0m.
[[0;32m  OK  [0m] Stopped target [0;1;39mBasic System[0m.
[[0;32m  OK  [0m] Stopped target [0;1;39mInitrd Root Device[0m.
[[0;32m  OK  [0m] Stopped target [0;1;39mPath Units[0m.
[[0;32m  OK  [0m] Stopped target [0;1;39mSlice Units[0m.
[[0;32m  OK  [0m] Stopped target [0;1;39mSocket Units[0m.
[[0;32m  OK  [0m] Stopped target [0;1;39mSystem Initialization[0m.
[[0;32m  OK  [0m] Stopped target [0;1;39mSwaps[0m.
[[0;32m  OK  [0m] Stopped target [0;1;39mTimer Units[0m.
[[0;32m  OK  [0m] Stopped [0;1;39mLoad Kernel Modules[0m.
[[0;32m  OK  [0m] Stopped [0;1;39mCreate System Files and Directories[0m.
[[0;32m  OK  [0m] Stopped target [0;1;39mLocal File Systems[0m.
[[0;32m  OK  [0m] Stopped target [0;1;39mPreparation for Local File Systems[0m.
[[0;32m  OK  [0m] Stopped [0;1;39mColdplug All udev Devices[0m.
         Stopping [0;1;39mRule-based Manager for Device Events and Files[0m...
[[0;32m  OK  [0m] Stopped [0;1;39mVirtual Console Setup[0m.
[[0;32m  OK  [0m] Stopped [0;1;39mRule-based Manager for Device Events and Files[0m.
[[0;32m  OK  [0m] Finished [0;1;39mCleaning Up and Shutting Down Daemons[0m.
[[0;32m  OK  [0m] Closed [0;1;39mudev Control Socket[0m.
         Starting [0;1;39mCleanup udev Database[0m...
[[0;32m  OK  [0m] Stopped [0;1;39mCreate Static Device Nodes in /dev[0m.
[[0;32m  OK  [0m] Finished [0;1;39mCleanup udev Database[0m.
[[0;32m  OK  [0m] Reached target [0;1;39mSwitch Root[0m.
         Starting [0;1;39mSwitch Root[0m...
[    3.006650] systemd-journald[104]: Received SIGTERM from PID 1 (systemd).
P+q6E616D65\[6n[32766;32766H[6n[!p]104\[0m[?7h[1G[0J[    3.731345] systemd[1]: systemd 259.1-1-arch running in system mode (+PAM +AUDIT -SELINUX +APPARMOR -IMA +IPE +SMACK +SECCOMP +GCRYPT +GNUTLS +OPENSSL +ACL +BLKID +CURL +ELFUTILS +FIDO2 +IDN2 -IDN +KMOD +LIBCRYPTSETUP +LIBCRYPTSETUP_PLUGINS +LIBFDISK +PCRE2 +PWQUALITY +P11KIT +QRENCODE +TPM2 +BZIP2 +LZ4 +XZ +ZLIB +ZSTD +BPF_FRAMEWORK +BTF +XKBCOMMON +UTMP -SYSVINIT +LIBARCHIVE)
[    3.739520] systemd[1]: Detected virtualization kvm.
[    3.740469] systemd[1]: Detected architecture x86-64.

[0;1;39mWelcome to [0m[38;2;23;147;209mArch Linux[0m[0;1;39m![0m

[    3.744438] systemd[1]: Hostname set to <ksmbd-vm>.
]3008;start=e9cb31a38c18477cb9be544ff9afaeac;user=root;hostname=ksmbd-vm;machineid=0ab76daf18ce42b0b036a81eb53bdd79;bootid=e69d0fce0f984428a1092f4d3f747fb4;pid=1;pidfdid=2;comm=systemd;type=boot\[    3.840999] systemd[1]: bpf-restrict-fs: LSM BPF program attached
[    3.880974] Guest personality initialized and is inactive
[    3.882007] VMCI host device registered (name=vmci, major=10, minor=260)
[    3.883250] Initialized host personality
[    3.887738] NET: Registered PF_VSOCK protocol family
[    4.029693] systemd[1]: initrd-switch-root.service: Deactivated successfully.
[    4.032334] systemd[1]: Stopped Switch Root.
[[0;32m  OK  [0m] Stopped [0;1;39mSwitch Root[0m.
[    4.034974] systemd[1]: systemd-journald.service: Scheduled restart job, restart counter is at 1.
[    4.037372] systemd[1]: Created slice Slice /system/dirmngr.
[[0;32m  OK  [0m] Created slice [0;1;39mSlice /system/dirmngr[0m.
[    4.040172] systemd[1]: Created slice Slice /system/getty.
[[0;32m  OK  [0m] Created slice [0;1;39mSlice /system/getty[0m.
[    4.042680] systemd[1]: Created slice Slice /system/gpg-agent.
[[0;32m  OK  [0m] Created slice [0;1;39mSlice /system/gpg-agent[0m.
[    4.045320] systemd[1]: Created slice Slice /system/gpg-agent-browser.
[[0;32m  OK  [0m] Created slice [0;1;39mSlice /system/gpg-agent-browser[0m.
[    4.048194] systemd[1]: Created slice Slice /system/gpg-agent-extra.
[[0;32m  OK  [0m] Created slice [0;1;39mSlice /system/gpg-agent-extra[0m.
[    4.051112] systemd[1]: Created slice Slice /system/gpg-agent-ssh.
[[0;32m  OK  [0m] Created slice [0;1;39mSlice /system/gpg-agent-ssh[0m.
[    4.053861] systemd[1]: Created slice Slice /system/keyboxd.
[[0;32m  OK  [0m] Created slice [0;1;39mSlice /system/keyboxd[0m.
[    4.056441] systemd[1]: Created slice Slice /system/modprobe.
[[0;32m  OK  [0m] Created slice [0;1;39mSlice /system/modprobe[0m.
[    4.059066] systemd[1]: Created slice Slice /system/serial-getty.
[[0;32m  OK  [0m] Created slice [0;1;39mSlice /system/serial-getty[0m.
[    4.061809] systemd[1]: Created slice User and Session Slice.
[[0;32m  OK  [0m] Created slice [0;1;39mUser and Session Slice[0m.
[    4.064308] systemd[1]: Started Dispatch Password Requests to Console Directory Watch.
[[0;32m  OK  [0m] Started [0;1;39mDispatch Password Requests to Console Directory Watch[0m.
[    4.067519] systemd[1]: Started Forward Password Requests to Wall Directory Watch.
[[0;32m  OK  [0m] Started [0;1;39mForward Password Requests to Wall Directory Watch[0m.
[    4.070732] systemd[1]: Set up automount Arbitrary Executable File Formats File System Automount Point.
[[0;32m  OK  [0m] Set up automount [0;1;39mArbitrary Executa…ormats File System Automount Point[0m.
[    4.074407] systemd[1]: Expecting device /dev/ttyS0...
         Expecting device [0;1;39m/dev/ttyS0[0m...
[    4.076403] systemd[1]: Reached target Local Encrypted Volumes.
[[0;32m  OK  [0m] Reached target [0;1;39mLocal Encrypted Volumes[0m.
[    4.078857] systemd[1]: Reached target Image Downloads.
[[0;32m  OK  [0m] Reached target [0;1;39mImage Downloads[0m.
[    4.081067] systemd[1]: Stopped target Switch Root.
[[0;32m  OK  [0m] Stopped target [0;1;39mSwitch Root[0m.
[    4.083198] systemd[1]: Stopped target Initrd File Systems.
[[0;32m  OK  [0m] Stopped target [0;1;39mInitrd File Systems[0m.
[    4.085428] systemd[1]: Stopped target Initrd Root File System.
[[0;32m  OK  [0m] Stopped target [0;1;39mInitrd Root File System[0m.
[    4.087815] systemd[1]: Reached target Local Integrity Protected Volumes.
[[0;32m  OK  [0m] Reached target [0;1;39mLocal Integrity Protected Volumes[0m.
[    4.090499] systemd[1]: Reached target Path Units.
[[0;32m  OK  [0m] Reached target [0;1;39mPath Units[0m.
[    4.092486] systemd[1]: Reached target Remote File Systems.
[[0;32m  OK  [0m] Reached target [0;1;39mRemote File Systems[0m.
[    4.094757] systemd[1]: Reached target Slice Units.
[[0;32m  OK  [0m] Reached target [0;1;39mSlice Units[0m.
[    4.096733] systemd[1]: Reached target Swaps.
[[0;32m  OK  [0m] Reached target [0;1;39mSwaps[0m.
[    4.098567] systemd[1]: Reached target Local Verity Protected Volumes.
[[0;32m  OK  [0m] Reached target [0;1;39mLocal Verity Protected Volumes[0m.
[    4.101212] systemd[1]: Listening on Device-mapper event daemon FIFOs.
[[0;32m  OK  [0m] Listening on [0;1;39mDevice-mapper event daemon FIFOs[0m.
[    4.104581] systemd[1]: Listening on Query the User Interactively for a Password.
[[0;32m  OK  [0m] Listening on [0;1;39mQuery the User Interactively for a Password[0m.
[    4.108437] systemd[1]: Listening on Process Core Dump Socket.
[[0;32m  OK  [0m] Listening on [0;1;39mProcess Core Dump Socket[0m.
[    4.111279] systemd[1]: Listening on Credential Encryption/Decryption.
[[0;32m  OK  [0m] Listening on [0;1;39mCredential Encryption/Decryption[0m.
[    4.114590] systemd[1]: Listening on Factory Reset Management.
[[0;32m  OK  [0m] Listening on [0;1;39mFactory Reset Management[0m.
[    4.117870] systemd[1]: Listening on Console Output Muting Service Socket.
[[0;32m  OK  [0m] Listening on [0;1;39mConsole Output Muting Service Socket[0m.
[    4.120714] systemd[1]: Listening on Network Management Resolve Hook Socket.
[[0;32m  OK  [0m] Listening on [0;1;39mNetwork Management Resolve Hook Socket[0m.
[    4.123622] systemd[1]: Listening on Network Management Varlink Socket.
[[0;32m  OK  [0m] Listening on [0;1;39mNetwork Management Varlink Socket[0m.
[    4.126431] systemd[1]: Listening on Network Management Netlink Socket.
[[0;32m  OK  [0m] Listening on [0;1;39mNetwork Management Netlink Socket[0m.
[    4.129102] systemd[1]: TPM PCR Measurements skipped, unmet condition check ConditionSecurity=measured-uki
[    4.130746] systemd[1]: Make TPM PCR Policy skipped, unmet condition check ConditionSecurity=measured-uki
[    4.133172] systemd[1]: Listening on Disk Repartitioning Service Socket.
[[0;32m  OK  [0m] Listening on [0;1;39mDisk Repartitioning Service Socket[0m.
[    4.135909] systemd[1]: Listening on Resolve Monitor Varlink Socket.
[[0;32m  OK  [0m] Listening on [0;1;39mResolve Monitor Varlink Socket[0m.
[    4.138548] systemd[1]: Listening on Resolve Service Varlink Socket.
[[0;32m  OK  [0m] Listening on [0;1;39mResolve Service Varlink Socket[0m.
[    4.141137] systemd[1]: Listening on udev Control Socket.
[[0;32m  OK  [0m] Listening on [0;1;39mudev Control Socket[0m.
[    4.143431] systemd[1]: Listening on udev Varlink Socket.
[[0;32m  OK  [0m] Listening on [0;1;39mudev Varlink Socket[0m.
[    4.145768] systemd[1]: Listening on User Database Manager Socket.
[[0;32m  OK  [0m] Listening on [0;1;39mUser Database Manager Socket[0m.
[    4.149254] systemd[1]: Mounting Huge Pages File System...
         Mounting [0;1;39mHuge Pages File System[0m...
[    4.153804] systemd[1]: Mounting POSIX Message Queue File System...
         Mounting [0;1;39mPOSIX Message Queue File System[0m...
[    4.157695] systemd[1]: Mounting Kernel Debug File System...
         Mounting [0;1;39mKernel Debug File System[0m...
[    4.162477] systemd[1]: Mounting Kernel Trace File System...
         Mounting [0;1;39mKernel Trace File System[0m...
[    4.168413] systemd[1]: Mounting Temporary Directory /tmp...
         Mounting [0;1;39mTemporary Directory /tmp[0m...
[    4.173210] systemd[1]: Starting Create List of Static Device Nodes...
         Starting [0;1;39mCreate List of Static Device Nodes[0m...
[    4.175686] systemd[1]: Load Kernel Module configfs skipped, unmet condition check ConditionKernelModuleLoaded=!configfs
[    4.180266] systemd[1]: Mounting Kernel Configuration File System...
         Mounting [0;1;39mKernel Configuration File System[0m...
[    4.183999] systemd[1]: Load Kernel Module drm skipped, unmet condition check ConditionKernelModuleLoaded=!drm
[    4.185764] systemd[1]: Load Kernel Module fuse skipped, unmet condition check ConditionKernelModuleLoaded=!fuse
[    4.188305] systemd[1]: Mounting FUSE Control File System...
         Mounting [0;1;39mFUSE Control File System[0m...
[    4.191523] systemd[1]: Clear Stale Hibernate Storage Info skipped, unmet condition check ConditionPathExists=/sys/firmware/efi/efivars/HibernateLocation-8cf2644b-4b0b-428f-9387-6d876050dc67
[    4.201402] systemd[1]: Starting Journal Service...
         Starting [0;1;39mJournal Service[0m...
[    4.205801] systemd[1]: Load Kernel Modules skipped, no trigger condition checks were met.
[    4.209735] systemd[1]: Starting Generate Network Units from Kernel Command Line...
         Starting [0;1;39mGenerate Network Units from Kernel Command Line[0m...
[    4.213198] systemd[1]: TPM PCR Machine ID Measurement skipped, unmet condition check ConditionSecurity=measured-uki
[    4.215279] systemd[1]: TPM NvPCR Product ID Measurement skipped, unmet condition check ConditionSecurity=measured-uki
[    4.219205] systemd[1]: Starting Remount Root and Kernel File Systems...
         Starting [0;1;39mRemount Root and Kernel File Systems[0m...
[    4.222598] systemd[1]: Starting Apply Kernel Variables...
[    4.226894] systemd-journald[325]: Collecting audit messages is disabled.
         Starting [0;1;39mApply Kernel Variables[0m...
[    4.229540] systemd[1]: Early TPM SRK Setup skipped, unmet condition check ConditionSecurity=measured-uki
[    4.236171] systemd[1]: Starting Load udev Rules from Credentials...
         Starting [0;1;39mLoad udev Rules from Credentials[0m...
[    4.240268] EXT4-fs (vda1): re-mounted ddfae1cc-629e-47f4-9008-261996ba3811.
[    4.242083] systemd[1]: Starting Coldplug All udev Devices...
         Starting [0;1;39mColdplug All udev Devices[0m...
[    4.246762] systemd[1]: Started Journal Service.
[[0;32m  OK  [0m] Started [0;1;39mJournal Service[0m.
[[0;32m  OK  [0m] Mounted [0;1;39mHuge Pages File System[0m.
[[0;32m  OK  [0m] Mounted [0;1;39mPOSIX Message Queue File System[0m.
[[0;32m  OK  [0m] Mounted [0;1;39mKernel Debug File System[0m.
[[0;32m  OK  [0m] Mounted [0;1;39mKernel Trace File System[0m.
[[0;32m  OK  [0m] Mounted [0;1;39mTemporary Directory /tmp[0m.
[[0;32m  OK  [0m] Finished [0;1;39mCreate List of Static Device Nodes[0m.
[[0;32m  OK  [0m] Mounted [0;1;39mKernel Configuration File System[0m.
[[0;32m  OK  [0m] Mounted [0;1;39mFUSE Control File System[0m.
[[0;32m  OK  [0m] Finished [0;1;39mGenerate Network Units from Kernel Command Line[0m.
[[0;32m  OK  [0m] Finished [0;1;39mRemount Root and Kernel File Systems[0m.
[[0;32m  OK  [0m] Finished [0;1;39mApply Kernel Variables[0m.
[[0;32m  OK  [0m] Finished [0;1;39mLoad udev Rules from Credentials[0m.
[[0;32m  OK  [0m] Reached target [0;1;39mPreparation for Network[0m.
         Starting [0;1;39mFlush Journal to Persistent Storage[0m...
         Starting [0;1;39mLoad/Save OS Random Seed[0m...
         Starting [0;1;39mCreate Static Device Nodes in /dev gracefully[0m...
[    4.301013] systemd-journald[325]: Received client request to flush runtime journal.
[    4.305013] systemd-journald[325]: File /var/log/journal/0ab76daf18ce42b0b036a81eb53bdd79/system.journal corrupted or uncleanly shut down, renaming and replacing.
         Starting [0;1;39mUser Database Manager[0m...
[[0;32m  OK  [0m] Started [0;1;39mUser Database Manager[0m.
[[0;32m  OK  [0m] Finished [0;1;39mLoad/Save OS Random Seed[0m.
[[0;32m  OK  [0m] Finished [0;1;39mFlush Journal to Persistent Storage[0m.
[[0;32m  OK  [0m] Finished [0;1;39mCreate Static Device Nodes in /dev gracefully[0m.
         Starting [0;1;39mNetwork Name Resolution[0m...
         Starting [0;1;39mCreate Static Device Nodes in /dev[0m...
[[0;32m  OK  [0m] Finished [0;1;39mColdplug All udev Devices[0m.
[[0;32m  OK  [0m] Finished [0;1;39mCreate Static Device Nodes in /dev[0m.
[[0;32m  OK  [0m] Reached target [0;1;39mPreparation for Local File Systems[0m.
         Starting [0;1;39mRule-based Manager for Device Events and Files[0m...
[[0;32m  OK  [0m] Started [0;1;39mNetwork Name Resolution[0m.
[[0;32m  OK  [0m] Reached target [0;1;39mHost and Network Name Lookups[0m.
[[0;32m  OK  [0m] Started [0;1;39mRule-based Manager for Device Events and Files[0m.
         Starting [0;1;39mNetwork Management[0m...
[    4.600401] virtio_net virtio1 ens4: renamed from eth0
[    4.607777] cfg80211: Loading compiled-in X.509 certificates for regulatory database
[    4.613114] Loaded X.509 cert 'sforshee: 00b28ddf47aef9cea7'
[    4.614534] Loaded X.509 cert 'wens: 61c038651aabdcf94bd0ac7ff06c7248db18c600'
[    4.616247] faux_driver regulatory: Direct firmware load for regulatory.db failed with error -2
[    4.618737] cfg80211: failed to load regulatory.db
[[0;32m  OK  [0m] Started [0;1;39mNetwork Management[0m.
[[0;32m  OK  [0m] Reached target [0;1;39mNetwork[0m.
         Starting [0;1;39mEnable Persistent Storage in systemd-networkd[0m...
[[0;32m  OK  [0m] Finished [0;1;39mEnable Persistent Storage in systemd-networkd[0m.
[    4.719506] bochs-drm 0000:00:02.0: vgaarb: deactivate vga console
[    4.727157] input: PC Speaker as /devices/platform/pcspkr/input/input3
[    4.727810] piix4_smbus 0000:00:01.3: SMBus Host Controller at 0x700, revision 0
[    4.727847] i2c i2c-0: Memory type 0x07 not supported yet, not instantiating SPD
[    4.728709] Console: switching to colour dummy device 80x25
[    4.733512] [drm] Found bochs VGA, ID 0xb0c5.
[    4.734296] [drm] Framebuffer size 16384 kB @ 0xfd000000, mmio @ 0xfebd0000.
[    4.735045] scsi host0: ata_piix
[    4.737251] bochs-drm 0000:00:02.0: [drm] Registered 1 planes with drm panic
[    4.738453] [drm] Initialized bochs-drm 1.0.0 for 0000:00:02.0 on minor 0
[    4.739800] scsi host1: ata_piix
[    4.739839] ata1: PATA max MWDMA2 cmd 0x1f0 ctl 0x3f6 bmdma 0xc0e0 irq 14 lpm-pol 0
[    4.753742] input: VirtualPS/2 VMware VMMouse as /devices/platform/i8042/serio1/input/input5
[    4.755547] input: VirtualPS/2 VMware VMMouse as /devices/platform/i8042/serio1/input/input4
[    4.759013] ata2: PATA max MWDMA2 cmd 0x170 ctl 0x376 bmdma 0xc0e8 irq 15 lpm-pol 0
[    4.760362] fbcon: bochs-drmdrmfb (fb0) is primary device
[    4.763913] parport_pc 00:03: reported by Plug and Play ACPI
[    4.764129] parport0: PC-style at 0x378, irq 7 [PCSPP,TRISTATE]
[    4.771862] Console: switching to colour frame buffer device 160x50
[    4.780336] bochs-drm 0000:00:02.0: [drm] fb0: bochs-drmdrmfb frame buffer device
[    4.792002] Floppy drive(s): fd0 is 2.88M AMI BIOS
[[0;32m  OK  [0m] Listening on [0;1;39mLoad/Save RF Kill Switch Status /dev/rfkill Watch[0m.
[    4.810148] FDC 0 is a S82078B
         Starting [0;1;39mVirtual Console Setup[0m...
[[0;32m  OK  [0m] Stopped [0;1;39mVirtual Console Setup[0m.[    4.835987] RAPL PMU: API unit is 2^-32 Joules, 0 fixed counters, 10737418240 ms ovfl timer

[    4.839174] mousedev: PS/2 mouse device common for all mice
         Starting [0;1;39mVirtual Console Setup[0m...
[[0;32m  OK  [0m] Stopped [0;1;39mVirtual Console Setup[0m.
         Starting [0;1;39mVirtual Console Setup[0m...
[[0;32m  OK  [0m] Finished [0;1;39mVirtual Console Setup[0m.
[    4.896074] ppdev: user-space parallel port driver
[    4.912445] ata2: found unknown device (class 0)
[    4.914170] ata2.00: ATAPI: QEMU DVD-ROM, 2.5+, max UDMA/100
[    4.924650] scsi 1:0:0:0: CD-ROM            QEMU     QEMU DVD-ROM     2.5+ PQ: 0 ANSI: 5
[    4.988002] sr 1:0:0:0: [sr0] scsi3-mmc drive: 4x/4x cd/rw xa/form2 tray
[    4.989191] cdrom: Uniform CD-ROM driver Revision: 3.20
         Mounting [0;1;39m/mnt/ksmbd[0m...
[[0;32m  OK  [0m] Reached target [0;1;39mLocal File Systems[0m.
[[0;32m  OK  [0m] Listening on [0;1;39mBoot Entries Service Socket[0m.
[[0;32m  OK  [0m] Listening on [0;1;39mDisk Image Download Service Socket[0m.
[[0;32m  OK  [0m] Listening on [0;1;39mSystem Extension Image Management[0m.
         Starting [0;1;39mCreate System Files and Directories[0m...[    5.058888] 9pnet: Limiting 'msize' to 512000 as this is the maximum supported by transport virtio

         Starting [0;1;39mLoad JSON user/group Records from Credentials[0m...
[[0;32m  OK  [0m] Mounted [0;1;39m/mnt/ksmbd[0m.
[[0;32m  OK  [0m] Finished [0;1;39mLoad JSON user/group Records from Credentials[0m.
[[0;32m  OK  [0m] Finished [0;1;39mCreate System Files and Directories[0m.
         Starting [0;1;39mRecord System Boot/Shutdown in UTMP[0m...
[[0;32m  OK  [0m] Finished [0;1;39mRecord System Boot/Shutdown in UTMP[0m.
[[0;32m  OK  [0m] Reached target [0;1;39mSystem Initialization[0m.
[[0;32m  OK  [0m] Started [0;1;39mRefresh existing PGP keys of archlinux-keyring regularly[0m.
[[0;32m  OK  [0m] Started [0;1;39mDaily verification of password and group files[0m.
[[0;32m  OK  [0m] Started [0;1;39mDaily Cleanup of Temporary Directories[0m.
[[0;32m  OK  [0m] Reached target [0;1;39mTimer Units[0m.
[[0;32m  OK  [0m] Listening on [0;1;39mD-Bus System Message Bus Socket[0m.
[[0;32m  OK  [0m] Listening on [0;1;39mGnuPG network certifi…ent daemon for /etc/pacman.d/gnupg[0m.
[[0;32m  OK  [0m] Listening on [0;1;39mGnuPG cryptographic a… browsers) for /etc/pacman.d/gnupg[0m.
[[0;32m  OK  [0m] Listening on [0;1;39mGnuPG cryptographic a…estricted) for /etc/pacman.d/gnupg[0m.
[[0;32m  OK  [0m] Listening on [0;1;39mGnuPG cryptographic a…emulation) for /etc/pacman.d/gnupg[0m.
[[0;32m  OK  [0m] Listening on [0;1;39mGnuPG cryptographic a…rase cache for /etc/pacman.d/gnupg[0m.
[[0;32m  OK  [0m] Listening on [0;1;39mGnuPG public key mana…nt service for /etc/pacman.d/gnupg[0m.
[[0;32m  OK  [0m] Listening on [0;1;39mOpenSSH Server Socket…temd-ssh-generator, AF_UNIX Local)[0m.
[[0;32m  OK  [0m] Listening on [0;1;39mHostname Service Socket[0m.
[[0;32m  OK  [0m] Listening on [0;1;39mUser Login Management Varlink Socket[0m.
[[0;32m  OK  [0m] Listening on [0;1;39mVirtual Machine and C…tainer Registration Service Socket[0m.
[[0;32m  OK  [0m] Reached target [0;1;39mSocket Units[0m.
         Starting [0;1;39mD-Bus System Message Bus[0m...
[[0;32m  OK  [0m] Started [0;1;39mD-Bus System Message Bus[0m.
[[0;32m  OK  [0m] Reached target [0;1;39mBasic System[0m.
         Starting [0;1;39mOpenSSH Daemon[0m...
         Starting [0;1;39mUser Login Management[0m...
         Starting [0;1;39mPermit User Sessions[0m...
[[0;32m  OK  [0m] Finished [0;1;39mPermit User Sessions[0m.
[[0;32m  OK  [0m] Started [0;1;39mOpenSSH Daemon[0m.
[[0;32m  OK  [0m] Reached target [0;1;39mSSH Access Available[0m.
[[0;32m  OK  [0m] Started [0;1;39mGetty on tty1[0m.
[[0;32m  OK  [0m] Started [0;1;39mSerial Getty on ttyS0[0m.
[[0;32m  OK  [0m] Reached target [0;1;39mLogin Prompts[0m.
[[0;32m  OK  [0m] Started [0;1;39mUser Login Management[0m.
[[0;32m  OK  [0m] Reached target [0;1;39mMulti-User System[0m.
[[0;32m  OK  [0m] Reached target [0;1;39mGraphical Interface[0m.
[!p]104\[0m[?7h[1G[0J[6n[32766;32766H[6n[!p]104\[0m[?7h[1G[0J[6n[32766;32766H[6n]3008;start=f9d884a49716419c8b1a81503d375ed9;user=root;hostname=ksmbd-vm;machineid=0ab76daf18ce42b0b036a81eb53bdd79;bootid=e69d0fce0f984428a1092f4d3f747fb4;pid=441;pidfdid=442;comm=(agetty);servicename=serial-getty@ttyS0.service;invocationid=ccc00aad711245a28be0fdfd6df5568e;type=service\P+q6E616D65\
Arch Linux 6.18.9-arch1-2 (ttyS0)

ksmbd-vm login: root (automatic login)

]3008;start=cb66577b197d45ed935a38232c8e05fd;user=root;hostname=ksmbd-vm;machineid=0ab76daf18ce42b0b036a81eb53bdd79;bootid=e69d0fce0f984428a1092f4d3f747fb4;pid=441;pidfdid=442;comm=login;targetuser=root;sessionid=1;type=session\
  ╔══════════════════════════════════════════════╗
  ║         ksmbd Test VM                        ║
  ╠══════════════════════════════════════════════╣
  ║  /root/start-ksmbd.sh   - Start server      ║
  ║  /root/reload-ksmbd.sh  - Reload module      ║
  ║  /root/dev-info.sh      - Debug/analysis info║
  ║  /mnt/ksmbd/            - Shared source      ║
  ║  poweroff                - Shutdown VM        ║
  ╚══════════════════════════════════════════════╝

]3008;start=d43b9fa4-dbc4-4440-adeb-c811912937a1;machineid=0ab76daf18ce42b0b036a81eb53bdd79;user=root;hostname=ksmbd-vm;bootid=e69d0fce-0f98-4428-a109-2f4d3f747fb4;pid=456;type=shell;cwd=/root\[?2004h[root@ksmbd-vm ~]# 