[    0.000000] Linux version 6.18.13-arch1-1 (linux@archlinux) (gcc (GCC) 15.2.1 20260209, GNU ld (GNU Binutils) 2.46) #1 SMP PREEMPT_DYNAMIC Wed, 25 Feb 2026 23:12:35 +0000
[    0.000000] Command line: root=/dev/vda1 rw console=ttyS0,115200 loglevel=7
[    0.000000] BIOS-provided physical RAM map:
[    0.000000] BIOS-e820: [mem 0x0000000000000000-0x000000000009fbff] usable
[    0.000000] BIOS-e820: [mem 0x000000000009fc00-0x000000000009ffff] reserved
[    0.000000] BIOS-e820: [mem 0x00000000000f0000-0x00000000000fffff] reserved
[    0.000000] BIOS-e820: [mem 0x0000000000100000-0x000000007ffdcfff] usable
[    0.000000] BIOS-e820: [mem 0x000000007ffdd000-0x000000007fffffff] reserved
[    0.000000] BIOS-e820: [mem 0x00000000feffc000-0x00000000feffffff] reserved
[    0.000000] BIOS-e820: [mem 0x00000000fffc0000-0x00000000ffffffff] reserved
[    0.000000] NX (Execute Disable) protection: active
[    0.000000] APIC: Static calls initialized
[    0.000000] SMBIOS 2.8 present.
[    0.000000] DMI: QEMU Standard PC (i440FX + PIIX, 1996), BIOS Arch Linux 1.17.0-2-2 04/01/2014
[    0.000000] DMI: Memory slots populated: 1/1
[    0.000000] Hypervisor detected: KVM
[    0.000000] last_pfn = 0x7ffdd max_arch_pfn = 0x400000000
[    0.000000] kvm-clock: Using msrs 4b564d01 and 4b564d00
[    0.000002] kvm-clock: using sched offset of 1036707071 cycles
[    0.000004] clocksource: kvm-clock: mask: 0xffffffffffffffff max_cycles: 0x1cd42e4dffb, max_idle_ns: 881590591483 ns
[    0.000008] tsc: Detected 3600.000 MHz processor
[    0.001301] last_pfn = 0x7ffdd max_arch_pfn = 0x400000000
[    0.001339] MTRR map: 4 entries (3 fixed + 1 variable; max 19), built from 8 variable MTRRs
[    0.001344] x86/PAT: Configuration [0-7]: WB  WC  UC- UC  WB  WP  UC- WT  
[    0.012241] found SMP MP-table at [mem 0x000f66b0-0x000f66bf]
[    0.012277] Using GB pages for direct mapping
[    0.012694] RAMDISK: [mem 0x7f508000-0x7ffcffff]
[    0.012779] ACPI: Early table checksum verification disabled
[    0.012784] ACPI: RSDP 0x00000000000F64E0 000014 (v00 BOCHS )
[    0.012790] ACPI: RSDT 0x000000007FFE239C 000034 (v01 BOCHS  BXPC     00000001 BXPC 00000001)
[    0.012838] ACPI: FACP 0x000000007FFE2248 000074 (v01 BOCHS  BXPC     00000001 BXPC 00000001)
[    0.012850] ACPI: DSDT 0x000000007FFE0040 002208 (v01 BOCHS  BXPC     00000001 BXPC 00000001)
[    0.012854] ACPI: FACS 0x000000007FFE0000 000040
[    0.012858] ACPI: APIC 0x000000007FFE22BC 000080 (v03 BOCHS  BXPC     00000001 BXPC 00000001)
[    0.012862] ACPI: HPET 0x000000007FFE233C 000038 (v01 BOCHS  BXPC     00000001 BXPC 00000001)
[    0.012866] ACPI: WAET 0x000000007FFE2374 000028 (v01 BOCHS  BXPC     00000001 BXPC 00000001)
[    0.012869] ACPI: Reserving FACP table memory at [mem 0x7ffe2248-0x7ffe22bb]
[    0.012870] ACPI: Reserving DSDT table memory at [mem 0x7ffe0040-0x7ffe2247]
[    0.012871] ACPI: Reserving FACS table memory at [mem 0x7ffe0000-0x7ffe003f]
[    0.012872] ACPI: Reserving APIC table memory at [mem 0x7ffe22bc-0x7ffe233b]
[    0.012873] ACPI: Reserving HPET table memory at [mem 0x7ffe233c-0x7ffe2373]
[    0.012873] ACPI: Reserving WAET table memory at [mem 0x7ffe2374-0x7ffe239b]
[    0.013430] No NUMA configuration found
[    0.013431] Faking a node at [mem 0x0000000000000000-0x000000007ffdcfff]
[    0.013440] NODE_DATA(0) allocated [mem 0x7f4dd280-0x7f507fff]
[    0.013874] Zone ranges:
[    0.013876]   DMA      [mem 0x0000000000001000-0x0000000000ffffff]
[    0.013878]   DMA32    [mem 0x0000000001000000-0x000000007ffdcfff]
[    0.013880]   Normal   empty
[    0.013882]   Device   empty
[    0.013883] Movable zone start for each node
[    0.013886] Early memory node ranges
[    0.013886]   node   0: [mem 0x0000000000001000-0x000000000009efff]
[    0.013888]   node   0: [mem 0x0000000000100000-0x000000007ffdcfff]
[    0.013891] Initmem setup node 0 [mem 0x0000000000001000-0x000000007ffdcfff]
[    0.013912] On node 0, zone DMA: 1 pages in unavailable ranges
[    0.014309] On node 0, zone DMA: 97 pages in unavailable ranges
[    0.045892] On node 0, zone DMA32: 35 pages in unavailable ranges
[    0.046691] ACPI: PM-Timer IO Port: 0x608
[    0.046713] ACPI: LAPIC_NMI (acpi_id[0xff] dfl dfl lint[0x1])
[    0.046754] IOAPIC[0]: apic_id 0, version 17, address 0xfec00000, GSI 0-23
[    0.046759] ACPI: INT_SRC_OVR (bus 0 bus_irq 0 global_irq 2 dfl dfl)
[    0.046761] ACPI: INT_SRC_OVR (bus 0 bus_irq 5 global_irq 5 high level)
[    0.046763] ACPI: INT_SRC_OVR (bus 0 bus_irq 9 global_irq 9 high level)
[    0.046764] ACPI: INT_SRC_OVR (bus 0 bus_irq 10 global_irq 10 high level)
[    0.046766] ACPI: INT_SRC_OVR (bus 0 bus_irq 11 global_irq 11 high level)
[    0.046773] ACPI: Using ACPI (MADT) for SMP configuration information
[    0.046775] ACPI: HPET id: 0x8086a201 base: 0xfed00000
[    0.046780] TSC deadline timer available
[    0.046789] CPU topo: Max. logical packages:   1
[    0.046790] CPU topo: Max. logical dies:       1
[    0.046791] CPU topo: Max. dies per package:   1
[    0.046831] CPU topo: Max. threads per core:   1
[    0.046832] CPU topo: Num. cores per package:     2
[    0.046833] CPU topo: Num. threads per package:   2
[    0.046834] CPU topo: Allowing 2 present CPUs plus 0 hotplug CPUs
[    0.046858] kvm-guest: APIC: eoi() replaced with kvm_guest_apic_eoi_write()
[    0.046872] kvm-guest: KVM setup pv remote TLB flush
[    0.046876] kvm-guest: setup PV sched yield
[    0.046885] PM: hibernation: Registered nosave memory: [mem 0x00000000-0x00000fff]
[    0.046888] PM: hibernation: Registered nosave memory: [mem 0x0009f000-0x000fffff]
[    0.046890] [mem 0x80000000-0xfeffbfff] available for PCI devices
[    0.046892] Booting paravirtualized kernel on KVM
[    0.046894] clocksource: refined-jiffies: mask: 0xffffffff max_cycles: 0xffffffff, max_idle_ns: 1910969940391419 ns
[    0.054903] setup_percpu: NR_CPUS:8192 nr_cpumask_bits:2 nr_cpu_ids:2 nr_node_ids:1
[    0.056600] percpu: Embedded 62 pages/cpu s217088 r8192 d28672 u1048576
[    0.056658] kvm-guest: PV spinlocks enabled
[    0.056661] PV qspinlock hash table entries: 256 (order: 0, 4096 bytes, linear)
[    0.056666] Kernel command line: root=/dev/vda1 rw console=ttyS0,115200 loglevel=7
[    0.056736] random: crng init done
[    0.056737] printk: log buffer data + meta data: 131072 + 458752 = 589824 bytes
[    0.058289] Dentry cache hash table entries: 262144 (order: 9, 2097152 bytes, linear)
[    0.059778] Inode-cache hash table entries: 131072 (order: 8, 1048576 bytes, linear)
[    0.059941] Fallback order for Node 0: 0 
[    0.059949] Built 1 zonelists, mobility grouping on.  Total pages: 524155
[    0.059951] Policy zone: DMA32
[    0.062152] mem auto-init: stack:all(zero), heap alloc:on, heap free:off
[    0.072219] SLUB: HWalign=64, Order=0-3, MinObjects=0, CPUs=2, Nodes=1
[    0.072255] Kernel/User page tables isolation: enabled
[    0.093586] ftrace: allocating 57060 entries in 224 pages
[    0.093590] ftrace: allocated 224 pages with 3 groups
[    0.094099] Dynamic Preempt: full
[    0.094165] rcu: Preemptible hierarchical RCU implementation.
[    0.094166] rcu: 	RCU restricting CPUs from NR_CPUS=8192 to nr_cpu_ids=2.
[    0.094167] rcu: 	RCU priority boosting: priority 1 delay 500 ms.
[    0.094168] 	Trampoline variant of Tasks RCU enabled.
[    0.094169] 	Rude variant of Tasks RCU enabled.
[    0.094169] 	Tracing variant of Tasks RCU enabled.
[    0.094170] rcu: RCU calculated value of scheduler-enlistment delay is 100 jiffies.
[    0.094171] rcu: Adjusting geometry for rcu_fanout_leaf=16, nr_cpu_ids=2
[    0.094177] RCU Tasks: Setting shift to 1 and lim to 1 rcu_task_cb_adjust=1 rcu_task_cpu_ids=2.
[    0.094179] RCU Tasks Rude: Setting shift to 1 and lim to 1 rcu_task_cb_adjust=1 rcu_task_cpu_ids=2.
[    0.094181] RCU Tasks Trace: Setting shift to 1 and lim to 1 rcu_task_cb_adjust=1 rcu_task_cpu_ids=2.
[    0.102725] NR_IRQS: 524544, nr_irqs: 440, preallocated irqs: 16
[    0.103493] rcu: srcu_init: Setting srcu_struct sizes based on contention.
[    0.103692] kfence: initialized - using 2097152 bytes for 255 objects at 0x(____ptrval____)-0x(____ptrval____)
[    0.143048] Console: colour VGA+ 80x25
[    0.143126] printk: legacy console [ttyS0] enabled
[    0.436096] ACPI: Core revision 20250807
[    0.443969] clocksource: hpet: mask: 0xffffffff max_cycles: 0xffffffff, max_idle_ns: 19112604467 ns
[    0.451167] APIC: Switch to symmetric I/O mode setup
[    0.453199] x2apic enabled
[    0.454339] APIC: Switched APIC routing to: physical x2apic
[    0.457881] kvm-guest: APIC: send_IPI_mask() replaced with kvm_send_ipi_mask()
[    0.460572] kvm-guest: APIC: send_IPI_mask_allbutself() replaced with kvm_send_ipi_mask_allbutself()
[    0.465746] kvm-guest: setup PV IPIs
[    0.468268] ..TIMER: vector=0x30 apic1=0 pin1=2 apic2=-1 pin2=-1
[    0.472606] clocksource: tsc-early: mask: 0xffffffffffffffff max_cycles: 0x33e452fbb2f, max_idle_ns: 440795236593 ns
[    0.475889] Calibrating delay loop (skipped) preset value.. 7200.00 BogoMIPS (lpj=3600000)
[    0.477025] x86/cpu: User Mode Instruction Prevention (UMIP) activated
[    0.478085] Last level iTLB entries: 4KB 0, 2MB 0, 4MB 0
[    0.479172] Last level dTLB entries: 4KB 0, 2MB 0, 4MB 0, 1GB 0
[    0.479910] mitigations: Enabled attack vectors: user_kernel, user_user, guest_host, guest_guest, SMT mitigations: auto
[    0.480891] Speculative Store Bypass: Mitigation: Speculative Store Bypass disabled via prctl
[    0.481891] SRBDS: Unknown: Dependent on hypervisor status
[    0.482892] Spectre V2 : Mitigation: IBRS
[    0.483888] RETBleed: Mitigation: IBRS
[    0.484887] MDS: Mitigation: Clear CPU buffers
[    0.485886] TAA: Mitigation: Clear CPU buffers
[    0.486888] MMIO Stale Data: Mitigation: Clear CPU buffers
[    0.487891] Spectre V1 : Mitigation: usercopy/swapgs barriers and __user pointer sanitization
[    0.488893] Spectre V2 : Spectre v2 / SpectreRSB: Filling RSB on context switch and VMEXIT
[    0.489894] Spectre V2 : mitigation: Enabling conditional Indirect Branch Prediction Barrier
[    0.490900] GDS: Unknown: Dependent on hypervisor status
[    0.491893] Spectre V2 : Spectre BHI mitigation: SW BHB clearing on syscall and VM exit
[    0.492912] x86/fpu: Supporting XSAVE feature 0x001: 'x87 floating point registers'
[    0.493890] x86/fpu: Supporting XSAVE feature 0x002: 'SSE registers'
[    0.494889] x86/fpu: Supporting XSAVE feature 0x004: 'AVX registers'
[    0.495890] x86/fpu: Supporting XSAVE feature 0x008: 'MPX bounds registers'
[    0.496891] x86/fpu: Supporting XSAVE feature 0x010: 'MPX CSR'
[    0.497891] x86/fpu: xstate_offset[2]:  576, xstate_sizes[2]:  256
[    0.498890] x86/fpu: xstate_offset[3]:  832, xstate_sizes[3]:   64
[    0.499895] x86/fpu: xstate_offset[4]:  896, xstate_sizes[4]:   64
[    0.500890] x86/fpu: Enabled xstate features 0x1f, context size is 960 bytes, using 'compacted' format.
[    0.565554] Freeing SMP alternatives memory: 56K
[    0.565892] pid_max: default: 32768 minimum: 301
[    0.567934] LSM: initializing lsm=capability,landlock,lockdown,yama,bpf
[    0.568972] landlock: Up and running.
[    0.569892] Yama: becoming mindful.
[    0.571122] LSM support for eBPF active
[    0.571993] Mount-cache hash table entries: 4096 (order: 3, 32768 bytes, linear)
[    0.572978] Mountpoint-cache hash table entries: 4096 (order: 3, 32768 bytes, linear)
[    0.575194] smpboot: CPU0: Intel(R) Core(TM) i7-7700 CPU @ 3.60GHz (family: 0x6, model: 0x9e, stepping: 0x9)
[    0.578963] Performance Events: Skylake events, full-width counters, Intel PMU driver.
[    0.579936] ... version:                   2
[    0.580891] ... bit width:                 48
[    0.581893] ... generic counters:          4
[    0.583176] ... generic bitmap:            000000000000000f
[    0.583895] ... fixed-purpose counters:    3
[    0.584893] ... fixed-purpose bitmap:      0000000000000007
[    0.585895] ... value mask:                0000ffffffffffff
[    0.586894] ... max period:                00007fffffffffff
[    0.587902] ... global_ctrl mask:          000000070000000f
[    0.589230] signal: max sigframe size: 2032
[    0.590104] rcu: Hierarchical SRCU implementation.
[    0.590900] rcu: 	Max phase no-delay instances is 400.
[    0.592216] Timer migration: 1 hierarchy levels; 8 children per group; 1 crossnode level
[    0.593486] smp: Bringing up secondary CPUs ...
[    0.594312] smpboot: x86: Booting SMP configuration:
[    0.594907] .... node  #0, CPUs:      #1
[    0.596918] smp: Brought up 1 node, 2 CPUs
[    0.598904] smpboot: Total of 2 processors activated (14400.00 BogoMIPS)
[    0.601021] Memory: 1985452K/2096620K available (20319K kernel code, 2939K rwdata, 16368K rodata, 4736K init, 4772K bss, 105892K reserved, 0K cma-reserved)
[    0.603014] devtmpfs: initialized
[    0.603958] x86/mm: Memory block size: 128MB
[    0.605985] clocksource: jiffies: mask: 0xffffffff max_cycles: 0xffffffff, max_idle_ns: 1911260446275000 ns
[    0.616926] posixtimers hash table entries: 1024 (order: 2, 16384 bytes, linear)
[    0.623951] futex hash table entries: 512 (32768 bytes on 1 NUMA nodes, total 32 KiB, linear).
[    0.634122] pinctrl core: initialized pinctrl subsystem
[    0.650890] PM: RTC time: 01:02:44, date: 2026-03-04
[    0.669091] NET: Registered PF_NETLINK/PF_ROUTE protocol family
[    0.671259] DMA: preallocated 256 KiB GFP_KERNEL pool for atomic allocations
[    0.683933] DMA: preallocated 256 KiB GFP_KERNEL|GFP_DMA pool for atomic allocations
[    0.699032] DMA: preallocated 256 KiB GFP_KERNEL|GFP_DMA32 pool for atomic allocations
[    0.711910] audit: initializing netlink subsys (disabled)
[    0.717953] audit: type=2000 audit(1772586164.641:1): state=initialized audit_enabled=0 res=1
[    0.718082] thermal_sys: Registered thermal governor 'fair_share'
[    0.718892] thermal_sys: Registered thermal governor 'bang_bang'
[    0.719901] thermal_sys: Registered thermal governor 'step_wise'
[    0.720882] thermal_sys: Registered thermal governor 'user_space'
[    0.731894] thermal_sys: Registered thermal governor 'power_allocator'
[    0.741896] cpuidle: using governor ladder
[    0.754895] cpuidle: using governor menu
[    0.755882] acpiphp: ACPI Hot Plug PCI Controller Driver version: 0.5
[    0.758261] PCI: Using configuration type 1 for base access
[    0.765023] kprobes: kprobe jump-optimization is enabled. All kprobes are optimized if possible.
[    0.839894] HugeTLB: registered 1.00 GiB page size, pre-allocated 0 pages
[    0.840895] HugeTLB: 16380 KiB vmemmap can be freed for a 1.00 GiB page
[    0.841898] HugeTLB: registered 2.00 MiB page size, pre-allocated 0 pages
[    0.842891] HugeTLB: 28 KiB vmemmap can be freed for a 2.00 MiB page
[    0.859882] raid6: skipped pq benchmark and selected avx2x4
[    0.862892] raid6: using avx2x2 recovery algorithm
[    0.864180] ACPI: Added _OSI(Module Device)
[    0.865892] ACPI: Added _OSI(Processor Device)
[    0.867891] ACPI: Added _OSI(Processor Aggregator Device)
[    0.875710] ACPI: 1 ACPI AML tables successfully acquired and loaded
[    0.880102] ACPI: Interpreter enabled
[    0.880912] ACPI: PM: (supports S0 S3 S4 S5)
[    0.884894] ACPI: Using IOAPIC for interrupt routing
[    0.889113] PCI: Using host bridge windows from ACPI; if necessary, use "pci=nocrs" and report a bug
[    0.891983] PCI: Using E820 reservations for host bridge windows
[    0.893092] ACPI: Enabled 2 GPEs in block 00 to 0F
[    0.909179] ACPI: PCI Root Bridge [PCI0] (domain 0000 [bus 00-ff])
[    0.911905] acpi PNP0A03:00: _OSC: OS supports [ASPM ClockPM Segments MSI EDR HPX-Type3]
[    0.928899] acpi PNP0A03:00: _OSC: not requesting OS control; OS requires [ExtendedConfig ASPM ClockPM MSI]
[    0.947110] acpi PNP0A03:00: fail to add MMCONFIG information, can't access extended configuration space under this bridge
[    0.951642] acpiphp: Slot [3] registered
[    0.952962] acpiphp: Slot [4] registered
[    0.954975] acpiphp: Slot [5] registered
[    0.956931] acpiphp: Slot [6] registered
[    0.959998] acpiphp: Slot [7] registered
[    0.961971] acpiphp: Slot [8] registered
[    0.964087] acpiphp: Slot [9] registered
[    0.968374] acpiphp: Slot [10] registered
[    0.975946] acpiphp: Slot [11] registered
[    0.982935] acpiphp: Slot [12] registered
[    0.987972] acpiphp: Slot [13] registered
[    0.988882] acpiphp: Slot [14] registered
[    0.997949] acpiphp: Slot [15] registered
[    1.004944] acpiphp: Slot [16] registered
[    1.005931] acpiphp: Slot [17] registered
[    1.009898] acpiphp: Slot [18] registered
[    1.011963] acpiphp: Slot [19] registered
[    1.013182] acpiphp: Slot [20] registered
[    1.016005] acpiphp: Slot [21] registered
[    1.017941] acpiphp: Slot [22] registered
[    1.018939] acpiphp: Slot [23] registered
[    1.022951] acpiphp: Slot [24] registered
[    1.026965] acpiphp: Slot [25] registered
[    1.029089] acpiphp: Slot [26] registered
[    1.030963] acpiphp: Slot [27] registered
[    1.032975] acpiphp: Slot [28] registered
[    1.033997] acpiphp: Slot [29] registered
[    1.037948] acpiphp: Slot [30] registered
[    1.042597] acpiphp: Slot [31] registered
[    1.053938] PCI host bridge to bus 0000:00
[    1.056882] pci_bus 0000:00: root bus resource [io  0x0000-0x0cf7 window]
[    1.066898] pci_bus 0000:00: root bus resource [io  0x0d00-0xffff window]
[    1.074959] pci_bus 0000:00: root bus resource [mem 0x000a0000-0x000bffff window]
[    1.076891] pci_bus 0000:00: root bus resource [mem 0x80000000-0xfebfffff window]
[    1.079894] pci_bus 0000:00: root bus resource [mem 0x100000000-0x17fffffff window]
[    1.082897] pci_bus 0000:00: root bus resource [bus 00-ff]
[    1.085995] pci 0000:00:00.0: [8086:1237] type 00 class 0x060000 conventional PCI endpoint
[    1.101247] pci 0000:00:01.0: [8086:7000] type 00 class 0x060100 conventional PCI endpoint
[    1.105139] pci 0000:00:01.1: [8086:7010] type 00 class 0x010180 conventional PCI endpoint
[    1.109844] pci 0000:00:01.1: BAR 4 [io  0xc0e0-0xc0ef]
[    1.111959] pci 0000:00:01.1: BAR 0 [io  0x01f0-0x01f7]: legacy IDE quirk
[    1.113895] pci 0000:00:01.1: BAR 1 [io  0x03f6]: legacy IDE quirk
[    1.116890] pci 0000:00:01.1: BAR 2 [io  0x0170-0x0177]: legacy IDE quirk
[    1.119892] pci 0000:00:01.1: BAR 3 [io  0x0376]: legacy IDE quirk
[    1.122403] pci 0000:00:01.3: [8086:7113] type 00 class 0x068000 conventional PCI endpoint
[    1.126024] pci 0000:00:01.3: quirk: [io  0x0600-0x063f] claimed by PIIX4 ACPI
[    1.129919] pci 0000:00:01.3: quirk: [io  0x0700-0x070f] claimed by PIIX4 SMB
[    1.132882] pci 0000:00:02.0: [1234:1111] type 00 class 0x030000 conventional PCI endpoint
[    1.163073] pci 0000:00:02.0: BAR 0 [mem 0xfd000000-0xfdffffff pref]
[    1.165925] pci 0000:00:02.0: BAR 2 [mem 0xfebd0000-0xfebd0fff]
[    1.167677] pci 0000:00:02.0: ROM [mem 0xfebc0000-0xfebcffff pref]
[    1.173385] pci 0000:00:02.0: Video device with shadowed ROM at [mem 0x000c0000-0x000dffff]
[    1.180221] pci 0000:00:03.0: [1af4:1009] type 00 class 0x000200 conventional PCI endpoint
[    1.183882] pci 0000:00:03.0: BAR 0 [io  0xc080-0xc0bf]
[    1.184905] pci 0000:00:03.0: BAR 1 [mem 0xfebd1000-0xfebd1fff]
[    1.188952] pci 0000:00:03.0: BAR 4 [mem 0xfe000000-0xfe003fff 64bit pref]
[    1.192684] pci 0000:00:04.0: [1af4:1000] type 00 class 0x020000 conventional PCI endpoint
[    1.198097] pci 0000:00:04.0: BAR 0 [io  0xc0c0-0xc0df]
[    1.202954] pci 0000:00:04.0: BAR 1 [mem 0xfebd2000-0xfebd2fff]
[    1.206954] pci 0000:00:04.0: BAR 4 [mem 0xfe004000-0xfe007fff 64bit pref]
[    1.209915] pci 0000:00:04.0: ROM [mem 0xfeb80000-0xfebbffff pref]
[    1.215297] pci 0000:00:05.0: [1af4:1001] type 00 class 0x010000 conventional PCI endpoint
[    1.235882] pci 0000:00:05.0: BAR 0 [io  0xc000-0xc07f]
[    1.235882] pci 0000:00:05.0: BAR 1 [mem 0xfebd3000-0xfebd3fff]
[    1.242991] pci 0000:00:05.0: BAR 4 [mem 0xfe008000-0xfe00bfff 64bit pref]
[    1.319217] ACPI: PCI: Interrupt link LNKA configured for IRQ 10
[    1.326081] ACPI: PCI: Interrupt link LNKB configured for IRQ 10
[    1.328093] ACPI: PCI: Interrupt link LNKC configured for IRQ 11
[    1.332913] ACPI: PCI: Interrupt link LNKD configured for IRQ 11
[    1.340026] ACPI: PCI: Interrupt link LNKS configured for IRQ 9
[    1.343921] iommu: Default domain type: Translated
[    1.344887] iommu: DMA domain TLB invalidation policy: lazy mode
[    1.350589] SCSI subsystem initialized
[    1.355961] ACPI: bus type USB registered
[    1.356882] usbcore: registered new interface driver usbfs
[    1.358964] usbcore: registered new interface driver hub
[    1.361936] usbcore: registered new device driver usb
[    1.367015] EDAC MC: Ver: 3.0.0
[    1.377133] NetLabel: Initializing
[    1.377887] NetLabel:  domain hash size = 128
[    1.381898] NetLabel:  protocols = UNLABELED CIPSOv4 CALIPSO
[    1.385935] NetLabel:  unlabeled traffic allowed by default
[    1.390912] mctp: management component transport protocol core
[    1.392897] NET: Registered PF_MCTP protocol family
[    1.394982] PCI: Using ACPI for IRQ routing
[    1.400163] pci 0000:00:02.0: vgaarb: setting as boot VGA device
[    1.400882] pci 0000:00:02.0: vgaarb: bridge control possible
[    1.400882] pci 0000:00:02.0: vgaarb: VGA device added: decodes=io+mem,owns=io+mem,locks=none
[    1.408895] vgaarb: loaded
[    1.410215] hpet0: at MMIO 0xfed00000, IRQs 2, 8, 0
[    1.411888] hpet0: 3 comparators, 64-bit 100.000000 MHz counter
[    1.417282] clocksource: Switched to clocksource kvm-clock
[    1.419595] VFS: Disk quotas dquot_6.6.0
[    1.423266] VFS: Dquot-cache hash table entries: 512 (order 0, 4096 bytes)
[    1.426025] pnp: PnP ACPI init
[    1.427959] pnp: PnP ACPI: found 6 devices
[    1.445737] clocksource: acpi_pm: mask: 0xffffff max_cycles: 0xffffff, max_idle_ns: 2085701024 ns
[    1.456378] NET: Registered PF_INET protocol family
[    1.459619] IP idents hash table entries: 32768 (order: 6, 262144 bytes, linear)
[    1.536489] tcp_listen_portaddr_hash hash table entries: 1024 (order: 2, 16384 bytes, linear)
[    1.547298] Table-perturb hash table entries: 65536 (order: 6, 262144 bytes, linear)
[    1.553867] TCP established hash table entries: 16384 (order: 5, 131072 bytes, linear)
[    1.558555] TCP bind hash table entries: 16384 (order: 7, 524288 bytes, linear)
[    1.568541] TCP: Hash tables configured (established 16384 bind 16384)
[    1.576559] MPTCP token hash table entries: 2048 (order: 4, 49152 bytes, linear)
[    1.589306] UDP hash table entries: 1024 (order: 4, 65536 bytes, linear)
[    1.599352] UDP-Lite hash table entries: 1024 (order: 4, 65536 bytes, linear)
[    1.608427] NET: Registered PF_UNIX/PF_LOCAL protocol family
[    1.612202] NET: Registered PF_XDP protocol family
[    1.615605] pci_bus 0000:00: resource 4 [io  0x0000-0x0cf7 window]
[    1.619889] pci_bus 0000:00: resource 5 [io  0x0d00-0xffff window]
[    1.622375] pci_bus 0000:00: resource 6 [mem 0x000a0000-0x000bffff window]
[    1.624908] pci_bus 0000:00: resource 7 [mem 0x80000000-0xfebfffff window]
[    1.627365] pci_bus 0000:00: resource 8 [mem 0x100000000-0x17fffffff window]
[    1.633489] pci 0000:00:01.0: PIIX3: Enabling Passive Release
[    1.636089] pci 0000:00:00.0: Limiting direct PCI/PCI transfers
[    1.638618] PCI: CLS 0 bytes, default 64
[    1.640439] clocksource: tsc: mask: 0xffffffffffffffff max_cycles: 0x33e452fbb2f, max_idle_ns: 440795236593 ns
[    1.640820] Trying to unpack rootfs image as initramfs...
[    1.789072] Initialise system trusted keyrings
[    1.794452] Key type blacklist registered
[    1.795822] workingset: timestamp_bits=36 max_order=19 bucket_order=0
[    1.803182] fuse: init (API version 7.45)
[    1.804937] integrity: Platform Keyring initialized
[    1.806587] integrity: Machine keyring initialized
[    1.845636] xor: automatically using best checksumming function   avx       
[    1.854880] Key type asymmetric registered
[    1.856283] Asymmetric key parser 'x509' registered
[    1.862585] Block layer SCSI generic (bsg) driver version 0.4 loaded (major 245)
[    1.869257] io scheduler mq-deadline registered
[    1.877200] io scheduler kyber registered
[    1.883174] io scheduler bfq registered
[    1.890264] ledtrig-cpu: registered to indicate activity on CPUs
[    1.892855] input: Power Button as /devices/LNXSYSTM:00/LNXPWRBN:00/input/input0
[    1.896972] Freeing initrd memory: 11040K
[    1.899224] ACPI: button: Power Button [PWRF]
[    1.904971] ACPI: \_SB_.LNKC: Enabled at IRQ 11
[    1.910763] ACPI: \_SB_.LNKD: Enabled at IRQ 10
[    1.916376] ACPI: \_SB_.LNKA: Enabled at IRQ 10
[    1.936191] Serial: 8250/16550 driver, 32 ports, IRQ sharing enabled
[    1.949485] 00:04: ttyS0 at I/O 0x3f8 (irq = 4, base_baud = 115200) is a 16550A
[    1.974341] Non-volatile memory driver v1.3
[    1.984131] Linux agpgart interface v0.103
[    1.987933] ACPI: bus type drm_connector registered
[    1.990548] virtio_blk virtio2: 2/0/0 default/read/poll queues
[    1.993910] virtio_blk virtio2: [vda] 25165824 512-byte logical blocks (12.9 GB/12.0 GiB)
[    2.004326]  vda: vda1
[    2.009157] usbcore: registered new interface driver usbserial_generic
[    2.018677] usbserial: USB Serial support registered for generic
[    2.022726] i8042: PNP: PS/2 Controller [PNP0303:KBD,PNP0f13:MOU] at 0x60,0x64 irq 1,12
[    2.027944] serio: i8042 KBD port at 0x60,0x64 irq 1
[    2.029378] serio: i8042 AUX port at 0x60,0x64 irq 12
[    2.041442] rtc_cmos 00:05: RTC can wake from S4
[    2.046741] rtc_cmos 00:05: registered as rtc0
[    2.056659] rtc_cmos 00:05: setting system clock to 2026-03-04T01:02:46 UTC (1772586166)
[    2.059207] rtc_cmos 00:05: alarms up to one day, y3k, 242 bytes nvram, hpet irqs
[    2.061586] intel_pstate: CPU model not supported
[    2.063085] hid: raw HID events driver (C) Jiri Kosina
[    2.064808] usbcore: registered new interface driver usbhid
[    2.066398] usbhid: USB HID core driver
[    2.067667] rust_binder: Loaded Rust Binder.
[    2.067708] drop_monitor: Initializing network drop monitor service
[    2.071141] input: AT Translated Set 2 keyboard as /devices/platform/i8042/serio0/input/input1
[    2.073302] NET: Registered PF_INET6 protocol family
[    2.082129] Segment Routing with IPv6
[    2.083234] RPL Segment Routing with IPv6
[    2.084407] In-situ OAM (IOAM) with IPv6
[    2.085747] NET: Registered PF_PACKET protocol family
[    2.088039] IPI shorthand broadcast: enabled
[    2.092335] sched_clock: Marking stable (1728027526, 363382296)->(2638424103, -547014281)
[    2.095262] registered taskstats version 1
[    2.098961] Loading compiled-in X.509 certificates
[    2.113740] Loaded X.509 cert 'Build time autogenerated kernel key: 4f282eb87851fdb04b530c5e67453df628afff93'
[    2.122701] zswap: loaded using pool zstd
[    2.123999] Demotion targets for Node 0: null
[    2.125670] Key type .fscrypt registered
[    2.126785] Key type fscrypt-provisioning registered
[    2.128713] Btrfs loaded, zoned=yes, fsverity=yes
[    2.130336] Key type big_key registered
[    2.131939] PM:   Magic number: 2:345:2
[    2.134890] RAS: Correctable Errors collector initialized.
[    2.145836] clk: Disabling unused clocks
[    2.147109] PM: genpd: Disabling unused power domains
[    2.155779] Freeing unused decrypted memory: 2028K
[    2.160371] Freeing unused kernel image (initmem) memory: 4736K
[    2.162449] Write protecting the kernel read-only data: 36864k
[    2.165323] Freeing unused kernel image (text/rodata gap) memory: 160K
[    2.166961] Freeing unused kernel image (rodata/data gap) memory: 16K
[    2.239630] x86/mm: Checked W+X mappings: passed, no W+X pages found.
[    2.241050] rodata_test: all tests were successful
[    2.244938] x86/mm: Checking user space page tables
[    2.301723] x86/mm: Checked W+X mappings: passed, no W+X pages found.
[    2.303328] Run /init as init process
P+q6E616D65\[    2.696592] systemd[1]: Successfully made /usr/ read-only.
[6n[32766;32766H[6n[!p]104\[0m[?7h[1G[0J[    3.043042] systemd[1]: systemd 259.2-1-arch running in system mode (+PAM +AUDIT -SELINUX +APPARMOR -IMA +IPE +SMACK +SECCOMP +GCRYPT +GNUTLS +OPENSSL +ACL +BLKID +CURL +ELFUTILS +FIDO2 +IDN2 -IDN +KMOD +LIBCRYPTSETUP +LIBCRYPTSETUP_PLUGINS +LIBFDISK +PCRE2 +PWQUALITY +P11KIT +QRENCODE +TPM2 +BZIP2 +LZ4 +XZ +ZLIB +ZSTD +BPF_FRAMEWORK +BTF +XKBCOMMON +UTMP -SYSVINIT +LIBARCHIVE)
[    3.064365] systemd[1]: Detected virtualization kvm.
[    3.065544] systemd[1]: Detected architecture x86-64.
[    3.066829] systemd[1]: Running in initrd.
[0;1;39mBooting initrd of [0m[38;2;23;147;209mArch Linux[0m[0;1;39m.[0m
[    3.083681] systemd[1]: Initializing machine ID from random generator.
]3008;start=5af20d3f15ba4a75be0d3361d80c15ec;user=root;hostname=archlinux;machineid=104fba4451f5434fa211fbd89983117a;bootid=edfc20aead314337bd56975467e3ea45;pid=1;pidfdid=2;comm=systemd;type=boot\[    3.145559] systemd[1]: Queued start job for default target Initrd Default Target.
[    3.240279] systemd[1]: Expecting device /dev/vda1...
         Expecting device [0;1;39m/dev/vda1[0m...
[    3.242918] systemd[1]: Reached target Path Units.
[[0;32m  OK  [0m] Reached target [0;1;39mPath Units[0m.
[    3.245846] systemd[1]: Reached target Slice Units.
[[0;32m  OK  [0m] Reached target [0;1;39mSlice Units[0m.
[    3.249258] systemd[1]: Reached target Swaps.
[[0;32m  OK  [0m] Reached target [0;1;39mSwaps[0m.
[    3.252330] systemd[1]: Reached target Timer Units.
[[0;32m  OK  [0m] Reached target [0;1;39mTimer Units[0m.
[    3.255496] systemd[1]: Listening on Journal Socket (/dev/log).
[[0;32m  OK  [0m] Listening on [0;1;39mJournal Socket (/dev/log)[0m.
[    3.259579] systemd[1]: Listening on Journal Sockets.
[[0;32m  OK  [0m] Listening on [0;1;39mJournal Sockets[0m.
[    3.271041] systemd[1]: Listening on udev Control Socket.
[[0;32m  OK  [0m] Listening on [0;1;39mudev Control Socket[0m.
[    3.279184] systemd[1]: Listening on udev Kernel Socket.
[[0;32m  OK  [0m] Listening on [0;1;39mudev Kernel Socket[0m.
[    3.289924] systemd[1]: Reached target Socket Units.
[[0;32m  OK  [0m] Reached target [0;1;39mSocket Units[0m.
[    3.302991] systemd[1]: Create List of Static Device Nodes skipped, unmet condition check ConditionFileNotEmpty=/lib/modules/6.18.13-arch1-1/modules.devname
[    3.308626] systemd[1]: Early Battery Level Check skipped, unmet condition check ConditionDirectoryNotEmpty=/sys/class/power_supply
[    3.315251] systemd[1]: Display Boot-Time Emergency Messages In Full Screen skipped, unmet condition check ConditionVirtualization=no
[    3.341944] systemd[1]: Starting Journal Service...
         Starting [0;1;39mJournal Service[0m...
[    3.369726] systemd[1]: Starting Load Kernel Modules...
         Starting [0;1;39mLoad Kernel Modules[0m...
[    3.376043] systemd[1]: TPM PCR Barrier (initrd) skipped, unmet condition check ConditionSecurity=measured-uki
[    3.388697] systemd[1]: Starting Create Static Device Nodes in /dev...
         Starting [0;1;39mCreate Static Device Nodes in /dev[0m...
[    3.425486] systemd[1]: Starting Coldplug All udev Devices...
         Starting [0;1;39mColdplug All udev Devices[0m...
[    3.481846] systemd-journald[105]: Collecting audit messages is disabled.
[    3.500799] systemd[1]: Finished Create Static Device Nodes in /dev.
[[0;32m  OK  [0m] Finished [0;1;39mCreate Static Device Nodes in /dev[0m.
[    3.517739] systemd[1]: Reached target Preparation for Local File Systems.
[[0;32m  OK  [0m] Reached target [0;1;39mPreparation for Local File Systems[0m.
[    3.527735] systemd[1]: Reached target Local File Systems.
[[0;32m  OK  [0m] Reached target [0;1;39mLocal File Systems[0m.
[    3.547517] systemd[1]: Starting Rule-based Manager for Device Events and Files...
         Starting [0;1;39mRule-based Manager for Device Events and Files[0m...
[    3.573016] systemd[1]: Started Journal Service.
[[0;32m  OK  [0m] Started [0;1;39mJournal Service[0m.
         Starting [0;1;39mCreate System Files and Directories[0m...
[    3.700144] netfs: FS-Cache loaded
[[0;32m  OK  [0m] Finished [0;1;39mCreate System Files and Directories[0m.
[[0;32m  OK  [0m] Started [0;1;39mRule-based Manager for Device Events and Files[0m.
[    3.911718] 9pnet: Installing 9P2000 support
[    3.972057] 9p: Installing v9fs 9p2000 file system support
[[0;32m  OK  [0m] Finished [0;1;39mLoad Kernel Modules[0m.
[[0;32m  OK  [0m] Finished [0;1;39mColdplug All udev Devices[0m.
[[0;32m  OK  [0m] Reached target [0;1;39mSystem Initialization[0m.
[[0;32m  OK  [0m] Reached target [0;1;39mBasic System[0m.
[[0;32m  OK  [0m] Found device [0;1;39m/dev/vda1[0m.
[[0;32m  OK  [0m] Reached target [0;1;39mInitrd Root Device[0m.
         Starting [0;1;39mFile System Check on /dev/vda1[0m...
[    4.512948] Floppy drive(s): fd0 is 2.88M AMI BIOS
[    4.515065] scsi host0: ata_piix
[    4.534494] scsi host1: ata_piix
[    4.544319] FDC 0 is a S82078B
[    4.545622] ata1: PATA max MWDMA2 cmd 0x1f0 ctl 0x3f6 bmdma 0xc0e0 irq 14 lpm-pol 0
[    4.547845] ata2: PATA max MWDMA2 cmd 0x170 ctl 0x376 bmdma 0xc0e8 irq 15 lpm-pol 0
[    4.549272] bochs-drm 0000:00:02.0: vgaarb: deactivate vga console
[    4.607177] Console: switching to colour dummy device 80x25
         Starting [0;1;39mVirtual Console Setup[0m...[    4.609882] [drm] Found bochs VGA, ID 0xb0c5.

[    4.610878] [drm] Framebuffer size 16384 kB @ 0xfd000000, mmio @ 0xfebd0000.
[    4.611529] bochs-drm 0000:00:02.0: [drm] Registered 1 planes with drm panic
[    4.614510] [drm] Initialized bochs-drm 1.0.0 for 0000:00:02.0 on minor 0
[[0;32m  OK  [0m] Finished [0;1;39mFile System Check on /dev/vda1[0m.
[    4.627228] fbcon: bochs-drmdrmfb (fb0) is primary device
[    4.657402] Console: switching to colour frame buffer device 160x50
[    4.681185] bochs-drm 0000:00:02.0: [drm] fb0: bochs-drmdrmfb frame buffer device
         Mounting [0;1;39m/sysroot[0m...
[    4.732934] ata2: found unknown device (class 0)
[    4.742365] ata2.00: ATAPI: QEMU DVD-ROM, 2.5+, max UDMA/100
[[0;32m  OK  [0m] Stopped [0;1;39mVirtual Console Setup[0m.
         Stopping [0;1;39mVirtual Console Setup[0m...
[    4.770849] scsi 1:0:0:0: CD-ROM            QEMU     QEMU DVD-ROM     2.5+ PQ: 0 ANSI: 5
         Starting [0;1;39mVirtual Console Setup[0m...
[[0;32m  OK  [0m] Finished [0;1;39mVirtual Console Setup[0m.
[    4.971833] EXT4-fs (vda1): mounted filesystem ddfae1cc-629e-47f4-9008-261996ba3811 r/w with ordered data mode. Quota mode: none.
[[0;32m  OK  [0m] Mounted [0;1;39m/sysroot[0m.
[[0;32m  OK  [0m] Reached target [0;1;39mInitrd Root File System[0m.
         Starting [0;1;39mMountpoints Configured in the Real Root[0m...
[[0;32m  OK  [0m] Finished [0;1;39mMountpoints Configured in the Real Root[0m.
[[0;32m  OK  [0m] Reached target [0;1;39mInitrd File Systems[0m.
[[0;32m  OK  [0m] Reached target [0;1;39mInitrd Default Target[0m.
[    5.073418] sr 1:0:0:0: [sr0] scsi3-mmc drive: 4x/4x cd/rw xa/form2 tray
[    5.079177] cdrom: Uniform CD-ROM driver Revision: 3.20
         Starting [0;1;39mCleaning Up and Shutting Down Daemons[0m...
[[0;32m  OK  [0m] Stopped target [0;1;39mInitrd Default Target[0m.
[[0;32m  OK  [0m] Stopped target [0;1;39mBasic System[0m.
[[0;32m  OK  [0m] Stopped target [0;1;39mInitrd Root Device[0m.
[[0;32m  OK  [0m] Stopped target [0;1;39mPath Units[0m.
[[0;32m  OK  [0m] Stopped target [0;1;39mSlice Units[0m.
[[0;32m  OK  [0m] Stopped target [0;1;39mSocket Units[0m.
[[0;32m  OK  [0m] Stopped target [0;1;39mSystem Initialization[0m.
[[0;32m  OK  [0m] Stopped target [0;1;39mSwaps[0m.
[[0;32m  OK  [0m] Stopped target [0;1;39mTimer Units[0m.
[[0;32m  OK  [0m] Stopped [0;1;39mLoad Kernel Modules[0m.
[[0;32m  OK  [0m] Stopped [0;1;39mCreate System Files and Directories[0m.
[[0;32m  OK  [0m] Stopped target [0;1;39mLocal File Systems[0m.
[[0;32m  OK  [0m] Stopped target [0;1;39mPreparation for Local File Systems[0m.
[[0;32m  OK  [0m] Stopped [0;1;39mColdplug All udev Devices[0m.
         Stopping [0;1;39mRule-based Manager for Device Events and Files[0m...
[[0;32m  OK  [0m] Stopped [0;1;39mVirtual Console Setup[0m.
[[0;32m  OK  [0m] Finished [0;1;39mCleaning Up and Shutting Down Daemons[0m.
[[0;32m  OK  [0m] Stopped [0;1;39mRule-based Manager for Device Events and Files[0m.
[[0;32m  OK  [0m] Closed [0;1;39mudev Control Socket[0m.
         Starting [0;1;39mCleanup udev Database[0m...
[[0;32m  OK  [0m] Stopped [0;1;39mCreate Static Device Nodes in /dev[0m.
[[0;32m  OK  [0m] Finished [0;1;39mCleanup udev Database[0m.
[[0;32m  OK  [0m] Reached target [0;1;39mSwitch Root[0m.
         Starting [0;1;39mSwitch Root[0m...
[    5.904279] systemd-journald[105]: Received SIGTERM from PID 1 (systemd).
P+q6E616D65\[6n[32766;32766H[6n[!p]104\[0m[?7h[1G[0J[    6.724643] systemd[1]: systemd 259.1-1-arch running in system mode (+PAM +AUDIT -SELINUX +APPARMOR -IMA +IPE +SMACK +SECCOMP +GCRYPT +GNUTLS +OPENSSL +ACL +BLKID +CURL +ELFUTILS +FIDO2 +IDN2 -IDN +KMOD +LIBCRYPTSETUP +LIBCRYPTSETUP_PLUGINS +LIBFDISK +PCRE2 +PWQUALITY +P11KIT +QRENCODE +TPM2 +BZIP2 +LZ4 +XZ +ZLIB +ZSTD +BPF_FRAMEWORK +BTF +XKBCOMMON +UTMP -SYSVINIT +LIBARCHIVE)
[    6.736559] systemd[1]: Detected virtualization kvm.
[    6.737650] systemd[1]: Detected architecture x86-64.

[0;1;39mWelcome to [0m[38;2;23;147;209mArch Linux[0m[0;1;39m![0m

[    6.748483] systemd[1]: Hostname set to <ksmbd-vm>.
]3008;start=d0ca5aab90aa446c9ced5734c8c24bd5;user=root;hostname=ksmbd-vm;machineid=0ab76daf18ce42b0b036a81eb53bdd79;bootid=edfc20aead314337bd56975467e3ea45;pid=1;pidfdid=2;comm=systemd;type=boot\[    7.060475] systemd[1]: bpf-restrict-fs: LSM BPF program attached
[    7.195623] Guest personality initialized and is inactive
[    7.197318] VMCI host device registered (name=vmci, major=10, minor=260)
[    7.199894] Initialized host personality
[    7.210551] NET: Registered PF_VSOCK protocol family
[    7.763777] systemd[1]: initrd-switch-root.service: Deactivated successfully.
[    7.766442] systemd[1]: Stopped Switch Root.
[[0;32m  OK  [0m] Stopped [0;1;39mSwitch Root[0m.
[    7.772713] systemd[1]: systemd-journald.service: Scheduled restart job, restart counter is at 1.
[    7.775285] systemd[1]: Created slice Slice /system/dirmngr.
[[0;32m  OK  [0m] Created slice [0;1;39mSlice /system/dirmngr[0m.
[    7.779250] systemd[1]: Created slice Slice /system/getty.
[[0;32m  OK  [0m] Created slice [0;1;39mSlice /system/getty[0m.
[    7.782781] systemd[1]: Created slice Slice /system/gpg-agent.
[[0;32m  OK  [0m] Created slice [0;1;39mSlice /system/gpg-agent[0m.
[    7.787064] systemd[1]: Created slice Slice /system/gpg-agent-browser.
[[0;32m  OK  [0m] Created slice [0;1;39mSlice /system/gpg-agent-browser[0m.
[    7.791328] systemd[1]: Created slice Slice /system/gpg-agent-extra.
[[0;32m  OK  [0m] Created slice [0;1;39mSlice /system/gpg-agent-extra[0m.
[    7.795327] systemd[1]: Created slice Slice /system/gpg-agent-ssh.
[[0;32m  OK  [0m] Created slice [0;1;39mSlice /system/gpg-agent-ssh[0m.
[    7.800462] systemd[1]: Created slice Slice /system/keyboxd.
[[0;32m  OK  [0m] Created slice [0;1;39mSlice /system/keyboxd[0m.
[    7.804318] systemd[1]: Created slice Slice /system/modprobe.
[[0;32m  OK  [0m] Created slice [0;1;39mSlice /system/modprobe[0m.
[    7.808888] systemd[1]: Created slice Slice /system/serial-getty.
[[0;32m  OK  [0m] Created slice [0;1;39mSlice /system/serial-getty[0m.
[    7.813026] systemd[1]: Created slice User and Session Slice.
[[0;32m  OK  [0m] Created slice [0;1;39mUser and Session Slice[0m.
[    7.816337] systemd[1]: Started Dispatch Password Requests to Console Directory Watch.
[[0;32m  OK  [0m] Started [0;1;39mDispatch Password Requests to Console Directory Watch[0m.
[    7.820326] systemd[1]: Started Forward Password Requests to Wall Directory Watch.
[[0;32m  OK  [0m] Started [0;1;39mForward Password Requests to Wall Directory Watch[0m.
[    7.824367] systemd[1]: Set up automount Arbitrary Executable File Formats File System Automount Point.
[[0;32m  OK  [0m] Set up automount [0;1;39mArbitrary Executa…ormats File System Automount Point[0m.
[    7.829564] systemd[1]: Expecting device /dev/ttyS0...
         Expecting device [0;1;39m/dev/ttyS0[0m...
[    7.832199] systemd[1]: Reached target Local Encrypted Volumes.
[[0;32m  OK  [0m] Reached target [0;1;39mLocal Encrypted Volumes[0m.
[    7.835742] systemd[1]: Reached target Image Downloads.
[[0;32m  OK  [0m] Reached target [0;1;39mImage Downloads[0m.
[    7.841203] systemd[1]: Stopped target Switch Root.
[[0;32m  OK  [0m] Stopped target [0;1;39mSwitch Root[0m.
[    7.844614] systemd[1]: Stopped target Initrd File Systems.
[[0;32m  OK  [0m] Stopped target [0;1;39mInitrd File Systems[0m.
[    7.849074] systemd[1]: Stopped target Initrd Root File System.
[[0;32m  OK  [0m] Stopped target [0;1;39mInitrd Root File System[0m.
[    7.852725] systemd[1]: Reached target Local Integrity Protected Volumes.
[[0;32m  OK  [0m] Reached target [0;1;39mLocal Integrity Protected Volumes[0m.
[    7.856506] systemd[1]: Reached target Path Units.
[[0;32m  OK  [0m] Reached target [0;1;39mPath Units[0m.
[    7.859927] systemd[1]: Reached target Remote File Systems.
[[0;32m  OK  [0m] Reached target [0;1;39mRemote File Systems[0m.
[    7.864288] systemd[1]: Reached target Slice Units.
[[0;32m  OK  [0m] Reached target [0;1;39mSlice Units[0m.
[    7.868297] systemd[1]: Reached target Swaps.
[[0;32m  OK  [0m] Reached target [0;1;39mSwaps[0m.
[    7.872130] systemd[1]: Reached target Local Verity Protected Volumes.
[[0;32m  OK  [0m] Reached target [0;1;39mLocal Verity Protected Volumes[0m.
[    7.877422] systemd[1]: Listening on Device-mapper event daemon FIFOs.
[[0;32m  OK  [0m] Listening on [0;1;39mDevice-mapper event daemon FIFOs[0m.
[    7.886558] systemd[1]: Listening on Query the User Interactively for a Password.
[[0;32m  OK  [0m] Listening on [0;1;39mQuery the User Interactively for a Password[0m.
[    7.895242] systemd[1]: Listening on Process Core Dump Socket.
[[0;32m  OK  [0m] Listening on [0;1;39mProcess Core Dump Socket[0m.
[    7.904032] systemd[1]: Listening on Credential Encryption/Decryption.
[[0;32m  OK  [0m] Listening on [0;1;39mCredential Encryption/Decryption[0m.
[    7.910442] systemd[1]: Listening on Factory Reset Management.
[[0;32m  OK  [0m] Listening on [0;1;39mFactory Reset Management[0m.
[    7.916949] systemd[1]: Listening on Console Output Muting Service Socket.
[[0;32m  OK  [0m] Listening on [0;1;39mConsole Output Muting Service Socket[0m.
[    7.922211] systemd[1]: Listening on Network Management Resolve Hook Socket.
[[0;32m  OK  [0m] Listening on [0;1;39mNetwork Management Resolve Hook Socket[0m.
[    7.928646] systemd[1]: Listening on Network Management Varlink Socket.
[[0;32m  OK  [0m] Listening on [0;1;39mNetwork Management Varlink Socket[0m.
[    7.933725] systemd[1]: Listening on Network Management Netlink Socket.
[[0;32m  OK  [0m] Listening on [0;1;39mNetwork Management Netlink Socket[0m.
[    7.938141] systemd[1]: TPM PCR Measurements skipped, unmet condition check ConditionSecurity=measured-uki
[    7.940468] systemd[1]: Make TPM PCR Policy skipped, unmet condition check ConditionSecurity=measured-uki
[    7.945865] systemd[1]: Listening on Disk Repartitioning Service Socket.
[[0;32m  OK  [0m] Listening on [0;1;39mDisk Repartitioning Service Socket[0m.
[    7.952535] systemd[1]: Listening on Resolve Monitor Varlink Socket.
[[0;32m  OK  [0m] Listening on [0;1;39mResolve Monitor Varlink Socket[0m.
[    7.964421] systemd[1]: Listening on Resolve Service Varlink Socket.
[[0;32m  OK  [0m] Listening on [0;1;39mResolve Service Varlink Socket[0m.
[    7.973846] systemd[1]: Listening on udev Control Socket.
[[0;32m  OK  [0m] Listening on [0;1;39mudev Control Socket[0m.
[    7.978309] systemd[1]: Listening on udev Varlink Socket.
[[0;32m  OK  [0m] Listening on [0;1;39mudev Varlink Socket[0m.
[    7.981474] systemd[1]: Listening on User Database Manager Socket.
[[0;32m  OK  [0m] Listening on [0;1;39mUser Database Manager Socket[0m.
[    7.994845] systemd[1]: Mounting Huge Pages File System...
         Mounting [0;1;39mHuge Pages File System[0m...
[    8.003466] systemd[1]: Mounting POSIX Message Queue File System...
         Mounting [0;1;39mPOSIX Message Queue File System[0m...
[    8.015721] systemd[1]: Mounting Kernel Debug File System...
         Mounting [0;1;39mKernel Debug File System[0m...
[    8.020367] systemd[1]: Mounting Kernel Trace File System...
         Mounting [0;1;39mKernel Trace File System[0m...
[    8.044627] systemd[1]: Mounting Temporary Directory /tmp...
         Mounting [0;1;39mTemporary Directory /tmp[0m...
[    8.068196] systemd[1]: Starting Create List of Static Device Nodes...
         Starting [0;1;39mCreate List of Static Device Nodes[0m...
[    8.076108] systemd[1]: Load Kernel Module configfs skipped, unmet condition check ConditionKernelModuleLoaded=!configfs
[    8.086918] systemd[1]: Mounting Kernel Configuration File System...
         Mounting [0;1;39mKernel Configuration File System[0m...
[    8.095235] systemd[1]: Load Kernel Module drm skipped, unmet condition check ConditionKernelModuleLoaded=!drm
[    8.099794] systemd[1]: Load Kernel Module fuse skipped, unmet condition check ConditionKernelModuleLoaded=!fuse
[    8.111979] systemd[1]: Mounting FUSE Control File System...
         Mounting [0;1;39mFUSE Control File System[0m...
[    8.122398] systemd[1]: Clear Stale Hibernate Storage Info skipped, unmet condition check ConditionPathExists=/sys/firmware/efi/efivars/HibernateLocation-8cf2644b-4b0b-428f-9387-6d876050dc67
[    8.141543] systemd[1]: Starting Journal Service...
         Starting [0;1;39mJournal Service[0m...
[    8.147798] systemd[1]: Load Kernel Modules skipped, no trigger condition checks were met.
[    8.154500] systemd[1]: Starting Generate Network Units from Kernel Command Line...
         Starting [0;1;39mGenerate Network Units from Kernel Command Line[0m...
[    8.160486] systemd[1]: TPM PCR Machine ID Measurement skipped, unmet condition check ConditionSecurity=measured-uki
[    8.162843] systemd[1]: TPM NvPCR Product ID Measurement skipped, unmet condition check ConditionSecurity=measured-uki
[    8.167416] systemd[1]: Starting Remount Root and Kernel File Systems...
         Starting [0;1;39mRemount Root and Kernel File Systems[0m...
[    8.172042] systemd[1]: Starting Apply Kernel Variables...
         Starting [0;1;39mApply Kernel Variables[0m...
[    8.177915] systemd[1]: Early TPM SRK Setup skipped, unmet condition check ConditionSecurity=measured-uki
[    8.182520] systemd[1]: Starting Load udev Rules from Credentials...
         Starting [0;1;39mLoad udev Rules from Credentials[0m...
[    8.194369] systemd[1]: Starting Coldplug All udev Devices...
         Starting [0;1;39mColdplug All udev Devices[0m...
[    8.222071] systemd[1]: Mounted Huge Pages File System.
[    8.223607] systemd-journald[344]: Collecting audit messages is disabled.
[    8.225651] EXT4-fs (vda1): re-mounted ddfae1cc-629e-47f4-9008-261996ba3811.
[[0;32m  OK  [0m] Mounted [0;1;39mHuge Pages File System[0m.
[    8.231907] systemd[1]: Mounted POSIX Message Queue File System.
[[0;32m  OK  [0m] Mounted [0;1;39mPOSIX Message Queue File System[0m.
[    8.243552] systemd[1]: Started Journal Service.
[[0;32m  OK  [0m] Started [0;1;39mJournal Service[0m.
[[0;32m  OK  [0m] Mounted [0;1;39mKernel Debug File System[0m.
[[0;32m  OK  [0m] Mounted [0;1;39mKernel Trace File System[0m.
[[0;32m  OK  [0m] Mounted [0;1;39mTemporary Directory /tmp[0m.
[[0;32m  OK  [0m] Finished [0;1;39mCreate List of Static Device Nodes[0m.
[[0;32m  OK  [0m] Mounted [0;1;39mKernel Configuration File System[0m.
[[0;32m  OK  [0m] Mounted [0;1;39mFUSE Control File System[0m.
[[0;32m  OK  [0m] Finished [0;1;39mGenerate Network Units from Kernel Command Line[0m.
[[0;32m  OK  [0m] Finished [0;1;39mRemount Root and Kernel File Systems[0m.
[[0;32m  OK  [0m] Finished [0;1;39mApply Kernel Variables[0m.
[[0;32m  OK  [0m] Finished [0;1;39mLoad udev Rules from Credentials[0m.
[[0;32m  OK  [0m] Reached target [0;1;39mPreparation for Network[0m.
         Starting [0;1;39mFlush Journal to Persistent Storage[0m...
         Starting [0;1;39mLoad/Save OS Random Seed[0m...
         Starting [0;1;39mCreate Static Device Nodes in /dev gracefully[0m...
[    8.343245] systemd-journald[344]: Received client request to flush runtime journal.
[    8.385418] systemd-journald[344]: File /var/log/journal/0ab76daf18ce42b0b036a81eb53bdd79/system.journal corrupted or uncleanly shut down, renaming and replacing.
         Starting [0;1;39mUser Database Manager[0m...
[[0;32m  OK  [0m] Finished [0;1;39mLoad/Save OS Random Seed[0m.
[[0;32m  OK  [0m] Started [0;1;39mUser Database Manager[0m.
[[0;32m  OK  [0m] Finished [0;1;39mFlush Journal to Persistent Storage[0m.
[[0;32m  OK  [0m] Finished [0;1;39mColdplug All udev Devices[0m.
[[0;32m  OK  [0m] Finished [0;1;39mCreate Static Device Nodes in /dev gracefully[0m.
         Starting [0;1;39mNetwork Name Resolution[0m...
         Starting [0;1;39mCreate Static Device Nodes in /dev[0m...
[[0;32m  OK  [0m] Finished [0;1;39mCreate Static Device Nodes in /dev[0m.
[[0;32m  OK  [0m] Reached target [0;1;39mPreparation for Local File Systems[0m.
         Mounting [0;1;39m/mnt/ksmbd[0m...
[[0;32m  OK  [0m] Reached target [0;1;39mLocal File Systems[0m.
[[0;32m  OK  [0m] Listening on [0;1;39mBoot Entries Service Socket[0m.
[[0;32m  OK  [0m] Listening on [0;1;39mDisk Image Download Service Socket[0m.
[[0;32m  OK  [0m] Listening on [0;1;39mSystem Extension Image Management[0m.
[    8.816294] 9pnet: Limiting 'msize' to 512000 as this is the maximum supported by transport virtio
         Starting [0;1;39mCreate System Files and Directories[0m...
         Starting [0;1;39mRule-based Manager for Device Events and Files[0m...
         Starting [0;1;39mLoad JSON user/group Records from Credentials[0m...
[[0;32m  OK  [0m] Started [0;1;39mNetwork Name Resolution[0m.
[[0;32m  OK  [0m] Mounted [0;1;39m/mnt/ksmbd[0m.
[[0;32m  OK  [0m] Reached target [0;1;39mHost and Network Name Lookups[0m.
[[0;32m  OK  [0m] Finished [0;1;39mLoad JSON user/group Records from Credentials[0m.
[[0;32m  OK  [0m] Started [0;1;39mRule-based Manager for Device Events and Files[0m.
         Starting [0;1;39mNetwork Management[0m...
[[0;32m  OK  [0m] Finished [0;1;39mCreate System Files and Directories[0m.
         Starting [0;1;39mRecord System Boot/Shutdown in UTMP[0m...
[[0;32m  OK  [0m] Finished [0;1;39mRecord System Boot/Shutdown in UTMP[0m.
[[0;32m  OK  [0m] Reached target [0;1;39mSystem Initialization[0m.
[[0;32m  OK  [0m] Started [0;1;39mRefresh existing PGP keys of archlinux-keyring regularly[0m.
[[0;32m  OK  [0m] Started [0;1;39mDaily verification of password and group files[0m.
[[0;32m  OK  [0m] Started [0;1;39mDaily Cleanup of Temporary Directories[0m.
[[0;32m  OK  [0m] Reached target [0;1;39mTimer Units[0m.
[[0;32m  OK  [0m] Listening on [0;1;39mD-Bus System Message Bus Socket[0m.
[[0;32m  OK  [0m] Listening on [0;1;39mGnuPG network certifi…ent daemon for /etc/pacman.d/gnupg[0m.
[[0;32m  OK  [0m] Listening on [0;1;39mGnuPG cryptographic a… browsers) for /etc/pacman.d/gnupg[0m.
[[0;32m  OK  [0m] Listening on [0;1;39mGnuPG cryptographic a…estricted) for /etc/pacman.d/gnupg[0m.
[[0;32m  OK  [0m] Listening on [0;1;39mGnuPG cryptographic a…emulation) for /etc/pacman.d/gnupg[0m.
[[0;32m  OK  [0m] Listening on [0;1;39mGnuPG cryptographic a…rase cache for /etc/pacman.d/gnupg[0m.
[[0;32m  OK  [0m] Listening on [0;1;39mGnuPG public key mana…nt service for /etc/pacman.d/gnupg[0m.
[[0;32m  OK  [0m] Listening on [0;1;39mOpenSSH Server Socket…temd-ssh-generator, AF_UNIX Local)[0m.
[[0;32m  OK  [0m] Listening on [0;1;39mHostname Service Socket[0m.
[[0;32m  OK  [0m] Listening on [0;1;39mUser Login Management Varlink Socket[0m.
[[0;32m  OK  [0m] Listening on [0;1;39mVirtual Machine and C…tainer Registration Service Socket[0m.
[[0;32m  OK  [0m] Reached target [0;1;39mSocket Units[0m.
         Starting [0;1;39mD-Bus System Message Bus[0m...
[[0;32m  OK  [0m] Started [0;1;39mD-Bus System Message Bus[0m.
[[0;32m  OK  [0m] Reached target [0;1;39mBasic System[0m.
         Starting [0;1;39mUser Login Management[0m...
[[0;32m  OK  [0m] Started [0;1;39mVerify integrity of password and group files[0m.
[    9.446358] cfg80211: Loading compiled-in X.509 certificates for regulatory database
[    9.473721] Loaded X.509 cert 'sforshee: 00b28ddf47aef9cea7'
[    9.475054] Loaded X.509 cert 'wens: 61c038651aabdcf94bd0ac7ff06c7248db18c600'
[    9.484082] faux_driver regulatory: Direct firmware load for regulatory.db failed with error -2
[    9.488250] cfg80211: failed to load regulatory.db
[    9.514513] virtio_net virtio1 ens4: renamed from eth0
[[0;32m  OK  [0m] Started [0;1;39mNetwork Management[0m.
[[0;32m  OK  [0m] Reached target [0;1;39mNetwork[0m.
         Starting [0;1;39mOpenSSH Daemon[0m...
         Starting [0;1;39mEnable Persistent Storage in systemd-networkd[0m...
         Starting [0;1;39mPermit User Sessions[0m...
[[0;32m  OK  [0m] Started [0;1;39mUser Login Management[0m.
[[0;32m  OK  [0m] Finished [0;1;39mPermit User Sessions[0m.
[[0;32m  OK  [0m] Started [0;1;39mGetty on tty1[0m.
[[0;32m  OK  [0m] Started [0;1;39mSerial Getty on ttyS0[0m.
[[0;32m  OK  [0m] Reached target [0;1;39mLogin Prompts[0m.
[[0;32m  OK  [0m] Started [0;1;39mOpenSSH Daemon[0m.
[[0;32m  OK  [0m] Reached target [0;1;39mMulti-User System[0m.
[[0;32m  OK  [0m] Reached target [0;1;39mGraphical Interface[0m.
[[0;32m  OK  [0m] Reached target [0;1;39mSSH Access Available[0m.
[[0;32m  OK  [0m] Finished [0;1;39mEnable Persistent Storage in systemd-networkd[0m.
[!p]104\[0m[?7h[1G[0J[6n[32766;32766H[6n[    9.895066] parport_pc 00:03: reported by Plug and Play ACPI
[    9.900300] parport0: PC-style at 0x378, irq 7 [PCSPP,TRISTATE]
[    9.940198] input: PC Speaker as /devices/platform/pcspkr/input/input3
[    9.949087] input: VirtualPS/2 VMware VMMouse as /devices/platform/i8042/serio1/input/input5
[    9.951321] input: VirtualPS/2 VMware VMMouse as /devices/platform/i8042/serio1/input/input4
[    9.955048] piix4_smbus 0000:00:01.3: SMBus Host Controller at 0x700, revision 0
[    9.957597] i2c i2c-0: Memory type 0x07 not supported yet, not instantiating SPD
[   10.089286] ppdev: user-space parallel port driver
[   10.090630] mousedev: PS/2 mouse device common for all mice
[   10.094330] RAPL PMU: API unit is 2^-32 Joules, 0 fixed counters, 10737418240 ms ovfl timer
[!p]104\[0m[?7h[1G[0J[6n[32766;32766H[6n]3008;start=d7a806ea14c5497a909a5d6c966f6c9c;user=root;hostname=ksmbd-vm;machineid=0ab76daf18ce42b0b036a81eb53bdd79;bootid=edfc20aead314337bd56975467e3ea45;pid=451;pidfdid=452;comm=(agetty);servicename=serial-getty@ttyS0.service;invocationid=8b78d3ad0ef8437ea6419fdee77d905d;type=service\P+q6E616D65\
Arch Linux 6.18.13-arch1-1 (ttyS0)

ksmbd-vm login: root (automatic login)

]3008;start=c56068097e42489c8297f70db8a41601;user=root;hostname=ksmbd-vm;machineid=0ab76daf18ce42b0b036a81eb53bdd79;bootid=edfc20aead314337bd56975467e3ea45;pid=451;pidfdid=452;comm=login;targetuser=root;sessionid=1;type=session\
  ╔══════════════════════════════════════════════╗
  ║         ksmbd Test VM                        ║
  ╠══════════════════════════════════════════════╣
  ║  /root/start-ksmbd.sh   - Start server      ║
  ║  /root/reload-ksmbd.sh  - Reload module      ║
  ║  /root/dev-info.sh      - Debug/analysis info║
  ║  /mnt/ksmbd/            - Shared source      ║
  ║  poweroff                - Shutdown VM        ║
  ╚══════════════════════════════════════════════╝

]3008;start=aae3cd0c-0dee-43b7-a303-1945400b35f0;machineid=0ab76daf18ce42b0b036a81eb53bdd79;user=root;hostname=ksmbd-vm;bootid=edfc20ae-ad31-4337-bd56-975467e3ea45;pid=481;type=shell;cwd=/root\[?2004h[root@ksmbd-vm ~]# [  178.774814] ksmbd: loading out-of-tree module taints kernel.
[  178.780176] ksmbd: module verification failed: signature and/or required key missing - tainting kernel
[  178.789640] ksmbd: Unknown symbol hkdf_extract (err -2)
[  178.798305] ksmbd: Unknown symbol hkdf_expand (err -2)
[  627.382319] ksmbd: Unknown symbol hkdf_extract (err -2)
[  627.383830] ksmbd: Unknown symbol hkdf_expand (err -2)
[ 1123.458136] ksmbd: Configuration subsystem initialized with 12 parameters
[ 1123.484364] ksmbd: kernel provides md4, skipping built-in registration
[ 1123.490101] ksmbd: ksmbd: Fruit SMB extensions loaded
[ 1123.491725] ksmbd: ksmbd: CHANGE_NOTIFY subsystem initialised
[ 1123.494821] ksmbd: ksmbd: hook subsystem initialized (22 hook points)
[ 1123.496220] ksmbd: ksmbd: witness protocol support initialised
[ 1125.723074] ksmbd: connect success: accepted new connection
[ 1125.737943] ksmbd: RFC1002 hdr=00 00 00 e2 len=226 status=0
[ 1125.741077] ksmbd: PDU sig=fe 53 4d 42 pdu=226 req_running=0
[ 1125.745972] ksmbd: got SMB2 command
[ 1125.747855] ksmbd: no length check for command
[ 1125.749456] ksmbd: SMB2 data length 0 offset 0
[ 1125.750423] ksmbd: SMB2 len 100
[ 1125.751241] ksmbd: Unknown command 0 in credit charge validation, defaulting to 1
[ 1125.756307] ksmbd: credit_check: cmd=0 charge=1 calc=1 req_len=1 resp_len=0 total=1 out=0
[ 1125.761976] ksmbd: credit_check: lock_enter cmd=0 charge=1 total=1 out=0
[ 1125.774887] ksmbd: credit_check: lock_exit cmd=0 ret=0 total=1 out=1
[ 1125.779716] ksmbd: client requested dialect 0x311
[ 1125.784208] ksmbd: selected SMB 3.1.1 dialect
[ 1125.787633] ksmbd: conn->dialect 0x311
[ 1125.791889] ksmbd: Received negotiate request
[ 1125.807464] ksmbd: decoding 4 negotiate contexts
[ 1125.817751] ksmbd: deassemble SMB2_PREAUTH_INTEGRITY_CAPABILITIES context
[ 1125.824506] ksmbd: deassemble SMB2_ENCRYPTION_CAPABILITIES context
[ 1125.826199] ksmbd: Cipher ID = 0x4
[ 1125.827065] ksmbd: deassemble SMB2_SIGNING_CAPABILITIES context
[ 1125.828956] ksmbd: Signing Algorithm ID = 0x2
[ 1125.833414] ksmbd: deassemble SMB2_NETNAME_NEGOTIATE_CONTEXT_ID context
[ 1125.835154] ksmbd: NETNAME context name '127.0.0.1' != server name 'KSMBD-VM'
[ 1125.842014] ksmbd: assemble SMB2_PREAUTH_INTEGRITY_CAPABILITIES context
[ 1125.844023] ksmbd: assemble SMB2_ENCRYPTION_CAPABILITIES context
[ 1125.846610] ksmbd: assemble SMB2_SIGNING_CAPABILITIES context
[ 1125.851186] ksmbd: negotiate context offset 224, count 3
[ 1125.854721] ksmbd: credit_rsp: dispatch cmd=0 total=1 out=1 granted_total=0
[ 1125.858880] ksmbd: credit_rsp: lock_enter cmd=0 charge=1 req=31 total=1 out=1 granted_total=0
[ 1125.861512] ksmbd: credit_rsp: lock_exit cmd=0 charge=1 req=31 granted=1 total=1 out=0 granted_total=1
[ 1125.865791] ksmbd: credits: requested[31] granted[1] total_granted[1]
[ 1125.880170] ksmbd: RFC1002 hdr=00 00 00 a2 len=162 status=5
[ 1125.884055] ksmbd: PDU sig=fe 53 4d 42 pdu=162 req_running=0
[ 1125.888357] ksmbd: got SMB2 command
[ 1125.900726] ksmbd: SMB2 data length 74 offset 88
[ 1125.905068] ksmbd: SMB2 len 162
[ 1125.907804] ksmbd: Unknown command 1 in credit charge validation, defaulting to 1
[ 1125.922713] ksmbd: credit_check: cmd=1 charge=1 calc=1 req_len=1 resp_len=0 total=1 out=0
[ 1125.928525] ksmbd: credit_check: lock_enter cmd=1 charge=1 total=1 out=0
[ 1125.935973] ksmbd: credit_check: lock_exit cmd=1 ret=0 total=1 out=1
[ 1125.939371] ksmbd: Received smb2 session setup request
[ 1125.940962] ksmbd: negotiate phase
[ 1125.942007] ksmbd: NTLMSSP SecurityBufferLength 148
[ 1125.943427] ksmbd: credit_rsp: dispatch cmd=1 total=1 out=1 granted_total=0
[ 1125.945503] ksmbd: credit_rsp: lock_enter cmd=1 charge=1 req=31 total=1 out=1 granted_total=0
[ 1125.949819] ksmbd: credit_rsp: lock_exit cmd=1 charge=1 req=31 granted=31 total=31 out=0 granted_total=31
[ 1125.952557] ksmbd: credits: requested[31] granted[31] total_granted[31]
[ 1125.960842] ksmbd: RFC1002 hdr=00 00 01 fa len=506 status=5
[ 1125.962323] ksmbd: PDU sig=fe 53 4d 42 pdu=506 req_running=0
[ 1125.963732] ksmbd: got SMB2 command
[ 1125.964469] ksmbd: SMB2 data length 418 offset 88
[ 1125.965835] ksmbd: SMB2 len 506
[ 1125.966700] ksmbd: Unknown command 1 in credit charge validation, defaulting to 1
[ 1125.975719] ksmbd: credit_check: cmd=1 charge=1 calc=1 req_len=1 resp_len=0 total=31 out=0
[ 1125.980351] ksmbd: credit_check: lock_enter cmd=1 charge=1 total=31 out=0
[ 1125.982113] ksmbd: credit_check: lock_exit cmd=1 ret=0 total=31 out=1
[ 1125.983664] ksmbd: Received smb2 session setup request
[ 1125.984881] ksmbd: authenticate phase
[ 1125.985824] ksmbd: session setup request for user testuser
[ 1125.987495] ksmbd: decode_ntlmssp_authenticate_blob dnameWORKGROUP
[ 1125.988859] ksmbd: generated encryption keys for session 1, cipher type 4
[ 1125.990542] ksmbd: generated signing key for session 1
[ 1125.991799] ksmbd: credit_rsp: dispatch cmd=1 total=31 out=1 granted_total=0
[ 1125.993926] ksmbd: credit_rsp: lock_enter cmd=1 charge=1 req=1 total=31 out=1 granted_total=0
[ 1125.996591] ksmbd: credit_rsp: lock_exit cmd=1 charge=1 req=1 granted=1 total=31 out=0 granted_total=1
[ 1125.998803] ksmbd: credits: requested[1] granted[1] total_granted[31]
[ 1126.000886] ksmbd: RFC1002 hdr=00 00 00 68 len=104 status=1
[ 1126.004784] ksmbd: PDU sig=fe 53 4d 42 pdu=104 req_running=0
[ 1126.006878] ksmbd: skip to check tree connect request
[ 1126.008606] ksmbd: got SMB2 command
[ 1126.009570] ksmbd: SMB2 data length 32 offset 72
[ 1126.011353] ksmbd: SMB2 len 104
[ 1126.012173] ksmbd: Unknown command 3 in credit charge validation, defaulting to 1
[ 1126.017050] ksmbd: credit_check: cmd=3 charge=1 calc=1 req_len=1 resp_len=0 total=31 out=0
[ 1126.018994] ksmbd: credit_check: lock_enter cmd=3 charge=1 total=31 out=0
[ 1126.020536] ksmbd: credit_check: lock_exit cmd=3 ret=0 total=31 out=1
[ 1126.022040] ksmbd: Received smb2 tree connect request
[ 1126.023306] ksmbd: tree connect request for tree test treename \\127.0.0.1\test
[ 1126.025837] ksmbd: MaximalAccess: perm_r=0 perm_w=0 perm_x=0 access=0x001f01ff
[ 1126.027420] ksmbd: credit_rsp: dispatch cmd=3 total=31 out=1 granted_total=0
[ 1126.028903] ksmbd: credit_rsp: lock_enter cmd=3 charge=1 req=1 total=31 out=1 granted_total=0
[ 1126.030979] ksmbd: credit_rsp: lock_exit cmd=3 charge=1 req=1 granted=1 total=31 out=0 granted_total=1
[ 1126.033179] ksmbd: credits: requested[1] granted[1] total_granted[31]
[ 1126.035019] ksmbd: RFC1002 hdr=00 00 00 8a len=138 status=1
[ 1126.041107] ksmbd: PDU sig=fe 53 4d 42 pdu=138 req_running=0
[ 1126.042550] ksmbd: got SMB2 command
[ 1126.043293] ksmbd: SMB2 data length 18 offset 120
[ 1126.044418] ksmbd: SMB2 len 138
[ 1126.045111] ksmbd: Unknown command 5 in credit charge validation, defaulting to 1
[ 1126.046878] ksmbd: credit_check: cmd=5 charge=1 calc=1 req_len=1 resp_len=0 total=31 out=0
[ 1126.048769] ksmbd: credit_check: lock_enter cmd=5 charge=1 total=31 out=0
[ 1126.050319] ksmbd: credit_check: lock_exit cmd=5 ret=0 total=31 out=1
[ 1126.051816] ksmbd: Received smb2 create request
[ 1126.052891] ksmbd: converted name = test9.dat
[ 1126.054217] ksmbd: can not get linux path for test9.dat, rc = -2
[ 1126.055518] ksmbd: Error response: c0000034
[ 1126.056584] ksmbd: Failed to process 5 [-9]
[ 1126.057626] ksmbd: credit_rsp: dispatch cmd=5 total=31 out=1 granted_total=0
[ 1126.059236] ksmbd: credit_rsp: lock_enter cmd=5 charge=1 req=1 total=31 out=1 granted_total=0
[ 1126.061191] ksmbd: credit_rsp: lock_exit cmd=5 charge=1 req=1 granted=1 total=31 out=0 granted_total=1
[ 1126.063301] ksmbd: credits: requested[1] granted[1] total_granted[31]
[ 1126.065215] ksmbd: RFC1002 hdr=00 00 00 8a len=138 status=1
[ 1126.066476] ksmbd: PDU sig=fe 53 4d 42 pdu=138 req_running=0
[ 1126.068047] ksmbd: got SMB2 command
[ 1126.068917] ksmbd: SMB2 data length 18 offset 120
[ 1126.070087] ksmbd: SMB2 len 138
[ 1126.070894] ksmbd: Unknown command 5 in credit charge validation, defaulting to 1
[ 1126.072638] ksmbd: credit_check: cmd=5 charge=1 calc=1 req_len=1 resp_len=0 total=31 out=0
[ 1126.074542] ksmbd: credit_check: lock_enter cmd=5 charge=1 total=31 out=0
[ 1126.076163] ksmbd: credit_check: lock_exit cmd=5 ret=0 total=31 out=1
[ 1126.077663] ksmbd: Received smb2 create request
[ 1126.078875] ksmbd: converted name = test9.dat
[ 1126.080039] ksmbd: can not get linux path for test9.dat, rc = -2
[ 1126.081495] ksmbd: file does not exist, so creating
[ 1126.082745] ksmbd: creating regular file
[ 1126.085466] ksmbd: inherit posix acl failed : -2
[ 1126.086829] ksmbd: Set posix acls
[ 1126.087794] ksmbd: credit_rsp: dispatch cmd=5 total=31 out=1 granted_total=0
[ 1126.092705] ksmbd: credit_rsp: lock_enter cmd=5 charge=1 req=1 total=31 out=1 granted_total=0
[ 1126.096474] ksmbd: credit_rsp: lock_exit cmd=5 charge=1 req=1 granted=1 total=31 out=0 granted_total=1
[ 1126.111764] ksmbd: credits: requested[1] granted[1] total_granted[31]
[ 1126.117084] ksmbd: RFC1002 hdr=00 00 00 8a len=138 status=1
[ 1126.121234] ksmbd: PDU sig=fe 53 4d 42 pdu=138 req_running=0
[ 1126.124098] ksmbd: got SMB2 command
[ 1126.129046] ksmbd: SMB2 data length 18 offset 120
[ 1126.131491] ksmbd: SMB2 len 138
[ 1126.133235] ksmbd: Unknown command 5 in credit charge validation, defaulting to 1
[ 1126.140088] ksmbd: credit_check: cmd=5 charge=1 calc=1 req_len=1 resp_len=0 total=31 out=0
[ 1126.141784] ksmbd: credit_check: lock_enter cmd=5 charge=1 total=31 out=0
[ 1126.148220] ksmbd: credit_check: lock_exit cmd=5 ret=0 total=31 out=1
[ 1126.150615] ksmbd: Received smb2 create request
[ 1126.158323] ksmbd: converted name = test9.dat
[ 1126.162246] ksmbd: check permission using windows acl
[ 1126.165159] ksmbd: credit_rsp: dispatch cmd=5 total=31 out=1 granted_total=0
[ 1126.174236] ksmbd: credit_rsp: lock_enter cmd=5 charge=1 req=1 total=31 out=1 granted_total=0
[ 1126.175982] ksmbd: credit_rsp: lock_exit cmd=5 charge=1 req=1 granted=1 total=31 out=0 granted_total=1
[ 1126.185807] ksmbd: credits: requested[1] granted[1] total_granted[31]
[ 1126.218719] ksmbd: RFC1002 hdr=00 01 00 70 len=65648 status=1
[ 1126.221434] ksmbd: PDU sig=fe 53 4d 42 pdu=65648 req_running=0
[ 1126.228248] ksmbd: got SMB2 command
[ 1126.229063] ksmbd: SMB2 data length 65536 offset 112
[ 1126.230857] ksmbd: SMB2 len 65648
[ 1126.240709] ksmbd: credit_check: cmd=9 charge=1 calc=1 req_len=65536 resp_len=0 total=31 out=0
[ 1126.244802] ksmbd: credit_check: lock_enter cmd=9 charge=1 total=31 out=0
[ 1126.247361] ksmbd: credit_check: lock_exit cmd=9 ret=0 total=31 out=1
[ 1126.252073] ksmbd: Received smb2 write request
[ 1126.254120] ksmbd: flags 0
[ 1126.256088] ksmbd: filename test9.dat, offset 0, len 65536
[ 1126.257606] ksmbd: unexpected oplock(0x0)
[ 1126.260508] ksmbd: unexpected oplock(0x0)
[ 1126.262456] ksmbd: credit_rsp: dispatch cmd=9 total=31 out=1 granted_total=0
[ 1126.265264] ksmbd: credit_rsp: lock_enter cmd=9 charge=1 req=1 total=31 out=1 granted_total=0
[ 1126.268607] ksmbd: credit_rsp: lock_exit cmd=9 charge=1 req=1 granted=1 total=31 out=0 granted_total=1
[ 1126.273373] ksmbd: credits: requested[1] granted[1] total_granted[31]
[ 1126.283099] ksmbd: RFC1002 hdr=00 00 00 69 len=105 status=1
[ 1126.286095] ksmbd: PDU sig=fe 53 4d 42 pdu=105 req_running=0
[ 1126.288493] ksmbd: got SMB2 command
[ 1126.293707] ksmbd: SMB2 data length 0 offset 104
[ 1126.295553] ksmbd: SMB2 len 105
[ 1126.299089] ksmbd: credit_check: cmd=16 charge=1 calc=1 req_len=65536 resp_len=0 total=31 out=0
[ 1126.305955] ksmbd: credit_check: lock_enter cmd=16 charge=1 total=31 out=0
[ 1126.309852] ksmbd: credit_check: lock_exit cmd=16 ret=0 total=31 out=1
[ 1126.312424] ksmbd: Received request smb2 query info request
[ 1126.315363] ksmbd: GOT SMB2_O_INFO_FILE
[ 1126.320969] ksmbd: filename = \test9.dat
[ 1126.325518] ksmbd: credit_rsp: dispatch cmd=16 total=31 out=1 granted_total=0
[ 1126.326983] ksmbd: credit_rsp: lock_enter cmd=16 charge=1 req=1 total=31 out=1 granted_total=0
[ 1126.335133] ksmbd: credit_rsp: lock_exit cmd=16 charge=1 req=1 granted=1 total=31 out=0 granted_total=1
[ 1126.338041] ksmbd: credits: requested[1] granted[1] total_granted[31]
[ 1126.345082] ksmbd: RFC1002 hdr=00 00 00 69 len=105 status=1
[ 1126.347313] ksmbd: PDU sig=fe 53 4d 42 pdu=105 req_running=0
[ 1126.357736] ksmbd: got SMB2 command
[ 1126.362325] ksmbd: SMB2 data length 0 offset 104
[ 1126.364510] ksmbd: SMB2 len 105
[ 1126.365583] ksmbd: credit_check: cmd=16 charge=1 calc=1 req_len=65536 resp_len=0 total=31 out=0
[ 1126.370058] ksmbd: credit_check: lock_enter cmd=16 charge=1 total=31 out=0
[ 1126.376761] ksmbd: credit_check: lock_exit cmd=16 ret=0 total=31 out=1
[ 1126.389038] ksmbd: Received request smb2 query info request
[ 1126.393378] ksmbd: GOT SMB2_O_INFO_FILE
[ 1126.394361] ksmbd: credit_rsp: dispatch cmd=16 total=31 out=1 granted_total=0
[ 1126.400923] ksmbd: credit_rsp: lock_enter cmd=16 charge=1 req=1 total=31 out=1 granted_total=0
[ 1126.403819] ksmbd: credit_rsp: lock_exit cmd=16 charge=1 req=1 granted=1 total=31 out=0 granted_total=1
[ 1126.408465] ksmbd: credits: requested[1] granted[1] total_granted[31]
[ 1126.414847] ksmbd: RFC1002 hdr=00 00 00 69 len=105 status=1
[ 1126.416154] ksmbd: PDU sig=fe 53 4d 42 pdu=105 req_running=0
[ 1126.419812] ksmbd: got SMB2 command
[ 1126.421952] ksmbd: SMB2 data length 0 offset 104
[ 1126.423289] ksmbd: SMB2 len 105
[ 1126.426594] ksmbd: credit_check: cmd=16 charge=1 calc=1 req_len=65536 resp_len=0 total=31 out=0
[ 1126.429856] ksmbd: credit_check: lock_enter cmd=16 charge=1 total=31 out=0
[ 1126.441711] ksmbd: credit_check: lock_exit cmd=16 ret=0 total=31 out=1
[ 1126.448464] ksmbd: Received request smb2 query info request
[ 1126.451830] ksmbd: GOT SMB2_O_INFO_FILE
[ 1126.474793] ksmbd: system.posix_acl_access, len 23
[ 1126.475945] ksmbd: user.DOSATTRIB, len 14
[ 1126.477846] ksmbd: credit_rsp: dispatch cmd=16 total=31 out=1 granted_total=0
[ 1126.488769] ksmbd: credit_rsp: lock_enter cmd=16 charge=1 req=1 total=31 out=1 granted_total=0
[ 1126.490522] ksmbd: credit_rsp: lock_exit cmd=16 charge=1 req=1 granted=1 total=31 out=0 granted_total=1
[ 1126.502805] ksmbd: credits: requested[1] granted[1] total_granted[31]
[ 1126.507764] ksmbd: RFC1002 hdr=00 00 00 69 len=105 status=1
[ 1126.518676] ksmbd: PDU sig=fe 53 4d 42 pdu=105 req_running=0
[ 1126.523713] ksmbd: got SMB2 command
[ 1126.533893] ksmbd: SMB2 data length 0 offset 104
[ 1126.536364] ksmbd: SMB2 len 105
[ 1126.548967] ksmbd: credit_check: cmd=16 charge=1 calc=1 req_len=65536 resp_len=0 total=31 out=0
[ 1126.554682] ksmbd: credit_check: lock_enter cmd=16 charge=1 total=31 out=0
[ 1126.556763] ksmbd: credit_check: lock_exit cmd=16 ret=0 total=31 out=1
[ 1126.559041] ksmbd: Received request smb2 query info request
[ 1126.569406] ksmbd: GOT SMB2_O_INFO_FILE
[ 1126.573564] ksmbd: system.posix_acl_access, len 23
[ 1126.580437] ksmbd: user.DOSATTRIB, len 14
[ 1126.584590] ksmbd: credit_rsp: dispatch cmd=16 total=31 out=1 granted_total=0
[ 1126.589636] ksmbd: credit_rsp: lock_enter cmd=16 charge=1 req=1 total=31 out=1 granted_total=0
[ 1126.598481] ksmbd: credit_rsp: lock_exit cmd=16 charge=1 req=1 granted=1 total=31 out=0 granted_total=1
[ 1126.603399] ksmbd: credits: requested[1] granted[1] total_granted[31]
[ 1126.608044] ksmbd: RFC1002 hdr=00 01 00 70 len=65648 status=1
[ 1126.610072] ksmbd: PDU sig=fe 53 4d 42 pdu=65648 req_running=0
[ 1126.611923] ksmbd: got SMB2 command
[ 1126.613796] ksmbd: SMB2 data length 65536 offset 112
[ 1126.615517] ksmbd: SMB2 len 65648
[ 1126.619906] ksmbd: credit_check: cmd=9 charge=1 calc=1 req_len=65536 resp_len=0 total=31 out=0
[ 1126.622843] ksmbd: credit_check: lock_enter cmd=9 charge=1 total=31 out=0
[ 1126.627189] ksmbd: credit_check: lock_exit cmd=9 ret=0 total=31 out=1
[ 1126.635582] ksmbd: Received smb2 write request
[ 1126.638131] ksmbd: flags 0
[ 1126.638877] ksmbd: filename test9.dat, offset 0, len 65536
[ 1126.642398] ksmbd: unexpected oplock(0x0)
[ 1126.644764] ksmbd: unexpected oplock(0x0)
[ 1126.652441] ksmbd: credit_rsp: dispatch cmd=9 total=31 out=1 granted_total=0
[ 1126.656916] ksmbd: credit_rsp: lock_enter cmd=9 charge=1 req=1 total=31 out=1 granted_total=0
[ 1126.661103] ksmbd: credit_rsp: lock_exit cmd=9 charge=1 req=1 granted=1 total=31 out=0 granted_total=1
[ 1126.664505] ksmbd: credits: requested[1] granted[1] total_granted[31]
[ 1126.670625] ksmbd: RFC1002 hdr=00 00 00 69 len=105 status=1
[ 1126.673024] ksmbd: PDU sig=fe 53 4d 42 pdu=105 req_running=0
[ 1126.680818] ksmbd: got SMB2 command
[ 1126.682116] ksmbd: SMB2 data length 0 offset 104
[ 1126.685315] ksmbd: SMB2 len 105
[ 1126.690596] ksmbd: credit_check: cmd=16 charge=1 calc=1 req_len=65536 resp_len=0 total=31 out=0
[ 1126.693374] ksmbd: credit_check: lock_enter cmd=16 charge=1 total=31 out=0
[ 1126.695158] ksmbd: credit_check: lock_exit cmd=16 ret=0 total=31 out=1
[ 1126.697959] ksmbd: Received request smb2 query info request
[ 1126.703132] ksmbd: GOT SMB2_O_INFO_FILE
[ 1126.704770] ksmbd: filename = \test9.dat
[ 1126.706603] ksmbd: credit_rsp: dispatch cmd=16 total=31 out=1 granted_total=0
[ 1126.709135] ksmbd: credit_rsp: lock_enter cmd=16 charge=1 req=1 total=31 out=1 granted_total=0
[ 1126.713440] ksmbd: credit_rsp: lock_exit cmd=16 charge=1 req=1 granted=1 total=31 out=0 granted_total=1
[ 1126.718144] ksmbd: credits: requested[1] granted[1] total_granted[31]
[ 1126.724737] ksmbd: RFC1002 hdr=00 00 00 69 len=105 status=1
[ 1126.727066] ksmbd: PDU sig=fe 53 4d 42 pdu=105 req_running=0
[ 1126.728401] ksmbd: got SMB2 command
[ 1126.730158] ksmbd: SMB2 data length 0 offset 104
[ 1126.732222] ksmbd: SMB2 len 105
[ 1126.733241] ksmbd: credit_check: cmd=16 charge=1 calc=1 req_len=65536 resp_len=0 total=31 out=0
[ 1126.737457] ksmbd: credit_check: lock_enter cmd=16 charge=1 total=31 out=0
[ 1126.742428] ksmbd: credit_check: lock_exit cmd=16 ret=0 total=31 out=1
[ 1126.745021] ksmbd: Received request smb2 query info request
[ 1126.749658] ksmbd: GOT SMB2_O_INFO_FILE
[ 1126.751226] ksmbd: credit_rsp: dispatch cmd=16 total=31 out=1 granted_total=0
[ 1126.757632] ksmbd: credit_rsp: lock_enter cmd=16 charge=1 req=1 total=31 out=1 granted_total=0
[ 1126.761616] ksmbd: credit_rsp: lock_exit cmd=16 charge=1 req=1 granted=1 total=31 out=0 granted_total=1
[ 1126.766982] ksmbd: credits: requested[1] granted[1] total_granted[31]
[ 1126.773807] ksmbd: RFC1002 hdr=00 00 00 69 len=105 status=1
[ 1126.779495] ksmbd: PDU sig=fe 53 4d 42 pdu=105 req_running=0
[ 1126.781367] ksmbd: got SMB2 command
[ 1126.782265] ksmbd: SMB2 data length 0 offset 104
[ 1126.788074] ksmbd: SMB2 len 105
[ 1126.792150] ksmbd: credit_check: cmd=16 charge=1 calc=1 req_len=65536 resp_len=0 total=31 out=0
[ 1126.794727] ksmbd: credit_check: lock_enter cmd=16 charge=1 total=31 out=0
[ 1126.801623] ksmbd: credit_check: lock_exit cmd=16 ret=0 total=31 out=1
[ 1126.806741] ksmbd: Received request smb2 query info request
[ 1126.810484] ksmbd: GOT SMB2_O_INFO_FILE
[ 1126.811864] ksmbd: system.posix_acl_access, len 23
[ 1126.814151] ksmbd: user.DOSATTRIB, len 14
[ 1126.815145] ksmbd: credit_rsp: dispatch cmd=16 total=31 out=1 granted_total=0
[ 1126.817501] ksmbd: credit_rsp: lock_enter cmd=16 charge=1 req=1 total=31 out=1 granted_total=0
[ 1126.823751] ksmbd: credit_rsp: lock_exit cmd=16 charge=1 req=1 granted=1 total=31 out=0 granted_total=1
[ 1126.828762] ksmbd: credits: requested[1] granted[1] total_granted[31]
[ 1126.837182] ksmbd: RFC1002 hdr=00 00 00 69 len=105 status=1
[ 1126.844435] ksmbd: PDU sig=fe 53 4d 42 pdu=105 req_running=0
[ 1126.847736] ksmbd: got SMB2 command
[ 1126.849364] ksmbd: SMB2 data length 0 offset 104
[ 1126.853584] ksmbd: SMB2 len 105
[ 1126.854341] ksmbd: credit_check: cmd=16 charge=1 calc=1 req_len=65536 resp_len=0 total=31 out=0
[ 1126.860067] ksmbd: credit_check: lock_enter cmd=16 charge=1 total=31 out=0
[ 1126.866590] ksmbd: credit_check: lock_exit cmd=16 ret=0 total=31 out=1
[ 1126.869191] ksmbd: Received request smb2 query info request
[ 1126.871954] ksmbd: GOT SMB2_O_INFO_FILE
[ 1126.877158] ksmbd: system.posix_acl_access, len 23
[ 1126.879246] ksmbd: user.DOSATTRIB, len 14
[ 1126.886080] ksmbd: credit_rsp: dispatch cmd=16 total=31 out=1 granted_total=0
[ 1126.892631] ksmbd: credit_rsp: lock_enter cmd=16 charge=1 req=1 total=31 out=1 granted_total=0
[ 1126.897353] ksmbd: credit_rsp: lock_exit cmd=16 charge=1 req=1 granted=1 total=31 out=0 granted_total=1
[ 1126.903132] ksmbd: credits: requested[1] granted[1] total_granted[31]
[ 1126.912816] ksmbd: RFC1002 hdr=00 00 00 58 len=88 status=1
[ 1126.914453] ksmbd: PDU sig=fe 53 4d 42 pdu=88 req_running=0
[ 1126.916760] ksmbd: got SMB2 command
[ 1126.917832] ksmbd: SMB2 len 88
[ 1126.923188] ksmbd: Unknown command 7 in credit charge validation, defaulting to 1
[ 1126.925810] ksmbd: credit_check: cmd=7 charge=1 calc=1 req_len=1 resp_len=0 total=31 out=0
[ 1126.929645] ksmbd: credit_check: lock_enter cmd=7 charge=1 total=31 out=0
[ 1126.937839] ksmbd: credit_check: lock_exit cmd=7 ret=0 total=31 out=1
[ 1126.940405] ksmbd: Received smb2 flush request(fid : 0)
[ 1126.981325] ksmbd: credit_rsp: dispatch cmd=7 total=31 out=1 granted_total=0
[ 1126.982838] ksmbd: credit_rsp: lock_enter cmd=7 charge=1 req=1 total=31 out=1 granted_total=0
[ 1126.985470] ksmbd: credit_rsp: lock_exit cmd=7 charge=1 req=1 granted=1 total=31 out=0 granted_total=1
[ 1126.993232] ksmbd: credits: requested[1] granted[1] total_granted[31]
[ 1127.001793] ksmbd: RFC1002 hdr=00 00 00 71 len=113 status=1
[ 1127.004938] ksmbd: PDU sig=fe 53 4d 42 pdu=113 req_running=0
[ 1127.006621] ksmbd: got SMB2 command
[ 1127.007355] ksmbd: SMB2 data length 0 offset 112
[ 1127.008360] ksmbd: SMB2 len 113
[ 1127.013419] ksmbd: credit_check: cmd=8 charge=1 calc=1 req_len=65536 resp_len=0 total=31 out=0
[ 1127.025771] ksmbd: credit_check: lock_enter cmd=8 charge=1 total=31 out=0
[ 1127.027177] ksmbd: credit_check: lock_exit cmd=8 ret=0 total=31 out=1
[ 1127.028484] ksmbd: Received smb2 read request
[ 1127.036467] ksmbd: filename test9.dat, offset 0, len 65536
[ 1127.040040] ksmbd: zero-copy nbytes 65536, offset 0
[ 1127.042122] ksmbd: credit_rsp: dispatch cmd=8 total=31 out=1 granted_total=0
[ 1127.047164] ksmbd: credit_rsp: lock_enter cmd=8 charge=1 req=1 total=31 out=1 granted_total=0
[ 1127.053459] ksmbd: credit_rsp: lock_exit cmd=8 charge=1 req=1 granted=1 total=31 out=0 granted_total=1
[ 1127.061760] ksmbd: credits: requested[1] granted[1] total_granted[31]
[ 1127.068138] ksmbd: RFC1002 hdr=00 00 00 58 len=88 status=1
[ 1127.069519] ksmbd: PDU sig=fe 53 4d 42 pdu=88 req_running=0
[ 1127.070872] ksmbd: got SMB2 command
[ 1127.072348] ksmbd: SMB2 len 88
[ 1127.073299] ksmbd: Unknown command 6 in credit charge validation, defaulting to 1
[ 1127.075251] ksmbd: credit_check: cmd=6 charge=1 calc=1 req_len=1 resp_len=0 total=31 out=0
[ 1127.077165] ksmbd: credit_check: lock_enter cmd=6 charge=1 total=31 out=0
[ 1127.078776] ksmbd: credit_check: lock_exit cmd=6 ret=0 total=31 out=1
[ 1127.080682] ksmbd: Received smb2 close request
[ 1127.081839] ksmbd: volatile_id = 0
[ 1127.082776] ksmbd: credit_rsp: dispatch cmd=6 total=31 out=1 granted_total=0
[ 1127.084575] ksmbd: credit_rsp: lock_enter cmd=6 charge=1 req=1 total=31 out=1 granted_total=0
[ 1127.086895] ksmbd: credit_rsp: lock_exit cmd=6 charge=1 req=1 granted=1 total=31 out=0 granted_total=1
[ 1127.089138] ksmbd: credits: requested[1] granted[1] total_granted[31]
[ 1127.091227] ksmbd: RFC1002 hdr=00 00 00 58 len=88 status=1
[ 1127.097640] ksmbd: PDU sig=fe 53 4d 42 pdu=88 req_running=1
[ 1127.103899] ksmbd: got SMB2 command
[ 1127.108839] ksmbd: SMB2 len 88
[ 1127.110694] ksmbd: Unknown command 6 in credit charge validation, defaulting to 1
[ 1127.112484] ksmbd: credit_check: cmd=6 charge=1 calc=1 req_len=1 resp_len=0 total=31 out=0
[ 1127.114697] ksmbd: credit_check: lock_enter cmd=6 charge=1 total=31 out=0
[ 1127.116343] ksmbd: credit_check: lock_exit cmd=6 ret=0 total=31 out=1
[ 1127.117844] ksmbd: Received smb2 close request
[ 1127.119236] ksmbd: volatile_id = 1
[ 1127.120262] ksmbd: credit_rsp: dispatch cmd=6 total=31 out=1 granted_total=0
[ 1127.121929] ksmbd: credit_rsp: lock_enter cmd=6 charge=1 req=1 total=31 out=1 granted_total=0
[ 1127.124144] ksmbd: credit_rsp: lock_exit cmd=6 charge=1 req=1 granted=1 total=31 out=0 granted_total=1
[ 1127.126583] ksmbd: credits: requested[1] granted[1] total_granted[31]
[ 1127.128559] ksmbd: RFC1002 hdr=00 00 00 58 len=88 status=1
[ 1127.129848] ksmbd: PDU sig=fe 53 4d 42 pdu=88 req_running=1
[ 1127.131308] ksmbd: got SMB2 command
[ 1127.132344] ksmbd: SMB2 len 88
[ 1127.133219] ksmbd: Unknown command 6 in credit charge validation, defaulting to 1
[ 1127.139043] ksmbd: credit_check: cmd=6 charge=1 calc=1 req_len=1 resp_len=0 total=31 out=0
[ 1127.143352] ksmbd: credit_check: lock_enter cmd=6 charge=1 total=31 out=0
[ 1127.145608] ksmbd: credit_check: lock_exit cmd=6 ret=0 total=31 out=1
[ 1127.147259] ksmbd: Received smb2 close request
[ 1127.148463] ksmbd: volatile_id = 0
[ 1127.149273] ksmbd: Failed to process 6 [-22]
[ 1127.150425] ksmbd: credit_rsp: dispatch cmd=6 total=31 out=1 granted_total=0
[ 1127.152241] ksmbd: credit_rsp: lock_enter cmd=6 charge=1 req=1 total=31 out=1 granted_total=0
[ 1127.156776] ksmbd: credit_rsp: lock_exit cmd=6 charge=1 req=1 granted=1 total=31 out=0 granted_total=1
[ 1127.161866] ksmbd: credits: requested[1] granted[1] total_granted[31]
[ 1127.164052] ksmbd: RFC1002 hdr=00 00 00 44 len=68 status=1
[ 1127.165535] ksmbd: PDU sig=fe 53 4d 42 pdu=68 req_running=1
[ 1127.167786] ksmbd: got SMB2 command
[ 1127.168745] ksmbd: SMB2 len 68
[ 1127.169646] ksmbd: Unknown command 4 in credit charge validation, defaulting to 1
[ 1127.171426] ksmbd: credit_check: cmd=4 charge=1 calc=1 req_len=1 resp_len=0 total=31 out=0
[ 1127.174036] ksmbd: credit_check: lock_enter cmd=4 charge=1 total=31 out=0
[ 1127.175788] ksmbd: credit_check: lock_exit cmd=4 ret=0 total=31 out=1
[ 1127.177537] ksmbd: Received smb2 tree disconnect request
[ 1127.179110] ksmbd: credit_rsp: dispatch cmd=4 total=31 out=1 granted_total=0
[ 1127.180875] ksmbd: credit_rsp: lock_enter cmd=4 charge=1 req=1 total=31 out=1 granted_total=0
[ 1127.184819] ksmbd: credit_rsp: lock_exit cmd=4 charge=1 req=1 granted=1 total=31 out=0 granted_total=1
[ 1127.190132] ksmbd: credits: requested[1] granted[1] total_granted[31]
[ 1127.193438] ksmbd: RFC1002 hdr=00 00 00 44 len=68 status=1
[ 1127.196421] ksmbd: PDU sig=fe 53 4d 42 pdu=68 req_running=1
[ 1127.199164] ksmbd: NO tree connected
[ 1127.209902] ksmbd: RFC1002 hdr=00 00 00 44 len=68 status=1
[ 1127.211420] ksmbd: PDU sig=fe 53 4d 42 pdu=68 req_running=0
[ 1127.219166] ksmbd: skip to check tree connect request
[ 1127.220854] ksmbd: got SMB2 command
[ 1127.222091] ksmbd: SMB2 len 68
[ 1127.223906] ksmbd: Unknown command 2 in credit charge validation, defaulting to 1
[ 1127.226576] ksmbd: credit_check: cmd=2 charge=1 calc=1 req_len=1 resp_len=0 total=31 out=0
[ 1127.228491] ksmbd: credit_check: lock_enter cmd=2 charge=1 total=31 out=0
[ 1127.230803] ksmbd: credit_check: lock_exit cmd=2 ret=0 total=31 out=1
[ 1127.235908] ksmbd: Received smb2 session logoff request
[ 1127.241488] ksmbd: credit_rsp: dispatch cmd=2 total=31 out=1 granted_total=0
[ 1127.243711] ksmbd: credit_rsp: lock_enter cmd=2 charge=1 req=2 total=31 out=1 granted_total=0
[ 1127.245826] ksmbd: credit_rsp: lock_exit cmd=2 charge=1 req=2 granted=2 total=32 out=0 granted_total=2
[ 1127.251738] ksmbd: credits: requested[2] granted[2] total_granted[32]
[ 1127.255662] ksmbd: RFC1002 hdr=00 00 00 44 len=68 status=5
[ 1127.259234] ksmbd: PDU sig=fe 53 4d 42 pdu=68 req_running=1
[ 1127.264608] ksmbd: RFC1002 hdr=00 00 00 44 len=68 status=5
[ 1127.269480] ksmbd: PDU sig=fe 53 4d 42 pdu=68 req_running=0
[ 1127.277867] ksmbd: got SMB2 command
[ 1127.278644] ksmbd: SMB2 len 68
[ 1127.279293] ksmbd: Unknown command 13 in credit charge validation, defaulting to 1
[ 1127.280852] ksmbd: credit_check: cmd=13 charge=1 calc=1 req_len=1 resp_len=0 total=32 out=0
[ 1127.286082] ksmbd: credit_check: lock_enter cmd=13 charge=1 total=32 out=0
[ 1127.289741] ksmbd: credit_check: lock_exit cmd=13 ret=0 total=32 out=1
[ 1127.292296] ksmbd: Received smb2 echo request
[ 1127.295139] ksmbd: credit_rsp: dispatch cmd=13 total=32 out=1 granted_total=0
[ 1127.297018] ksmbd: credit_rsp: lock_enter cmd=13 charge=1 req=2 total=32 out=1 granted_total=0
[ 1127.298938] ksmbd: credit_rsp: lock_exit cmd=13 charge=1 req=2 granted=2 total=33 out=0 granted_total=2
[ 1127.301221] ksmbd: credits: requested[2] granted[2] total_granted[33]
[ 1127.305685] ksmbd: Wait for all pending requests(0)
[30773.504638] ksmbd: netdev-down event: netdev(lo) is going down
[30773.505960] ksmbd: releasing socket
[30773.507098] ksmbd: netdev-down event: netdev(ens4) is going down
[30773.510408] ksmbd: releasing socket
[30775.528836] ksmbd: ksmbd: witness protocol support removed
[30775.724455] ksmbd: VSS backend 'generic' unregistered
[30775.725562] ksmbd: VSS backend 'zfs' unregistered
[30775.726515] ksmbd: VSS backend 'btrfs' unregistered
[30775.993510] ksmbd: ksmbd: Fruit SMB extensions unloaded
[30777.071563] ksmbd: Configuration subsystem initialized with 12 parameters
[30777.072850] ksmbd: kernel provides md4, skipping built-in registration
[30777.075805] ksmbd: ksmbd: Fruit SMB extensions loaded
[30777.077152] ksmbd: ksmbd: CHANGE_NOTIFY subsystem initialised
[30777.078559] ksmbd: ksmbd: hook subsystem initialized (22 hook points)
[30777.080105] ksmbd: ksmbd: witness protocol support initialised
[30977.414901] ksmbd: ksmbd: witness protocol support removed
[30977.962529] ksmbd: ksmbd: Fruit SMB extensions unloaded
[30979.066830] ksmbd: Configuration subsystem initialized with 12 parameters
[30979.068726] ksmbd: kernel provides md4, skipping built-in registration
[30979.073117] ksmbd: ksmbd: Fruit SMB extensions loaded
[30979.075034] ksmbd: ksmbd: CHANGE_NOTIFY subsystem initialised
[30979.080036] ksmbd: ksmbd: hook subsystem initialized (22 hook points)
[30979.082883] ksmbd: ksmbd: witness protocol support initialised
[31164.062187] ksmbd: ksmbd: witness protocol support removed
[31164.706444] ksmbd: ksmbd: Fruit SMB extensions unloaded
[31165.978679] ksmbd: Configuration subsystem initialized with 12 parameters
[31165.980439] ksmbd: kernel provides md4, skipping built-in registration
[31165.984139] ksmbd: ksmbd: Fruit SMB extensions loaded
[31165.985985] ksmbd: ksmbd: CHANGE_NOTIFY subsystem initialised
[31165.987507] ksmbd: ksmbd: hook subsystem initialized (22 hook points)
[31165.989411] ksmbd: ksmbd: witness protocol support initialised
[31349.950236] ksmbd: ksmbd: witness protocol support removed
[31350.426486] ksmbd: ksmbd: Fruit SMB extensions unloaded
[31351.548309] ksmbd: Configuration subsystem initialized with 12 parameters
[31351.551075] ksmbd: kernel provides md4, skipping built-in registration
[31351.555016] ksmbd: ksmbd: Fruit SMB extensions loaded
[31351.556804] ksmbd: ksmbd: CHANGE_NOTIFY subsystem initialised
[31351.559887] ksmbd: ksmbd: hook subsystem initialized (22 hook points)
[31351.564405] ksmbd: ksmbd: witness protocol support initialised
[43058.063625] BUG: kernel NULL pointer dereference, address: 0000000000000014
[43058.066179] #PF: supervisor read access in kernel mode
[43058.067437] #PF: error_code(0x0000) - not-present page
[43058.068540] PGD 0 P4D 0 
[43058.069152] Oops: Oops: 0000 [#1] SMP PTI
[43058.070202] CPU: 0 UID: 0 PID: 1241 Comm: kworker/0:1 Tainted: G           OE       6.18.13-arch1-1 #1 PREEMPT(full)  37d84e5c59d38b1e3c61214631c6e0356ae9b977
[43058.073875] Tainted: [O]=OOT_MODULE, [E]=UNSIGNED_MODULE
[43058.078442] Hardware name: QEMU Standard PC (i440FX + PIIX, 1996), BIOS Arch Linux 1.17.0-2-2 04/01/2014
[43058.080790] Workqueue: ksmbd-io handle_ksmbd_work [ksmbd]
[43058.083289] RIP: 0010:idr_alloc_cyclic+0x1a/0xc0
[43058.084817] Code: 90 90 90 90 90 90 90 90 90 90 90 90 90 90 90 90 f3 0f 1e fa 41 55 41 54 49 89 fc 55 48 89 f5 53 8d 59 ff 48 63 db 48 83 ec 18 <8b> 47 14 85 c9 65 4c 8b 2d f1 18 da 01 4c 89 6c 24 10 41 89 d5 ba
[43058.089344] RSP: 0018:ffffd161c0fabae8 EFLAGS: 00010296
[43058.090674] RAX: ffff8f1b82a15c00 RBX: 000000007ffffffd RCX: 000000007ffffffe
[43058.092895] RDX: 0000000000000000 RSI: ffff8f1b85617b00 RDI: 0000000000000000
[43058.094541] RBP: ffff8f1b85617b00 R08: 0000000000002800 R09: ffff8f1b839d81c0
[43058.096838] R10: ffff8f1b87e4ddd0 R11: ffff8f1b8256a100 R12: 0000000000000000
[43058.101509] R13: 0000000000000001 R14: ffffd161c0fabc90 R15: ffff8f1b8256a0c0
[43058.103302] FS:  0000000000000000(0000) GS:ffff8f1c76eee000(0000) knlGS:0000000000000000
[43058.105203] CS:  0010 DS: 0000 ES: 0000 CR0: 0000000080050033
[43058.106653] CR2: 0000000000000014 CR3: 0000000003efe003 CR4: 0000000000372ef0
[43058.108968] Call Trace:
[43058.109962]  <TASK>
[43058.110532]  ? __open_id.part.0+0x71/0xb0 [ksmbd 3b52d3c34432af0ebe8ebbc30a6a31bedab87555]
[43058.112713]  __open_id.part.0+0x55/0xb0 [ksmbd 3b52d3c34432af0ebe8ebbc30a6a31bedab87555]
[43058.115416]  ksmbd_open_durable_fd+0x21/0x30 [ksmbd 3b52d3c34432af0ebe8ebbc30a6a31bedab87555]
[43058.118208]  smb2_open+0xa2d/0x4130 [ksmbd 3b52d3c34432af0ebe8ebbc30a6a31bedab87555]
[43058.120639]  ? _raw_spin_unlock_bh+0xe/0x20
[43058.121835]  ? tcp_sendmsg+0x39/0x50
[43058.122805]  ? sock_sendmsg+0xc8/0x130
[43058.123877]  ? xas_load+0xd/0xd0
[43058.124720]  ? xa_load+0x76/0xb0
[43058.125581]  ? _raw_spin_unlock+0xe/0x30
[43058.126516]  ? ksmbd_smb2_check_message+0x747/0x7d0 [ksmbd 3b52d3c34432af0ebe8ebbc30a6a31bedab87555]
[43058.128783]  ? ksmbd_tree_conn_lookup+0x47/0x80 [ksmbd 3b52d3c34432af0ebe8ebbc30a6a31bedab87555]
[43058.131064]  handle_ksmbd_work+0x3fc/0x860 [ksmbd 3b52d3c34432af0ebe8ebbc30a6a31bedab87555]
[43058.134048]  ? __wake_up+0x44/0x60
[43058.135073]  process_one_work+0x193/0x350
[43058.137071]  worker_thread+0x2d7/0x410
[43058.137939]  ? __pfx_worker_thread+0x10/0x10
[43058.139004]  kthread+0xfc/0x240
[43058.139799]  ? __pfx_kthread+0x10/0x10
[43058.141467]  ? __pfx_kthread+0x10/0x10
[43058.143192]  ret_from_fork+0x1c2/0x1f0
[43058.147685]  ? __pfx_kthread+0x10/0x10
[43058.148680]  ret_from_fork_asm+0x1a/0x30
[43058.149887]  </TASK>
[43058.150632] Modules linked in: ksmbd(OE) nls_utf8 md4 lz4_compress libdes intel_rapl_msr intel_rapl_common intel_uncore_frequency_common intel_pmc_core pmt_telemetry pmt_discovery pmt_class intel_pmc_ssram_telemetry intel_vsec kvm_intel kvm irqbypass polyval_clmulni joydev ghash_clmulni_intel aesni_intel rapl mousedev ppdev i2c_piix4 psmouse i2c_smbus pcspkr parport_pc parport mac_hid cfg80211 rfkill nfnetlink vsock_loopback vmw_vsock_virtio_transport_common vmw_vsock_vmci_transport vsock vmw_vmci qemu_fw_cfg sr_mod cdrom ata_generic pata_acpi intel_agp bochs intel_gtt floppy ata_piix serio_raw 9p 9pnet_virtio 9pnet virtio_net net_failover failover netfs
[43058.150717] Unloaded tainted modules: ksmbd(OE):4 [last unloaded: ksmbd(OE)]
[43058.166843] CR2: 0000000000000014
[43058.167828] ---[ end trace 0000000000000000 ]---
[43058.169086] RIP: 0010:idr_alloc_cyclic+0x1a/0xc0
[43058.170170] Code: 90 90 90 90 90 90 90 90 90 90 90 90 90 90 90 90 f3 0f 1e fa 41 55 41 54 49 89 fc 55 48 89 f5 53 8d 59 ff 48 63 db 48 83 ec 18 <8b> 47 14 85 c9 65 4c 8b 2d f1 18 da 01 4c 89 6c 24 10 41 89 d5 ba
[43058.174865] RSP: 0018:ffffd161c0fabae8 EFLAGS: 00010296
[43058.176215] RAX: ffff8f1b82a15c00 RBX: 000000007ffffffd RCX: 000000007ffffffe
[43058.178156] RDX: 0000000000000000 RSI: ffff8f1b85617b00 RDI: 0000000000000000
[43058.180006] RBP: ffff8f1b85617b00 R08: 0000000000002800 R09: ffff8f1b839d81c0
[43058.182093] R10: ffff8f1b87e4ddd0 R11: ffff8f1b8256a100 R12: 0000000000000000
[43058.183933] R13: 0000000000000001 R14: ffffd161c0fabc90 R15: ffff8f1b8256a0c0
[43058.185709] FS:  0000000000000000(0000) GS:ffff8f1c76eee000(0000) knlGS:0000000000000000
[43058.187731] CS:  0010 DS: 0000 ES: 0000 CR0: 0000000080050033
[43058.189188] CR2: 0000000000000014 CR3: 0000000003efe003 CR4: 0000000000372ef0
[43058.190976] note: kworker/0:1[1241] exited with irqs disabled
[43058.192695] note: kworker/0:1[1241] exited with preempt_count 2
[43206.123974] ksmbd: Server reset is in progress, can't start daemon

Broadcast message from root@ksmbd-vm (Wed 2026-03-04 13:03:11 UTC):

The system will reboot now!

[[0;32m  OK  [0m] Stopped [0;1;39mSession 50 of User root[0m.
[?2004l         Stopping [0;1;39mSession 1 of User root[0m...
         Stopping [0;1;39mSession 43 of User root[0m...
[[0;32m  OK  [0m] Removed slice [0;1;39mSlice /system/modprobe[0m.
[[0;32m  OK  [0m] Removed slice [0;1;39mSlice /system/systemd-coredump[0m.
[[0;32m  OK  [0m] Stopped target [0;1;39mGraphical Interface[0m.
[[0;32m  OK  [0m] Stopped target [0;1;39mMulti-User System[0m.
[[0;32m  OK  [0m] Stopped target [0;1;39mLogin Prompts[0m.
[[0;32m  OK  [0m] Stopped target [0;1;39mHost and Network Name Lookups[0m.
[[0;32m  OK  [0m] Stopped target [0;1;39mSSH Access Available[0m.
[[0;32m  OK  [0m] Stopped target [0;1;39mTimer Units[0m.
[[0;32m  OK  [0m] Stopped [0;1;39mRefresh existing PGP keys of archlinux-keyring regularly[0m.
[[0;32m  OK  [0m] Stopped [0;1;39mDaily verification of password and group files[0m.
[[0;32m  OK  [0m] Stopped [0;1;39mDaily Cleanup of Temporary Directories[0m.
[[0;32m  OK  [0m] Closed [0;1;39mLoad/Save RF Kill Switch Status /dev/rfkill Watch[0m.
         Unmounting [0;1;39m/mnt/ksmbd[0m...
         Stopping [0;1;39mGetty on tty1[0m...
[?2004h[?2004l
         Starting [0;1;39mGenerate shutdown-ramfs[0m...
         Stopping [0;1;39mSerial Getty on ttyS0[0m...
         Stopping [0;1;39mOpenSSH Daemon[0m...
[?2004h[?2004l
         Stopping [0;1;39mEnable Persistent Storage in systemd-networkd[0m...
[?2004h         Stopping [0;1;39mLoad/Save OS Random Seed[0m...
[[0;32m  OK  [0m] Stopped [0;1;39mLoad udev Rules from Credentials[0m.
]3008;end=c56068097e42489c8297f70db8a41601\[[0;32m  OK  [0m] Stopped [0;1;39mOpenSSH Daemon[0m.
[[0;32m  OK  [0m] Stopped [0;1;39mGetty on tty1[0m.
[[0;32m  OK  [0m] Unmounted [0;1;39m/mnt/ksmbd[0m.
[[0;32m  OK  [0m] Stopped [0;1;39mLoad/Save OS Random Seed[0m.
[[0;32m  OK  [0m] Removed slice [0;1;39mSlice /system/getty[0m.
[[0;32m  OK  [0m] Stopped [0;1;39mSession 1 of User root[0m.
[[0;32m  OK  [0m] Stopped [0;1;39mSerial Getty on ttyS0[0m.
[!p]104\[0m[?7h[1G[0J[6n[32766;32766H[6n]3008;end=d7a806ea14c5497a909a5d6c966f6c9c\[[0;32m  OK  [0m] Stopped [0;1;39mEnable Persistent Storage in systemd-networkd[0m.
[[0;32m  OK  [0m] Removed slice [0;1;39mSlice /system/serial-getty[0m.
[[0;32m  OK  [0m] Finished [0;1;39mGenerate shutdown-ramfs[0m.
[[0m[0;31m*     [0m] A stop job is running for Session 43 of User root (4s / 1min 30s)
M[K[[0;1;31m*[0m[0;31m*    [0m] A stop job is running for Session 43 of User root (4s / 1min 30s)
M[K[[0;31m*[0;1;31m*[0m[0;31m*   [0m] A stop job is running for Session 43 of User root (5s / 1min 30s)
M[K[ [0;31m*[0;1;31m*[0m[0;31m*  [0m] A stop job is running for Session 43 of User root (5s / 1min 30s)
M[K[  [0;31m*[0;1;31m*[0m[0;31m* [0m] A stop job is running for Session 43 of User root (6s / 1min 30s)
M[K[   [0;31m*[0;1;31m*[0m[0;31m*[0m] A stop job is running for Session 43 of User root (6s / 1min 30s)
M[K[    [0;31m*[0;1;31m*[0m] A stop job is running for Session 43 of User root (7s / 1min 30s)
M[K[     [0;31m*[0m] A stop job is running for Session 43 of User root (7s / 1min 30s)
M[K[    [0;31m*[0;1;31m*[0m] A stop job is running for Session 43 of User root (8s / 1min 30s)
M[K[   [0;31m*[0;1;31m*[0m[0;31m*[0m] A stop job is running for Session 43 of User root (8s / 1min 30s)
M[K[  [0;31m*[0;1;31m*[0m[0;31m* [0m] A stop job is running for Session 43 of User root (9s / 1min 30s)
M[K[ [0;31m*[0;1;31m*[0m[0;31m*  [0m] A stop job is running for Session 43 of User root (9s / 1min 30s)
M[K[[0;31m*[0;1;31m*[0m[0;31m*   [0m] A stop job is running for Session 43 of User root (10s / 1min 30s)
M[K[[0;1;31m*[0m[0;31m*    [0m] A stop job is running for Session 43 of User root (10s / 1min 30s)
M[K[[0m[0;31m*     [0m] A stop job is running for Session 43 of User root (11s / 1min 30s)
M[K[[0;1;31m*[0m[0;31m*    [0m] A stop job is running for Session 43 of User root (11s / 1min 30s)
M[K[[0;31m*[0;1;31m*[0m[0;31m*   [0m] A stop job is running for Session 43 of User root (12s / 1min 30s)
M[K[ [0;31m*[0;1;31m*[0m[0;31m*  [0m] A stop job is running for Session 43 of User root (12s / 1min 30s)
M[K[  [0;31m*[0;1;31m*[0m[0;31m* [0m] A stop job is running for Session 43 of User root (13s / 1min 30s)
M[K[   [0;31m*[0;1;31m*[0m[0;31m*[0m] A stop job is running for Session 43 of User root (13s / 1min 30s)
M[K[    [0;31m*[0;1;31m*[0m] A stop job is running for Session 43 of User root (14s / 1min 30s)
M[K[     [0;31m*[0m] A stop job is running for Session 43 of User root (14s / 1min 30s)
M[K[    [0;31m*[0;1;31m*[0m] A stop job is running for Session 43 of User root (15s / 1min 30s)
M[K[   [0;31m*[0;1;31m*[0m[0;31m*[0m] A stop job is running for Session 43 of User root (15s / 1min 30s)
M[K[  [0;31m*[0;1;31m*[0m[0;31m* [0m] A stop job is running for Session 43 of User root (16s / 1min 30s)
M[K[ [0;31m*[0;1;31m*[0m[0;31m*  [0m] A stop job is running for Session 43 of User root (16s / 1min 30s)
M[K[[0;31m*[0;1;31m*[0m[0;31m*   [0m] A stop job is running for Session 43 of User root (17s / 1min 30s)
M[K[[0;1;31m*[0m[0;31m*    [0m] A stop job is running for Session 43 of User root (17s / 1min 30s)
M[K[[0m[0;31m*     [0m] A stop job is running for Session 43 of User root (18s / 1min 30s)
