[    0.000000] Linux version 6.18.13-arch1-1 (linux@archlinux) (gcc (GCC) 15.2.1 20260209, GNU ld (GNU Binutils) 2.46) #1 SMP PREEMPT_DYNAMIC Wed, 25 Feb 2026 23:12:35 +0000
[    0.000000] Command line: root=/dev/vda1 rw console=ttyS0,115200 loglevel=7
[    0.000000] BIOS-provided physical RAM map:
[    0.000000] BIOS-e820: [mem 0x0000000000000000-0x000000000009fbff] usable
[    0.000000] BIOS-e820: [mem 0x000000000009fc00-0x000000000009ffff] reserved
[    0.000000] BIOS-e820: [mem 0x00000000000f0000-0x00000000000fffff] reserved
[    0.000000] BIOS-e820: [mem 0x0000000000100000-0x000000007ffdcfff] usable
[    0.000000] BIOS-e820: [mem 0x000000007ffdd000-0x000000007fffffff] reserved
[    0.000000] BIOS-e820: [mem 0x00000000feffc000-0x00000000feffffff] reserved
[    0.000000] BIOS-e820: [mem 0x00000000fffc0000-0x00000000ffffffff] reserved
[    0.000000] NX (Execute Disable) protection: active
[    0.000000] APIC: Static calls initialized
[    0.000000] SMBIOS 2.8 present.
[    0.000000] DMI: QEMU Standard PC (i440FX + PIIX, 1996), BIOS Arch Linux 1.17.0-2-2 04/01/2014
[    0.000000] DMI: Memory slots populated: 1/1
[    0.000000] Hypervisor detected: KVM
[    0.000000] last_pfn = 0x7ffdd max_arch_pfn = 0x400000000
[    0.000000] kvm-clock: Using msrs 4b564d01 and 4b564d00
[    0.000001] kvm-clock: using sched offset of 372422425 cycles
[    0.000002] clocksource: kvm-clock: mask: 0xffffffffffffffff max_cycles: 0x1cd42e4dffb, max_idle_ns: 881590591483 ns
[    0.000005] tsc: Detected 3600.000 MHz processor
[    0.000622] last_pfn = 0x7ffdd max_arch_pfn = 0x400000000
[    0.000659] MTRR map: 4 entries (3 fixed + 1 variable; max 19), built from 8 variable MTRRs
[    0.000662] x86/PAT: Configuration [0-7]: WB  WC  UC- UC  WB  WP  UC- WT  
[    0.008989] found SMP MP-table at [mem 0x000f66b0-0x000f66bf]
[    0.009009] Using GB pages for direct mapping
[    0.009130] RAMDISK: [mem 0x7f508000-0x7ffcffff]
[    0.009191] ACPI: Early table checksum verification disabled
[    0.009195] ACPI: RSDP 0x00000000000F64E0 000014 (v00 BOCHS )
[    0.009199] ACPI: RSDT 0x000000007FFE239C 000034 (v01 BOCHS  BXPC     00000001 BXPC 00000001)
[    0.009204] ACPI: FACP 0x000000007FFE2248 000074 (v01 BOCHS  BXPC     00000001 BXPC 00000001)
[    0.009211] ACPI: DSDT 0x000000007FFE0040 002208 (v01 BOCHS  BXPC     00000001 BXPC 00000001)
[    0.009221] ACPI: FACS 0x000000007FFE0000 000040
[    0.009223] ACPI: APIC 0x000000007FFE22BC 000080 (v03 BOCHS  BXPC     00000001 BXPC 00000001)
[    0.009227] ACPI: HPET 0x000000007FFE233C 000038 (v01 BOCHS  BXPC     00000001 BXPC 00000001)
[    0.009230] ACPI: WAET 0x000000007FFE2374 000028 (v01 BOCHS  BXPC     00000001 BXPC 00000001)
[    0.009232] ACPI: Reserving FACP table memory at [mem 0x7ffe2248-0x7ffe22bb]
[    0.009233] ACPI: Reserving DSDT table memory at [mem 0x7ffe0040-0x7ffe2247]
[    0.009234] ACPI: Reserving FACS table memory at [mem 0x7ffe0000-0x7ffe003f]
[    0.009235] ACPI: Reserving APIC table memory at [mem 0x7ffe22bc-0x7ffe233b]
[    0.009235] ACPI: Reserving HPET table memory at [mem 0x7ffe233c-0x7ffe2373]
[    0.009236] ACPI: Reserving WAET table memory at [mem 0x7ffe2374-0x7ffe239b]
[    0.009686] No NUMA configuration found
[    0.009687] Faking a node at [mem 0x0000000000000000-0x000000007ffdcfff]
[    0.009693] NODE_DATA(0) allocated [mem 0x7f4dd280-0x7f507fff]
[    0.009966] Zone ranges:
[    0.009967]   DMA      [mem 0x0000000000001000-0x0000000000ffffff]
[    0.009969]   DMA32    [mem 0x0000000001000000-0x000000007ffdcfff]
[    0.009970]   Normal   empty
[    0.009970]   Device   empty
[    0.009971] Movable zone start for each node
[    0.009973] Early memory node ranges
[    0.009973]   node   0: [mem 0x0000000000001000-0x000000000009efff]
[    0.009974]   node   0: [mem 0x0000000000100000-0x000000007ffdcfff]
[    0.009975] Initmem setup node 0 [mem 0x0000000000001000-0x000000007ffdcfff]
[    0.009989] On node 0, zone DMA: 1 pages in unavailable ranges
[    0.010123] On node 0, zone DMA: 97 pages in unavailable ranges
[    0.031997] On node 0, zone DMA32: 35 pages in unavailable ranges
[    0.032689] ACPI: PM-Timer IO Port: 0x608
[    0.032705] ACPI: LAPIC_NMI (acpi_id[0xff] dfl dfl lint[0x1])
[    0.032739] IOAPIC[0]: apic_id 0, version 17, address 0xfec00000, GSI 0-23
[    0.032743] ACPI: INT_SRC_OVR (bus 0 bus_irq 0 global_irq 2 dfl dfl)
[    0.032744] ACPI: INT_SRC_OVR (bus 0 bus_irq 5 global_irq 5 high level)
[    0.032745] ACPI: INT_SRC_OVR (bus 0 bus_irq 9 global_irq 9 high level)
[    0.032746] ACPI: INT_SRC_OVR (bus 0 bus_irq 10 global_irq 10 high level)
[    0.032746] ACPI: INT_SRC_OVR (bus 0 bus_irq 11 global_irq 11 high level)
[    0.032751] ACPI: Using ACPI (MADT) for SMP configuration information
[    0.032752] ACPI: HPET id: 0x8086a201 base: 0xfed00000
[    0.032756] TSC deadline timer available
[    0.032760] CPU topo: Max. logical packages:   1
[    0.032761] CPU topo: Max. logical dies:       1
[    0.032761] CPU topo: Max. dies per package:   1
[    0.032765] CPU topo: Max. threads per core:   1
[    0.032765] CPU topo: Num. cores per package:     2
[    0.032766] CPU topo: Num. threads per package:   2
[    0.032766] CPU topo: Allowing 2 present CPUs plus 0 hotplug CPUs
[    0.032783] kvm-guest: APIC: eoi() replaced with kvm_guest_apic_eoi_write()
[    0.032794] kvm-guest: KVM setup pv remote TLB flush
[    0.032797] kvm-guest: setup PV sched yield
[    0.032803] PM: hibernation: Registered nosave memory: [mem 0x00000000-0x00000fff]
[    0.032804] PM: hibernation: Registered nosave memory: [mem 0x0009f000-0x000fffff]
[    0.032806] [mem 0x80000000-0xfeffbfff] available for PCI devices
[    0.032807] Booting paravirtualized kernel on KVM
[    0.032808] clocksource: refined-jiffies: mask: 0xffffffff max_cycles: 0xffffffff, max_idle_ns: 1910969940391419 ns
[    0.038635] setup_percpu: NR_CPUS:8192 nr_cpumask_bits:2 nr_cpu_ids:2 nr_node_ids:1
[    0.039824] percpu: Embedded 62 pages/cpu s217088 r8192 d28672 u1048576
[    0.039863] kvm-guest: PV spinlocks enabled
[    0.039864] PV qspinlock hash table entries: 256 (order: 0, 4096 bytes, linear)
[    0.039867] Kernel command line: root=/dev/vda1 rw console=ttyS0,115200 loglevel=7
[    0.039911] random: crng init done
[    0.039912] printk: log buffer data + meta data: 131072 + 458752 = 589824 bytes
[    0.041184] Dentry cache hash table entries: 262144 (order: 9, 2097152 bytes, linear)
[    0.041758] Inode-cache hash table entries: 131072 (order: 8, 1048576 bytes, linear)
[    0.041831] Fallback order for Node 0: 0 
[    0.041833] Built 1 zonelists, mobility grouping on.  Total pages: 524155
[    0.041835] Policy zone: DMA32
[    0.043115] mem auto-init: stack:all(zero), heap alloc:on, heap free:off
[    0.047371] SLUB: HWalign=64, Order=0-3, MinObjects=0, CPUs=2, Nodes=1
[    0.047402] Kernel/User page tables isolation: enabled
[    0.056733] ftrace: allocating 57060 entries in 224 pages
[    0.056737] ftrace: allocated 224 pages with 3 groups
[    0.056953] Dynamic Preempt: full
[    0.056999] rcu: Preemptible hierarchical RCU implementation.
[    0.057000] rcu: 	RCU restricting CPUs from NR_CPUS=8192 to nr_cpu_ids=2.
[    0.057001] rcu: 	RCU priority boosting: priority 1 delay 500 ms.
[    0.057002] 	Trampoline variant of Tasks RCU enabled.
[    0.057002] 	Rude variant of Tasks RCU enabled.
[    0.057003] 	Tracing variant of Tasks RCU enabled.
[    0.057003] rcu: RCU calculated value of scheduler-enlistment delay is 100 jiffies.
[    0.057004] rcu: Adjusting geometry for rcu_fanout_leaf=16, nr_cpu_ids=2
[    0.057008] RCU Tasks: Setting shift to 1 and lim to 1 rcu_task_cb_adjust=1 rcu_task_cpu_ids=2.
[    0.057010] RCU Tasks Rude: Setting shift to 1 and lim to 1 rcu_task_cb_adjust=1 rcu_task_cpu_ids=2.
[    0.057011] RCU Tasks Trace: Setting shift to 1 and lim to 1 rcu_task_cb_adjust=1 rcu_task_cpu_ids=2.
[    0.061834] NR_IRQS: 524544, nr_irqs: 440, preallocated irqs: 16
[    0.062061] rcu: srcu_init: Setting srcu_struct sizes based on contention.
[    0.062202] kfence: initialized - using 2097152 bytes for 255 objects at 0x(____ptrval____)-0x(____ptrval____)
[    0.080071] Console: colour VGA+ 80x25
[    0.080132] printk: legacy console [ttyS0] enabled
[    0.261594] ACPI: Core revision 20250807
[    0.262741] clocksource: hpet: mask: 0xffffffff max_cycles: 0xffffffff, max_idle_ns: 19112604467 ns
[    0.265008] APIC: Switch to symmetric I/O mode setup
[    0.266434] x2apic enabled
[    0.267440] APIC: Switched APIC routing to: physical x2apic
[    0.268879] kvm-guest: APIC: send_IPI_mask() replaced with kvm_send_ipi_mask()
[    0.270685] kvm-guest: APIC: send_IPI_mask_allbutself() replaced with kvm_send_ipi_mask_allbutself()
[    0.272906] kvm-guest: setup PV IPIs
[    0.274822] ..TIMER: vector=0x30 apic1=0 pin1=2 apic2=-1 pin2=-1
[    0.276325] clocksource: tsc-early: mask: 0xffffffffffffffff max_cycles: 0x33e452fbb2f, max_idle_ns: 440795236593 ns
[    0.278889] Calibrating delay loop (skipped) preset value.. 7200.00 BogoMIPS (lpj=3600000)
[    0.280953] x86/cpu: User Mode Instruction Prevention (UMIP) activated
[    0.282013] Last level iTLB entries: 4KB 0, 2MB 0, 4MB 0
[    0.282889] Last level dTLB entries: 4KB 0, 2MB 0, 4MB 0, 1GB 0
[    0.283903] mitigations: Enabled attack vectors: user_kernel, user_user, guest_host, guest_guest, SMT mitigations: auto
[    0.284892] Speculative Store Bypass: Mitigation: Speculative Store Bypass disabled via prctl
[    0.285892] SRBDS: Unknown: Dependent on hypervisor status
[    0.286890] Spectre V2 : Mitigation: IBRS
[    0.287889] RETBleed: Mitigation: IBRS
[    0.288889] MDS: Mitigation: Clear CPU buffers
[    0.289889] TAA: Mitigation: Clear CPU buffers
[    0.290889] MMIO Stale Data: Mitigation: Clear CPU buffers
[    0.291889] Spectre V1 : Mitigation: usercopy/swapgs barriers and __user pointer sanitization
[    0.292893] Spectre V2 : Spectre v2 / SpectreRSB: Filling RSB on context switch and VMEXIT
[    0.293894] Spectre V2 : mitigation: Enabling conditional Indirect Branch Prediction Barrier
[    0.294897] GDS: Unknown: Dependent on hypervisor status
[    0.295889] Spectre V2 : Spectre BHI mitigation: SW BHB clearing on syscall and VM exit
[    0.296910] x86/fpu: Supporting XSAVE feature 0x001: 'x87 floating point registers'
[    0.297889] x86/fpu: Supporting XSAVE feature 0x002: 'SSE registers'
[    0.298889] x86/fpu: Supporting XSAVE feature 0x004: 'AVX registers'
[    0.300889] x86/fpu: Supporting XSAVE feature 0x008: 'MPX bounds registers'
[    0.301892] x86/fpu: Supporting XSAVE feature 0x010: 'MPX CSR'
[    0.302892] x86/fpu: xstate_offset[2]:  576, xstate_sizes[2]:  256
[    0.303890] x86/fpu: xstate_offset[3]:  832, xstate_sizes[3]:   64
[    0.304891] x86/fpu: xstate_offset[4]:  896, xstate_sizes[4]:   64
[    0.305890] x86/fpu: Enabled xstate features 0x1f, context size is 960 bytes, using 'compacted' format.
[    0.336269] Freeing SMP alternatives memory: 56K
[    0.336891] pid_max: default: 32768 minimum: 301
[    0.337935] LSM: initializing lsm=capability,landlock,lockdown,yama,bpf
[    0.338953] landlock: Up and running.
[    0.339892] Yama: becoming mindful.
[    0.341056] LSM support for eBPF active
[    0.341941] Mount-cache hash table entries: 4096 (order: 3, 32768 bytes, linear)
[    0.342916] Mountpoint-cache hash table entries: 4096 (order: 3, 32768 bytes, linear)
[    0.345358] smpboot: CPU0: Intel(R) Core(TM) i7-7700 CPU @ 3.60GHz (family: 0x6, model: 0x9e, stepping: 0x9)
[    0.346354] Performance Events: Skylake events, full-width counters, Intel PMU driver.
[    0.346894] ... version:                   2
[    0.347935] ... bit width:                 48
[    0.348890] ... generic counters:          4
[    0.349890] ... generic bitmap:            000000000000000f
[    0.350890] ... fixed-purpose counters:    3
[    0.351890] ... fixed-purpose bitmap:      0000000000000007
[    0.352890] ... value mask:                0000ffffffffffff
[    0.353890] ... max period:                00007fffffffffff
[    0.354890] ... global_ctrl mask:          000000070000000f
[    0.356112] signal: max sigframe size: 2032
[    0.356967] rcu: Hierarchical SRCU implementation.
[    0.357890] rcu: 	Max phase no-delay instances is 400.
[    0.359068] Timer migration: 1 hierarchy levels; 8 children per group; 1 crossnode level
[    0.360400] smp: Bringing up secondary CPUs ...
[    0.361208] smpboot: x86: Booting SMP configuration:
[    0.361898] .... node  #0, CPUs:      #1
[    0.362036] smp: Brought up 1 node, 2 CPUs
[    0.363892] smpboot: Total of 2 processors activated (14400.00 BogoMIPS)
[    0.365061] Memory: 1985452K/2096620K available (20319K kernel code, 2939K rwdata, 16368K rodata, 4736K init, 4772K bss, 105892K reserved, 0K cma-reserved)
[    0.366035] devtmpfs: initialized
[    0.366933] x86/mm: Memory block size: 128MB
[    0.368511] clocksource: jiffies: mask: 0xffffffff max_cycles: 0xffffffff, max_idle_ns: 1911260446275000 ns
[    0.368927] posixtimers hash table entries: 1024 (order: 2, 16384 bytes, linear)
[    0.369916] futex hash table entries: 512 (32768 bytes on 1 NUMA nodes, total 32 KiB, linear).
[    0.370967] pinctrl core: initialized pinctrl subsystem
[    0.372100] PM: RTC time: 13:04:59, date: 2026-03-04
[    0.374517] NET: Registered PF_NETLINK/PF_ROUTE protocol family
[    0.375146] DMA: preallocated 256 KiB GFP_KERNEL pool for atomic allocations
[    0.375912] DMA: preallocated 256 KiB GFP_KERNEL|GFP_DMA pool for atomic allocations
[    0.377083] DMA: preallocated 256 KiB GFP_KERNEL|GFP_DMA32 pool for atomic allocations
[    0.377907] audit: initializing netlink subsys (disabled)
[    0.378951] audit: type=2000 audit(1772629500.387:1): state=initialized audit_enabled=0 res=1
[    0.379030] thermal_sys: Registered thermal governor 'fair_share'
[    0.379891] thermal_sys: Registered thermal governor 'bang_bang'
[    0.380893] thermal_sys: Registered thermal governor 'step_wise'
[    0.381892] thermal_sys: Registered thermal governor 'user_space'
[    0.382909] thermal_sys: Registered thermal governor 'power_allocator'
[    0.383930] cpuidle: using governor ladder
[    0.385898] cpuidle: using governor menu
[    0.387533] acpiphp: ACPI Hot Plug PCI Controller Driver version: 0.5
[    0.388200] PCI: Using configuration type 1 for base access
[    0.389189] kprobes: kprobe jump-optimization is enabled. All kprobes are optimized if possible.
[    0.395982] HugeTLB: registered 1.00 GiB page size, pre-allocated 0 pages
[    0.396891] HugeTLB: 16380 KiB vmemmap can be freed for a 1.00 GiB page
[    0.399895] HugeTLB: registered 2.00 MiB page size, pre-allocated 0 pages
[    0.400893] HugeTLB: 28 KiB vmemmap can be freed for a 2.00 MiB page
[    0.413183] raid6: skipped pq benchmark and selected avx2x4
[    0.413890] raid6: using avx2x2 recovery algorithm
[    0.415046] ACPI: Added _OSI(Module Device)
[    0.416890] ACPI: Added _OSI(Processor Device)
[    0.417892] ACPI: Added _OSI(Processor Aggregator Device)
[    0.420135] ACPI: 1 ACPI AML tables successfully acquired and loaded
[    0.425047] ACPI: Interpreter enabled
[    0.425904] ACPI: PM: (supports S0 S3 S4 S5)
[    0.426892] ACPI: Using IOAPIC for interrupt routing
[    0.428013] PCI: Using host bridge windows from ACPI; if necessary, use "pci=nocrs" and report a bug
[    0.429890] PCI: Using E820 reservations for host bridge windows
[    0.431047] ACPI: Enabled 2 GPEs in block 00 to 0F
[    0.435841] ACPI: PCI Root Bridge [PCI0] (domain 0000 [bus 00-ff])
[    0.436896] acpi PNP0A03:00: _OSC: OS supports [ASPM ClockPM Segments MSI EDR HPX-Type3]
[    0.438891] acpi PNP0A03:00: _OSC: not requesting OS control; OS requires [ExtendedConfig ASPM ClockPM MSI]
[    0.440901] acpi PNP0A03:00: fail to add MMCONFIG information, can't access extended configuration space under this bridge
[    0.444323] acpiphp: Slot [3] registered
[    0.444923] acpiphp: Slot [4] registered
[    0.445898] acpiphp: Slot [5] registered
[    0.446867] acpiphp: Slot [6] registered
[    0.447913] acpiphp: Slot [7] registered
[    0.448864] acpiphp: Slot [8] registered
[    0.449914] acpiphp: Slot [9] registered
[    0.450881] acpiphp: Slot [10] registered
[    0.451922] acpiphp: Slot [11] registered
[    0.452913] acpiphp: Slot [12] registered
[    0.453899] acpiphp: Slot [13] registered
[    0.454932] acpiphp: Slot [14] registered
[    0.455913] acpiphp: Slot [15] registered
[    0.456913] acpiphp: Slot [16] registered
[    0.457913] acpiphp: Slot [17] registered
[    0.458899] acpiphp: Slot [18] registered
[    0.459906] acpiphp: Slot [19] registered
[    0.460899] acpiphp: Slot [20] registered
[    0.461902] acpiphp: Slot [21] registered
[    0.462899] acpiphp: Slot [22] registered
[    0.463900] acpiphp: Slot [23] registered
[    0.464893] acpiphp: Slot [24] registered
[    0.465864] acpiphp: Slot [25] registered
[    0.466925] acpiphp: Slot [26] registered
[    0.467913] acpiphp: Slot [27] registered
[    0.468913] acpiphp: Slot [28] registered
[    0.469899] acpiphp: Slot [29] registered
[    0.470899] acpiphp: Slot [30] registered
[    0.471880] acpiphp: Slot [31] registered
[    0.472911] PCI host bridge to bus 0000:00
[    0.473895] pci_bus 0000:00: root bus resource [io  0x0000-0x0cf7 window]
[    0.474890] pci_bus 0000:00: root bus resource [io  0x0d00-0xffff window]
[    0.476890] pci_bus 0000:00: root bus resource [mem 0x000a0000-0x000bffff window]
[    0.478890] pci_bus 0000:00: root bus resource [mem 0x80000000-0xfebfffff window]
[    0.479891] pci_bus 0000:00: root bus resource [mem 0x100000000-0x17fffffff window]
[    0.481891] pci_bus 0000:00: root bus resource [bus 00-ff]
[    0.483964] pci 0000:00:00.0: [8086:1237] type 00 class 0x060000 conventional PCI endpoint
[    0.486757] pci 0000:00:01.0: [8086:7000] type 00 class 0x060100 conventional PCI endpoint
[    0.489928] pci 0000:00:01.1: [8086:7010] type 00 class 0x010180 conventional PCI endpoint
[    0.492959] pci 0000:00:01.1: BAR 4 [io  0xc0e0-0xc0ef]
[    0.493950] pci 0000:00:01.1: BAR 0 [io  0x01f0-0x01f7]: legacy IDE quirk
[    0.495893] pci 0000:00:01.1: BAR 1 [io  0x03f6]: legacy IDE quirk
[    0.496892] pci 0000:00:01.1: BAR 2 [io  0x0170-0x0177]: legacy IDE quirk
[    0.498892] pci 0000:00:01.1: BAR 3 [io  0x0376]: legacy IDE quirk
[    0.501226] pci 0000:00:01.3: [8086:7113] type 00 class 0x068000 conventional PCI endpoint
[    0.503480] pci 0000:00:01.3: quirk: [io  0x0600-0x063f] claimed by PIIX4 ACPI
[    0.504906] pci 0000:00:01.3: quirk: [io  0x0700-0x070f] claimed by PIIX4 SMB
[    0.507289] pci 0000:00:02.0: [1234:1111] type 00 class 0x030000 conventional PCI endpoint
[    0.516093] pci 0000:00:02.0: BAR 0 [mem 0xfd000000-0xfdffffff pref]
[    0.517926] pci 0000:00:02.0: BAR 2 [mem 0xfebd0000-0xfebd0fff]
[    0.519944] pci 0000:00:02.0: ROM [mem 0xfebc0000-0xfebcffff pref]
[    0.522117] pci 0000:00:02.0: Video device with shadowed ROM at [mem 0x000c0000-0x000dffff]
[    0.524820] pci 0000:00:03.0: [1af4:1009] type 00 class 0x000200 conventional PCI endpoint
[    0.528906] pci 0000:00:03.0: BAR 0 [io  0xc080-0xc0bf]
[    0.530906] pci 0000:00:03.0: BAR 1 [mem 0xfebd1000-0xfebd1fff]
[    0.531963] pci 0000:00:03.0: BAR 4 [mem 0xfe000000-0xfe003fff 64bit pref]
[    0.536146] pci 0000:00:04.0: [1af4:1000] type 00 class 0x020000 conventional PCI endpoint
[    0.540801] pci 0000:00:04.0: BAR 0 [io  0xc0c0-0xc0df]
[    0.541906] pci 0000:00:04.0: BAR 1 [mem 0xfebd2000-0xfebd2fff]
[    0.543944] pci 0000:00:04.0: BAR 4 [mem 0xfe004000-0xfe007fff 64bit pref]
[    0.545907] pci 0000:00:04.0: ROM [mem 0xfeb80000-0xfebbffff pref]
[    0.549188] pci 0000:00:05.0: [1af4:1001] type 00 class 0x010000 conventional PCI endpoint
[    0.559908] pci 0000:00:05.0: BAR 0 [io  0xc000-0xc07f]
[    0.560906] pci 0000:00:05.0: BAR 1 [mem 0xfebd3000-0xfebd3fff]
[    0.562963] pci 0000:00:05.0: BAR 4 [mem 0xfe008000-0xfe00bfff 64bit pref]
[    0.577255] ACPI: PCI: Interrupt link LNKA configured for IRQ 10
[    0.579087] ACPI: PCI: Interrupt link LNKB configured for IRQ 10
[    0.581072] ACPI: PCI: Interrupt link LNKC configured for IRQ 11
[    0.583071] ACPI: PCI: Interrupt link LNKD configured for IRQ 11
[    0.583999] ACPI: PCI: Interrupt link LNKS configured for IRQ 9
[    0.586923] iommu: Default domain type: Translated
[    0.587891] iommu: DMA domain TLB invalidation policy: lazy mode
[    0.590291] SCSI subsystem initialized
[    0.591956] ACPI: bus type USB registered
[    0.592947] usbcore: registered new interface driver usbfs
[    0.593909] usbcore: registered new interface driver hub
[    0.595911] usbcore: registered new device driver usb
[    0.596963] EDAC MC: Ver: 3.0.0
[    0.599003] NetLabel: Initializing
[    0.599890] NetLabel:  domain hash size = 128
[    0.600890] NetLabel:  protocols = UNLABELED CIPSOv4 CALIPSO
[    0.602933] NetLabel:  unlabeled traffic allowed by default
[    0.604900] mctp: management component transport protocol core
[    0.605897] NET: Registered PF_MCTP protocol family
[    0.607930] PCI: Using ACPI for IRQ routing
[    0.609214] pci 0000:00:02.0: vgaarb: setting as boot VGA device
[    0.609886] pci 0000:00:02.0: vgaarb: bridge control possible
[    0.609886] pci 0000:00:02.0: vgaarb: VGA device added: decodes=io+mem,owns=io+mem,locks=none
[    0.614893] vgaarb: loaded
[    0.616058] hpet0: at MMIO 0xfed00000, IRQs 2, 8, 0
[    0.616892] hpet0: 3 comparators, 64-bit 100.000000 MHz counter
[    0.622888] clocksource: Switched to clocksource kvm-clock
[    0.626195] VFS: Disk quotas dquot_6.6.0
[    0.627351] VFS: Dquot-cache hash table entries: 512 (order 0, 4096 bytes)
[    0.629530] pnp: PnP ACPI init
[    0.631014] pnp: PnP ACPI: found 6 devices
[    0.642662] clocksource: acpi_pm: mask: 0xffffff max_cycles: 0xffffff, max_idle_ns: 2085701024 ns
[    0.645577] NET: Registered PF_INET protocol family
[    0.646922] IP idents hash table entries: 32768 (order: 6, 262144 bytes, linear)
[    0.667780] tcp_listen_portaddr_hash hash table entries: 1024 (order: 2, 16384 bytes, linear)
[    0.670013] Table-perturb hash table entries: 65536 (order: 6, 262144 bytes, linear)
[    0.672136] TCP established hash table entries: 16384 (order: 5, 131072 bytes, linear)
[    0.674283] TCP bind hash table entries: 16384 (order: 7, 524288 bytes, linear)
[    0.675999] TCP: Hash tables configured (established 16384 bind 16384)
[    0.677699] MPTCP token hash table entries: 2048 (order: 4, 49152 bytes, linear)
[    0.679527] UDP hash table entries: 1024 (order: 4, 65536 bytes, linear)
[    0.681295] UDP-Lite hash table entries: 1024 (order: 4, 65536 bytes, linear)
[    0.683072] NET: Registered PF_UNIX/PF_LOCAL protocol family
[    0.684564] NET: Registered PF_XDP protocol family
[    0.685836] pci_bus 0000:00: resource 4 [io  0x0000-0x0cf7 window]
[    0.687384] pci_bus 0000:00: resource 5 [io  0x0d00-0xffff window]
[    0.688957] pci_bus 0000:00: resource 6 [mem 0x000a0000-0x000bffff window]
[    0.690663] pci_bus 0000:00: resource 7 [mem 0x80000000-0xfebfffff window]
[    0.692372] pci_bus 0000:00: resource 8 [mem 0x100000000-0x17fffffff window]
[    0.694184] pci 0000:00:01.0: PIIX3: Enabling Passive Release
[    0.695645] pci 0000:00:00.0: Limiting direct PCI/PCI transfers
[    0.697572] PCI: CLS 0 bytes, default 64
[    0.698982] clocksource: tsc: mask: 0xffffffffffffffff max_cycles: 0x33e452fbb2f, max_idle_ns: 440795236593 ns
[    0.698991] Trying to unpack rootfs image as initramfs...
[    0.728204] Initialise system trusted keyrings
[    0.729448] Key type blacklist registered
[    0.730666] workingset: timestamp_bits=36 max_order=19 bucket_order=0
[    0.732613] fuse: init (API version 7.45)
[    0.733861] integrity: Platform Keyring initialized
[    0.735107] integrity: Machine keyring initialized
[    0.752313] xor: automatically using best checksumming function   avx       
[    0.754358] Key type asymmetric registered
[    0.755540] Asymmetric key parser 'x509' registered
[    0.756968] Block layer SCSI generic (bsg) driver version 0.4 loaded (major 245)
[    0.759905] io scheduler mq-deadline registered
[    0.761303] io scheduler kyber registered
[    0.762500] io scheduler bfq registered
[    0.763707] ledtrig-cpu: registered to indicate activity on CPUs
[    0.766265] input: Power Button as /devices/LNXSYSTM:00/LNXPWRBN:00/input/input0
[    0.771886] ACPI: button: Power Button [PWRF]
[    0.775500] ACPI: \_SB_.LNKC: Enabled at IRQ 11
[    0.782451] ACPI: \_SB_.LNKD: Enabled at IRQ 10
[    0.784792] Freeing initrd memory: 11040K
[    0.786451] ACPI: \_SB_.LNKA: Enabled at IRQ 10
[    0.792631] Serial: 8250/16550 driver, 32 ports, IRQ sharing enabled
[    0.794867] 00:04: ttyS0 at I/O 0x3f8 (irq = 4, base_baud = 115200) is a 16550A
[    0.800432] Non-volatile memory driver v1.3
[    0.801637] Linux agpgart interface v0.103
[    0.802892] ACPI: bus type drm_connector registered
[    0.804623] virtio_blk virtio2: 2/0/0 default/read/poll queues
[    0.807663] virtio_blk virtio2: [vda] 25165824 512-byte logical blocks (12.9 GB/12.0 GiB)
[    0.825021]  vda: vda1
[    0.826099] usbcore: registered new interface driver usbserial_generic
[    0.827945] usbserial: USB Serial support registered for generic
[    0.829893] i8042: PNP: PS/2 Controller [PNP0303:KBD,PNP0f13:MOU] at 0x60,0x64 irq 1,12
[    0.833320] serio: i8042 KBD port at 0x60,0x64 irq 1
[    0.834934] serio: i8042 AUX port at 0x60,0x64 irq 12
[    0.836676] input: AT Translated Set 2 keyboard as /devices/platform/i8042/serio0/input/input1
[    0.837861] rtc_cmos 00:05: RTC can wake from S4
[    0.840933] rtc_cmos 00:05: registered as rtc0
[    0.842101] rtc_cmos 00:05: setting system clock to 2026-03-04T13:05:00 UTC (1772629500)
[    0.844453] rtc_cmos 00:05: alarms up to one day, y3k, 242 bytes nvram, hpet irqs
[    0.846560] intel_pstate: CPU model not supported
[    0.847790] hid: raw HID events driver (C) Jiri Kosina
[    0.849067] usbcore: registered new interface driver usbhid
[    0.850419] usbhid: USB HID core driver
[    0.851405] rust_binder: Loaded Rust Binder.
[    0.851450] drop_monitor: Initializing network drop monitor service
[    0.854537] NET: Registered PF_INET6 protocol family
[    0.856729] Segment Routing with IPv6
[    0.857803] RPL Segment Routing with IPv6
[    0.858988] In-situ OAM (IOAM) with IPv6
[    0.860118] NET: Registered PF_PACKET protocol family
[    0.861878] IPI shorthand broadcast: enabled
[    0.866017] sched_clock: Marking stable (657002321, 208819548)->(938787921, -72966052)
[    0.868447] registered taskstats version 1
[    0.869800] Loading compiled-in X.509 certificates
[    0.878365] Loaded X.509 cert 'Build time autogenerated kernel key: 4f282eb87851fdb04b530c5e67453df628afff93'
[    0.884604] zswap: loaded using pool zstd
[    0.885711] Demotion targets for Node 0: null
[    0.887059] Key type .fscrypt registered
[    0.888241] Key type fscrypt-provisioning registered
[    0.890150] Btrfs loaded, zoned=yes, fsverity=yes
[    0.891518] Key type big_key registered
[    0.892979] PM:   Magic number: 2:173:78
[    0.895437] RAS: Correctable Errors collector initialized.
[    0.903677] clk: Disabling unused clocks
[    0.904793] PM: genpd: Disabling unused power domains
[    0.909146] Freeing unused decrypted memory: 2028K
[    0.912057] Freeing unused kernel image (initmem) memory: 4736K
[    0.913238] Write protecting the kernel read-only data: 36864k
[    0.914504] Freeing unused kernel image (text/rodata gap) memory: 160K
[    0.915705] Freeing unused kernel image (rodata/data gap) memory: 16K
[    0.957295] x86/mm: Checked W+X mappings: passed, no W+X pages found.
[    0.958471] rodata_test: all tests were successful
[    0.959334] x86/mm: Checking user space page tables
[    0.998555] x86/mm: Checked W+X mappings: passed, no W+X pages found.
[    0.999743] Run /init as init process
P+q6E616D65\[    1.349605] systemd[1]: Successfully made /usr/ read-only.
[6n[32766;32766H[6n[!p]104\[0m[?7h[1G[0J[    1.684814] systemd[1]: systemd 259.2-1-arch running in system mode (+PAM +AUDIT -SELINUX +APPARMOR -IMA +IPE +SMACK +SECCOMP +GCRYPT +GNUTLS +OPENSSL +ACL +BLKID +CURL +ELFUTILS +FIDO2 +IDN2 -IDN +KMOD +LIBCRYPTSETUP +LIBCRYPTSETUP_PLUGINS +LIBFDISK +PCRE2 +PWQUALITY +P11KIT +QRENCODE +TPM2 +BZIP2 +LZ4 +XZ +ZLIB +ZSTD +BPF_FRAMEWORK +BTF +XKBCOMMON +UTMP -SYSVINIT +LIBARCHIVE)
[    1.691146] systemd[1]: Detected virtualization kvm.
[    1.692120] systemd[1]: Detected architecture x86-64.
[    1.692993] systemd[1]: Running in initrd.
[0;1;39mBooting initrd of [0m[38;2;23;147;209mArch Linux[0m[0;1;39m.[0m
[    1.695531] systemd[1]: Initializing machine ID from random generator.
]3008;start=9e232421681b49b4ad5f8957fc1c69f0;user=root;hostname=archlinux;machineid=ab276da360534db3a4f90d2664722254;bootid=2a234bb57b2d48b6b5bb7288a5c67f1f;pid=1;pidfdid=2;comm=systemd;type=boot\[    1.742177] systemd[1]: Queued start job for default target Initrd Default Target.
[    1.795914] systemd[1]: Expecting device /dev/vda1...
         Expecting device [0;1;39m/dev/vda1[0m...
[    1.798393] systemd[1]: Reached target Path Units.
[[0;32m  OK  [0m] Reached target [0;1;39mPath Units[0m.
[    1.800814] systemd[1]: Reached target Slice Units.
[[0;32m  OK  [0m] Reached target [0;1;39mSlice Units[0m.
[    1.803035] systemd[1]: Reached target Swaps.
[[0;32m  OK  [0m] Reached target [0;1;39mSwaps[0m.
[    1.804937] systemd[1]: Reached target Timer Units.
[[0;32m  OK  [0m] Reached target [0;1;39mTimer Units[0m.
[    1.807079] systemd[1]: Listening on Journal Socket (/dev/log).
[[0;32m  OK  [0m] Listening on [0;1;39mJournal Socket (/dev/log)[0m.
[    1.810145] systemd[1]: Listening on Journal Sockets.
[[0;32m  OK  [0m] Listening on [0;1;39mJournal Sockets[0m.
[    1.812737] systemd[1]: Listening on udev Control Socket.
[[0;32m  OK  [0m] Listening on [0;1;39mudev Control Socket[0m.
[    1.815405] systemd[1]: Listening on udev Kernel Socket.
[[0;32m  OK  [0m] Listening on [0;1;39mudev Kernel Socket[0m.
[    1.818014] systemd[1]: Reached target Socket Units.
[[0;32m  OK  [0m] Reached target [0;1;39mSocket Units[0m.
[    1.820635] systemd[1]: Create List of Static Device Nodes skipped, unmet condition check ConditionFileNotEmpty=/lib/modules/6.18.13-arch1-1/modules.devname
[    1.823499] systemd[1]: Early Battery Level Check skipped, unmet condition check ConditionDirectoryNotEmpty=/sys/class/power_supply
[    1.825558] systemd[1]: Display Boot-Time Emergency Messages In Full Screen skipped, unmet condition check ConditionVirtualization=no
[    1.833392] systemd[1]: Starting Journal Service...
         Starting [0;1;39mJournal Service[0m...
[    1.838978] systemd[1]: Starting Load Kernel Modules...
         Starting [0;1;39mLoad Kernel Modules[0m...
[    1.842160] systemd[1]: TPM PCR Barrier (initrd) skipped, unmet condition check ConditionSecurity=measured-uki
[    1.856948] systemd[1]: Starting Create Static Device Nodes in /dev...
         Starting [0;1;39mCreate Static Device Nodes in /dev[0m...
[    1.869287] systemd-journald[104]: Collecting audit messages is disabled.
[    1.872034] systemd[1]: Starting Coldplug All udev Devices...
         Starting [0;1;39mColdplug All udev Devices[0m...
[    1.901681] netfs: FS-Cache loaded
[    1.902564] systemd[1]: Finished Create Static Device Nodes in /dev.
[[0;32m  OK  [0m] Finished [0;1;39mCreate Static Device Nodes in /dev[0m.
[    1.911560] systemd[1]: Reached target Preparation for Local File Systems.
[    1.913765] 9pnet: Installing 9P2000 support
[[0;32m  OK  [0m] Reached target [0;1;39mPreparation for Local File Systems[0m.
[    1.921996] systemd[1]: Reached target Local File Systems.
[[0;32m  OK  [0m] Reached target [0;1;39mLocal File Systems[0m.
[    1.928202] 9p: Installing v9fs 9p2000 file system support
[    1.935121] systemd[1]: Starting Rule-based Manager for Device Events and Files...
         Starting [0;1;39mRule-based Manager for Device Events and Files[0m...
[    1.940715] systemd[1]: Started Journal Service.
[[0;32m  OK  [0m] Started [0;1;39mJournal Service[0m.
[[0;32m  OK  [0m] Finished [0;1;39mLoad Kernel Modules[0m.
         Starting [0;1;39mCreate System Files and Directories[0m...
[[0;32m  OK  [0m] Finished [0;1;39mCreate System Files and Directories[0m.
[[0;32m  OK  [0m] Started [0;1;39mRule-based Manager for Device Events and Files[0m.
[[0;32m  OK  [0m] Finished [0;1;39mColdplug All udev Devices[0m.
[[0;32m  OK  [0m] Reached target [0;1;39mSystem Initialization[0m.
[[0;32m  OK  [0m] Reached target [0;1;39mBasic System[0m.
[[0;32m  OK  [0m] Found device [0;1;39m/dev/vda1[0m.
[[0;32m  OK  [0m] Reached target [0;1;39mInitrd Root Device[0m.
         Starting [0;1;39mFile System Check on /dev/vda1[0m...
[    2.301159] scsi host0: ata_piix
[    2.305901] scsi host1: ata_piix
[    2.306598] ata1: PATA max MWDMA2 cmd 0x1f0 ctl 0x3f6 bmdma 0xc0e0 irq 14 lpm-pol 0
[    2.306600] ata2: PATA max MWDMA2 cmd 0x170 ctl 0x376 bmdma 0xc0e8 irq 15 lpm-pol 0
[    2.306800] bochs-drm 0000:00:02.0: vgaarb: deactivate vga console
[    2.326594] Floppy drive(s): fd0 is 2.88M AMI BIOS
[    2.341063] FDC 0 is a S82078B
[    2.368628] Console: switching to colour dummy device 80x25
[    2.373255] [drm] Found bochs VGA, ID 0xb0c5.
[    2.374048] [drm] Framebuffer size 16384 kB @ 0xfd000000, mmio @ 0xfebd0000.
[    2.376167] bochs-drm 0000:00:02.0: [drm] Registered 1 planes with drm panic
[    2.377452] [drm] Initialized bochs-drm 1.0.0 for 0000:00:02.0 on minor 0
[    2.384575] fbcon: bochs-drmdrmfb (fb0) is primary device
[    2.398788] Console: switching to colour frame buffer device 160x50
[    2.405211] bochs-drm 0000:00:02.0: [drm] fb0: bochs-drmdrmfb frame buffer device
         Starting [0;1;39mVirtual Console Setup[0m...
[[0;32m  OK  [0m] Stopped [0;1;39mVirtual Console Setup[0m.
         Starting [0;1;39mVirtual Console Setup[0m...
[    2.464098] ata2: found unknown device (class 0)
[    2.466402] ata2.00: ATAPI: QEMU DVD-ROM, 2.5+, max UDMA/100
[[0;32m  OK  [0m] Finished [0;1;39mVirtual Console Setup[0m.
[    2.481185] scsi 1:0:0:0: CD-ROM            QEMU     QEMU DVD-ROM     2.5+ PQ: 0 ANSI: 5
[[0;32m  OK  [0m] Finished [0;1;39mFile System Check on /dev/vda1[0m.
[    2.529353] sr 1:0:0:0: [sr0] scsi3-mmc drive: 4x/4x cd/rw xa/form2 tray
[    2.530877] cdrom: Uniform CD-ROM driver Revision: 3.20
         Mounting [0;1;39m/sysroot[0m...
[    2.958961] EXT4-fs (vda1): mounted filesystem ddfae1cc-629e-47f4-9008-261996ba3811 r/w with ordered data mode. Quota mode: none.
[[0;32m  OK  [0m] Mounted [0;1;39m/sysroot[0m.
[[0;32m  OK  [0m] Reached target [0;1;39mInitrd Root File System[0m.
         Starting [0;1;39mMountpoints Configured in the Real Root[0m...
[[0;32m  OK  [0m] Finished [0;1;39mMountpoints Configured in the Real Root[0m.
[[0;32m  OK  [0m] Reached target [0;1;39mInitrd File Systems[0m.
[[0;32m  OK  [0m] Reached target [0;1;39mInitrd Default Target[0m.
         Starting [0;1;39mCleaning Up and Shutting Down Daemons[0m...
[[0;32m  OK  [0m] Stopped target [0;1;39mInitrd Default Target[0m.
[[0;32m  OK  [0m] Stopped target [0;1;39mBasic System[0m.
[[0;32m  OK  [0m] Stopped target [0;1;39mInitrd Root Device[0m.
[[0;32m  OK  [0m] Stopped target [0;1;39mPath Units[0m.
[[0;32m  OK  [0m] Stopped target [0;1;39mSlice Units[0m.
[[0;32m  OK  [0m] Stopped target [0;1;39mSocket Units[0m.
[[0;32m  OK  [0m] Stopped target [0;1;39mSystem Initialization[0m.
[[0;32m  OK  [0m] Stopped target [0;1;39mSwaps[0m.
[[0;32m  OK  [0m] Stopped target [0;1;39mTimer Units[0m.
[[0;32m  OK  [0m] Stopped [0;1;39mLoad Kernel Modules[0m.
[[0;32m  OK  [0m] Stopped [0;1;39mCreate System Files and Directories[0m.
[[0;32m  OK  [0m] Stopped target [0;1;39mLocal File Systems[0m.
[[0;32m  OK  [0m] Stopped target [0;1;39mPreparation for Local File Systems[0m.
[[0;32m  OK  [0m] Stopped [0;1;39mColdplug All udev Devices[0m.
         Stopping [0;1;39mRule-based Manager for Device Events and Files[0m...
[[0;32m  OK  [0m] Stopped [0;1;39mVirtual Console Setup[0m.
[[0;32m  OK  [0m] Stopped [0;1;39mRule-based Manager for Device Events and Files[0m.
[[0;32m  OK  [0m] Closed [0;1;39mudev Control Socket[0m.
         Starting [0;1;39mCleanup udev Database[0m...
[[0;32m  OK  [0m] Stopped [0;1;39mCreate Static Device Nodes in /dev[0m.
[[0;32m  OK  [0m] Finished [0;1;39mCleaning Up and Shutting Down Daemons[0m.
[[0;32m  OK  [0m] Finished [0;1;39mCleanup udev Database[0m.
[[0;32m  OK  [0m] Reached target [0;1;39mSwitch Root[0m.
         Starting [0;1;39mSwitch Root[0m...
[    3.318806] systemd-journald[104]: Received SIGTERM from PID 1 (systemd).
P+q6E616D65\[6n[32766;32766H[6n[!p]104\[0m[?7h[1G[0J[    4.047920] systemd[1]: systemd 259.1-1-arch running in system mode (+PAM +AUDIT -SELINUX +APPARMOR -IMA +IPE +SMACK +SECCOMP +GCRYPT +GNUTLS +OPENSSL +ACL +BLKID +CURL +ELFUTILS +FIDO2 +IDN2 -IDN +KMOD +LIBCRYPTSETUP +LIBCRYPTSETUP_PLUGINS +LIBFDISK +PCRE2 +PWQUALITY +P11KIT +QRENCODE +TPM2 +BZIP2 +LZ4 +XZ +ZLIB +ZSTD +BPF_FRAMEWORK +BTF +XKBCOMMON +UTMP -SYSVINIT +LIBARCHIVE)
[    4.053861] systemd[1]: Detected virtualization kvm.
[    4.054781] systemd[1]: Detected architecture x86-64.

[0;1;39mWelcome to [0m[38;2;23;147;209mArch Linux[0m[0;1;39m![0m

[    4.059497] systemd[1]: Hostname set to <ksmbd-vm>.
]3008;start=949ff09019e44be38bc11ca15628d194;user=root;hostname=ksmbd-vm;machineid=0ab76daf18ce42b0b036a81eb53bdd79;bootid=2a234bb57b2d48b6b5bb7288a5c67f1f;pid=1;pidfdid=2;comm=systemd;type=boot\[    4.196107] systemd[1]: bpf-restrict-fs: LSM BPF program attached
[    4.253138] Guest personality initialized and is inactive
[    4.254273] VMCI host device registered (name=vmci, major=10, minor=260)
[    4.255503] Initialized host personality
[    4.260968] NET: Registered PF_VSOCK protocol family
[    4.535391] systemd[1]: initrd-switch-root.service: Deactivated successfully.
[    4.537024] systemd[1]: Stopped Switch Root.
[[0;32m  OK  [0m] Stopped [0;1;39mSwitch Root[0m.
[    4.540247] systemd[1]: systemd-journald.service: Scheduled restart job, restart counter is at 1.
[    4.542748] systemd[1]: Created slice Slice /system/dirmngr.
[[0;32m  OK  [0m] Created slice [0;1;39mSlice /system/dirmngr[0m.
[    4.546274] systemd[1]: Created slice Slice /system/getty.
[[0;32m  OK  [0m] Created slice [0;1;39mSlice /system/getty[0m.
[    4.549792] systemd[1]: Created slice Slice /system/gpg-agent.
[[0;32m  OK  [0m] Created slice [0;1;39mSlice /system/gpg-agent[0m.
[    4.553026] systemd[1]: Created slice Slice /system/gpg-agent-browser.
[[0;32m  OK  [0m] Created slice [0;1;39mSlice /system/gpg-agent-browser[0m.
[    4.556909] systemd[1]: Created slice Slice /system/gpg-agent-extra.
[[0;32m  OK  [0m] Created slice [0;1;39mSlice /system/gpg-agent-extra[0m.
[    4.560507] systemd[1]: Created slice Slice /system/gpg-agent-ssh.
[[0;32m  OK  [0m] Created slice [0;1;39mSlice /system/gpg-agent-ssh[0m.
[    4.564016] systemd[1]: Created slice Slice /system/keyboxd.
[[0;32m  OK  [0m] Created slice [0;1;39mSlice /system/keyboxd[0m.
[    4.567611] systemd[1]: Created slice Slice /system/modprobe.
[[0;32m  OK  [0m] Created slice [0;1;39mSlice /system/modprobe[0m.
[    4.570954] systemd[1]: Created slice Slice /system/serial-getty.
[[0;32m  OK  [0m] Created slice [0;1;39mSlice /system/serial-getty[0m.
[    4.574183] systemd[1]: Created slice User and Session Slice.
[[0;32m  OK  [0m] Created slice [0;1;39mUser and Session Slice[0m.
[    4.577065] systemd[1]: Started Dispatch Password Requests to Console Directory Watch.
[[0;32m  OK  [0m] Started [0;1;39mDispatch Password Requests to Console Directory Watch[0m.
[    4.580836] systemd[1]: Started Forward Password Requests to Wall Directory Watch.
[[0;32m  OK  [0m] Started [0;1;39mForward Password Requests to Wall Directory Watch[0m.
[    4.584631] systemd[1]: Set up automount Arbitrary Executable File Formats File System Automount Point.
[[0;32m  OK  [0m] Set up automount [0;1;39mArbitrary Executa…ormats File System Automount Point[0m.
[    4.589114] systemd[1]: Expecting device /dev/ttyS0...
         Expecting device [0;1;39m/dev/ttyS0[0m...
[    4.591556] systemd[1]: Reached target Local Encrypted Volumes.
[[0;32m  OK  [0m] Reached target [0;1;39mLocal Encrypted Volumes[0m.
[    4.594416] systemd[1]: Reached target Image Downloads.
[[0;32m  OK  [0m] Reached target [0;1;39mImage Downloads[0m.
[    4.597053] systemd[1]: Stopped target Switch Root.
[[0;32m  OK  [0m] Stopped target [0;1;39mSwitch Root[0m.
[    4.599544] systemd[1]: Stopped target Initrd File Systems.
[[0;32m  OK  [0m] Stopped target [0;1;39mInitrd File Systems[0m.
[    4.602310] systemd[1]: Stopped target Initrd Root File System.
[[0;32m  OK  [0m] Stopped target [0;1;39mInitrd Root File System[0m.
[    4.605193] systemd[1]: Reached target Local Integrity Protected Volumes.
[[0;32m  OK  [0m] Reached target [0;1;39mLocal Integrity Protected Volumes[0m.
[    4.608487] systemd[1]: Reached target Path Units.
[[0;32m  OK  [0m] Reached target [0;1;39mPath Units[0m.
[    4.610882] systemd[1]: Reached target Remote File Systems.
[[0;32m  OK  [0m] Reached target [0;1;39mRemote File Systems[0m.
[    4.613697] systemd[1]: Reached target Slice Units.
[[0;32m  OK  [0m] Reached target [0;1;39mSlice Units[0m.
[    4.616302] systemd[1]: Reached target Swaps.
[[0;32m  OK  [0m] Reached target [0;1;39mSwaps[0m.
[    4.618425] systemd[1]: Reached target Local Verity Protected Volumes.
[[0;32m  OK  [0m] Reached target [0;1;39mLocal Verity Protected Volumes[0m.
[    4.621274] systemd[1]: Listening on Device-mapper event daemon FIFOs.
[[0;32m  OK  [0m] Listening on [0;1;39mDevice-mapper event daemon FIFOs[0m.
[    4.625390] systemd[1]: Listening on Query the User Interactively for a Password.
[[0;32m  OK  [0m] Listening on [0;1;39mQuery the User Interactively for a Password[0m.
[    4.630601] systemd[1]: Listening on Process Core Dump Socket.
[[0;32m  OK  [0m] Listening on [0;1;39mProcess Core Dump Socket[0m.
[    4.634997] systemd[1]: Listening on Credential Encryption/Decryption.
[[0;32m  OK  [0m] Listening on [0;1;39mCredential Encryption/Decryption[0m.
[    4.640063] systemd[1]: Listening on Factory Reset Management.
[[0;32m  OK  [0m] Listening on [0;1;39mFactory Reset Management[0m.
[    4.646230] systemd[1]: Listening on Console Output Muting Service Socket.
[[0;32m  OK  [0m] Listening on [0;1;39mConsole Output Muting Service Socket[0m.
[    4.650184] systemd[1]: Listening on Network Management Resolve Hook Socket.
[[0;32m  OK  [0m] Listening on [0;1;39mNetwork Management Resolve Hook Socket[0m.
[    4.653787] systemd[1]: Listening on Network Management Varlink Socket.
[[0;32m  OK  [0m] Listening on [0;1;39mNetwork Management Varlink Socket[0m.
[    4.657053] systemd[1]: Listening on Network Management Netlink Socket.
[[0;32m  OK  [0m] Listening on [0;1;39mNetwork Management Netlink Socket[0m.
[    4.660166] systemd[1]: TPM PCR Measurements skipped, unmet condition check ConditionSecurity=measured-uki
[    4.662179] systemd[1]: Make TPM PCR Policy skipped, unmet condition check ConditionSecurity=measured-uki
[    4.665934] systemd[1]: Listening on Disk Repartitioning Service Socket.
[[0;32m  OK  [0m] Listening on [0;1;39mDisk Repartitioning Service Socket[0m.
[    4.669005] systemd[1]: Listening on Resolve Monitor Varlink Socket.
[[0;32m  OK  [0m] Listening on [0;1;39mResolve Monitor Varlink Socket[0m.
[    4.672058] systemd[1]: Listening on Resolve Service Varlink Socket.
[[0;32m  OK  [0m] Listening on [0;1;39mResolve Service Varlink Socket[0m.
[    4.674954] systemd[1]: Listening on udev Control Socket.
[[0;32m  OK  [0m] Listening on [0;1;39mudev Control Socket[0m.
[    4.677465] systemd[1]: Listening on udev Varlink Socket.
[[0;32m  OK  [0m] Listening on [0;1;39mudev Varlink Socket[0m.
[    4.679962] systemd[1]: Listening on User Database Manager Socket.
[[0;32m  OK  [0m] Listening on [0;1;39mUser Database Manager Socket[0m.
[    4.683914] systemd[1]: Mounting Huge Pages File System...
         Mounting [0;1;39mHuge Pages File System[0m...
[    4.687352] systemd[1]: Mounting POSIX Message Queue File System...
         Mounting [0;1;39mPOSIX Message Queue File System[0m...
[    4.697921] systemd[1]: Mounting Kernel Debug File System...
         Mounting [0;1;39mKernel Debug File System[0m...
[    4.701875] systemd[1]: Mounting Kernel Trace File System...
         Mounting [0;1;39mKernel Trace File System[0m...
[    4.708955] systemd[1]: Mounting Temporary Directory /tmp...
         Mounting [0;1;39mTemporary Directory /tmp[0m...
[    4.715003] systemd[1]: Starting Create List of Static Device Nodes...
         Starting [0;1;39mCreate List of Static Device Nodes[0m...
[    4.719524] systemd[1]: Load Kernel Module configfs skipped, unmet condition check ConditionKernelModuleLoaded=!configfs
[    4.724468] systemd[1]: Mounting Kernel Configuration File System...
         Mounting [0;1;39mKernel Configuration File System[0m...
[    4.727390] systemd[1]: Load Kernel Module drm skipped, unmet condition check ConditionKernelModuleLoaded=!drm
[    4.730377] systemd[1]: Load Kernel Module fuse skipped, unmet condition check ConditionKernelModuleLoaded=!fuse
[    4.740940] systemd[1]: Mounting FUSE Control File System...
         Mounting [0;1;39mFUSE Control File System[0m...
[    4.743680] systemd[1]: Clear Stale Hibernate Storage Info skipped, unmet condition check ConditionPathExists=/sys/firmware/efi/efivars/HibernateLocation-8cf2644b-4b0b-428f-9387-6d876050dc67
[    4.759361] systemd[1]: Starting Journal Service...
         Starting [0;1;39mJournal Service[0m...
[    4.764103] systemd[1]: Load Kernel Modules skipped, no trigger condition checks were met.
[    4.767902] systemd[1]: Starting Generate Network Units from Kernel Command Line...
         Starting [0;1;39mGenerate Network Units from Kernel Command Line[0m...
[    4.770937] systemd[1]: TPM PCR Machine ID Measurement skipped, unmet condition check ConditionSecurity=measured-uki
[    4.772931] systemd[1]: TPM NvPCR Product ID Measurement skipped, unmet condition check ConditionSecurity=measured-uki
[    4.776927] systemd[1]: Starting Remount Root and Kernel File Systems...
         Starting [0;1;39mRemount Root and Kernel File Systems[0m...
[    4.782584] systemd[1]: Starting Apply Kernel Variables...
         Starting [0;1;39mApply Kernel Variables[0m...
[    4.787373] systemd[1]: Early TPM SRK Setup skipped, unmet condition check ConditionSecurity=measured-uki
[    4.796387] systemd[1]: Starting Load udev Rules from Credentials...
         Starting [0;1;39mLoad udev Rules from Credentials[0m...
[    4.800611] systemd[1]: Starting Coldplug All udev Devices...
         Starting [0;1;39mColdplug All udev Devices[0m...
[    4.811201] systemd-journald[341]: Collecting audit messages is disabled.
[    4.814222] EXT4-fs (vda1): re-mounted ddfae1cc-629e-47f4-9008-261996ba3811.
[    4.818869] systemd[1]: Mounted Huge Pages File System.
[[0;32m  OK  [0m] Mounted [0;1;39mHuge Pages File System[0m.
[    4.827089] systemd[1]: Mounted POSIX Message Queue File System.
[[0;32m  OK  [0m] Mounted [0;1;39mPOSIX Message Queue File System[0m.
[    4.833628] systemd[1]: Started Journal Service.
[[0;32m  OK  [0m] Started [0;1;39mJournal Service[0m.
[[0;32m  OK  [0m] Mounted [0;1;39mKernel Debug File System[0m.
[[0;32m  OK  [0m] Mounted [0;1;39mKernel Trace File System[0m.
[[0;32m  OK  [0m] Mounted [0;1;39mTemporary Directory /tmp[0m.
[[0;32m  OK  [0m] Finished [0;1;39mCreate List of Static Device Nodes[0m.
[[0;32m  OK  [0m] Mounted [0;1;39mKernel Configuration File System[0m.
[[0;32m  OK  [0m] Mounted [0;1;39mFUSE Control File System[0m.
[[0;32m  OK  [0m] Finished [0;1;39mGenerate Network Units from Kernel Command Line[0m.
[[0;32m  OK  [0m] Finished [0;1;39mRemount Root and Kernel File Systems[0m.
[[0;32m  OK  [0m] Finished [0;1;39mApply Kernel Variables[0m.
[[0;32m  OK  [0m] Finished [0;1;39mLoad udev Rules from Credentials[0m.
[[0;32m  OK  [0m] Reached target [0;1;39mPreparation for Network[0m.
         Starting [0;1;39mFlush Journal to Persistent Storage[0m...
         Starting [0;1;39mLoad/Save OS Random Seed[0m...
         Starting [0;1;39mCreate Static Device Nodes in /dev gracefully[0m...
[    4.903139] systemd-journald[341]: Received client request to flush runtime journal.
[    4.921444] systemd-journald[341]: File /var/log/journal/0ab76daf18ce42b0b036a81eb53bdd79/system.journal corrupted or uncleanly shut down, renaming and replacing.
         Starting [0;1;39mUser Database Manager[0m...
[[0;32m  OK  [0m] Finished [0;1;39mLoad/Save OS Random Seed[0m.
[[0;32m  OK  [0m] Started [0;1;39mUser Database Manager[0m.
[[0;32m  OK  [0m] Finished [0;1;39mFlush Journal to Persistent Storage[0m.
[[0;32m  OK  [0m] Finished [0;1;39mCreate Static Device Nodes in /dev gracefully[0m.
         Starting [0;1;39mNetwork Name Resolution[0m...
         Starting [0;1;39mCreate Static Device Nodes in /dev[0m...
[[0;32m  OK  [0m] Finished [0;1;39mColdplug All udev Devices[0m.
[[0;32m  OK  [0m] Finished [0;1;39mCreate Static Device Nodes in /dev[0m.
[[0;32m  OK  [0m] Reached target [0;1;39mPreparation for Local File Systems[0m.
         Starting [0;1;39mRule-based Manager for Device Events and Files[0m...
[[0;32m  OK  [0m] Started [0;1;39mNetwork Name Resolution[0m.
[[0;32m  OK  [0m] Reached target [0;1;39mHost and Network Name Lookups[0m.
[[0;32m  OK  [0m] Started [0;1;39mRule-based Manager for Device Events and Files[0m.
         Starting [0;1;39mNetwork Management[0m...
[    5.419001] cfg80211: Loading compiled-in X.509 certificates for regulatory database
[    5.428491] Loaded X.509 cert 'sforshee: 00b28ddf47aef9cea7'
[    5.430187] Loaded X.509 cert 'wens: 61c038651aabdcf94bd0ac7ff06c7248db18c600'
[    5.432085] faux_driver regulatory: Direct firmware load for regulatory.db failed with error -2
[    5.434975] cfg80211: failed to load regulatory.db
[    5.446104] virtio_net virtio1 ens4: renamed from eth0
[[0;32m  OK  [0m] Started [0;1;39mNetwork Management[0m.
[[0;32m  OK  [0m] Reached target [0;1;39mNetwork[0m.
         Starting [0;1;39mEnable Persistent Storage in systemd-networkd[0m...
         Mounting [0;1;39m/mnt/ksmbd[0m...
[[0;32m  OK  [0m] Reached target [0;1;39mLocal File Systems[0m.
[[0;32m  OK  [0m] Listening on [0;1;39mBoot Entries Service Socket[0m.
[[0;32m  OK  [0m] Listening on [0;1;39mDisk Image Download Service Socket[0m.
[[0;32m  OK  [0m] Listening on [0;1;39mSystem Extension Image Management[0m.
         Starting [0;1;39mCreate System Files and Directories[0m...
         Starting [0;1;39mLoad JSON user/group Records from Credentials[0m...
[[0;32m  OK  [0m] Finished [0;1;39mEnable Persistent Storage in systemd-networkd[0m.
[    5.601048] 9pnet: Limiting 'msize' to 512000 as this is the maximum supported by transport virtio
[[0;32m  OK  [0m] Mounted [0;1;39m/mnt/ksmbd[0m.
[[0;32m  OK  [0m] Finished [0;1;39mLoad JSON user/group Records from Credentials[0m.
[    5.784602] piix4_smbus 0000:00:01.3: SMBus Host Controller at 0x700, revision 0
[    5.789170] i2c i2c-0: Memory type 0x07 not supported yet, not instantiating SPD
[[0;32m  OK  [0m] Finished [0;1;39mCreate System Files and Directories[0m.
         Starting [0;1;39mRecord System Boot/Shutdown in UTMP[0m...
[    5.831416] input: PC Speaker as /devices/platform/pcspkr/input/input3
[    5.842417] input: VirtualPS/2 VMware VMMouse as /devices/platform/i8042/serio1/input/input5
[[0;32m  OK  [0m] Finished [0;1;39mRecord System Boot/Shutdown in UTMP[0m.
[    5.849876] input: VirtualPS/2 VMware VMMouse as /devices/platform/i8042/serio1/input/input4
[[0;32m  OK  [0m] Reached target [0;1;39mSystem Initialization[0m.
[[0;32m  OK  [0m] Started [0;1;39mRefresh existing PGP keys of archlinux-keyring regularly[0m.
[[0;32m  OK  [0m] Started [0;1;39mDaily verification of password and group files[0m.
[[0;32m  OK  [0m] Started [0;1;39mDaily Cleanup of Temporary Directories[0m.
[[0;32m  OK  [0m] Reached target [0;1;39mTimer Units[0m.
[[0;32m  OK  [0m] Listening on [0;1;39mD-Bus System Message Bus Socket[0m.
[[0;32m  OK  [0m] Listening on [0;1;39mGnuPG network certifi…ent daemon for /etc/pacman.d/gnupg[0m.
[[0;32m  OK  [0m] Listening on [0;1;39mGnuPG cryptographic a… browsers) for /etc/pacman.d/gnupg[0m.
[[0;32m  OK  [0m] Listening on [0;1;39mGnuPG cryptographic a…estricted) for /etc/pacman.d/gnupg[0m.
[[0;32m  OK  [0m] Listening on [0;1;39mGnuPG cryptographic a…emulation) for /etc/pacman.d/gnupg[0m.
[[0;32m  OK  [0m] Listening on [0;1;39mGnuPG cryptographic a…rase cache for /etc/pacman.d/gnupg[0m.
[[0;32m  OK  [0m] Listening on [0;1;39mGnuPG public key mana…nt service for /etc/pacman.d/gnupg[0m.
[[0;32m  OK  [0m] Listening on [0;1;39mOpenSSH Server Socket…temd-ssh-generator, AF_UNIX Local)[0m.
[[0;32m  OK  [0m] Listening on [0;1;39mHostname Service Socket[0m.
[[0;32m  OK  [0m] Listening on [0;1;39mUser Login Management Varlink Socket[0m.
[[0;32m  OK  [0m] Listening on [0;1;39mVirtual Machine and C…tainer Registration Service Socket[0m.
[[0;32m  OK  [0m] Reached target [0;1;39mSocket Units[0m.
         Starting [0;1;39mD-Bus System Message Bus[0m...
[    5.913987] parport_pc 00:03: reported by Plug and Play ACPI
[[0;32m  OK  [0m] Listening on [0;1;39mLoad/Save RF Kill Switch Status /dev/rfkill Watch[0m.
[    5.941296] parport0: PC-style at 0x378, irq 7 [PCSPP,TRISTATE]
[[0;32m  OK  [0m] Started [0;1;39mD-Bus System Message Bus[0m.
[    5.976967] mousedev: PS/2 mouse device common for all mice
[[0;32m  OK  [0m] Reached target [0;1;39mBasic System[0m.
         Starting [0;1;39mOpenSSH Daemon[0m...
         Starting [0;1;39mUser Login Management[0m...
         Starting [0;1;39mPermit User Sessions[0m...
         Starting [0;1;39mVirtual Console Setup[0m...
[    6.039066] RAPL PMU: API unit is 2^-32 Joules, 0 fixed counters, 10737418240 ms ovfl timer
[[0;32m  OK  [0m] Stopped [0;1;39mVirtual Console Setup[0m.
         Starting [0;1;39mVirtual Console Setup[0m...
[[0;32m  OK  [0m] Finished [0;1;39mPermit User Sessions[0m.
[[0;32m  OK  [0m] Started [0;1;39mOpenSSH Daemon[0m.[    6.096254] ppdev: user-space parallel port driver

[[0;32m  OK  [0m] Reached target [0;1;39mSSH Access Available[0m.
[[0;32m  OK  [0m] Started [0;1;39mGetty on tty1[0m.
[[0;32m  OK  [0m] Started [0;1;39mSerial Getty on ttyS0[0m.
[[0;32m  OK  [0m] Reached target [0;1;39mLogin Prompts[0m.
[[0;32m  OK  [0m] Started [0;1;39mUser Login Management[0m.
[[0;32m  OK  [0m] Reached target [0;1;39mMulti-User System[0m.
[[0;32m  OK  [0m] Reached target [0;1;39mGraphical Interface[0m.
[[0;32m  OK  [0m] Finished [0;1;39mVirtual Console Setup[0m.
[!p]104\[0m[?7h[1G[0J[6n[32766;32766H[6n[!p]104\[0m[?7h[1G[0J[6n[32766;32766H[6n]3008;start=29ddaa055095415e99cd9d2912703d49;user=root;hostname=ksmbd-vm;machineid=0ab76daf18ce42b0b036a81eb53bdd79;bootid=2a234bb57b2d48b6b5bb7288a5c67f1f;pid=443;pidfdid=444;comm=(agetty);servicename=serial-getty@ttyS0.service;invocationid=783dec11801c4428a62911423ba23f3f;type=service\P+q6E616D65\
Arch Linux 6.18.13-arch1-1 (ttyS0)

ksmbd-vm login: root (automatic login)

]3008;start=8f881e3560d64734beab43699ca7e9f0;user=root;hostname=ksmbd-vm;machineid=0ab76daf18ce42b0b036a81eb53bdd79;bootid=2a234bb57b2d48b6b5bb7288a5c67f1f;pid=443;pidfdid=444;comm=login;targetuser=root;sessionid=1;type=session\
  ╔══════════════════════════════════════════════╗
  ║         ksmbd Test VM                        ║
  ╠══════════════════════════════════════════════╣
  ║  /root/start-ksmbd.sh   - Start server      ║
  ║  /root/reload-ksmbd.sh  - Reload module      ║
  ║  /root/dev-info.sh      - Debug/analysis info║
  ║  /mnt/ksmbd/            - Shared source      ║
  ║  poweroff                - Shutdown VM        ║
  ╚══════════════════════════════════════════════╝

]3008;start=dac67bbe-e555-44ee-9a87-a3558fbef1af;machineid=0ab76daf18ce42b0b036a81eb53bdd79;user=root;hostname=ksmbd-vm;bootid=2a234bb5-7b2d-48b6-b5bb-7288a5c67f1f;pid=459;type=shell;cwd=/root\[?2004h[root@ksmbd-vm ~]# 