[    0.000000] Linux version 6.18.13-arch1-1 (linux@archlinux) (gcc (GCC) 15.2.1 20260209, GNU ld (GNU Binutils) 2.46) #1 SMP PREEMPT_DYNAMIC Wed, 25 Feb 2026 23:12:35 +0000
[    0.000000] Command line: root=/dev/vda1 rw console=ttyS0,115200 loglevel=7
[    0.000000] BIOS-provided physical RAM map:
[    0.000000] BIOS-e820: [mem 0x0000000000000000-0x000000000009fbff] usable
[    0.000000] BIOS-e820: [mem 0x000000000009fc00-0x000000000009ffff] reserved
[    0.000000] BIOS-e820: [mem 0x00000000000f0000-0x00000000000fffff] reserved
[    0.000000] BIOS-e820: [mem 0x0000000000100000-0x000000007ffdcfff] usable
[    0.000000] BIOS-e820: [mem 0x000000007ffdd000-0x000000007fffffff] reserved
[    0.000000] BIOS-e820: [mem 0x00000000feffc000-0x00000000feffffff] reserved
[    0.000000] BIOS-e820: [mem 0x00000000fffc0000-0x00000000ffffffff] reserved
[    0.000000] NX (Execute Disable) protection: active
[    0.000000] APIC: Static calls initialized
[    0.000000] SMBIOS 2.8 present.
[    0.000000] DMI: QEMU Standard PC (i440FX + PIIX, 1996), BIOS Arch Linux 1.17.0-2-2 04/01/2014
[    0.000000] DMI: Memory slots populated: 1/1
[    0.000000] Hypervisor detected: KVM
[    0.000000] last_pfn = 0x7ffdd max_arch_pfn = 0x400000000
[    0.000000] kvm-clock: Using msrs 4b564d01 and 4b564d00
[    0.000001] kvm-clock: using sched offset of 715781852 cycles
[    0.000003] clocksource: kvm-clock: mask: 0xffffffffffffffff max_cycles: 0x1cd42e4dffb, max_idle_ns: 881590591483 ns
[    0.000007] tsc: Detected 3600.000 MHz processor
[    0.001307] last_pfn = 0x7ffdd max_arch_pfn = 0x400000000
[    0.001341] MTRR map: 4 entries (3 fixed + 1 variable; max 19), built from 8 variable MTRRs
[    0.001344] x86/PAT: Configuration [0-7]: WB  WC  UC- UC  WB  WP  UC- WT  
[    0.010771] found SMP MP-table at [mem 0x000f66b0-0x000f66bf]
[    0.010802] Using GB pages for direct mapping
[    0.011022] RAMDISK: [mem 0x7f508000-0x7ffcffff]
[    0.011099] ACPI: Early table checksum verification disabled
[    0.011102] ACPI: RSDP 0x00000000000F64E0 000014 (v00 BOCHS )
[    0.011108] ACPI: RSDT 0x000000007FFE239C 000034 (v01 BOCHS  BXPC     00000001 BXPC 00000001)
[    0.011115] ACPI: FACP 0x000000007FFE2248 000074 (v01 BOCHS  BXPC     00000001 BXPC 00000001)
[    0.011124] ACPI: DSDT 0x000000007FFE0040 002208 (v01 BOCHS  BXPC     00000001 BXPC 00000001)
[    0.011128] ACPI: FACS 0x000000007FFE0000 000040
[    0.011132] ACPI: APIC 0x000000007FFE22BC 000080 (v03 BOCHS  BXPC     00000001 BXPC 00000001)
[    0.011137] ACPI: HPET 0x000000007FFE233C 000038 (v01 BOCHS  BXPC     00000001 BXPC 00000001)
[    0.011141] ACPI: WAET 0x000000007FFE2374 000028 (v01 BOCHS  BXPC     00000001 BXPC 00000001)
[    0.011144] ACPI: Reserving FACP table memory at [mem 0x7ffe2248-0x7ffe22bb]
[    0.011146] ACPI: Reserving DSDT table memory at [mem 0x7ffe0040-0x7ffe2247]
[    0.011147] ACPI: Reserving FACS table memory at [mem 0x7ffe0000-0x7ffe003f]
[    0.011148] ACPI: Reserving APIC table memory at [mem 0x7ffe22bc-0x7ffe233b]
[    0.011149] ACPI: Reserving HPET table memory at [mem 0x7ffe233c-0x7ffe2373]
[    0.011150] ACPI: Reserving WAET table memory at [mem 0x7ffe2374-0x7ffe239b]
[    0.011700] No NUMA configuration found
[    0.011701] Faking a node at [mem 0x0000000000000000-0x000000007ffdcfff]
[    0.011710] NODE_DATA(0) allocated [mem 0x7f4dd280-0x7f507fff]
[    0.012151] Zone ranges:
[    0.012152]   DMA      [mem 0x0000000000001000-0x0000000000ffffff]
[    0.012154]   DMA32    [mem 0x0000000001000000-0x000000007ffdcfff]
[    0.012158]   Normal   empty
[    0.012159]   Device   empty
[    0.012160] Movable zone start for each node
[    0.012163] Early memory node ranges
[    0.012164]   node   0: [mem 0x0000000000001000-0x000000000009efff]
[    0.012165]   node   0: [mem 0x0000000000100000-0x000000007ffdcfff]
[    0.012167] Initmem setup node 0 [mem 0x0000000000001000-0x000000007ffdcfff]
[    0.012187] On node 0, zone DMA: 1 pages in unavailable ranges
[    0.012376] On node 0, zone DMA: 97 pages in unavailable ranges
[    0.034487] On node 0, zone DMA32: 35 pages in unavailable ranges
[    0.035191] ACPI: PM-Timer IO Port: 0x608
[    0.035216] ACPI: LAPIC_NMI (acpi_id[0xff] dfl dfl lint[0x1])
[    0.035253] IOAPIC[0]: apic_id 0, version 17, address 0xfec00000, GSI 0-23
[    0.035257] ACPI: INT_SRC_OVR (bus 0 bus_irq 0 global_irq 2 dfl dfl)
[    0.035259] ACPI: INT_SRC_OVR (bus 0 bus_irq 5 global_irq 5 high level)
[    0.035260] ACPI: INT_SRC_OVR (bus 0 bus_irq 9 global_irq 9 high level)
[    0.035261] ACPI: INT_SRC_OVR (bus 0 bus_irq 10 global_irq 10 high level)
[    0.035263] ACPI: INT_SRC_OVR (bus 0 bus_irq 11 global_irq 11 high level)
[    0.035271] ACPI: Using ACPI (MADT) for SMP configuration information
[    0.035273] ACPI: HPET id: 0x8086a201 base: 0xfed00000
[    0.035279] TSC deadline timer available
[    0.035286] CPU topo: Max. logical packages:   1
[    0.035287] CPU topo: Max. logical dies:       1
[    0.035288] CPU topo: Max. dies per package:   1
[    0.035296] CPU topo: Max. threads per core:   1
[    0.035297] CPU topo: Num. cores per package:     2
[    0.035298] CPU topo: Num. threads per package:   2
[    0.035298] CPU topo: Allowing 2 present CPUs plus 0 hotplug CPUs
[    0.035320] kvm-guest: APIC: eoi() replaced with kvm_guest_apic_eoi_write()
[    0.035333] kvm-guest: KVM setup pv remote TLB flush
[    0.035337] kvm-guest: setup PV sched yield
[    0.035345] PM: hibernation: Registered nosave memory: [mem 0x00000000-0x00000fff]
[    0.035347] PM: hibernation: Registered nosave memory: [mem 0x0009f000-0x000fffff]
[    0.035349] [mem 0x80000000-0xfeffbfff] available for PCI devices
[    0.035350] Booting paravirtualized kernel on KVM
[    0.035352] clocksource: refined-jiffies: mask: 0xffffffff max_cycles: 0xffffffff, max_idle_ns: 1910969940391419 ns
[    0.041619] setup_percpu: NR_CPUS:8192 nr_cpumask_bits:2 nr_cpu_ids:2 nr_node_ids:1
[    0.043148] percpu: Embedded 62 pages/cpu s217088 r8192 d28672 u1048576
[    0.043208] kvm-guest: PV spinlocks enabled
[    0.043211] PV qspinlock hash table entries: 256 (order: 0, 4096 bytes, linear)
[    0.043214] Kernel command line: root=/dev/vda1 rw console=ttyS0,115200 loglevel=7
[    0.043284] random: crng init done
[    0.043286] printk: log buffer data + meta data: 131072 + 458752 = 589824 bytes
[    0.044619] Dentry cache hash table entries: 262144 (order: 9, 2097152 bytes, linear)
[    0.045331] Inode-cache hash table entries: 131072 (order: 8, 1048576 bytes, linear)
[    0.045424] Fallback order for Node 0: 0 
[    0.045428] Built 1 zonelists, mobility grouping on.  Total pages: 524155
[    0.045429] Policy zone: DMA32
[    0.046993] mem auto-init: stack:all(zero), heap alloc:on, heap free:off
[    0.052117] SLUB: HWalign=64, Order=0-3, MinObjects=0, CPUs=2, Nodes=1
[    0.052146] Kernel/User page tables isolation: enabled
[    0.062653] ftrace: allocating 57060 entries in 224 pages
[    0.062655] ftrace: allocated 224 pages with 3 groups
[    0.062896] Dynamic Preempt: full
[    0.062950] rcu: Preemptible hierarchical RCU implementation.
[    0.062951] rcu: 	RCU restricting CPUs from NR_CPUS=8192 to nr_cpu_ids=2.
[    0.062952] rcu: 	RCU priority boosting: priority 1 delay 500 ms.
[    0.062953] 	Trampoline variant of Tasks RCU enabled.
[    0.062954] 	Rude variant of Tasks RCU enabled.
[    0.062954] 	Tracing variant of Tasks RCU enabled.
[    0.062955] rcu: RCU calculated value of scheduler-enlistment delay is 100 jiffies.
[    0.062956] rcu: Adjusting geometry for rcu_fanout_leaf=16, nr_cpu_ids=2
[    0.062962] RCU Tasks: Setting shift to 1 and lim to 1 rcu_task_cb_adjust=1 rcu_task_cpu_ids=2.
[    0.062964] RCU Tasks Rude: Setting shift to 1 and lim to 1 rcu_task_cb_adjust=1 rcu_task_cpu_ids=2.
[    0.062965] RCU Tasks Trace: Setting shift to 1 and lim to 1 rcu_task_cb_adjust=1 rcu_task_cpu_ids=2.
[    0.070534] NR_IRQS: 524544, nr_irqs: 440, preallocated irqs: 16
[    0.070794] rcu: srcu_init: Setting srcu_struct sizes based on contention.
[    0.071012] kfence: initialized - using 2097152 bytes for 255 objects at 0x(____ptrval____)-0x(____ptrval____)
[    0.089257] Console: colour VGA+ 80x25
[    0.089326] printk: legacy console [ttyS0] enabled
[    0.270779] ACPI: Core revision 20250807
[    0.272043] clocksource: hpet: mask: 0xffffffff max_cycles: 0xffffffff, max_idle_ns: 19112604467 ns
[    0.274458] APIC: Switch to symmetric I/O mode setup
[    0.276002] x2apic enabled
[    0.277022] APIC: Switched APIC routing to: physical x2apic
[    0.278505] kvm-guest: APIC: send_IPI_mask() replaced with kvm_send_ipi_mask()
[    0.280355] kvm-guest: APIC: send_IPI_mask_allbutself() replaced with kvm_send_ipi_mask_allbutself()
[    0.282703] kvm-guest: setup PV IPIs
[    0.284847] ..TIMER: vector=0x30 apic1=0 pin1=2 apic2=-1 pin2=-1
[    0.286417] clocksource: tsc-early: mask: 0xffffffffffffffff max_cycles: 0x33e452fbb2f, max_idle_ns: 440795236593 ns
[    0.289118] Calibrating delay loop (skipped) preset value.. 7200.00 BogoMIPS (lpj=3600000)
[    0.290245] x86/cpu: User Mode Instruction Prevention (UMIP) activated
[    0.291211] Last level iTLB entries: 4KB 0, 2MB 0, 4MB 0
[    0.292117] Last level dTLB entries: 4KB 0, 2MB 0, 4MB 0, 1GB 0
[    0.293126] mitigations: Enabled attack vectors: user_kernel, user_user, guest_host, guest_guest, SMT mitigations: auto
[    0.294117] Speculative Store Bypass: Mitigation: Speculative Store Bypass disabled via prctl
[    0.295117] SRBDS: Unknown: Dependent on hypervisor status
[    0.296117] Spectre V2 : Mitigation: IBRS
[    0.297117] RETBleed: Mitigation: IBRS
[    0.298117] MDS: Mitigation: Clear CPU buffers
[    0.299117] TAA: Mitigation: Clear CPU buffers
[    0.300117] MMIO Stale Data: Mitigation: Clear CPU buffers
[    0.301117] Spectre V1 : Mitigation: usercopy/swapgs barriers and __user pointer sanitization
[    0.303116] Spectre V2 : Spectre v2 / SpectreRSB: Filling RSB on context switch and VMEXIT
[    0.304120] Spectre V2 : mitigation: Enabling conditional Indirect Branch Prediction Barrier
[    0.305123] GDS: Unknown: Dependent on hypervisor status
[    0.306117] Spectre V2 : Spectre BHI mitigation: SW BHB clearing on syscall and VM exit
[    0.307141] x86/fpu: Supporting XSAVE feature 0x001: 'x87 floating point registers'
[    0.308117] x86/fpu: Supporting XSAVE feature 0x002: 'SSE registers'
[    0.309117] x86/fpu: Supporting XSAVE feature 0x004: 'AVX registers'
[    0.310117] x86/fpu: Supporting XSAVE feature 0x008: 'MPX bounds registers'
[    0.311118] x86/fpu: Supporting XSAVE feature 0x010: 'MPX CSR'
[    0.312117] x86/fpu: xstate_offset[2]:  576, xstate_sizes[2]:  256
[    0.313117] x86/fpu: xstate_offset[3]:  832, xstate_sizes[3]:   64
[    0.314117] x86/fpu: xstate_offset[4]:  896, xstate_sizes[4]:   64
[    0.315117] x86/fpu: Enabled xstate features 0x1f, context size is 960 bytes, using 'compacted' format.
[    0.349815] Freeing SMP alternatives memory: 56K
[    0.350119] pid_max: default: 32768 minimum: 301
[    0.351169] LSM: initializing lsm=capability,landlock,lockdown,yama,bpf
[    0.352188] landlock: Up and running.
[    0.353119] Yama: becoming mindful.
[    0.355143] LSM support for eBPF active
[    0.356162] Mount-cache hash table entries: 4096 (order: 3, 32768 bytes, linear)
[    0.357139] Mountpoint-cache hash table entries: 4096 (order: 3, 32768 bytes, linear)
[    0.359959] smpboot: CPU0: Intel(R) Core(TM) i7-7700 CPU @ 3.60GHz (family: 0x6, model: 0x9e, stepping: 0x9)
[    0.360529] Performance Events: Skylake events, full-width counters, Intel PMU driver.
[    0.361123] ... version:                   2
[    0.362151] ... bit width:                 48
[    0.363118] ... generic counters:          4
[    0.364118] ... generic bitmap:            000000000000000f
[    0.365118] ... fixed-purpose counters:    3
[    0.366124] ... fixed-purpose bitmap:      0000000000000007
[    0.367118] ... value mask:                0000ffffffffffff
[    0.368118] ... max period:                00007fffffffffff
[    0.369118] ... global_ctrl mask:          000000070000000f
[    0.370308] signal: max sigframe size: 2032
[    0.371185] rcu: Hierarchical SRCU implementation.
[    0.372118] rcu: 	Max phase no-delay instances is 400.
[    0.373280] Timer migration: 1 hierarchy levels; 8 children per group; 1 crossnode level
[    0.374612] smp: Bringing up secondary CPUs ...
[    0.375380] smpboot: x86: Booting SMP configuration:
[    0.376125] .... node  #0, CPUs:      #1
[    0.376271] smp: Brought up 1 node, 2 CPUs
[    0.378122] smpboot: Total of 2 processors activated (14400.00 BogoMIPS)
[    0.379209] Memory: 1985448K/2096620K available (20319K kernel code, 2939K rwdata, 16368K rodata, 4736K init, 4772K bss, 105896K reserved, 0K cma-reserved)
[    0.380338] devtmpfs: initialized
[    0.381168] x86/mm: Memory block size: 128MB
[    0.382660] clocksource: jiffies: mask: 0xffffffff max_cycles: 0xffffffff, max_idle_ns: 1911260446275000 ns
[    0.383143] posixtimers hash table entries: 1024 (order: 2, 16384 bytes, linear)
[    0.384144] futex hash table entries: 512 (32768 bytes on 1 NUMA nodes, total 32 KiB, linear).
[    0.385187] pinctrl core: initialized pinctrl subsystem
[    0.386301] PM: RTC time: 13:13:23, date: 2026-03-07
[    0.388895] NET: Registered PF_NETLINK/PF_ROUTE protocol family
[    0.389405] DMA: preallocated 256 KiB GFP_KERNEL pool for atomic allocations
[    0.390138] DMA: preallocated 256 KiB GFP_KERNEL|GFP_DMA pool for atomic allocations
[    0.391279] DMA: preallocated 256 KiB GFP_KERNEL|GFP_DMA32 pool for atomic allocations
[    0.392124] audit: initializing netlink subsys (disabled)
[    0.393172] audit: type=2000 audit(1772889203.523:1): state=initialized audit_enabled=0 res=1
[    0.393279] thermal_sys: Registered thermal governor 'fair_share'
[    0.394120] thermal_sys: Registered thermal governor 'bang_bang'
[    0.395119] thermal_sys: Registered thermal governor 'step_wise'
[    0.396119] thermal_sys: Registered thermal governor 'user_space'
[    0.397119] thermal_sys: Registered thermal governor 'power_allocator'
[    0.398138] cpuidle: using governor ladder
[    0.400124] cpuidle: using governor menu
[    0.401274] acpiphp: ACPI Hot Plug PCI Controller Driver version: 0.5
[    0.402347] PCI: Using configuration type 1 for base access
[    0.403278] kprobes: kprobe jump-optimization is enabled. All kprobes are optimized if possible.
[    0.410159] HugeTLB: registered 1.00 GiB page size, pre-allocated 0 pages
[    0.411120] HugeTLB: 16380 KiB vmemmap can be freed for a 1.00 GiB page
[    0.414120] HugeTLB: registered 2.00 MiB page size, pre-allocated 0 pages
[    0.415118] HugeTLB: 28 KiB vmemmap can be freed for a 2.00 MiB page
[    0.429546] raid6: skipped pq benchmark and selected avx2x4
[    0.430119] raid6: using avx2x2 recovery algorithm
[    0.433275] ACPI: Added _OSI(Module Device)
[    0.434119] ACPI: Added _OSI(Processor Device)
[    0.435118] ACPI: Added _OSI(Processor Aggregator Device)
[    0.437499] ACPI: 1 ACPI AML tables successfully acquired and loaded
[    0.439295] ACPI: Interpreter enabled
[    0.440133] ACPI: PM: (supports S0 S3 S4 S5)
[    0.441120] ACPI: Using IOAPIC for interrupt routing
[    0.442253] PCI: Using host bridge windows from ACPI; if necessary, use "pci=nocrs" and report a bug
[    0.443118] PCI: Using E820 reservations for host bridge windows
[    0.444255] ACPI: Enabled 2 GPEs in block 00 to 0F
[    0.448530] ACPI: PCI Root Bridge [PCI0] (domain 0000 [bus 00-ff])
[    0.449126] acpi PNP0A03:00: _OSC: OS supports [ASPM ClockPM Segments MSI EDR HPX-Type3]
[    0.450119] acpi PNP0A03:00: _OSC: not requesting OS control; OS requires [ExtendedConfig ASPM ClockPM MSI]
[    0.451129] acpi PNP0A03:00: fail to add MMCONFIG information, can't access extended configuration space under this bridge
[    0.452543] acpiphp: Slot [3] registered
[    0.453146] acpiphp: Slot [4] registered
[    0.454143] acpiphp: Slot [5] registered
[    0.455150] acpiphp: Slot [6] registered
[    0.456149] acpiphp: Slot [7] registered
[    0.457148] acpiphp: Slot [8] registered
[    0.458155] acpiphp: Slot [9] registered
[    0.459146] acpiphp: Slot [10] registered
[    0.460142] acpiphp: Slot [11] registered
[    0.461148] acpiphp: Slot [12] registered
[    0.462149] acpiphp: Slot [13] registered
[    0.463142] acpiphp: Slot [14] registered
[    0.464144] acpiphp: Slot [15] registered
[    0.465142] acpiphp: Slot [16] registered
[    0.466171] acpiphp: Slot [17] registered
[    0.467143] acpiphp: Slot [18] registered
[    0.468142] acpiphp: Slot [19] registered
[    0.469144] acpiphp: Slot [20] registered
[    0.470150] acpiphp: Slot [21] registered
[    0.471143] acpiphp: Slot [22] registered
[    0.472150] acpiphp: Slot [23] registered
[    0.473143] acpiphp: Slot [24] registered
[    0.474149] acpiphp: Slot [25] registered
[    0.475143] acpiphp: Slot [26] registered
[    0.476143] acpiphp: Slot [27] registered
[    0.477150] acpiphp: Slot [28] registered
[    0.478142] acpiphp: Slot [29] registered
[    0.479142] acpiphp: Slot [30] registered
[    0.480142] acpiphp: Slot [31] registered
[    0.481137] PCI host bridge to bus 0000:00
[    0.482123] pci_bus 0000:00: root bus resource [io  0x0000-0x0cf7 window]
[    0.483119] pci_bus 0000:00: root bus resource [io  0x0d00-0xffff window]
[    0.484119] pci_bus 0000:00: root bus resource [mem 0x000a0000-0x000bffff window]
[    0.485120] pci_bus 0000:00: root bus resource [mem 0x80000000-0xfebfffff window]
[    0.486118] pci_bus 0000:00: root bus resource [mem 0x100000000-0x17fffffff window]
[    0.487120] pci_bus 0000:00: root bus resource [bus 00-ff]
[    0.488218] pci 0000:00:00.0: [8086:1237] type 00 class 0x060000 conventional PCI endpoint
[    0.490004] pci 0000:00:01.0: [8086:7000] type 00 class 0x060100 conventional PCI endpoint
[    0.490988] pci 0000:00:01.1: [8086:7010] type 00 class 0x010180 conventional PCI endpoint
[    0.492183] pci 0000:00:01.1: BAR 4 [io  0xc0e0-0xc0ef]
[    0.493181] pci 0000:00:01.1: BAR 0 [io  0x01f0-0x01f7]: legacy IDE quirk
[    0.494118] pci 0000:00:01.1: BAR 1 [io  0x03f6]: legacy IDE quirk
[    0.495119] pci 0000:00:01.1: BAR 2 [io  0x0170-0x0177]: legacy IDE quirk
[    0.496118] pci 0000:00:01.1: BAR 3 [io  0x0376]: legacy IDE quirk
[    0.497392] pci 0000:00:01.3: [8086:7113] type 00 class 0x068000 conventional PCI endpoint
[    0.498759] pci 0000:00:01.3: quirk: [io  0x0600-0x063f] claimed by PIIX4 ACPI
[    0.499133] pci 0000:00:01.3: quirk: [io  0x0700-0x070f] claimed by PIIX4 SMB
[    0.500531] pci 0000:00:02.0: [1234:1111] type 00 class 0x030000 conventional PCI endpoint
[    0.503208] pci 0000:00:02.0: BAR 0 [mem 0xfd000000-0xfdffffff pref]
[    0.504191] pci 0000:00:02.0: BAR 2 [mem 0xfebd0000-0xfebd0fff]
[    0.505178] pci 0000:00:02.0: ROM [mem 0xfebc0000-0xfebcffff pref]
[    0.506339] pci 0000:00:02.0: Video device with shadowed ROM at [mem 0x000c0000-0x000dffff]
[    0.508162] pci 0000:00:03.0: [1af4:1009] type 00 class 0x000200 conventional PCI endpoint
[    0.511136] pci 0000:00:03.0: BAR 0 [io  0xc080-0xc0bf]
[    0.512136] pci 0000:00:03.0: BAR 1 [mem 0xfebd1000-0xfebd1fff]
[    0.513205] pci 0000:00:03.0: BAR 4 [mem 0xfe000000-0xfe003fff 64bit pref]
[    0.516565] pci 0000:00:04.0: [1af4:1000] type 00 class 0x020000 conventional PCI endpoint
[    0.518911] pci 0000:00:04.0: BAR 0 [io  0xc0c0-0xc0df]
[    0.519135] pci 0000:00:04.0: BAR 1 [mem 0xfebd2000-0xfebd2fff]
[    0.520173] pci 0000:00:04.0: BAR 4 [mem 0xfe004000-0xfe007fff 64bit pref]
[    0.521135] pci 0000:00:04.0: ROM [mem 0xfeb80000-0xfebbffff pref]
[    0.524287] pci 0000:00:05.0: [1af4:1001] type 00 class 0x010000 conventional PCI endpoint
[    0.527138] pci 0000:00:05.0: BAR 0 [io  0xc000-0xc07f]
[    0.528135] pci 0000:00:05.0: BAR 1 [mem 0xfebd3000-0xfebd3fff]
[    0.529175] pci 0000:00:05.0: BAR 4 [mem 0xfe008000-0xfe00bfff 64bit pref]
[    0.542397] ACPI: PCI: Interrupt link LNKA configured for IRQ 10
[    0.543366] ACPI: PCI: Interrupt link LNKB configured for IRQ 10
[    0.544298] ACPI: PCI: Interrupt link LNKC configured for IRQ 11
[    0.545293] ACPI: PCI: Interrupt link LNKD configured for IRQ 11
[    0.546249] ACPI: PCI: Interrupt link LNKS configured for IRQ 9
[    0.548137] iommu: Default domain type: Translated
[    0.549122] iommu: DMA domain TLB invalidation policy: lazy mode
[    0.551549] SCSI subsystem initialized
[    0.552192] ACPI: bus type USB registered
[    0.553220] usbcore: registered new interface driver usbfs
[    0.554134] usbcore: registered new interface driver hub
[    0.555127] usbcore: registered new device driver usb
[    0.556192] EDAC MC: Ver: 3.0.0
[    0.558313] NetLabel: Initializing
[    0.559119] NetLabel:  domain hash size = 128
[    0.560119] NetLabel:  protocols = UNLABELED CIPSOv4 CALIPSO
[    0.561151] NetLabel:  unlabeled traffic allowed by default
[    0.562129] mctp: management component transport protocol core
[    0.563126] NET: Registered PF_MCTP protocol family
[    0.564149] PCI: Using ACPI for IRQ routing
[    0.565442] pci 0000:00:02.0: vgaarb: setting as boot VGA device
[    0.566114] pci 0000:00:02.0: vgaarb: bridge control possible
[    0.566114] pci 0000:00:02.0: vgaarb: VGA device added: decodes=io+mem,owns=io+mem,locks=none
[    0.566120] vgaarb: loaded
[    0.566941] hpet0: at MMIO 0xfed00000, IRQs 2, 8, 0
[    0.567114] hpet0: 3 comparators, 64-bit 100.000000 MHz counter
[    0.573523] clocksource: Switched to clocksource kvm-clock
[    0.576959] VFS: Disk quotas dquot_6.6.0
[    0.578106] VFS: Dquot-cache hash table entries: 512 (order 0, 4096 bytes)
[    0.580464] pnp: PnP ACPI init
[    0.581975] pnp: PnP ACPI: found 6 devices
[    0.593227] clocksource: acpi_pm: mask: 0xffffff max_cycles: 0xffffff, max_idle_ns: 2085701024 ns
[    0.596075] NET: Registered PF_INET protocol family
[    0.597754] IP idents hash table entries: 32768 (order: 6, 262144 bytes, linear)
[    0.625278] tcp_listen_portaddr_hash hash table entries: 1024 (order: 2, 16384 bytes, linear)
[    0.627963] Table-perturb hash table entries: 65536 (order: 6, 262144 bytes, linear)
[    0.630286] TCP established hash table entries: 16384 (order: 5, 131072 bytes, linear)
[    0.632963] TCP bind hash table entries: 16384 (order: 7, 524288 bytes, linear)
[    0.635094] TCP: Hash tables configured (established 16384 bind 16384)
[    0.637217] MPTCP token hash table entries: 2048 (order: 4, 49152 bytes, linear)
[    0.639431] UDP hash table entries: 1024 (order: 4, 65536 bytes, linear)
[    0.641416] UDP-Lite hash table entries: 1024 (order: 4, 65536 bytes, linear)
[    0.643548] NET: Registered PF_UNIX/PF_LOCAL protocol family
[    0.645182] NET: Registered PF_XDP protocol family
[    0.646647] pci_bus 0000:00: resource 4 [io  0x0000-0x0cf7 window]
[    0.648437] pci_bus 0000:00: resource 5 [io  0x0d00-0xffff window]
[    0.650191] pci_bus 0000:00: resource 6 [mem 0x000a0000-0x000bffff window]
[    0.652121] pci_bus 0000:00: resource 7 [mem 0x80000000-0xfebfffff window]
[    0.654171] pci_bus 0000:00: resource 8 [mem 0x100000000-0x17fffffff window]
[    0.656276] pci 0000:00:01.0: PIIX3: Enabling Passive Release
[    0.657998] pci 0000:00:00.0: Limiting direct PCI/PCI transfers
[    0.659838] PCI: CLS 0 bytes, default 64
[    0.661160] clocksource: tsc: mask: 0xffffffffffffffff max_cycles: 0x33e452fbb2f, max_idle_ns: 440795236593 ns
[    0.661204] Trying to unpack rootfs image as initramfs...
[    0.698482] Initialise system trusted keyrings
[    0.699806] Key type blacklist registered
[    0.701469] workingset: timestamp_bits=36 max_order=19 bucket_order=0
[    0.703719] fuse: init (API version 7.45)
[    0.705026] integrity: Platform Keyring initialized
[    0.706479] integrity: Machine keyring initialized
[    0.723733] xor: automatically using best checksumming function   avx       
[    0.725802] Key type asymmetric registered
[    0.726991] Asymmetric key parser 'x509' registered
[    0.728462] Block layer SCSI generic (bsg) driver version 0.4 loaded (major 245)
[    0.730729] io scheduler mq-deadline registered
[    0.732026] io scheduler kyber registered
[    0.733212] io scheduler bfq registered
[    0.734469] ledtrig-cpu: registered to indicate activity on CPUs
[    0.736412] input: Power Button as /devices/LNXSYSTM:00/LNXPWRBN:00/input/input0
[    0.738628] ACPI: button: Power Button [PWRF]
[    0.741635] ACPI: \_SB_.LNKC: Enabled at IRQ 11
[    0.746029] ACPI: \_SB_.LNKD: Enabled at IRQ 10
[    0.750389] ACPI: \_SB_.LNKA: Enabled at IRQ 10
[    0.773623] Serial: 8250/16550 driver, 32 ports, IRQ sharing enabled
[    0.775216] Freeing initrd memory: 11040K
[    0.777068] 00:04: ttyS0 at I/O 0x3f8 (irq = 4, base_baud = 115200) is a 16550A
[    0.781459] Non-volatile memory driver v1.3
[    0.782604] Linux agpgart interface v0.103
[    0.783741] ACPI: bus type drm_connector registered
[    0.786008] virtio_blk virtio2: 2/0/0 default/read/poll queues
[    0.789244] virtio_blk virtio2: [vda] 25165824 512-byte logical blocks (12.9 GB/12.0 GiB)
[    0.818545]  vda: vda1
[    0.819713] usbcore: registered new interface driver usbserial_generic
[    0.821498] usbserial: USB Serial support registered for generic
[    0.823231] i8042: PNP: PS/2 Controller [PNP0303:KBD,PNP0f13:MOU] at 0x60,0x64 irq 1,12
[    0.826475] serio: i8042 KBD port at 0x60,0x64 irq 1
[    0.827878] serio: i8042 AUX port at 0x60,0x64 irq 12
[    0.829822] input: AT Translated Set 2 keyboard as /devices/platform/i8042/serio0/input/input1
[    0.832235] rtc_cmos 00:05: RTC can wake from S4
[    0.834613] rtc_cmos 00:05: registered as rtc0
[    0.835886] rtc_cmos 00:05: setting system clock to 2026-03-07T13:13:23 UTC (1772889203)
[    0.838269] rtc_cmos 00:05: alarms up to one day, y3k, 242 bytes nvram, hpet irqs
[    0.840391] intel_pstate: CPU model not supported
[    0.841781] hid: raw HID events driver (C) Jiri Kosina
[    0.843223] usbcore: registered new interface driver usbhid
[    0.844678] usbhid: USB HID core driver
[    0.845742] rust_binder: Loaded Rust Binder.
[    0.845770] drop_monitor: Initializing network drop monitor service
[    0.848754] NET: Registered PF_INET6 protocol family
[    0.850674] Segment Routing with IPv6
[    0.851713] RPL Segment Routing with IPv6
[    0.852873] In-situ OAM (IOAM) with IPv6
[    0.854084] NET: Registered PF_PACKET protocol family
[    0.855819] IPI shorthand broadcast: enabled
[    0.859868] sched_clock: Marking stable (648002297, 211314419)->(1020417239, -161100523)
[    0.862287] registered taskstats version 1
[    0.863730] Loading compiled-in X.509 certificates
[    0.875631] Loaded X.509 cert 'Build time autogenerated kernel key: 4f282eb87851fdb04b530c5e67453df628afff93'
[    0.882947] zswap: loaded using pool zstd
[    0.884202] Demotion targets for Node 0: null
[    0.885652] Key type .fscrypt registered
[    0.886811] Key type fscrypt-provisioning registered
[    0.888691] Btrfs loaded, zoned=yes, fsverity=yes
[    0.890121] Key type big_key registered
[    0.891711] PM:   Magic number: 2:54:230
[    0.894174] RAS: Correctable Errors collector initialized.
[    0.901596] clk: Disabling unused clocks
[    0.902782] PM: genpd: Disabling unused power domains
[    0.907274] Freeing unused decrypted memory: 2028K
[    0.910635] Freeing unused kernel image (initmem) memory: 4736K
[    0.912032] Write protecting the kernel read-only data: 36864k
[    0.913524] Freeing unused kernel image (text/rodata gap) memory: 160K
[    0.916638] Freeing unused kernel image (rodata/data gap) memory: 16K
[    0.962749] x86/mm: Checked W+X mappings: passed, no W+X pages found.
[    0.964085] rodata_test: all tests were successful
[    0.964994] x86/mm: Checking user space page tables
[    1.009214] x86/mm: Checked W+X mappings: passed, no W+X pages found.
[    1.010616] Run /init as init process
P+q6E616D65\[    1.369971] systemd[1]: Successfully made /usr/ read-only.
[6n[32766;32766H[6n[!p]104\[0m[?7h[1G[0J[    1.707200] systemd[1]: systemd 259.2-1-arch running in system mode (+PAM +AUDIT -SELINUX +APPARMOR -IMA +IPE +SMACK +SECCOMP +GCRYPT +GNUTLS +OPENSSL +ACL +BLKID +CURL +ELFUTILS +FIDO2 +IDN2 -IDN +KMOD +LIBCRYPTSETUP +LIBCRYPTSETUP_PLUGINS +LIBFDISK +PCRE2 +PWQUALITY +P11KIT +QRENCODE +TPM2 +BZIP2 +LZ4 +XZ +ZLIB +ZSTD +BPF_FRAMEWORK +BTF +XKBCOMMON +UTMP -SYSVINIT +LIBARCHIVE)
[    1.715759] systemd[1]: Detected virtualization kvm.
[    1.716743] systemd[1]: Detected architecture x86-64.
[    1.718601] systemd[1]: Running in initrd.
[0;1;39mBooting initrd of [0m[38;2;23;147;209mArch Linux[0m[0;1;39m.[0m
[    1.722994] systemd[1]: Initializing machine ID from random generator.
]3008;start=cb80ec0742144d8585a439a3022e7cd3;user=root;hostname=archlinux;machineid=a047e939c3cb4b85b893fd0bea2f0297;bootid=b86f9c02e0334d958dc5b203f0d38428;pid=1;pidfdid=2;comm=systemd;type=boot\[    1.791434] systemd[1]: Queued start job for default target Initrd Default Target.
[    1.847948] systemd[1]: Expecting device /dev/vda1...
         Expecting device [0;1;39m/dev/vda1[0m...
[    1.851276] systemd[1]: Reached target Path Units.
[[0;32m  OK  [0m] Reached target [0;1;39mPath Units[0m.
[    1.853862] systemd[1]: Reached target Slice Units.
[[0;32m  OK  [0m] Reached target [0;1;39mSlice Units[0m.
[    1.856439] systemd[1]: Reached target Swaps.
[[0;32m  OK  [0m] Reached target [0;1;39mSwaps[0m.
[    1.859257] systemd[1]: Reached target Timer Units.
[[0;32m  OK  [0m] Reached target [0;1;39mTimer Units[0m.
[    1.863197] systemd[1]: Listening on Journal Socket (/dev/log).
[[0;32m  OK  [0m] Listening on [0;1;39mJournal Socket (/dev/log)[0m.
[    1.866556] systemd[1]: Listening on Journal Sockets.
[[0;32m  OK  [0m] Listening on [0;1;39mJournal Sockets[0m.
[    1.869288] systemd[1]: Listening on udev Control Socket.
[[0;32m  OK  [0m] Listening on [0;1;39mudev Control Socket[0m.
[    1.872075] systemd[1]: Listening on udev Kernel Socket.
[[0;32m  OK  [0m] Listening on [0;1;39mudev Kernel Socket[0m.
[    1.876132] systemd[1]: Reached target Socket Units.
[[0;32m  OK  [0m] Reached target [0;1;39mSocket Units[0m.
[    1.878909] systemd[1]: Create List of Static Device Nodes skipped, unmet condition check ConditionFileNotEmpty=/lib/modules/6.18.13-arch1-1/modules.devname
[    1.881924] systemd[1]: Early Battery Level Check skipped, unmet condition check ConditionDirectoryNotEmpty=/sys/class/power_supply
[    1.884396] systemd[1]: Display Boot-Time Emergency Messages In Full Screen skipped, unmet condition check ConditionVirtualization=no
[    1.895456] systemd[1]: Starting Journal Service...
         Starting [0;1;39mJournal Service[0m...
[    1.903914] systemd[1]: Starting Load Kernel Modules...
         Starting [0;1;39mLoad Kernel Modules[0m...
[    1.906568] systemd[1]: TPM PCR Barrier (initrd) skipped, unmet condition check ConditionSecurity=measured-uki
[    1.912893] systemd[1]: Starting Create Static Device Nodes in /dev...
         Starting [0;1;39mCreate Static Device Nodes in /dev[0m...
[    1.930464] systemd[1]: Starting Coldplug All udev Devices...
         Starting [0;1;39mColdplug All udev Devices[0m...
[    1.947482] systemd-journald[104]: Collecting audit messages is disabled.
[    1.957645] systemd[1]: Finished Create Static Device Nodes in /dev.
[[0;32m  OK  [0m] Finished [0;1;39mCreate Static Device Nodes in /dev[0m.
[    1.962144] systemd[1]: Reached target Preparation for Local File Systems.
[[0;32m  OK  [0m] Reached target [0;1;39mPreparation for Local File Systems[0m.
[    1.969026] systemd[1]: Reached target Local File Systems.
[[0;32m  OK  [0m] Reached target [0;1;39mLocal File Systems[0m.
[    1.980467] systemd[1]: Starting Rule-based Manager for Device Events and Files...
         Starting [0;1;39mRule-based Manager for Device Events and Files[0m...
[    2.002571] systemd[1]: Started Journal Service.
[[0;32m  OK  [0m] Started [0;1;39mJournal Service[0m.
[    2.011330] netfs: FS-Cache loaded
         Starting [0;1;39mCreate System Files and Directories[0m...
[    2.030129] 9pnet: Installing 9P2000 support
[[0;32m  OK  [0m] Finished [0;1;39mCreate System Files and Directories[0m.
[    2.055718] 9p: Installing v9fs 9p2000 file system support
[[0;32m  OK  [0m] Finished [0;1;39mLoad Kernel Modules[0m.
[[0;32m  OK  [0m] Started [0;1;39mRule-based Manager for Device Events and Files[0m.
[[0;32m  OK  [0m] Finished [0;1;39mColdplug All udev Devices[0m.
[[0;32m  OK  [0m] Reached target [0;1;39mSystem Initialization[0m.
[[0;32m  OK  [0m] Reached target [0;1;39mBasic System[0m.
[[0;32m  OK  [0m] Found device [0;1;39m/dev/vda1[0m.
[[0;32m  OK  [0m] Reached target [0;1;39mInitrd Root Device[0m.
         Starting [0;1;39mFile System Check on /dev/vda1[0m...
[    2.433732] bochs-drm 0000:00:02.0: vgaarb: deactivate vga console
[    2.456133] scsi host0: ata_piix
[    2.456884] scsi host1: ata_piix
[    2.457043] ata1: PATA max MWDMA2 cmd 0x1f0 ctl 0x3f6 bmdma 0xc0e0 irq 14 lpm-pol 0
[    2.457045] ata2: PATA max MWDMA2 cmd 0x170 ctl 0x376 bmdma 0xc0e8 irq 15 lpm-pol 0
[    2.472273] Console: switching to colour dummy device 80x25
[    2.475024] Floppy drive(s): fd0 is 2.88M AMI BIOS
[    2.488110] FDC 0 is a S82078B
[    2.523440] [drm] Found bochs VGA, ID 0xb0c5.
[    2.525341] [drm] Framebuffer size 16384 kB @ 0xfd000000, mmio @ 0xfebd0000.
         Starting [0;1;39mVirtual Console Setup[0m...
[    2.531207] bochs-drm 0000:00:02.0: [drm] Registered 1 planes with drm panic
[    2.533182] [drm] Initialized bochs-drm 1.0.0 for 0000:00:02.0 on minor 0
[    2.545112] fbcon: bochs-drmdrmfb (fb0) is primary device
[    2.567733] Console: switching to colour frame buffer device 160x50
[    2.574871] bochs-drm 0000:00:02.0: [drm] fb0: bochs-drmdrmfb frame buffer device
[[0;32m  OK  [0m] Stopped [0;1;39mVirtual Console Setup[0m.
         Starting [0;1;39mVirtual Console Setup[0m...
[[0;32m  OK  [0m] Finished [0;1;39mFile System Check on /dev/vda1[0m.
[    2.611335] ata2: found unknown device (class 0)
[    2.614280] ata2.00: ATAPI: QEMU DVD-ROM, 2.5+, max UDMA/100
[    2.627655] scsi 1:0:0:0: CD-ROM            QEMU     QEMU DVD-ROM     2.5+ PQ: 0 ANSI: 5
[[0;32m  OK  [0m] Finished [0;1;39mVirtual Console Setup[0m.
[    2.704021] sr 1:0:0:0: [sr0] scsi3-mmc drive: 4x/4x cd/rw xa/form2 tray
[    2.705659] cdrom: Uniform CD-ROM driver Revision: 3.20
         Mounting [0;1;39m/sysroot[0m...
[    3.037410] EXT4-fs (vda1): mounted filesystem ddfae1cc-629e-47f4-9008-261996ba3811 r/w with ordered data mode. Quota mode: none.
[[0;32m  OK  [0m] Mounted [0;1;39m/sysroot[0m.
[[0;32m  OK  [0m] Reached target [0;1;39mInitrd Root File System[0m.
         Starting [0;1;39mMountpoints Configured in the Real Root[0m...
[[0;32m  OK  [0m] Finished [0;1;39mMountpoints Configured in the Real Root[0m.
[[0;32m  OK  [0m] Reached target [0;1;39mInitrd File Systems[0m.
[[0;32m  OK  [0m] Reached target [0;1;39mInitrd Default Target[0m.
         Starting [0;1;39mCleaning Up and Shutting Down Daemons[0m...
[[0;32m  OK  [0m] Stopped target [0;1;39mInitrd Default Target[0m.
[[0;32m  OK  [0m] Stopped target [0;1;39mBasic System[0m.
[[0;32m  OK  [0m] Stopped target [0;1;39mInitrd Root Device[0m.
[[0;32m  OK  [0m] Stopped target [0;1;39mPath Units[0m.
[[0;32m  OK  [0m] Stopped target [0;1;39mSlice Units[0m.
[[0;32m  OK  [0m] Stopped target [0;1;39mSocket Units[0m.
[[0;32m  OK  [0m] Stopped target [0;1;39mSystem Initialization[0m.
[[0;32m  OK  [0m] Stopped target [0;1;39mSwaps[0m.
[[0;32m  OK  [0m] Stopped target [0;1;39mTimer Units[0m.
[[0;32m  OK  [0m] Stopped [0;1;39mLoad Kernel Modules[0m.
[[0;32m  OK  [0m] Stopped [0;1;39mCreate System Files and Directories[0m.
[[0;32m  OK  [0m] Stopped target [0;1;39mLocal File Systems[0m.
[[0;32m  OK  [0m] Stopped target [0;1;39mPreparation for Local File Systems[0m.
[[0;32m  OK  [0m] Stopped [0;1;39mColdplug All udev Devices[0m.
         Stopping [0;1;39mRule-based Manager for Device Events and Files[0m...
[[0;32m  OK  [0m] Stopped [0;1;39mVirtual Console Setup[0m.
[[0;32m  OK  [0m] Stopped [0;1;39mRule-based Manager for Device Events and Files[0m.
[[0;32m  OK  [0m] Finished [0;1;39mCleaning Up and Shutting Down Daemons[0m.
[[0;32m  OK  [0m] Closed [0;1;39mudev Control Socket[0m.
         Starting [0;1;39mCleanup udev Database[0m...
[[0;32m  OK  [0m] Stopped [0;1;39mCreate Static Device Nodes in /dev[0m.
[[0;32m  OK  [0m] Finished [0;1;39mCleanup udev Database[0m.
[[0;32m  OK  [0m] Reached target [0;1;39mSwitch Root[0m.
         Starting [0;1;39mSwitch Root[0m...
[    3.467000] systemd-journald[104]: Received SIGTERM from PID 1 (systemd).
P+q6E616D65\[6n[32766;32766H[6n[!p]104\[0m[?7h[1G[0J[    4.196577] systemd[1]: systemd 259.1-1-arch running in system mode (+PAM +AUDIT -SELINUX +APPARMOR -IMA +IPE +SMACK +SECCOMP +GCRYPT +GNUTLS +OPENSSL +ACL +BLKID +CURL +ELFUTILS +FIDO2 +IDN2 -IDN +KMOD +LIBCRYPTSETUP +LIBCRYPTSETUP_PLUGINS +LIBFDISK +PCRE2 +PWQUALITY +P11KIT +QRENCODE +TPM2 +BZIP2 +LZ4 +XZ +ZLIB +ZSTD +BPF_FRAMEWORK +BTF +XKBCOMMON +UTMP -SYSVINIT +LIBARCHIVE)
[    4.203231] systemd[1]: Detected virtualization kvm.
[    4.204277] systemd[1]: Detected architecture x86-64.

[0;1;39mWelcome to [0m[38;2;23;147;209mArch Linux[0m[0;1;39m![0m

[    4.209559] systemd[1]: Hostname set to <ksmbd-vm>.
]3008;start=59ce82d9e567491fb8e90d75e3846f14;user=root;hostname=ksmbd-vm;machineid=0ab76daf18ce42b0b036a81eb53bdd79;bootid=b86f9c02e0334d958dc5b203f0d38428;pid=1;pidfdid=2;comm=systemd;type=boot\[    4.361955] systemd[1]: bpf-restrict-fs: LSM BPF program attached
[    5.056305] systemd[1]: initrd-switch-root.service: Deactivated successfully.
[    5.060163] systemd[1]: Stopped Switch Root.
[[0;32m  OK  [0m] Stopped [0;1;39mSwitch Root[0m.
[    5.068447] systemd[1]: systemd-journald.service: Scheduled restart job, restart counter is at 1.
[    5.073557] systemd[1]: Created slice Slice /system/dirmngr.
[[0;32m  OK  [0m] Created slice [0;1;39mSlice /system/dirmngr[0m.
[    5.079195] systemd[1]: Created slice Slice /system/getty.
[[0;32m  OK  [0m] Created slice [0;1;39mSlice /system/getty[0m.
[    5.084775] systemd[1]: Created slice Slice /system/gpg-agent.
[[0;32m  OK  [0m] Created slice [0;1;39mSlice /system/gpg-agent[0m.
[    5.090665] systemd[1]: Created slice Slice /system/gpg-agent-browser.
[[0;32m  OK  [0m] Created slice [0;1;39mSlice /system/gpg-agent-browser[0m.
[    5.096738] systemd[1]: Created slice Slice /system/gpg-agent-extra.
[[0;32m  OK  [0m] Created slice [0;1;39mSlice /system/gpg-agent-extra[0m.
[    5.103191] systemd[1]: Created slice Slice /system/gpg-agent-ssh.
[[0;32m  OK  [0m] Created slice [0;1;39mSlice /system/gpg-agent-ssh[0m.
[    5.109964] systemd[1]: Created slice Slice /system/keyboxd.
[[0;32m  OK  [0m] Created slice [0;1;39mSlice /system/keyboxd[0m.
[    5.115744] systemd[1]: Created slice Slice /system/modprobe.
[[0;32m  OK  [0m] Created slice [0;1;39mSlice /system/modprobe[0m.
[    5.121992] systemd[1]: Created slice Slice /system/serial-getty.
[[0;32m  OK  [0m] Created slice [0;1;39mSlice /system/serial-getty[0m.
[    5.127799] systemd[1]: Created slice User and Session Slice.
[[0;32m  OK  [0m] Created slice [0;1;39mUser and Session Slice[0m.
[    5.131586] systemd[1]: Started Dispatch Password Requests to Console Directory Watch.
[[0;32m  OK  [0m] Started [0;1;39mDispatch Password Requests to Console Directory Watch[0m.
[    5.136032] systemd[1]: Started Forward Password Requests to Wall Directory Watch.
[[0;32m  OK  [0m] Started [0;1;39mForward Password Requests to Wall Directory Watch[0m.
[    5.140134] systemd[1]: Set up automount Arbitrary Executable File Formats File System Automount Point.
[[0;32m  OK  [0m] Set up automount [0;1;39mArbitrary Executa…ormats File System Automount Point[0m.
[    5.144768] systemd[1]: Expecting device /dev/ttyS0...
         Expecting device [0;1;39m/dev/ttyS0[0m...
[    5.148623] systemd[1]: Reached target Local Encrypted Volumes.
[[0;32m  OK  [0m] Reached target [0;1;39mLocal Encrypted Volumes[0m.
[    5.152044] systemd[1]: Reached target Image Downloads.
[[0;32m  OK  [0m] Reached target [0;1;39mImage Downloads[0m.
[    5.154893] systemd[1]: Stopped target Switch Root.
[[0;32m  OK  [0m] Stopped target [0;1;39mSwitch Root[0m.
[    5.158793] systemd[1]: Stopped target Initrd File Systems.
[[0;32m  OK  [0m] Stopped target [0;1;39mInitrd File Systems[0m.
[    5.161737] systemd[1]: Stopped target Initrd Root File System.
[[0;32m  OK  [0m] Stopped target [0;1;39mInitrd Root File System[0m.
[    5.166038] systemd[1]: Reached target Local Integrity Protected Volumes.
[[0;32m  OK  [0m] Reached target [0;1;39mLocal Integrity Protected Volumes[0m.
[    5.170492] systemd[1]: Reached target Path Units.
[[0;32m  OK  [0m] Reached target [0;1;39mPath Units[0m.
[    5.173695] systemd[1]: Reached target Remote File Systems.
[[0;32m  OK  [0m] Reached target [0;1;39mRemote File Systems[0m.
[    5.177839] systemd[1]: Reached target Slice Units.
[[0;32m  OK  [0m] Reached target [0;1;39mSlice Units[0m.
[    5.181677] systemd[1]: Reached target Swaps.
[[0;32m  OK  [0m] Reached target [0;1;39mSwaps[0m.
[    5.185300] systemd[1]: Reached target Local Verity Protected Volumes.
[[0;32m  OK  [0m] Reached target [0;1;39mLocal Verity Protected Volumes[0m.
[    5.189481] systemd[1]: Listening on Device-mapper event daemon FIFOs.
[[0;32m  OK  [0m] Listening on [0;1;39mDevice-mapper event daemon FIFOs[0m.
[    5.195722] systemd[1]: Listening on Query the User Interactively for a Password.
[[0;32m  OK  [0m] Listening on [0;1;39mQuery the User Interactively for a Password[0m.
[    5.202632] systemd[1]: Listening on Process Core Dump Socket.
[[0;32m  OK  [0m] Listening on [0;1;39mProcess Core Dump Socket[0m.
[    5.207665] systemd[1]: Listening on Credential Encryption/Decryption.
[[0;32m  OK  [0m] Listening on [0;1;39mCredential Encryption/Decryption[0m.
[    5.214065] systemd[1]: Listening on Factory Reset Management.
[[0;32m  OK  [0m] Listening on [0;1;39mFactory Reset Management[0m.
[    5.220910] systemd[1]: Listening on Console Output Muting Service Socket.
[[0;32m  OK  [0m] Listening on [0;1;39mConsole Output Muting Service Socket[0m.
[    5.225772] systemd[1]: Listening on Network Management Resolve Hook Socket.
[[0;32m  OK  [0m] Listening on [0;1;39mNetwork Management Resolve Hook Socket[0m.
[    5.230155] systemd[1]: Listening on Network Management Varlink Socket.
[[0;32m  OK  [0m] Listening on [0;1;39mNetwork Management Varlink Socket[0m.
[    5.235134] systemd[1]: Listening on Network Management Netlink Socket.
[[0;32m  OK  [0m] Listening on [0;1;39mNetwork Management Netlink Socket[0m.
[    5.239529] systemd[1]: TPM PCR Measurements skipped, unmet condition check ConditionSecurity=measured-uki
[    5.241478] systemd[1]: Make TPM PCR Policy skipped, unmet condition check ConditionSecurity=measured-uki
[    5.245143] systemd[1]: Listening on Disk Repartitioning Service Socket.
[[0;32m  OK  [0m] Listening on [0;1;39mDisk Repartitioning Service Socket[0m.
[    5.248891] systemd[1]: Listening on Resolve Monitor Varlink Socket.
[[0;32m  OK  [0m] Listening on [0;1;39mResolve Monitor Varlink Socket[0m.
[    5.253538] systemd[1]: Listening on Resolve Service Varlink Socket.
[[0;32m  OK  [0m] Listening on [0;1;39mResolve Service Varlink Socket[0m.
[    5.256897] systemd[1]: Listening on udev Control Socket.
[[0;32m  OK  [0m] Listening on [0;1;39mudev Control Socket[0m.
[    5.260661] systemd[1]: Listening on udev Varlink Socket.
[[0;32m  OK  [0m] Listening on [0;1;39mudev Varlink Socket[0m.
[    5.263643] systemd[1]: Listening on User Database Manager Socket.
[[0;32m  OK  [0m] Listening on [0;1;39mUser Database Manager Socket[0m.
[    5.273991] systemd[1]: Mounting Huge Pages File System...
         Mounting [0;1;39mHuge Pages File System[0m...
[    5.286258] systemd[1]: Mounting POSIX Message Queue File System...
         Mounting [0;1;39mPOSIX Message Queue File System[0m...
[    5.309226] systemd[1]: Mounting Kernel Debug File System...
         Mounting [0;1;39mKernel Debug File System[0m...
[    5.324237] systemd[1]: Mounting Kernel Trace File System...
         Mounting [0;1;39mKernel Trace File System[0m...
[    5.335262] systemd[1]: Mounting Temporary Directory /tmp...
         Mounting [0;1;39mTemporary Directory /tmp[0m...
[    5.342434] systemd[1]: Create List of Static Device Nodes skipped, unmet condition check ConditionFileNotEmpty=/lib/modules/6.18.13-arch1-1/modules.devname
[    5.347458] systemd[1]: Load Kernel Module configfs skipped, unmet condition check ConditionKernelModuleLoaded=!configfs
[    5.365286] systemd[1]: Mounting Kernel Configuration File System...
         Mounting [0;1;39mKernel Configuration File System[0m...
[    5.369227] systemd[1]: Load Kernel Module drm skipped, unmet condition check ConditionKernelModuleLoaded=!drm
[    5.372171] systemd[1]: Load Kernel Module fuse skipped, unmet condition check ConditionKernelModuleLoaded=!fuse
[    5.382475] systemd[1]: Mounting FUSE Control File System...
         Mounting [0;1;39mFUSE Control File System[0m...
[    5.388113] systemd[1]: Clear Stale Hibernate Storage Info skipped, unmet condition check ConditionPathExists=/sys/firmware/efi/efivars/HibernateLocation-8cf2644b-4b0b-428f-9387-6d876050dc67
[    5.406186] systemd[1]: Starting Journal Service...
         Starting [0;1;39mJournal Service[0m...
[    5.409932] systemd[1]: Load Kernel Modules skipped, no trigger condition checks were met.
[    5.420201] systemd[1]: Starting Generate Network Units from Kernel Command Line...
         Starting [0;1;39mGenerate Network Units from Kernel Command Line[0m...
[    5.427504] systemd[1]: TPM PCR Machine ID Measurement skipped, unmet condition check ConditionSecurity=measured-uki
[    5.431178] systemd[1]: TPM NvPCR Product ID Measurement skipped, unmet condition check ConditionSecurity=measured-uki
[    5.439010] systemd[1]: Starting Remount Root and Kernel File Systems...
         Starting [0;1;39mRemount Root and Kernel File Systems[0m...
[    5.464512] systemd[1]: Starting Apply Kernel Variables...
         Starting [0;1;39mApply Kernel Variables[0m...
[    5.471996] systemd-journald[548]: Collecting audit messages is disabled.
[    5.479464] systemd[1]: Starting Create Static Device Nodes in /dev gracefully...
[    5.480994] EXT4-fs (vda1): re-mounted ddfae1cc-629e-47f4-9008-261996ba3811.
         Starting [0;1;39mCreate Static Device Nodes in /dev gracefully[0m...
[    5.488192] systemd[1]: Early TPM SRK Setup skipped, unmet condition check ConditionSecurity=measured-uki
[    5.493857] systemd[1]: Starting Load udev Rules from Credentials...
         Starting [0;1;39mLoad udev Rules from Credentials[0m...
[    5.506738] systemd[1]: Starting Coldplug All udev Devices...
         Starting [0;1;39mColdplug All udev Devices[0m...
[    5.567658] systemd[1]: Started Journal Service.
[[0;32m  OK  [0m] Started [0;1;39mJournal Service[0m.
[[0;32m  OK  [0m] Mounted [0;1;39mHuge Pages File System[0m.
[[0;32m  OK  [0m] Mounted [0;1;39mPOSIX Message Queue File System[0m.
[[0;32m  OK  [0m] Mounted [0;1;39mKernel Debug File System[0m.
[[0;32m  OK  [0m] Mounted [0;1;39mKernel Trace File System[0m.
[[0;32m  OK  [0m] Mounted [0;1;39mTemporary Directory /tmp[0m.
[[0;32m  OK  [0m] Mounted [0;1;39mKernel Configuration File System[0m.
[[0;32m  OK  [0m] Mounted [0;1;39mFUSE Control File System[0m.
[[0;32m  OK  [0m] Finished [0;1;39mGenerate Network Units from Kernel Command Line[0m.
[[0;32m  OK  [0m] Finished [0;1;39mRemount Root and Kernel File Systems[0m.
[[0;32m  OK  [0m] Finished [0;1;39mApply Kernel Variables[0m.
[[0;32m  OK  [0m] Finished [0;1;39mLoad udev Rules from Credentials[0m.
[[0;32m  OK  [0m] Reached target [0;1;39mPreparation for Network[0m.
         Starting [0;1;39mFlush Journal to Persistent Storage[0m...
         Starting [0;1;39mLoad/Save OS Random Seed[0m...
[    5.635623] systemd-journald[548]: Received client request to flush runtime journal.
         Starting [0;1;39mUser Database Manager[0m...
[    5.653263] systemd-journald[548]: File /var/log/journal/0ab76daf18ce42b0b036a81eb53bdd79/system.journal corrupted or uncleanly shut down, renaming and replacing.
[[0;32m  OK  [0m] Finished [0;1;39mLoad/Save OS Random Seed[0m.
[[0;32m  OK  [0m] Finished [0;1;39mColdplug All udev Devices[0m.
[[0;32m  OK  [0m] Started [0;1;39mUser Database Manager[0m.
[[0;32m  OK  [0m] Finished [0;1;39mFlush Journal to Persistent Storage[0m.
[[0;32m  OK  [0m] Finished [0;1;39mCreate Static Device Nodes in /dev gracefully[0m.
         Starting [0;1;39mNetwork Name Resolution[0m...
         Starting [0;1;39mCreate Static Device Nodes in /dev[0m...
[[0;32m  OK  [0m] Finished [0;1;39mCreate Static Device Nodes in /dev[0m.
[[0;32m  OK  [0m] Reached target [0;1;39mPreparation for Local File Systems[0m.
         Starting [0;1;39mRule-based Manager for Device Events and Files[0m...
[[0;32m  OK  [0m] Started [0;1;39mNetwork Name Resolution[0m.
[[0;32m  OK  [0m] Reached target [0;1;39mHost and Network Name Lookups[0m.
         Mounting [0;1;39m/mnt/ksmbd[0m...
[[0;32m  OK  [0m] Reached target [0;1;39mLocal File Systems[0m.
[[0;32m  OK  [0m] Listening on [0;1;39mBoot Entries Service Socket[0m.
[[0;32m  OK  [0m] Listening on [0;1;39mDisk Image Download Service Socket[0m.
[[0;32m  OK  [0m] Listening on [0;1;39mSystem Extension Image Management[0m.
[    6.080749] 9pnet: Limiting 'msize' to 512000 as this is the maximum supported by transport virtio
         Starting [0;1;39mCreate System Files and Directories[0m...
         Starting [0;1;39mLoad JSON user/group Records from Credentials[0m...
[[0;32m  OK  [0m] Mounted [0;1;39m/mnt/ksmbd[0m.
[[0;32m  OK  [0m] Finished [0;1;39mLoad JSON user/group Records from Credentials[0m.
[[0;32m  OK  [0m] Started [0;1;39mRule-based Manager for Device Events and Files[0m.
         Starting [0;1;39mNetwork Management[0m...
[[0;32m  OK  [0m] Finished [0;1;39mCreate System Files and Directories[0m.
         Starting [0;1;39mRecord System Boot/Shutdown in UTMP[0m...
[[0;32m  OK  [0m] Started [0;1;39mNetwork Management[0m.
[[0;32m  OK  [0m] Reached target [0;1;39mNetwork[0m.
         Starting [0;1;39mEnable Persistent Storage in systemd-networkd[0m...
[[0;32m  OK  [0m] Finished [0;1;39mRecord System Boot/Shutdown in UTMP[0m.
[[0;32m  OK  [0m] Reached target [0;1;39mSystem Initialization[0m.
[[0;32m  OK  [0m] Started [0;1;39mRefresh existing PGP keys of archlinux-keyring regularly[0m.
[[0;32m  OK  [0m] Started [0;1;39mDaily verification of password and group files[0m.
[[0;32m  OK  [0m] Started [0;1;39mDaily Cleanup of Temporary Directories[0m.
[[0;32m  OK  [0m] Reached target [0;1;39mTimer Units[0m.
[[0;32m  OK  [0m] Listening on [0;1;39mD-Bus System Message Bus Socket[0m.
[[0;32m  OK  [0m] Listening on [0;1;39mGnuPG network certifi…ent daemon for /etc/pacman.d/gnupg[0m.
[[0;32m  OK  [0m] Listening on [0;1;39mGnuPG cryptographic a… browsers) for /etc/pacman.d/gnupg[0m.
[[0;32m  OK  [0m] Listening on [0;1;39mGnuPG cryptographic a…estricted) for /etc/pacman.d/gnupg[0m.
[[0;32m  OK  [0m] Listening on [0;1;39mGnuPG cryptographic a…emulation) for /etc/pacman.d/gnupg[0m.
[[0;32m  OK  [0m] Listening on [0;1;39mGnuPG cryptographic a…rase cache for /etc/pacman.d/gnupg[0m.
[[0;32m  OK  [0m] Listening on [0;1;39mGnuPG public key mana…nt service for /etc/pacman.d/gnupg[0m.
[[0;32m  OK  [0m] Listening on [0;1;39mOpenSSH Server Socket…temd-ssh-generator, AF_UNIX Local)[0m.
[[0;32m  OK  [0m] Listening on [0;1;39mHostname Service Socket[0m.
[[0;32m  OK  [0m] Listening on [0;1;39mUser Login Management Varlink Socket[0m.
[[0;32m  OK  [0m] Listening on [0;1;39mVirtual Machine and C…tainer Registration Service Socket[0m.
[[0;32m  OK  [0m] Reached target [0;1;39mSocket Units[0m.
         Starting [0;1;39mD-Bus System Message Bus[0m...
[    6.509446] virtio_net virtio1 ens4: renamed from eth0
[[0;32m  OK  [0m] Finished [0;1;39mEnable Persistent Storage in systemd-networkd[0m.
[[0;32m  OK  [0m] Started [0;1;39mD-Bus System Message Bus[0m.
[[0;32m  OK  [0m] Reached target [0;1;39mBasic System[0m.
         Starting [0;1;39mOpenSSH Daemon[0m...
         Starting [0;1;39mUser Login Management[0m...
         Starting [0;1;39mPermit User Sessions[0m...
[[0;32m  OK  [0m] Started [0;1;39mOpenSSH Daemon[0m.
[[0;32m  OK  [0m] Reached target [0;1;39mSSH Access Available[0m.
[[0;32m  OK  [0m] Finished [0;1;39mPermit User Sessions[0m.
[[0;32m  OK  [0m] Started [0;1;39mGetty on tty1[0m.
[[0;32m  OK  [0m] Started [0;1;39mSerial Getty on ttyS0[0m.
[[0;32m  OK  [0m] Reached target [0;1;39mLogin Prompts[0m.
[[0;32m  OK  [0m] Started [0;1;39mUser Login Management[0m.
[[0;32m  OK  [0m] Reached target [0;1;39mMulti-User System[0m.
[[0;32m  OK  [0m] Reached target [0;1;39mGraphical Interface[0m.
[!p]104\[0m[?7h[1G[0J[6n[32766;32766H[6n[!p]104\[0m[?7h[1G[0J[6n[32766;32766H[6n]3008;start=8c467756686045e3a233c360987377b5;user=root;hostname=ksmbd-vm;machineid=0ab76daf18ce42b0b036a81eb53bdd79;bootid=b86f9c02e0334d958dc5b203f0d38428;pid=721;pidfdid=722;comm=(agetty);servicename=serial-getty@ttyS0.service;invocationid=841757c9c90f43abaee1e462a09555fb;type=service\P+q6E616D65\
Arch Linux 6.18.13-arch1-1 (ttyS0)

ksmbd-vm login: root (automatic login)

]3008;start=135dcb1999104a918905041a49f298d7;user=root;hostname=ksmbd-vm;machineid=0ab76daf18ce42b0b036a81eb53bdd79;bootid=b86f9c02e0334d958dc5b203f0d38428;pid=721;pidfdid=722;comm=login;targetuser=root;sessionid=1;type=session\
  ╔══════════════════════════════════════════════╗
  ║         ksmbd Test VM                        ║
  ╠══════════════════════════════════════════════╣
  ║  /root/start-ksmbd.sh   - Start server      ║
  ║  /root/reload-ksmbd.sh  - Reload module      ║
  ║  /root/dev-info.sh      - Debug/analysis info║
  ║  /mnt/ksmbd/            - Shared source      ║
  ║  poweroff                - Shutdown VM        ║
  ╚══════════════════════════════════════════════╝

]3008;start=ec0f7d8a-58f2-4cdb-aedb-4d5e5bc9cf21;machineid=0ab76daf18ce42b0b036a81eb53bdd79;user=root;hostname=ksmbd-vm;bootid=b86f9c02-e033-4d95-8dc5-b203f0d38428;pid=788;type=shell;cwd=/root\[?2004h[root@ksmbd-vm ~]# [   34.883799] ksmbd: loading out-of-tree module taints kernel.
[   34.885053] ksmbd: module verification failed: signature and/or required key missing - tainting kernel
[   34.926496] ksmbd: Configuration subsystem initialized with 12 parameters
[   34.932612] ksmbd: ksmbd: registered built-in md4 (md4-ksmbd) for NTLMv1 support
[   34.941054] ksmbd: ksmbd: Fruit SMB extensions loaded
[   34.942185] ksmbd: ksmbd: CHANGE_NOTIFY subsystem initialised
[   34.943532] ksmbd: ksmbd: hook subsystem initialized (22 hook points)
[   34.945079] ksmbd: ksmbd: witness protocol support initialised
[   44.074462] ksmbd: ksmbd: witness protocol support removed
[   44.541351] ksmbd: ksmbd: Fruit SMB extensions unloaded
[   44.813787] ksmbd: Configuration subsystem initialized with 12 parameters
[   44.818939] ksmbd: ksmbd: registered built-in md4 (md4-ksmbd) for NTLMv1 support
[   44.821171] ksmbd: ksmbd: Fruit SMB extensions loaded
[   44.822937] ksmbd: ksmbd: CHANGE_NOTIFY subsystem initialised
[   44.824833] ksmbd: ksmbd: hook subsystem initialized (22 hook points)
[   44.826169] ksmbd: ksmbd: witness protocol support initialised
[   50.587749] ksmbd: Not permitted to write : 0x1
[   50.651119] ksmbd: Outstanding credits underflow: charge 1, outstanding 0
[   54.357434] ksmbd: ksmbd: witness protocol support removed
[   54.811351] ksmbd: ksmbd: Fruit SMB extensions unloaded
[   55.094111] ksmbd: Configuration subsystem initialized with 12 parameters
[   55.100445] ksmbd: ksmbd: registered built-in md4 (md4-ksmbd) for NTLMv1 support
[   55.102757] ksmbd: ksmbd: Fruit SMB extensions loaded
[   55.104427] ksmbd: ksmbd: CHANGE_NOTIFY subsystem initialised
[   55.105851] ksmbd: ksmbd: hook subsystem initialized (22 hook points)
[   55.107263] ksmbd: ksmbd: witness protocol support initialised
[   72.603419] ksmbd: ksmbd: witness protocol support removed
[   73.067344] ksmbd: ksmbd: Fruit SMB extensions unloaded
[   73.827955] ksmbd: Configuration subsystem initialized with 12 parameters
[   73.833373] ksmbd: ksmbd: registered built-in md4 (md4-ksmbd) for NTLMv1 support
[   73.835524] ksmbd: ksmbd: Fruit SMB extensions loaded
[   73.836508] ksmbd: ksmbd: CHANGE_NOTIFY subsystem initialised
[   73.837725] ksmbd: ksmbd: hook subsystem initialized (22 hook points)
[   73.839940] ksmbd: ksmbd: witness protocol support initialised
[   79.687524] ksmbd: inherit ACL overflow
[   79.688632] ksmbd: inherit ACL overflow
[   79.689865] ksmbd: inherit ACL overflow
[   79.691060] ksmbd: inherit ACL overflow
[   79.692142] ksmbd: inherit ACL overflow
[   79.693189] ksmbd: inherit ACL overflow
[   79.694416] ksmbd: inherit ACL overflow
[   79.695634] ksmbd: inherit ACL overflow
[   79.696746] ksmbd: inherit ACL overflow
[   79.698000] ksmbd: inherit ACL overflow
[   84.688788] smb_inherit_dacl: 3475 callbacks suppressed
[   84.688792] ksmbd: inherit ACL overflow
[   84.693233] ksmbd: inherit ACL overflow
[   84.696671] ksmbd: inherit ACL overflow
[   84.700020] ksmbd: inherit ACL overflow
[   84.703339] ksmbd: inherit ACL overflow
[   84.706626] ksmbd: inherit ACL overflow
[   84.709938] ksmbd: inherit ACL overflow
[   84.713244] ksmbd: inherit ACL overflow
[   84.716578] ksmbd: inherit ACL overflow
[   84.719865] ksmbd: inherit ACL overflow
[   95.719123] ksmbd: ksmbd: witness protocol support removed
[   96.180349] ksmbd: ksmbd: Fruit SMB extensions unloaded
[   96.465876] ksmbd: Configuration subsystem initialized with 12 parameters
[   96.471528] ksmbd: ksmbd: registered built-in md4 (md4-ksmbd) for NTLMv1 support
[   96.473652] ksmbd: ksmbd: Fruit SMB extensions loaded
[   96.474736] ksmbd: ksmbd: CHANGE_NOTIFY subsystem initialised
[   96.477000] ksmbd: ksmbd: hook subsystem initialized (22 hook points)
[   96.478797] ksmbd: ksmbd: witness protocol support initialised
[  105.716502] ksmbd: ksmbd: witness protocol support removed
[  106.259347] ksmbd: ksmbd: Fruit SMB extensions unloaded
[  106.539873] ksmbd: Configuration subsystem initialized with 12 parameters
[  106.545416] ksmbd: ksmbd: registered built-in md4 (md4-ksmbd) for NTLMv1 support
[  106.547938] ksmbd: ksmbd: Fruit SMB extensions loaded
[  106.549596] ksmbd: ksmbd: CHANGE_NOTIFY subsystem initialised
[  106.550715] ksmbd: ksmbd: hook subsystem initialized (22 hook points)
[  106.552109] ksmbd: ksmbd: witness protocol support initialised
[  112.249597] ksmbd: Invalid create options : 0xf0000000
[  112.250814] ksmbd: Invalid file attribute : 0x40
[  112.251887] ksmbd: Invalid file attribute : 0x8
[  112.253124] ksmbd: Invalid file attribute : 0x8
[  112.254256] ksmbd: Invalid desired access : 0x8000000
[  112.255529] ksmbd: Invalid desired access : 0x4000000
[  112.263423] ksmbd: Invalid create options : 0x1000000
[  112.264595] ksmbd: Invalid create options : 0x2000000
[  112.265939] ksmbd: Invalid create options : 0x4000000
[  112.267215] ksmbd: Invalid create options : 0x8000000
[  112.268498] ksmbd: Invalid create options : 0x10000000
[  112.269723] ksmbd: Invalid create options : 0x20000000
[  112.270985] ksmbd: Invalid create options : 0x40000000
[  112.272358] ksmbd: Invalid create options : 0x80000000
[  112.276700] ksmbd: Invalid desired access : 0x200
[  112.277771] ksmbd: Invalid desired access : 0x400
[  112.278997] ksmbd: Invalid desired access : 0x800
[  112.280207] ksmbd: Invalid desired access : 0x1000
[  112.281523] ksmbd: Invalid desired access : 0x2000
[  112.282692] ksmbd: Invalid desired access : 0x4000
[  112.283879] ksmbd: Invalid desired access : 0x8000
[  112.286734] ksmbd: Invalid desired access : 0x200000
[  112.310082] ksmbd: inherit ACL overflow
[  112.312256] ksmbd: inherit ACL overflow
[  112.313921] ksmbd: inherit ACL overflow
[  112.316120] ksmbd: inherit ACL overflow
[  112.318111] ksmbd: inherit ACL overflow
[  112.319816] ksmbd: inherit ACL overflow
[  112.321852] ksmbd: inherit ACL overflow
[  112.323406] ksmbd: inherit ACL overflow
[  112.325639] ksmbd: inherit ACL overflow
[  112.327626] ksmbd: inherit ACL overflow
[  112.329655] ksmbd: Invalid create disposition : 0x6
[  112.331389] ksmbd: Invalid create disposition : 0x6
[  112.399369] ksmbd: not allow directory name included leading slash
[  112.408285] ksmbd: Invalid impersonationlevel : 0x12345678
[  112.423584] ksmbd: parse_sec_desc: Error -5 mapping Owner SID to uid
[  112.438438] ksmbd: parse_sec_desc: Error -5 mapping Owner SID to uid
[  112.892070] ksmbd: can't set temporary attribute on a directory
[  126.995543] ksmbd: ksmbd: witness protocol support removed
[  127.468349] ksmbd: ksmbd: Fruit SMB extensions unloaded
[  127.752259] ksmbd: Configuration subsystem initialized with 12 parameters
[  127.758128] ksmbd: ksmbd: registered built-in md4 (md4-ksmbd) for NTLMv1 support
[  127.760309] ksmbd: ksmbd: Fruit SMB extensions loaded
[  127.762523] ksmbd: ksmbd: CHANGE_NOTIFY subsystem initialised
[  127.764650] ksmbd: ksmbd: hook subsystem initialized (22 hook points)
[  127.766189] ksmbd: ksmbd: witness protocol support initialised
[  139.517531] ksmbd: ksmbd: witness protocol support removed
[  139.997346] ksmbd: ksmbd: Fruit SMB extensions unloaded
[  140.361944] ksmbd: Configuration subsystem initialized with 12 parameters
[  140.370964] ksmbd: ksmbd: registered built-in md4 (md4-ksmbd) for NTLMv1 support
[  140.374217] ksmbd: ksmbd: Fruit SMB extensions loaded
[  140.376018] ksmbd: ksmbd: CHANGE_NOTIFY subsystem initialised
[  140.377739] ksmbd: ksmbd: hook subsystem initialized (22 hook points)
[  140.379169] ksmbd: ksmbd: witness protocol support initialised
[  146.179635] ksmbd: inherit ACL overflow
[  149.665446] ksmbd: ksmbd: witness protocol support removed
[  150.119354] ksmbd: ksmbd: Fruit SMB extensions unloaded
[  150.426580] ksmbd: Configuration subsystem initialized with 12 parameters
[  150.432560] ksmbd: ksmbd: registered built-in md4 (md4-ksmbd) for NTLMv1 support
[  150.435030] ksmbd: ksmbd: Fruit SMB extensions loaded
[  150.436930] ksmbd: ksmbd: CHANGE_NOTIFY subsystem initialised
[  150.438875] ksmbd: ksmbd: hook subsystem initialized (22 hook points)
[  150.440627] ksmbd: ksmbd: witness protocol support initialised
[  156.214232] ksmbd: inherit ACL overflow
[  156.215397] ksmbd: inherit ACL overflow
[  156.297358] ksmbd: inherit ACL overflow
[  156.301012] ksmbd: inherit ACL overflow
[  156.302069] ksmbd: inherit ACL overflow
[  156.303213] ksmbd: inherit ACL overflow
[  156.304259] ksmbd: inherit ACL overflow
[  156.305281] ksmbd: inherit ACL overflow
[  156.309906] ksmbd: inherit ACL overflow
[  156.310940] ksmbd: inherit ACL overflow
[  161.813545] smb_inherit_dacl: 4394 callbacks suppressed
[  161.813548] ksmbd: inherit ACL overflow
[  161.816012] ksmbd: inherit ACL overflow
[  161.817237] ksmbd: inherit ACL overflow
[  161.818390] ksmbd: inherit ACL overflow
[  161.819585] ksmbd: inherit ACL overflow
[  161.820759] ksmbd: inherit ACL overflow
[  161.821935] ksmbd: inherit ACL overflow
[  161.823094] ksmbd: inherit ACL overflow
[  161.824246] ksmbd: inherit ACL overflow
[  161.825406] ksmbd: inherit ACL overflow
[  167.603447] ksmbd: ksmbd: witness protocol support removed
[  168.077348] ksmbd: ksmbd: Fruit SMB extensions unloaded
[  168.361574] ksmbd: Configuration subsystem initialized with 12 parameters
[  168.367414] ksmbd: ksmbd: registered built-in md4 (md4-ksmbd) for NTLMv1 support
[  168.369515] ksmbd: ksmbd: Fruit SMB extensions loaded
[  168.370532] ksmbd: ksmbd: CHANGE_NOTIFY subsystem initialised
[  168.371640] ksmbd: ksmbd: hook subsystem initialized (22 hook points)
[  168.372893] ksmbd: ksmbd: witness protocol support initialised
[  176.299060] ksmbd: inherit ACL overflow
[  177.301657] ksmbd: inherit ACL overflow
[  190.367761] ksmbd: inherit ACL overflow
[  196.396983] ksmbd: inherit ACL overflow
[  202.434493] ksmbd: inherit ACL overflow
[  209.471202] ksmbd: inherit ACL overflow
[  215.500806] ksmbd: inherit ACL overflow
[  221.530552] ksmbd: inherit ACL overflow
[  228.554782] ksmbd: inherit ACL overflow
[  229.560598] ksmbd: inherit ACL overflow
[  230.567974] ksmbd: inherit ACL overflow
[  231.576001] ksmbd: inherit ACL overflow
[  233.586613] ksmbd: inherit ACL overflow
[  234.594763] ksmbd: inherit ACL overflow
[  235.606919] ksmbd: inherit ACL overflow
[  236.623093] ksmbd: inherit ACL overflow
[  238.645929] ksmbd: inherit ACL overflow
[  240.660361] ksmbd: inherit ACL overflow
[  241.666608] ksmbd: inherit ACL overflow
[  242.674155] ksmbd: inherit ACL overflow
[  243.686580] ksmbd: inherit ACL overflow
[  245.696724] ksmbd: inherit ACL overflow
[  246.708816] ksmbd: inherit ACL overflow
[  248.724293] ksmbd: inherit ACL overflow
[  250.742246] ksmbd: inherit ACL overflow
[  252.775653] ksmbd: inherit ACL overflow
[  253.789253] ksmbd: inherit ACL overflow
[  253.800242] ksmbd: inherit ACL overflow
[  258.268483] ksmbd: ksmbd: witness protocol support removed
[  258.757361] ksmbd: ksmbd: Fruit SMB extensions unloaded
[  259.053141] ksmbd: Configuration subsystem initialized with 12 parameters
[  259.058489] ksmbd: ksmbd: registered built-in md4 (md4-ksmbd) for NTLMv1 support
[  259.060491] ksmbd: ksmbd: Fruit SMB extensions loaded
[  259.062480] ksmbd: ksmbd: CHANGE_NOTIFY subsystem initialised
[  259.063560] ksmbd: ksmbd: hook subsystem initialized (22 hook points)
[  259.064780] ksmbd: ksmbd: witness protocol support initialised
[  264.803272] ksmbd: inherit ACL overflow
[  264.805447] ksmbd: inherit ACL overflow
[  268.310557] ksmbd: ksmbd: witness protocol support removed
[  268.769368] ksmbd: ksmbd: Fruit SMB extensions unloaded
[  269.055181] ksmbd: Configuration subsystem initialized with 12 parameters
[  269.061079] ksmbd: ksmbd: registered built-in md4 (md4-ksmbd) for NTLMv1 support
[  269.063257] ksmbd: ksmbd: Fruit SMB extensions loaded
[  269.065453] ksmbd: ksmbd: CHANGE_NOTIFY subsystem initialised
[  269.067641] ksmbd: ksmbd: hook subsystem initialized (22 hook points)
[  269.069111] ksmbd: ksmbd: witness protocol support initialised
[  274.939073] ksmbd: durable reconnect: client GUID mismatch
[  274.946463] ksmbd: durable reconnect: client GUID mismatch
[  316.667264] ksmbd: ksmbd: oplock break ACK timeout on fid 185
[  316.668517] ksmbd: ksmbd: cmd 0x5 handler took 38381 ms (pid=2494)
[  316.669765] ksmbd: Failed to send message: -108
[  316.672123] ksmbd: ksmbd: handle_ksmbd_work took 38384 ms
[  319.853352] ksmbd: ksmbd: witness protocol support removed
[  320.311350] ksmbd: ksmbd: Fruit SMB extensions unloaded
[  320.607019] ksmbd: Configuration subsystem initialized with 12 parameters
[  320.612996] ksmbd: ksmbd: registered built-in md4 (md4-ksmbd) for NTLMv1 support
[  320.615943] ksmbd: ksmbd: Fruit SMB extensions loaded
[  320.616951] ksmbd: ksmbd: CHANGE_NOTIFY subsystem initialised
[  320.619042] ksmbd: ksmbd: hook subsystem initialized (22 hook points)
[  320.620353] ksmbd: ksmbd: witness protocol support initialised
[  326.501244] ksmbd: durable reconnect v2: client GUID mismatch
[  326.509368] ksmbd: durable reconnect v2: client GUID mismatch
[  326.587789] ksmbd: inherit ACL overflow
[  326.610143] ksmbd: inherit ACL overflow
[  326.665961] ksmbd: inherit ACL overflow
[  326.683472] ksmbd: inherit ACL overflow
[  326.694727] ksmbd: inherit ACL overflow
[  326.718634] ksmbd: inherit ACL overflow
[  326.738152] ksmbd: inherit ACL overflow
[  326.764252] ksmbd: inherit ACL overflow
[  330.793672] ksmbd: inherit ACL overflow
[  332.813285] ksmbd: inherit ACL overflow
[  334.837491] ksmbd: inherit ACL overflow
[  338.865279] ksmbd: inherit ACL overflow
[  342.895607] ksmbd: inherit ACL overflow
[  346.946661] ksmbd: inherit ACL overflow
[  350.975654] ksmbd: inherit ACL overflow
[  355.007512] ksmbd: inherit ACL overflow
[  370.671399] ksmbd: ksmbd: witness protocol support removed
[  371.138363] ksmbd: ksmbd: Fruit SMB extensions unloaded
[  371.433471] ksmbd: Configuration subsystem initialized with 12 parameters
[  371.439093] ksmbd: ksmbd: registered built-in md4 (md4-ksmbd) for NTLMv1 support
[  371.441171] ksmbd: ksmbd: Fruit SMB extensions loaded
[  371.443135] ksmbd: ksmbd: CHANGE_NOTIFY subsystem initialised
[  371.446120] ksmbd: ksmbd: hook subsystem initialized (22 hook points)
[  371.447841] ksmbd: ksmbd: witness protocol support initialised
[  377.283627] ksmbd: inherit ACL overflow
[  377.340445] ksmbd: no right to read the attributes : 0x100000
[  377.343957] ksmbd: no right to read the attributes : 0x100000
[  377.346231] ksmbd: no right to read the attributes : 0x100000
[  377.349614] ksmbd: Not permitted to read ext attr : 0x100000
[  377.351937] ksmbd: Not permitted to read ext attr : 0x80
[  381.127495] ksmbd: ksmbd: witness protocol support removed
[  381.594350] ksmbd: ksmbd: Fruit SMB extensions unloaded
[  381.893504] ksmbd: Configuration subsystem initialized with 12 parameters
[  381.899208] ksmbd: ksmbd: registered built-in md4 (md4-ksmbd) for NTLMv1 support
[  381.901677] ksmbd: ksmbd: Fruit SMB extensions loaded
[  381.902778] ksmbd: ksmbd: CHANGE_NOTIFY subsystem initialised
[  381.903955] ksmbd: ksmbd: hook subsystem initialized (22 hook points)
[  381.908457] ksmbd: ksmbd: witness protocol support initialised
[  387.790907] ksmbd: not allow rw access by exclusive lock from other opens
[  387.806931] ksmbd: not allow rw access by exclusive lock from other opens
[  388.731572] ksmbd: not allow rw access by exclusive lock from other opens
[  388.732954] ksmbd: unable to write due to lock
[  388.746961] ksmbd: not allow rw access by exclusive lock from other opens
[  388.748337] ksmbd: unable to write due to lock
[  392.299426] ksmbd: ksmbd: witness protocol support removed
[  392.767349] ksmbd: ksmbd: Fruit SMB extensions unloaded
[  393.046647] ksmbd: Configuration subsystem initialized with 12 parameters
[  393.052490] ksmbd: ksmbd: registered built-in md4 (md4-ksmbd) for NTLMv1 support
[  393.054639] ksmbd: ksmbd: Fruit SMB extensions loaded
[  393.055712] ksmbd: ksmbd: CHANGE_NOTIFY subsystem initialised
[  393.056914] ksmbd: ksmbd: hook subsystem initialized (22 hook points)
[  393.059446] ksmbd: ksmbd: witness protocol support initialised
[  475.473822] ksmbd: lease break ack: lookup FAILED
[  493.536943] ksmbd: lease break ack: lookup FAILED
[  558.330405] ksmbd: ksmbd: oplock break ACK timeout on fid 446
[  559.354450] ksmbd: ksmbd: cmd 0x5 handler took 38545 ms (pid=5109)
[  559.356207] ksmbd: ksmbd: handle_ksmbd_work took 38546 ms
[  559.357411] ksmbd: lease break ack: lookup FAILED
[  583.165393] ksmbd: ksmbd: witness protocol support removed
[  583.630348] ksmbd: ksmbd: Fruit SMB extensions unloaded
[  584.030931] ksmbd: Configuration subsystem initialized with 12 parameters
[  584.036268] ksmbd: ksmbd: registered built-in md4 (md4-ksmbd) for NTLMv1 support
[  584.038297] ksmbd: ksmbd: Fruit SMB extensions loaded
[  584.039335] ksmbd: ksmbd: CHANGE_NOTIFY subsystem initialised
[  584.040403] ksmbd: ksmbd: hook subsystem initialized (22 hook points)
[  584.042407] ksmbd: ksmbd: witness protocol support initialised
[  589.757005] ksmbd: Invalid lock count: 0
[  589.758035] ksmbd: Invalid lock count: 0
[  589.759446] ksmbd: Invalid lock range requested
[  589.760692] ksmbd: Invalid lock range requested
[  589.762840] ksmbd: Try to unlock nolocked range
[  589.764046] ksmbd: Try to unlock nolocked range
[  589.765308] ksmbd: ksmbd: invalid lock flags combination 0x6
[  589.766746] ksmbd: ksmbd: invalid lock flags combination 0x5
[  589.768167] ksmbd: ksmbd: invalid lock flags combination 0x14
[  589.769801] ksmbd: conflict two locks in one request
[  589.771076] ksmbd: conflict two locks in one request
[  589.772456] ksmbd: Try to unlock nolocked range
[  589.773503] ksmbd: Try to unlock nolocked range
[  589.774747] ksmbd: Try to unlock nolocked range
[  589.775957] ksmbd: Try to unlock nolocked range
[  589.777701] ksmbd: Try to unlock nolocked range
[  589.792396] ksmbd: not allow write by shared lock
[  589.793405] ksmbd: unable to write due to lock
[  589.794724] ksmbd: not allow write by shared lock
[  589.795696] ksmbd: unable to write due to lock
[  589.806303] ksmbd: not allow rw access by exclusive lock from other opens
[  589.807734] ksmbd: unable to write due to lock
[  589.808841] ksmbd: not allow rw access by exclusive lock from other opens
[  589.810227] ksmbd: unable to read due to lock
[  589.825085] ksmbd: Not allow lock operation on exclusive lock range
[  589.826478] ksmbd: Not allow lock operation on exclusive lock range
[  589.828038] ksmbd: Not allow lock operation on exclusive lock range
[  589.836817] ksmbd: inherit ACL overflow
[  589.839210] ksmbd: Not allow lock operation on exclusive lock range
[  589.840980] ksmbd: Try to unlock nolocked range
[  589.842194] ksmbd: Not allow lock operation on exclusive lock range
[  589.843901] ksmbd: Try to unlock nolocked range
[  589.845234] ksmbd: Not allow lock operation on exclusive lock range
[  589.846914] ksmbd: Try to unlock nolocked range
[  589.848297] ksmbd: Not allow lock operation on exclusive lock range
[  589.850241] ksmbd: Not allow lock operation on exclusive lock range
[  589.853167] ksmbd: Not allow lock operation on exclusive lock range
[  589.854850] ksmbd: Invalid lock range requested
[  589.866587] ksmbd: inherit ACL overflow
[  589.878775] ksmbd: inherit ACL overflow
[  589.880786] ksmbd: Outstanding credits underflow: charge 1, outstanding 0
[  589.883482] ksmbd: Outstanding credits underflow: charge 1, outstanding 0
[  589.897417] ksmbd: inherit ACL overflow
[  589.909720] ksmbd: inherit ACL overflow
[  589.921085] ksmbd: inherit ACL overflow
[  589.922803] ksmbd: Not allow lock operation on exclusive lock range
[  589.925507] ksmbd: current lock conflict with zero byte lock range
[  589.927011] ksmbd: current lock conflict with zero byte lock range
[  589.940969] ksmbd: inherit ACL overflow
[  589.945450] ksmbd: previous lock conflict with zero byte lock range
[  589.948057] ksmbd: previous lock conflict with zero byte lock range
[  589.952735] ksmbd: current lock conflict with zero byte lock range
[  589.955510] ksmbd: current lock conflict with zero byte lock range
[  589.961195] ksmbd: previous lock conflict with zero byte lock range
[  589.963914] ksmbd: previous lock conflict with zero byte lock range
[  589.968772] ksmbd: current lock conflict with zero byte lock range
[  589.971547] ksmbd: current lock conflict with zero byte lock range
[  589.984799] ksmbd: inherit ACL overflow
[  589.998604] ksmbd: inherit ACL overflow
[  590.000295] ksmbd: ksmbd: invalid lock flags combination 0x5
[  590.002482] ksmbd: ksmbd: invalid lock flags combination 0x6
[  590.004494] ksmbd: previous lock conflict with zero byte lock range
[  590.005950] ksmbd: previous lock conflict with zero byte lock range
[  590.019997] ksmbd: inherit ACL overflow
[  593.685565] ksmbd: ksmbd: witness protocol support removed
[  594.141369] ksmbd: ksmbd: Fruit SMB extensions unloaded
[  594.431728] ksmbd: Configuration subsystem initialized with 12 parameters
[  594.437906] ksmbd: ksmbd: registered built-in md4 (md4-ksmbd) for NTLMv1 support
[  594.440133] ksmbd: ksmbd: Fruit SMB extensions loaded
[  594.442268] ksmbd: ksmbd: CHANGE_NOTIFY subsystem initialised
[  594.443804] ksmbd: ksmbd: hook subsystem initialized (22 hook points)
[  594.445396] ksmbd: ksmbd: witness protocol support initialised
[  600.786161] ksmbd: inherit ACL overflow
[  600.787388] ksmbd: inherit ACL overflow
[  600.788786] ksmbd: inherit ACL overflow
[  600.790011] ksmbd: inherit ACL overflow
[  600.791434] ksmbd: inherit ACL overflow
[  600.792709] ksmbd: inherit ACL overflow
[  600.793924] ksmbd: inherit ACL overflow
[  600.795178] ksmbd: inherit ACL overflow
[  600.796499] ksmbd: inherit ACL overflow
[  600.797754] ksmbd: inherit ACL overflow
[  616.886412] ksmbd: ksmbd: witness protocol support removed
[  617.356353] ksmbd: ksmbd: Fruit SMB extensions unloaded
[  617.648000] ksmbd: Configuration subsystem initialized with 12 parameters
[  617.653651] ksmbd: ksmbd: registered built-in md4 (md4-ksmbd) for NTLMv1 support
[  617.655783] ksmbd: ksmbd: Fruit SMB extensions loaded
[  617.657621] ksmbd: ksmbd: CHANGE_NOTIFY subsystem initialised
[  617.659083] ksmbd: ksmbd: hook subsystem initialized (22 hook points)
[  617.660597] ksmbd: ksmbd: witness protocol support initialised
[  627.027617] ksmbd: ksmbd: witness protocol support removed
[  627.486362] ksmbd: ksmbd: Fruit SMB extensions unloaded
[  627.765705] ksmbd: Configuration subsystem initialized with 12 parameters
[  627.771660] ksmbd: ksmbd: registered built-in md4 (md4-ksmbd) for NTLMv1 support
[  627.774436] ksmbd: ksmbd: Fruit SMB extensions loaded
[  627.776103] ksmbd: ksmbd: CHANGE_NOTIFY subsystem initialised
[  627.777290] ksmbd: ksmbd: hook subsystem initialized (22 hook points)
[  627.778645] ksmbd: ksmbd: witness protocol support initialised
[  633.555472] ksmbd: inherit ACL overflow
[  633.557451] ksmbd: inherit ACL overflow
[  637.024536] ksmbd: ksmbd: witness protocol support removed
[  637.496346] ksmbd: ksmbd: Fruit SMB extensions unloaded
[  637.835415] ksmbd: Configuration subsystem initialized with 12 parameters
[  637.842994] ksmbd: ksmbd: registered built-in md4 (md4-ksmbd) for NTLMv1 support
[  637.844945] ksmbd: ksmbd: Fruit SMB extensions loaded
[  637.846127] ksmbd: ksmbd: CHANGE_NOTIFY subsystem initialised
[  637.847203] ksmbd: ksmbd: hook subsystem initialized (22 hook points)
[  637.848406] ksmbd: ksmbd: witness protocol support initialised
[  648.997545] ksmbd: ksmbd: witness protocol support removed
[  649.460353] ksmbd: ksmbd: Fruit SMB extensions unloaded
[  649.752666] ksmbd: Configuration subsystem initialized with 12 parameters
[  649.758469] ksmbd: ksmbd: registered built-in md4 (md4-ksmbd) for NTLMv1 support
[  649.760592] ksmbd: ksmbd: Fruit SMB extensions loaded
[  649.761697] ksmbd: ksmbd: CHANGE_NOTIFY subsystem initialised
[  649.763894] ksmbd: ksmbd: hook subsystem initialized (22 hook points)
[  649.765451] ksmbd: ksmbd: witness protocol support initialised
[  655.780916] ksmbd: inherit ACL overflow
[  655.783122] ksmbd: inherit ACL overflow
[  655.786107] ksmbd: inherit ACL overflow
[  655.805986] ksmbd: inherit ACL overflow
[  655.808202] ksmbd: inherit ACL overflow
[  655.810072] ksmbd: inherit ACL overflow
[  656.012433] ksmbd: inherit ACL overflow
[  656.013874] ksmbd: inherit ACL overflow
[  656.015180] ksmbd: inherit ACL overflow
[  656.016632] ksmbd: inherit ACL overflow
[  660.863470] smb_inherit_dacl: 15 callbacks suppressed
[  660.863475] ksmbd: inherit ACL overflow
[  661.068417] ksmbd: inherit ACL overflow
[  661.271953] ksmbd: inherit ACL overflow
[  661.475111] ksmbd: inherit ACL overflow
[  661.678376] ksmbd: inherit ACL overflow
[  661.881982] ksmbd: inherit ACL overflow
[  662.085905] ksmbd: inherit ACL overflow
[  662.289098] ksmbd: inherit ACL overflow
[  662.493072] ksmbd: inherit ACL overflow
[  662.696554] ksmbd: inherit ACL overflow
[  665.940550] smb_inherit_dacl: 15 callbacks suppressed
[  665.940555] ksmbd: inherit ACL overflow
[  666.145157] ksmbd: inherit ACL overflow
[  666.348688] ksmbd: inherit ACL overflow
[  666.552135] ksmbd: inherit ACL overflow
[  666.755685] ksmbd: inherit ACL overflow
[  666.959955] ksmbd: inherit ACL overflow
[  667.166399] ksmbd: inherit ACL overflow
[  667.372773] ksmbd: inherit ACL overflow
[  667.576616] ksmbd: inherit ACL overflow
[  667.782471] ksmbd: inherit ACL overflow
[  671.064471] smb_inherit_dacl: 15 callbacks suppressed
[  671.064483] ksmbd: inherit ACL overflow
[  671.269217] ksmbd: inherit ACL overflow
[  671.473132] ksmbd: inherit ACL overflow
[  671.676610] ksmbd: inherit ACL overflow
[  671.879985] ksmbd: inherit ACL overflow
[  672.083262] ksmbd: inherit ACL overflow
[  672.327302] ksmbd: inherit ACL overflow
[  672.530700] ksmbd: inherit ACL overflow
[  672.734303] ksmbd: inherit ACL overflow
[  672.937635] ksmbd: inherit ACL overflow
[  676.182825] smb_inherit_dacl: 15 callbacks suppressed
[  676.182828] ksmbd: inherit ACL overflow
[  676.387799] ksmbd: inherit ACL overflow
[  676.591064] ksmbd: inherit ACL overflow
[  676.794823] ksmbd: inherit ACL overflow
[  676.998134] ksmbd: inherit ACL overflow
[  677.201787] ksmbd: inherit ACL overflow
[  677.405518] ksmbd: inherit ACL overflow
[  677.610340] ksmbd: inherit ACL overflow
[  677.813728] ksmbd: inherit ACL overflow
[  678.017544] ksmbd: inherit ACL overflow
[  681.273934] smb_inherit_dacl: 15 callbacks suppressed
[  681.273939] ksmbd: inherit ACL overflow
[  681.478461] ksmbd: inherit ACL overflow
[  681.681755] ksmbd: inherit ACL overflow
[  681.885472] ksmbd: inherit ACL overflow
[  682.089185] ksmbd: inherit ACL overflow
[  682.292782] ksmbd: inherit ACL overflow
[  682.496125] ksmbd: inherit ACL overflow
[  682.699129] ksmbd: inherit ACL overflow
[  682.902189] ksmbd: inherit ACL overflow
[  683.105451] ksmbd: inherit ACL overflow
[  737.219750] smb_inherit_dacl: 10 callbacks suppressed
[  737.219754] ksmbd: inherit ACL overflow
[  737.223665] ksmbd: inherit ACL overflow
[  737.286214] ksmbd: inherit ACL overflow
[  737.287622] ksmbd: inherit ACL overflow
[  737.288961] ksmbd: inherit ACL overflow
[  737.328565] ksmbd: inherit ACL overflow
[  737.548222] ksmbd: inherit ACL overflow
[  737.549860] ksmbd: inherit ACL overflow
[  737.563485] ksmbd: inherit ACL overflow
[  737.564496] ksmbd: ksmbd: notify on non-directory
[  737.842132] ksmbd: inherit ACL overflow
[  739.327927] ------------[ cut here ]------------
[  739.328904] imbalanced put on file reference count
[  739.328950] WARNING: CPU: 1 PID: 6565 at fs/file.c:36 __file_ref_put_badval.isra.0+0x66/0x90
[  739.331764] Modules linked in: ksmbd(OE) cmac libdes aesni_intel sr_mod cdrom ata_generic pata_acpi floppy intel_agp bochs intel_gtt ata_piix serio_raw 9pnet_virtio 9p 9pnet virtio_net netfs net_failover failover
[  739.331786] Unloaded tainted modules: ksmbd(OE):21 [last unloaded: ksmbd(OE)]
[  739.337847] CPU: 1 UID: 0 PID: 6565 Comm: ksmbdctl Tainted: G           OE       6.18.13-arch1-1 #1 PREEMPT(full)  37d84e5c59d38b1e3c61214631c6e0356ae9b977
[  739.343581] Tainted: [O]=OOT_MODULE, [E]=UNSIGNED_MODULE
[  739.345429] Hardware name: QEMU Standard PC (i440FX + PIIX, 1996), BIOS Arch Linux 1.17.0-2-2 04/01/2014
[  739.348877] RIP: 0010:__file_ref_put_badval.isra.0+0x66/0x90
[  739.350544] Code: 00 00 00 00 00 00 e0 48 89 0f c3 cc cc cc cc 48 83 ec 08 c6 05 16 36 f2 01 01 48 89 3c 24 48 c7 c7 48 89 7a ac e8 1a e1 be ff <0f> 0b 48 b9 00 00 00 00 00 00 00 e0 48 8b 04 24 48 89 08 48 83 c4
[  739.356745] RSP: 0018:ffffcddc022bf9f0 EFLAGS: 00010246
[  739.357955] RAX: 0000000000000000 RBX: ffff8cd08f764480 RCX: 0000000000000027
[  739.359398] RDX: ffff8cd0fd31d008 RSI: 0000000000000001 RDI: ffff8cd0fd31d000
[  739.362904] RBP: ffff8cd085ea1900 R08: 0000000000000000 R09: 00000000ffffefff
[  739.364450] R10: ffffffffad061440 R11: ffffcddc022bf888 R12: ffff8cd0849aa6c0
[  739.365863] R13: fffffffffffffff2 R14: ffffcddc022bfb08 R15: 0000000000000000
[  739.367438] FS:  00007f3aa4511740(0000) GS:ffff8cd14f5ee000(0000) knlGS:0000000000000000
[  739.371507] CS:  0010 DS: 0000 ES: 0000 CR0: 0000000080050033
[  739.372773] CR2: 00007f8f7a322d5c CR3: 000000000ff88006 CR4: 0000000000370ef0
[  739.374200] Call Trace:
[  739.374733]  <TASK>
[  739.375177]  __file_ref_put+0x30/0x40
[  739.376129]  fput+0x4f/0x80
[  739.376837]  __ksmbd_close_fd+0x148/0x3c0 [ksmbd 43e90a0f0f082723cd171ae0b92c5c7c28bd9b42]
[  739.378561]  ksmbd_free_global_file_table+0xd3/0x160 [ksmbd 43e90a0f0f082723cd171ae0b92c5c7c28bd9b42]
[  739.380584]  kill_server_store+0x72/0x100 [ksmbd 43e90a0f0f082723cd171ae0b92c5c7c28bd9b42]
[  739.384989]  kernfs_fop_write_iter+0x14d/0x200
[  739.385919]  vfs_write+0x25d/0x480
[  739.388656]  ksys_write+0x73/0xf0
[  739.389475]  do_syscall_64+0x81/0x7f0
[  739.390219]  ? __alloc_frozen_pages_noprof+0x18b/0x350
[  739.391404]  ? mod_memcg_lruvec_state+0xc5/0x1f0
[  739.392359]  ? __lruvec_stat_mod_folio+0x85/0xd0
[  739.393421]  ? __folio_mod_stat+0x2d/0x90
[  739.394217]  ? set_ptes.isra.0+0x36/0x80
[  739.395029]  ? _raw_spin_unlock+0xe/0x30
[  739.395829]  ? do_anonymous_page+0xfb/0x890
[  739.396868]  ? ___pte_offset_map+0x1b/0x160
[  739.397734]  ? __handle_mm_fault+0xa60/0xf10
[  739.398617]  ? count_memcg_events+0xc2/0x190
[  739.399502]  ? handle_mm_fault+0x1d7/0x2d0
[  739.400523]  ? do_user_addr_fault+0x21a/0x690
[  739.401432]  ? clear_bhb_loop+0x50/0xa0
[  739.402195]  ? clear_bhb_loop+0x50/0xa0
[  739.402989]  ? clear_bhb_loop+0x50/0xa0
[  739.403962]  entry_SYSCALL_64_after_hwframe+0x76/0x7e
[  739.405060] RIP: 0033:0x7f3aa46843be
[  739.405799] Code: 4d 89 d8 e8 64 bb 00 00 4c 8b 5d f8 41 8b 93 08 03 00 00 59 5e 48 83 f8 fc 74 11 c9 c3 0f 1f 80 00 00 00 00 48 8b 45 10 0f 05 <c9> c3 83 e2 39 83 fa 08 75 e7 e8 03 ff ff ff 0f 1f 00 f3 0f 1e fa
[  739.409766] RSP: 002b:00007ffdc4f306b0 EFLAGS: 00000202 ORIG_RAX: 0000000000000001
[  739.411987] RAX: ffffffffffffffda RBX: 0000000000000000 RCX: 00007f3aa46843be
[  739.413513] RDX: 0000000000000004 RSI: 000056067eef4aaa RDI: 0000000000000003
[  739.414927] RBP: 00007ffdc4f306c0 R08: 0000000000000000 R09: 0000000000000000
[  739.416485] R10: 0000000000000000 R11: 0000000000000202 R12: 0000000000000003
[  739.418033] R13: 0000000000000002 R14: 00007f3aa49b4000 R15: 000056067eeff518
[  739.419585]  </TASK>
[  739.420043] ---[ end trace 0000000000000000 ]---
[  739.421090] ------------[ cut here ]------------
[  739.422042] kernel BUG at mm/slub.c:634!
[  739.422869] Oops: invalid opcode: 0000 [#1] SMP PTI
[  739.423858] CPU: 1 UID: 0 PID: 6565 Comm: ksmbdctl Tainted: G        W  OE       6.18.13-arch1-1 #1 PREEMPT(full)  37d84e5c59d38b1e3c61214631c6e0356ae9b977
[  739.427060] Tainted: [W]=WARN, [O]=OOT_MODULE, [E]=UNSIGNED_MODULE
[  739.428388] Hardware name: QEMU Standard PC (i440FX + PIIX, 1996), BIOS Arch Linux 1.17.0-2-2 04/01/2014
[  739.430290] RIP: 0010:__slab_free+0x111/0x310
[  739.431183] Code: 85 9e 00 00 00 4d 85 ff 0f 84 62 ff ff ff 48 8b 74 24 08 4c 89 ff e8 4e 27 d3 00 4c 8b 73 20 4c 3b 74 24 20 0f 85 55 ff ff ff <0f> 0b 66 90 45 31 ff 4d 85 f6 74 ad 48 8b 03 48 89 0c 24 48 c1 e8
[  739.434979] RSP: 0018:ffffcddc022bf960 EFLAGS: 00010246
[  739.436051] RAX: 0000000000000000 RBX: fffff9a24017a800 RCX: 0000000000000000
[  739.437535] RDX: ffff8cd085ea1900 RSI: ffff8cd085ea1900 RDI: ffffcddc022bf9d0
[  739.438980] RBP: ffffcddc022bfa00 R08: 0000000000000001 R09: ffffffffc067a883
[  739.440470] R10: ffff8cd085ea1900 R11: fffff9a24017a800 R12: ffff8cd082499200
[  739.441893] R13: ffff8cd085ea1900 R14: ffff8cd085ea1900 R15: 0000000000000000
[  739.443394] FS:  00007f3aa4511740(0000) GS:ffff8cd14f5ee000(0000) knlGS:0000000000000000
[  739.444993] CS:  0010 DS: 0000 ES: 0000 CR0: 0000000080050033
[  739.446163] CR2: 00007f8f7a322d5c CR3: 000000000ff88006 CR4: 0000000000370ef0
[  739.447649] Call Trace:
[  739.448154]  <TASK>
[  739.448647]  kmem_cache_free+0x521/0x5d0
[  739.449505]  ? __ksmbd_close_fd+0x27d/0x3c0 [ksmbd 43e90a0f0f082723cd171ae0b92c5c7c28bd9b42]
[  739.451346]  ? ksmbd_free_global_file_table+0xd3/0x160 [ksmbd 43e90a0f0f082723cd171ae0b92c5c7c28bd9b42]
[  739.453484]  ksmbd_free_global_file_table+0xd3/0x160 [ksmbd 43e90a0f0f082723cd171ae0b92c5c7c28bd9b42]
[  739.455576]  kill_server_store+0x72/0x100 [ksmbd 43e90a0f0f082723cd171ae0b92c5c7c28bd9b42]
[  739.458017]  kernfs_fop_write_iter+0x14d/0x200
[  739.459379]  vfs_write+0x25d/0x480
[  739.460399]  ksys_write+0x73/0xf0
[  739.461628]  do_syscall_64+0x81/0x7f0
[  739.462440]  ? __alloc_frozen_pages_noprof+0x18b/0x350
[  739.464308]  ? mod_memcg_lruvec_state+0xc5/0x1f0
[  739.465450]  ? __lruvec_stat_mod_folio+0x85/0xd0
[  739.466886]  ? __folio_mod_stat+0x2d/0x90
[  739.467735]  ? set_ptes.isra.0+0x36/0x80
[  739.469367]  ? _raw_spin_unlock+0xe/0x30
[  739.470156]  ? do_anonymous_page+0xfb/0x890
[  739.471376]  ? ___pte_offset_map+0x1b/0x160
[  739.472731]  ? __handle_mm_fault+0xa60/0xf10
[  739.473655]  ? count_memcg_events+0xc2/0x190
[  739.474863]  ? handle_mm_fault+0x1d7/0x2d0
[  739.476126]  ? do_user_addr_fault+0x21a/0x690
[  739.477414]  ? clear_bhb_loop+0x50/0xa0
[  739.478189]  ? clear_bhb_loop+0x50/0xa0
[  739.479463]  ? clear_bhb_loop+0x50/0xa0
[  739.480277]  entry_SYSCALL_64_after_hwframe+0x76/0x7e
[  739.481373] RIP: 0033:0x7f3aa46843be
[  739.482129] Code: 4d 89 d8 e8 64 bb 00 00 4c 8b 5d f8 41 8b 93 08 03 00 00 59 5e 48 83 f8 fc 74 11 c9 c3 0f 1f 80 00 00 00 00 48 8b 45 10 0f 05 <c9> c3 83 e2 39 83 fa 08 75 e7 e8 03 ff ff ff 0f 1f 00 f3 0f 1e fa
[  739.487089] RSP: 002b:00007ffdc4f306b0 EFLAGS: 00000202 ORIG_RAX: 0000000000000001
[  739.488910] RAX: ffffffffffffffda RBX: 0000000000000000 RCX: 00007f3aa46843be
[  739.491115] RDX: 0000000000000004 RSI: 000056067eef4aaa RDI: 0000000000000003
[  739.492607] RBP: 00007ffdc4f306c0 R08: 0000000000000000 R09: 0000000000000000
[  739.494705] R10: 0000000000000000 R11: 0000000000000202 R12: 0000000000000003
[  739.497019] R13: 0000000000000002 R14: 00007f3aa49b4000 R15: 000056067eeff518
[  739.499032]  </TASK>
[  739.499909] Modules linked in: ksmbd(OE) cmac libdes aesni_intel sr_mod cdrom ata_generic pata_acpi floppy intel_agp bochs intel_gtt ata_piix serio_raw 9pnet_virtio 9p 9pnet virtio_net netfs net_failover failover
[  739.499931] Unloaded tainted modules: ksmbd(OE):21 [last unloaded: ksmbd(OE)]
[  739.508305] ---[ end trace 0000000000000000 ]---
[  739.509609] RIP: 0010:__slab_free+0x111/0x310
[  739.510551] Code: 85 9e 00 00 00 4d 85 ff 0f 84 62 ff ff ff 48 8b 74 24 08 4c 89 ff e8 4e 27 d3 00 4c 8b 73 20 4c 3b 74 24 20 0f 85 55 ff ff ff <0f> 0b 66 90 45 31 ff 4d 85 f6 74 ad 48 8b 03 48 89 0c 24 48 c1 e8
[  739.516455] RSP: 0018:ffffcddc022bf960 EFLAGS: 00010246
[  739.517728] RAX: 0000000000000000 RBX: fffff9a24017a800 RCX: 0000000000000000
[  739.519418] RDX: ffff8cd085ea1900 RSI: ffff8cd085ea1900 RDI: ffffcddc022bf9d0
[  739.521037] RBP: ffffcddc022bfa00 R08: 0000000000000001 R09: ffffffffc067a883
[  739.522655] R10: ffff8cd085ea1900 R11: fffff9a24017a800 R12: ffff8cd082499200
[  739.524320] R13: ffff8cd085ea1900 R14: ffff8cd085ea1900 R15: 0000000000000000
[  739.525912] FS:  00007f3aa4511740(0000) GS:ffff8cd14f5ee000(0000) knlGS:0000000000000000
[  739.527763] CS:  0010 DS: 0000 ES: 0000 CR0: 0000000080050033
[  739.529088] CR2: 00007f8f7a322d5c CR3: 000000000ff88006 CR4: 0000000000370ef0

Broadcast message from root@ksmbd-vm (Sat 2026-03-07 13:26:30 UTC):

The system will reboot now!

[[0;32m  OK  [0m] Stopped [0;1;39mSession 115 of User root[0m.
[?2004l[?2004h[?2004l
[?2004h[?2004l
         Stopping [0;1;39mSession 1 of User root[0m...
[[0;32m  OK  [0m] Removed slice [0;1;39mSlice /system/modprobe[0m.
[[0;32m  OK  [0m] Stopped target [0;1;39mGraphical Interface[0m.
[[0;32m  OK  [0m] Stopped target [0;1;39mMulti-User System[0m.
[[0;32m  OK  [0m] Stopped target [0;1;39mLogin Prompts[0m.
[[0;32m  OK  [0m] Stopped target [0;1;39mHost and Network Name Lookups[0m.
[[0;32m  OK  [0m] Stopped target [0;1;39mSSH Access Available[0m.
[[0;32m  OK  [0m] Stopped target [0;1;39mTimer Units[0m.
[[0;32m  OK  [0m] Stopped [0;1;39mRefresh existing PGP keys of archlinux-keyring regularly[0m.
[[0;32m  OK  [0m] Stopped [0;1;39mDaily verification of password and group files[0m.
[[0;32m  OK  [0m] Stopped [0;1;39mDaily Cleanup of Temporary Directories[0m.
         Unmounting [0;1;39m/mnt/ksmbd[0m...
         Stopping [0;1;39mGetty on tty1[0m...
]3008;end=135dcb1999104a918905041a49f298d7\         Starting [0;1;39mGenerate shutdown-ramfs[0m...
         Stopping [0;1;39mSerial Getty on ttyS0[0m...
         Stopping [0;1;39mOpenSSH Daemon[0m...
         Stopping [0;1;39mEnable Persistent Storage in systemd-networkd[0m...
         Stopping [0;1;39mLoad/Save OS Random Seed[0m...
[[0;32m  OK  [0m] Stopped [0;1;39mLoad udev Rules from Credentials[0m.
[[0;32m  OK  [0m] Stopped [0;1;39mOpenSSH Daemon[0m.
[[0;32m  OK  [0m] Stopped [0;1;39mGetty on tty1[0m.
[[0;32m  OK  [0m] Stopped [0;1;39mSerial Getty on ttyS0[0m.
[!p]104\[0m[?7h[1G[0J[6n[32766;32766H[6n]3008;end=8c467756686045e3a233c360987377b5\[[0;32m  OK  [0m] Unmounted [0;1;39m/mnt/ksmbd[0m.
[[0;32m  OK  [0m] Finished [0;1;39mGenerate shutdown-ramfs[0m.
[[0;32m  OK  [0m] Stopped [0;1;39mLoad/Save OS Random Seed[0m.
[[0;32m  OK  [0m] Stopped [0;1;39mSession 1 of User root[0m.
[[0;32m  OK  [0m] Removed slice [0;1;39mSlice /system/getty[0m.
[[0;32m  OK  [0m] Removed slice [0;1;39mSlice /system/serial-getty[0m.
         Stopping [0;1;39mPermit User Sessions[0m...
         Stopping [0;1;39mUser Manager for UID 0[0m...
[[0;32m  OK  [0m] Stopped [0;1;39mEnable Persistent Storage in systemd-networkd[0m.
[[0;32m  OK  [0m] Stopped [0;1;39mUser Manager for UID 0[0m.
[[0;32m  OK  [0m] Stopped [0;1;39mPermit User Sessions[0m.
[[0;32m  OK  [0m] Stopped target [0;1;39mNetwork[0m.
[[0;32m  OK  [0m] Stopped target [0;1;39mRemote File Systems[0m.
         Stopping [0;1;39mNetwork Management[0m...
[[0;32m  OK  [0m] Stopped [0;1;39mLoad JSON user/group Records from Credentials[0m.
         Stopping [0;1;39mUser Runtime Directory /run/user/0[0m...
[[0;32m  OK  [0m] Stopped [0;1;39mNetwork Management[0m.
[[0;32m  OK  [0m] Unmounted [0;1;39m/run/user/0[0m.
[[0;32m  OK  [0m] Stopped [0;1;39mUser Runtime Directory /run/user/0[0m.
[[0;32m  OK  [0m] Removed slice [0;1;39mUser Slice of UID 0[0m.
[[0;32m  OK  [0m] Stopped target [0;1;39mPreparation for Network[0m.
         Stopping [0;1;39mUser Login Management[0m...
[[0;32m  OK  [0m] Stopped [0;1;39mGenerate Network Units from Kernel Command Line[0m.
[[0;32m  OK  [0m] Stopped [0;1;39mUser Login Management[0m.
[[0;32m  OK  [0m] Stopped target [0;1;39mBasic System[0m.
[[0;32m  OK  [0m] Stopped target [0;1;39mPath Units[0m.
[[0;32m  OK  [0m] Stopped target [0;1;39mSlice Units[0m.
[[0;32m  OK  [0m] Removed slice [0;1;39mUser and Session Slice[0m.
[[0;32m  OK  [0m] Stopped target [0;1;39mSocket Units[0m.
[[0;32m  OK  [0m] Closed [0;1;39mGnuPG network certificate m…ent daemon for /etc/pacman.d/gnupg[0m.
[[0;32m  OK  [0m] Removed slice [0;1;39mSlice /system/dirmngr[0m.
[[0;32m  OK  [0m] Closed [0;1;39mGnuPG cryptographic agent a… browsers) for /etc/pacman.d/gnupg[0m.
[[0;32m  OK  [0m] Removed slice [0;1;39mSlice /system/gpg-agent-browser[0m.
[[0;32m  OK  [0m] Closed [0;1;39mGnuPG cryptographic agent a…estricted) for /etc/pacman.d/gnupg[0m.
[[0;32m  OK  [0m] Removed slice [0;1;39mSlice /system/gpg-agent-extra[0m.
[[0;32m  OK  [0m] Closed [0;1;39mGnuPG cryptographic agent (…emulation) for /etc/pacman.d/gnupg[0m.
[[0;32m  OK  [0m] Removed slice [0;1;39mSlice /system/gpg-agent-ssh[0m.
[[0;32m  OK  [0m] Closed [0;1;39mGnuPG cryptographic agent a…rase cache for /etc/pacman.d/gnupg[0m.
[[0;32m  OK  [0m] Removed slice [0;1;39mSlice /system/gpg-agent[0m.
[[0;32m  OK  [0m] Closed [0;1;39mGnuPG public key management service for /etc/pacman.d/gnupg[0m.
[[0;32m  OK  [0m] Removed slice [0;1;39mSlice /system/keyboxd[0m.
[[0;32m  OK  [0m] Closed [0;1;39mOpenSSH Server Socket (systemd-ssh-generator, AF_UNIX Local)[0m.
[[0;32m  OK  [0m] Closed [0;1;39mHostname Service Socket[0m.
[[0;32m  OK  [0m] Closed [0;1;39mDisk Image Download Service Socket[0m.
[[0;32m  OK  [0m] Closed [0;1;39mUser Login Management Varlink Socket[0m.
[[0;32m  OK  [0m] Closed [0;1;39mVirtual Machine and Container Registration Service Socket[0m.
[[0;32m  OK  [0m] Closed [0;1;39mConsole Output Muting Service Socket[0m.
[[0;32m  OK  [0m] Closed [0;1;39mNetwork Management Resolve Hook Socket[0m.
[[0;32m  OK  [0m] Closed [0;1;39mNetwork Management Varlink Socket[0m.
[[0;32m  OK  [0m] Closed [0;1;39mNetwork Management Netlink Socket[0m.
[[0;32m  OK  [0m] Closed [0;1;39mDisk Repartitioning Service Socket[0m.
         Stopping [0;1;39mD-Bus System Message Bus[0m...
[[0;32m  OK  [0m] Stopped [0;1;39mD-Bus System Message Bus[0m.
[[0;32m  OK  [0m] Closed [0;1;39mD-Bus System Message Bus Socket[0m.
[[0;32m  OK  [0m] Stopped target [0;1;39mSystem Initialization[0m.
[[0;32m  OK  [0m] Unset automount [0;1;39mArbitrary Executab…ormats File System Automount Point[0m.
[[0;32m  OK  [0m] Stopped target [0;1;39mLocal Encrypted Volumes[0m.
[[0;32m  OK  [0m] Stopped [0;1;39mDispatch Password Requests to Console Directory Watch[0m.
[[0;32m  OK  [0m] Stopped [0;1;39mForward Password Requests to Wall Directory Watch[0m.
[[0;32m  OK  [0m] Stopped target [0;1;39mImage Downloads[0m.
[[0;32m  OK  [0m] Stopped target [0;1;39mLocal Integrity Protected Volumes[0m.
[[0;32m  OK  [0m] Stopped target [0;1;39mLocal Verity Protected Volumes[0m.
         Stopping [0;1;39mNetwork Name Resolution[0m...
         Stopping [0;1;39mRecord System Boot/Shutdown in UTMP[0m...
[[0;32m  OK  [0m] Stopped [0;1;39mNetwork Name Resolution[0m.
[[0;32m  OK  [0m] Closed [0;1;39mResolve Monitor Varlink Socket[0m.
[[0;32m  OK  [0m] Closed [0;1;39mResolve Service Varlink Socket[0m.
[[0;32m  OK  [0m] Stopped [0;1;39mApply Kernel Variables[0m.
[[0;32m  OK  [0m] Closed [0;1;39mProcess Core Dump Socket[0m.
[[0;32m  OK  [0m] Stopped [0;1;39mRecord System Boot/Shutdown in UTMP[0m.
