[    0.000000] Linux version 6.18.13-arch1-1 (linux@archlinux) (gcc (GCC) 15.2.1 20260209, GNU ld (GNU Binutils) 2.46) #1 SMP PREEMPT_DYNAMIC Wed, 25 Feb 2026 23:12:35 +0000
[    0.000000] Command line: root=/dev/vda1 rw console=ttyS0,115200 loglevel=7
[    0.000000] BIOS-provided physical RAM map:
[    0.000000] BIOS-e820: [mem 0x0000000000000000-0x000000000009fbff] usable
[    0.000000] BIOS-e820: [mem 0x000000000009fc00-0x000000000009ffff] reserved
[    0.000000] BIOS-e820: [mem 0x00000000000f0000-0x00000000000fffff] reserved
[    0.000000] BIOS-e820: [mem 0x0000000000100000-0x000000007ffdcfff] usable
[    0.000000] BIOS-e820: [mem 0x000000007ffdd000-0x000000007fffffff] reserved
[    0.000000] BIOS-e820: [mem 0x00000000feffc000-0x00000000feffffff] reserved
[    0.000000] BIOS-e820: [mem 0x00000000fffc0000-0x00000000ffffffff] reserved
[    0.000000] NX (Execute Disable) protection: active
[    0.000000] APIC: Static calls initialized
[    0.000000] SMBIOS 2.8 present.
[    0.000000] DMI: QEMU Standard PC (i440FX + PIIX, 1996), BIOS Arch Linux 1.17.0-2-2 04/01/2014
[    0.000000] DMI: Memory slots populated: 1/1
[    0.000000] Hypervisor detected: KVM
[    0.000000] last_pfn = 0x7ffdd max_arch_pfn = 0x400000000
[    0.000000] kvm-clock: Using msrs 4b564d01 and 4b564d00
[    0.000001] kvm-clock: using sched offset of 363911047 cycles
[    0.000003] clocksource: kvm-clock: mask: 0xffffffffffffffff max_cycles: 0x1cd42e4dffb, max_idle_ns: 881590591483 ns
[    0.000006] tsc: Detected 3600.000 MHz processor
[    0.001232] last_pfn = 0x7ffdd max_arch_pfn = 0x400000000
[    0.001264] MTRR map: 4 entries (3 fixed + 1 variable; max 19), built from 8 variable MTRRs
[    0.001267] x86/PAT: Configuration [0-7]: WB  WC  UC- UC  WB  WP  UC- WT  
[    0.010422] found SMP MP-table at [mem 0x000f66b0-0x000f66bf]
[    0.010454] Using GB pages for direct mapping
[    0.010604] RAMDISK: [mem 0x7f508000-0x7ffcffff]
[    0.010676] ACPI: Early table checksum verification disabled
[    0.010680] ACPI: RSDP 0x00000000000F64E0 000014 (v00 BOCHS )
[    0.010685] ACPI: RSDT 0x000000007FFE239C 000034 (v01 BOCHS  BXPC     00000001 BXPC 00000001)
[    0.010692] ACPI: FACP 0x000000007FFE2248 000074 (v01 BOCHS  BXPC     00000001 BXPC 00000001)
[    0.010700] ACPI: DSDT 0x000000007FFE0040 002208 (v01 BOCHS  BXPC     00000001 BXPC 00000001)
[    0.010705] ACPI: FACS 0x000000007FFE0000 000040
[    0.010709] ACPI: APIC 0x000000007FFE22BC 000080 (v03 BOCHS  BXPC     00000001 BXPC 00000001)
[    0.010713] ACPI: HPET 0x000000007FFE233C 000038 (v01 BOCHS  BXPC     00000001 BXPC 00000001)
[    0.010717] ACPI: WAET 0x000000007FFE2374 000028 (v01 BOCHS  BXPC     00000001 BXPC 00000001)
[    0.010721] ACPI: Reserving FACP table memory at [mem 0x7ffe2248-0x7ffe22bb]
[    0.010722] ACPI: Reserving DSDT table memory at [mem 0x7ffe0040-0x7ffe2247]
[    0.010723] ACPI: Reserving FACS table memory at [mem 0x7ffe0000-0x7ffe003f]
[    0.010724] ACPI: Reserving APIC table memory at [mem 0x7ffe22bc-0x7ffe233b]
[    0.010725] ACPI: Reserving HPET table memory at [mem 0x7ffe233c-0x7ffe2373]
[    0.010726] ACPI: Reserving WAET table memory at [mem 0x7ffe2374-0x7ffe239b]
[    0.011187] No NUMA configuration found
[    0.011189] Faking a node at [mem 0x0000000000000000-0x000000007ffdcfff]
[    0.011197] NODE_DATA(0) allocated [mem 0x7f4dd280-0x7f507fff]
[    0.011603] Zone ranges:
[    0.011604]   DMA      [mem 0x0000000000001000-0x0000000000ffffff]
[    0.011606]   DMA32    [mem 0x0000000001000000-0x000000007ffdcfff]
[    0.011608]   Normal   empty
[    0.011609]   Device   empty
[    0.011610] Movable zone start for each node
[    0.011613] Early memory node ranges
[    0.011613]   node   0: [mem 0x0000000000001000-0x000000000009efff]
[    0.011615]   node   0: [mem 0x0000000000100000-0x000000007ffdcfff]
[    0.011616] Initmem setup node 0 [mem 0x0000000000001000-0x000000007ffdcfff]
[    0.011632] On node 0, zone DMA: 1 pages in unavailable ranges
[    0.011786] On node 0, zone DMA: 97 pages in unavailable ranges
[    0.033285] On node 0, zone DMA32: 35 pages in unavailable ranges
[    0.033976] ACPI: PM-Timer IO Port: 0x608
[    0.033995] ACPI: LAPIC_NMI (acpi_id[0xff] dfl dfl lint[0x1])
[    0.034029] IOAPIC[0]: apic_id 0, version 17, address 0xfec00000, GSI 0-23
[    0.034033] ACPI: INT_SRC_OVR (bus 0 bus_irq 0 global_irq 2 dfl dfl)
[    0.034035] ACPI: INT_SRC_OVR (bus 0 bus_irq 5 global_irq 5 high level)
[    0.034037] ACPI: INT_SRC_OVR (bus 0 bus_irq 9 global_irq 9 high level)
[    0.034038] ACPI: INT_SRC_OVR (bus 0 bus_irq 10 global_irq 10 high level)
[    0.034039] ACPI: INT_SRC_OVR (bus 0 bus_irq 11 global_irq 11 high level)
[    0.034044] ACPI: Using ACPI (MADT) for SMP configuration information
[    0.034046] ACPI: HPET id: 0x8086a201 base: 0xfed00000
[    0.034051] TSC deadline timer available
[    0.034058] CPU topo: Max. logical packages:   1
[    0.034059] CPU topo: Max. logical dies:       1
[    0.034059] CPU topo: Max. dies per package:   1
[    0.034066] CPU topo: Max. threads per core:   1
[    0.034067] CPU topo: Num. cores per package:     2
[    0.034068] CPU topo: Num. threads per package:   2
[    0.034068] CPU topo: Allowing 2 present CPUs plus 0 hotplug CPUs
[    0.034089] kvm-guest: APIC: eoi() replaced with kvm_guest_apic_eoi_write()
[    0.034101] kvm-guest: KVM setup pv remote TLB flush
[    0.034105] kvm-guest: setup PV sched yield
[    0.034112] PM: hibernation: Registered nosave memory: [mem 0x00000000-0x00000fff]
[    0.034114] PM: hibernation: Registered nosave memory: [mem 0x0009f000-0x000fffff]
[    0.034115] [mem 0x80000000-0xfeffbfff] available for PCI devices
[    0.034117] Booting paravirtualized kernel on KVM
[    0.034119] clocksource: refined-jiffies: mask: 0xffffffff max_cycles: 0xffffffff, max_idle_ns: 1910969940391419 ns
[    0.040228] setup_percpu: NR_CPUS:8192 nr_cpumask_bits:2 nr_cpu_ids:2 nr_node_ids:1
[    0.041650] percpu: Embedded 62 pages/cpu s217088 r8192 d28672 u1048576
[    0.041714] kvm-guest: PV spinlocks enabled
[    0.041716] PV qspinlock hash table entries: 256 (order: 0, 4096 bytes, linear)
[    0.041721] Kernel command line: root=/dev/vda1 rw console=ttyS0,115200 loglevel=7
[    0.041807] random: crng init done
[    0.041808] printk: log buffer data + meta data: 131072 + 458752 = 589824 bytes
[    0.043468] Dentry cache hash table entries: 262144 (order: 9, 2097152 bytes, linear)
[    0.044208] Inode-cache hash table entries: 131072 (order: 8, 1048576 bytes, linear)
[    0.044321] Fallback order for Node 0: 0 
[    0.044327] Built 1 zonelists, mobility grouping on.  Total pages: 524155
[    0.044328] Policy zone: DMA32
[    0.045951] mem auto-init: stack:all(zero), heap alloc:on, heap free:off
[    0.051440] SLUB: HWalign=64, Order=0-3, MinObjects=0, CPUs=2, Nodes=1
[    0.051470] Kernel/User page tables isolation: enabled
[    0.061670] ftrace: allocating 57060 entries in 224 pages
[    0.061674] ftrace: allocated 224 pages with 3 groups
[    0.061920] Dynamic Preempt: full
[    0.061975] rcu: Preemptible hierarchical RCU implementation.
[    0.061976] rcu: 	RCU restricting CPUs from NR_CPUS=8192 to nr_cpu_ids=2.
[    0.061977] rcu: 	RCU priority boosting: priority 1 delay 500 ms.
[    0.061978] 	Trampoline variant of Tasks RCU enabled.
[    0.061979] 	Rude variant of Tasks RCU enabled.
[    0.061979] 	Tracing variant of Tasks RCU enabled.
[    0.061980] rcu: RCU calculated value of scheduler-enlistment delay is 100 jiffies.
[    0.061981] rcu: Adjusting geometry for rcu_fanout_leaf=16, nr_cpu_ids=2
[    0.061987] RCU Tasks: Setting shift to 1 and lim to 1 rcu_task_cb_adjust=1 rcu_task_cpu_ids=2.
[    0.061989] RCU Tasks Rude: Setting shift to 1 and lim to 1 rcu_task_cb_adjust=1 rcu_task_cpu_ids=2.
[    0.061990] RCU Tasks Trace: Setting shift to 1 and lim to 1 rcu_task_cb_adjust=1 rcu_task_cpu_ids=2.
[    0.069314] NR_IRQS: 524544, nr_irqs: 440, preallocated irqs: 16
[    0.069573] rcu: srcu_init: Setting srcu_struct sizes based on contention.
[    0.069787] kfence: initialized - using 2097152 bytes for 255 objects at 0x(____ptrval____)-0x(____ptrval____)
[    0.087194] Console: colour VGA+ 80x25
[    0.087256] printk: legacy console [ttyS0] enabled
[    0.260204] ACPI: Core revision 20250807
[    0.261355] clocksource: hpet: mask: 0xffffffff max_cycles: 0xffffffff, max_idle_ns: 19112604467 ns
[    0.263665] APIC: Switch to symmetric I/O mode setup
[    0.265163] x2apic enabled
[    0.266164] APIC: Switched APIC routing to: physical x2apic
[    0.267616] kvm-guest: APIC: send_IPI_mask() replaced with kvm_send_ipi_mask()
[    0.269414] kvm-guest: APIC: send_IPI_mask_allbutself() replaced with kvm_send_ipi_mask_allbutself()
[    0.271686] kvm-guest: setup PV IPIs
[    0.273682] ..TIMER: vector=0x30 apic1=0 pin1=2 apic2=-1 pin2=-1
[    0.275197] clocksource: tsc-early: mask: 0xffffffffffffffff max_cycles: 0x33e452fbb2f, max_idle_ns: 440795236593 ns
[    0.277789] Calibrating delay loop (skipped) preset value.. 7200.00 BogoMIPS (lpj=3600000)
[    0.278905] x86/cpu: User Mode Instruction Prevention (UMIP) activated
[    0.279885] Last level iTLB entries: 4KB 0, 2MB 0, 4MB 0
[    0.280787] Last level dTLB entries: 4KB 0, 2MB 0, 4MB 0, 1GB 0
[    0.281799] mitigations: Enabled attack vectors: user_kernel, user_user, guest_host, guest_guest, SMT mitigations: auto
[    0.282788] Speculative Store Bypass: Mitigation: Speculative Store Bypass disabled via prctl
[    0.283787] SRBDS: Unknown: Dependent on hypervisor status
[    0.284787] Spectre V2 : Mitigation: IBRS
[    0.285787] RETBleed: Mitigation: IBRS
[    0.286787] MDS: Mitigation: Clear CPU buffers
[    0.287787] TAA: Mitigation: Clear CPU buffers
[    0.288787] MMIO Stale Data: Mitigation: Clear CPU buffers
[    0.289787] Spectre V1 : Mitigation: usercopy/swapgs barriers and __user pointer sanitization
[    0.290789] Spectre V2 : Spectre v2 / SpectreRSB: Filling RSB on context switch and VMEXIT
[    0.291789] Spectre V2 : mitigation: Enabling conditional Indirect Branch Prediction Barrier
[    0.292792] GDS: Unknown: Dependent on hypervisor status
[    0.293787] Spectre V2 : Spectre BHI mitigation: SW BHB clearing on syscall and VM exit
[    0.294804] x86/fpu: Supporting XSAVE feature 0x001: 'x87 floating point registers'
[    0.295787] x86/fpu: Supporting XSAVE feature 0x002: 'SSE registers'
[    0.296787] x86/fpu: Supporting XSAVE feature 0x004: 'AVX registers'
[    0.297787] x86/fpu: Supporting XSAVE feature 0x008: 'MPX bounds registers'
[    0.298787] x86/fpu: Supporting XSAVE feature 0x010: 'MPX CSR'
[    0.299787] x86/fpu: xstate_offset[2]:  576, xstate_sizes[2]:  256
[    0.300787] x86/fpu: xstate_offset[3]:  832, xstate_sizes[3]:   64
[    0.301787] x86/fpu: xstate_offset[4]:  896, xstate_sizes[4]:   64
[    0.302787] x86/fpu: Enabled xstate features 0x1f, context size is 960 bytes, using 'compacted' format.
[    0.335636] Freeing SMP alternatives memory: 56K
[    0.335789] pid_max: default: 32768 minimum: 301
[    0.336840] LSM: initializing lsm=capability,landlock,lockdown,yama,bpf
[    0.337861] landlock: Up and running.
[    0.338790] Yama: becoming mindful.
[    0.339965] LSM support for eBPF active
[    0.340839] Mount-cache hash table entries: 4096 (order: 3, 32768 bytes, linear)
[    0.341808] Mountpoint-cache hash table entries: 4096 (order: 3, 32768 bytes, linear)
[    0.344102] smpboot: CPU0: Intel(R) Core(TM) i7-7700 CPU @ 3.60GHz (family: 0x6, model: 0x9e, stepping: 0x9)
[    0.345260] Performance Events: Skylake events, full-width counters, Intel PMU driver.
[    0.345792] ... version:                   2
[    0.346794] ... bit width:                 48
[    0.347787] ... generic counters:          4
[    0.348787] ... generic bitmap:            000000000000000f
[    0.349787] ... fixed-purpose counters:    3
[    0.350787] ... fixed-purpose bitmap:      0000000000000007
[    0.351787] ... value mask:                0000ffffffffffff
[    0.352787] ... max period:                00007fffffffffff
[    0.353787] ... global_ctrl mask:          000000070000000f
[    0.354973] signal: max sigframe size: 2032
[    0.355867] rcu: Hierarchical SRCU implementation.
[    0.356787] rcu: 	Max phase no-delay instances is 400.
[    0.357960] Timer migration: 1 hierarchy levels; 8 children per group; 1 crossnode level
[    0.359211] smp: Bringing up secondary CPUs ...
[    0.360077] smpboot: x86: Booting SMP configuration:
[    0.360795] .... node  #0, CPUs:      #1
[    0.361004] smp: Brought up 1 node, 2 CPUs
[    0.362791] smpboot: Total of 2 processors activated (14400.00 BogoMIPS)
[    0.364038] Memory: 1985448K/2096620K available (20319K kernel code, 2939K rwdata, 16368K rodata, 4736K init, 4772K bss, 105896K reserved, 0K cma-reserved)
[    0.365016] devtmpfs: initialized
[    0.365835] x86/mm: Memory block size: 128MB
[    0.367825] clocksource: jiffies: mask: 0xffffffff max_cycles: 0xffffffff, max_idle_ns: 1911260446275000 ns
[    0.370813] posixtimers hash table entries: 1024 (order: 2, 16384 bytes, linear)
[    0.372816] futex hash table entries: 512 (32768 bytes on 1 NUMA nodes, total 32 KiB, linear).
[    0.375925] pinctrl core: initialized pinctrl subsystem
[    0.376973] PM: RTC time: 14:10:33, date: 2026-03-04
[    0.380748] NET: Registered PF_NETLINK/PF_ROUTE protocol family
[    0.382223] DMA: preallocated 256 KiB GFP_KERNEL pool for atomic allocations
[    0.383809] DMA: preallocated 256 KiB GFP_KERNEL|GFP_DMA pool for atomic allocations
[    0.386995] DMA: preallocated 256 KiB GFP_KERNEL|GFP_DMA32 pool for atomic allocations
[    0.388797] audit: initializing netlink subsys (disabled)
[    0.389856] audit: type=2000 audit(1772633434.260:1): state=initialized audit_enabled=0 res=1
[    0.390880] thermal_sys: Registered thermal governor 'fair_share'
[    0.391807] thermal_sys: Registered thermal governor 'bang_bang'
[    0.392789] thermal_sys: Registered thermal governor 'step_wise'
[    0.394788] thermal_sys: Registered thermal governor 'user_space'
[    0.395788] thermal_sys: Registered thermal governor 'power_allocator'
[    0.397830] cpuidle: using governor ladder
[    0.400812] cpuidle: using governor menu
[    0.402031] acpiphp: ACPI Hot Plug PCI Controller Driver version: 0.5
[    0.404009] PCI: Using configuration type 1 for base access
[    0.405892] kprobes: kprobe jump-optimization is enabled. All kprobes are optimized if possible.
[    0.414815] HugeTLB: registered 1.00 GiB page size, pre-allocated 0 pages
[    0.415789] HugeTLB: 16380 KiB vmemmap can be freed for a 1.00 GiB page
[    0.418790] HugeTLB: registered 2.00 MiB page size, pre-allocated 0 pages
[    0.419789] HugeTLB: 28 KiB vmemmap can be freed for a 2.00 MiB page
[    0.426961] raid6: skipped pq benchmark and selected avx2x4
[    0.431794] raid6: using avx2x2 recovery algorithm
[    0.432974] ACPI: Added _OSI(Module Device)
[    0.435791] ACPI: Added _OSI(Processor Device)
[    0.436789] ACPI: Added _OSI(Processor Aggregator Device)
[    0.440269] ACPI: 1 ACPI AML tables successfully acquired and loaded
[    0.445399] ACPI: Interpreter enabled
[    0.445819] ACPI: PM: (supports S0 S3 S4 S5)
[    0.447791] ACPI: Using IOAPIC for interrupt routing
[    0.448953] PCI: Using host bridge windows from ACPI; if necessary, use "pci=nocrs" and report a bug
[    0.449789] PCI: Using E820 reservations for host bridge windows
[    0.450956] ACPI: Enabled 2 GPEs in block 00 to 0F
[    0.462576] ACPI: PCI Root Bridge [PCI0] (domain 0000 [bus 00-ff])
[    0.463799] acpi PNP0A03:00: _OSC: OS supports [ASPM ClockPM Segments MSI EDR HPX-Type3]
[    0.465789] acpi PNP0A03:00: _OSC: not requesting OS control; OS requires [ExtendedConfig ASPM ClockPM MSI]
[    0.467801] acpi PNP0A03:00: fail to add MMCONFIG information, can't access extended configuration space under this bridge
[    0.470225] acpiphp: Slot [3] registered
[    0.471820] acpiphp: Slot [4] registered
[    0.472813] acpiphp: Slot [5] registered
[    0.473801] acpiphp: Slot [6] registered
[    0.474800] acpiphp: Slot [7] registered
[    0.475788] acpiphp: Slot [8] registered
[    0.476798] acpiphp: Slot [9] registered
[    0.477787] acpiphp: Slot [10] registered
[    0.478815] acpiphp: Slot [11] registered
[    0.479814] acpiphp: Slot [12] registered
[    0.480828] acpiphp: Slot [13] registered
[    0.481822] acpiphp: Slot [14] registered
[    0.482822] acpiphp: Slot [15] registered
[    0.483820] acpiphp: Slot [16] registered
[    0.484836] acpiphp: Slot [17] registered
[    0.485822] acpiphp: Slot [18] registered
[    0.486819] acpiphp: Slot [19] registered
[    0.487820] acpiphp: Slot [20] registered
[    0.488812] acpiphp: Slot [21] registered
[    0.489828] acpiphp: Slot [22] registered
[    0.490810] acpiphp: Slot [23] registered
[    0.491810] acpiphp: Slot [24] registered
[    0.492810] acpiphp: Slot [25] registered
[    0.493821] acpiphp: Slot [26] registered
[    0.494812] acpiphp: Slot [27] registered
[    0.495819] acpiphp: Slot [28] registered
[    0.496820] acpiphp: Slot [29] registered
[    0.497821] acpiphp: Slot [30] registered
[    0.498818] acpiphp: Slot [31] registered
[    0.499813] PCI host bridge to bus 0000:00
[    0.500796] pci_bus 0000:00: root bus resource [io  0x0000-0x0cf7 window]
[    0.502788] pci_bus 0000:00: root bus resource [io  0x0d00-0xffff window]
[    0.504789] pci_bus 0000:00: root bus resource [mem 0x000a0000-0x000bffff window]
[    0.506790] pci_bus 0000:00: root bus resource [mem 0x80000000-0xfebfffff window]
[    0.507788] pci_bus 0000:00: root bus resource [mem 0x100000000-0x17fffffff window]
[    0.509790] pci_bus 0000:00: root bus resource [bus 00-ff]
[    0.511858] pci 0000:00:00.0: [8086:1237] type 00 class 0x060000 conventional PCI endpoint
[    0.514632] pci 0000:00:01.0: [8086:7000] type 00 class 0x060100 conventional PCI endpoint
[    0.516690] pci 0000:00:01.1: [8086:7010] type 00 class 0x010180 conventional PCI endpoint
[    0.519869] pci 0000:00:01.1: BAR 4 [io  0xc0e0-0xc0ef]
[    0.520874] pci 0000:00:01.1: BAR 0 [io  0x01f0-0x01f7]: legacy IDE quirk
[    0.522789] pci 0000:00:01.1: BAR 1 [io  0x03f6]: legacy IDE quirk
[    0.524789] pci 0000:00:01.1: BAR 2 [io  0x0170-0x0177]: legacy IDE quirk
[    0.525788] pci 0000:00:01.1: BAR 3 [io  0x0376]: legacy IDE quirk
[    0.528109] pci 0000:00:01.3: [8086:7113] type 00 class 0x068000 conventional PCI endpoint
[    0.530385] pci 0000:00:01.3: quirk: [io  0x0600-0x063f] claimed by PIIX4 ACPI
[    0.531802] pci 0000:00:01.3: quirk: [io  0x0700-0x070f] claimed by PIIX4 SMB
[    0.534135] pci 0000:00:02.0: [1234:1111] type 00 class 0x030000 conventional PCI endpoint
[    0.542859] pci 0000:00:02.0: BAR 0 [mem 0xfd000000-0xfdffffff pref]
[    0.544815] pci 0000:00:02.0: BAR 2 [mem 0xfebd0000-0xfebd0fff]
[    0.546852] pci 0000:00:02.0: ROM [mem 0xfebc0000-0xfebcffff pref]
[    0.547985] pci 0000:00:02.0: Video device with shadowed ROM at [mem 0x000c0000-0x000dffff]
[    0.551765] pci 0000:00:03.0: [1af4:1009] type 00 class 0x000200 conventional PCI endpoint
[    0.555741] pci 0000:00:03.0: BAR 0 [io  0xc080-0xc0bf]
[    0.556803] pci 0000:00:03.0: BAR 1 [mem 0xfebd1000-0xfebd1fff]
[    0.557853] pci 0000:00:03.0: BAR 4 [mem 0xfe000000-0xfe003fff 64bit pref]
[    0.561012] pci 0000:00:04.0: [1af4:1000] type 00 class 0x020000 conventional PCI endpoint
[    0.564803] pci 0000:00:04.0: BAR 0 [io  0xc0c0-0xc0df]
[    0.565805] pci 0000:00:04.0: BAR 1 [mem 0xfebd2000-0xfebd2fff]
[    0.567838] pci 0000:00:04.0: BAR 4 [mem 0xfe004000-0xfe007fff 64bit pref]
[    0.568801] pci 0000:00:04.0: ROM [mem 0xfeb80000-0xfebbffff pref]
[    0.572677] pci 0000:00:05.0: [1af4:1001] type 00 class 0x010000 conventional PCI endpoint
[    0.586758] pci 0000:00:05.0: BAR 0 [io  0xc000-0xc07f]
[    0.587806] pci 0000:00:05.0: BAR 1 [mem 0xfebd3000-0xfebd3fff]
[    0.589838] pci 0000:00:05.0: BAR 4 [mem 0xfe008000-0xfe00bfff 64bit pref]
[    0.601272] ACPI: PCI: Interrupt link LNKA configured for IRQ 10
[    0.602952] ACPI: PCI: Interrupt link LNKB configured for IRQ 10
[    0.604940] ACPI: PCI: Interrupt link LNKC configured for IRQ 11
[    0.605784] ACPI: PCI: Interrupt link LNKD configured for IRQ 11
[    0.605784] ACPI: PCI: Interrupt link LNKS configured for IRQ 9
[    0.607834] iommu: Default domain type: Translated
[    0.608784] iommu: DMA domain TLB invalidation policy: lazy mode
[    0.609789] SCSI subsystem initialized
[    0.610949] ACPI: bus type USB registered
[    0.611784] usbcore: registered new interface driver usbfs
[    0.611784] usbcore: registered new interface driver hub
[    0.613802] usbcore: registered new device driver usb
[    0.614863] EDAC MC: Ver: 3.0.0
[    0.616464] NetLabel: Initializing
[    0.616789] NetLabel:  domain hash size = 128
[    0.617788] NetLabel:  protocols = UNLABELED CIPSOv4 CALIPSO
[    0.619817] NetLabel:  unlabeled traffic allowed by default
[    0.620796] mctp: management component transport protocol core
[    0.622802] NET: Registered PF_MCTP protocol family
[    0.623818] PCI: Using ACPI for IRQ routing
[    0.625231] pci 0000:00:02.0: vgaarb: setting as boot VGA device
[    0.625784] pci 0000:00:02.0: vgaarb: bridge control possible
[    0.625784] pci 0000:00:02.0: vgaarb: VGA device added: decodes=io+mem,owns=io+mem,locks=none
[    0.629791] vgaarb: loaded
[    0.630947] hpet0: at MMIO 0xfed00000, IRQs 2, 8, 0
[    0.632788] hpet0: 3 comparators, 64-bit 100.000000 MHz counter
[    0.639786] clocksource: Switched to clocksource kvm-clock
[    0.646074] VFS: Disk quotas dquot_6.6.0
[    0.647423] VFS: Dquot-cache hash table entries: 512 (order 0, 4096 bytes)
[    0.650006] pnp: PnP ACPI init
[    0.651230] pnp: PnP ACPI: found 6 devices
[    0.660449] clocksource: acpi_pm: mask: 0xffffff max_cycles: 0xffffff, max_idle_ns: 2085701024 ns
[    0.662993] NET: Registered PF_INET protocol family
[    0.664398] IP idents hash table entries: 32768 (order: 6, 262144 bytes, linear)
[    0.687410] tcp_listen_portaddr_hash hash table entries: 1024 (order: 2, 16384 bytes, linear)
[    0.689515] Table-perturb hash table entries: 65536 (order: 6, 262144 bytes, linear)
[    0.691785] TCP established hash table entries: 16384 (order: 5, 131072 bytes, linear)
[    0.694369] TCP bind hash table entries: 16384 (order: 7, 524288 bytes, linear)
[    0.696270] TCP: Hash tables configured (established 16384 bind 16384)
[    0.698073] MPTCP token hash table entries: 2048 (order: 4, 49152 bytes, linear)
[    0.699966] UDP hash table entries: 1024 (order: 4, 65536 bytes, linear)
[    0.701672] UDP-Lite hash table entries: 1024 (order: 4, 65536 bytes, linear)
[    0.703483] NET: Registered PF_UNIX/PF_LOCAL protocol family
[    0.704881] NET: Registered PF_XDP protocol family
[    0.706096] pci_bus 0000:00: resource 4 [io  0x0000-0x0cf7 window]
[    0.707663] pci_bus 0000:00: resource 5 [io  0x0d00-0xffff window]
[    0.709268] pci_bus 0000:00: resource 6 [mem 0x000a0000-0x000bffff window]
[    0.710924] pci_bus 0000:00: resource 7 [mem 0x80000000-0xfebfffff window]
[    0.712611] pci_bus 0000:00: resource 8 [mem 0x100000000-0x17fffffff window]
[    0.714401] pci 0000:00:01.0: PIIX3: Enabling Passive Release
[    0.715841] pci 0000:00:00.0: Limiting direct PCI/PCI transfers
[    0.717463] PCI: CLS 0 bytes, default 64
[    0.718650] clocksource: tsc: mask: 0xffffffffffffffff max_cycles: 0x33e452fbb2f, max_idle_ns: 440795236593 ns
[    0.718755] Trying to unpack rootfs image as initramfs...
[    0.750246] Initialise system trusted keyrings
[    0.751406] Key type blacklist registered
[    0.755928] workingset: timestamp_bits=36 max_order=19 bucket_order=0
[    0.758021] fuse: init (API version 7.45)
[    0.759237] integrity: Platform Keyring initialized
[    0.760693] integrity: Machine keyring initialized
[    0.778379] xor: automatically using best checksumming function   avx       
[    0.780346] Key type asymmetric registered
[    0.781527] Asymmetric key parser 'x509' registered
[    0.782910] Block layer SCSI generic (bsg) driver version 0.4 loaded (major 245)
[    0.785189] io scheduler mq-deadline registered
[    0.786478] io scheduler kyber registered
[    0.787647] io scheduler bfq registered
[    0.788865] ledtrig-cpu: registered to indicate activity on CPUs
[    0.790806] input: Power Button as /devices/LNXSYSTM:00/LNXPWRBN:00/input/input0
[    0.804778] ACPI: button: Power Button [PWRF]
[    0.815641] ACPI: \_SB_.LNKC: Enabled at IRQ 11
[    0.823079] ACPI: \_SB_.LNKD: Enabled at IRQ 10
[    0.828333] ACPI: \_SB_.LNKA: Enabled at IRQ 10
[    0.843043] Serial: 8250/16550 driver, 32 ports, IRQ sharing enabled
[    0.845674] 00:04: ttyS0 at I/O 0x3f8 (irq = 4, base_baud = 115200) is a 16550A
[    0.853947] Non-volatile memory driver v1.3
[    0.856140] Freeing initrd memory: 11040K
[    0.857729] Linux agpgart interface v0.103
[    0.860082] ACPI: bus type drm_connector registered
[    0.862480] virtio_blk virtio2: 2/0/0 default/read/poll queues
[    0.867900] virtio_blk virtio2: [vda] 25165824 512-byte logical blocks (12.9 GB/12.0 GiB)
[    0.876541]  vda: vda1
[    0.877818] usbcore: registered new interface driver usbserial_generic
[    0.879843] usbserial: USB Serial support registered for generic
[    0.881740] i8042: PNP: PS/2 Controller [PNP0303:KBD,PNP0f13:MOU] at 0x60,0x64 irq 1,12
[    0.885166] serio: i8042 KBD port at 0x60,0x64 irq 1
[    0.886751] serio: i8042 AUX port at 0x60,0x64 irq 12
[    0.889154] rtc_cmos 00:05: RTC can wake from S4
[    0.891956] rtc_cmos 00:05: registered as rtc0
[    0.893269] rtc_cmos 00:05: setting system clock to 2026-03-04T14:10:34 UTC (1772633434)
[    0.896649] rtc_cmos 00:05: alarms up to one day, y3k, 242 bytes nvram, hpet irqs
[    0.898863] intel_pstate: CPU model not supported
[    0.901140] hid: raw HID events driver (C) Jiri Kosina
[    0.902752] usbcore: registered new interface driver usbhid
[    0.902762] input: AT Translated Set 2 keyboard as /devices/platform/i8042/serio0/input/input1
[    0.904240] usbhid: USB HID core driver
[    0.908334] rust_binder: Loaded Rust Binder.
[    0.908478] drop_monitor: Initializing network drop monitor service
[    0.911706] NET: Registered PF_INET6 protocol family
[    0.913723] Segment Routing with IPv6
[    0.914828] RPL Segment Routing with IPv6
[    0.916051] In-situ OAM (IOAM) with IPv6
[    0.917257] NET: Registered PF_PACKET protocol family
[    0.919089] IPI shorthand broadcast: enabled
[    0.923413] sched_clock: Marking stable (723002327, 200205021)->(981411982, -58204634)
[    0.925945] registered taskstats version 1
[    0.927667] Loading compiled-in X.509 certificates
[    0.942398] Loaded X.509 cert 'Build time autogenerated kernel key: 4f282eb87851fdb04b530c5e67453df628afff93'
[    0.953289] zswap: loaded using pool zstd
[    0.956684] Demotion targets for Node 0: null
[    0.958058] Key type .fscrypt registered
[    0.959042] Key type fscrypt-provisioning registered
[    0.960718] Btrfs loaded, zoned=yes, fsverity=yes
[    0.961948] Key type big_key registered
[    0.963796] PM:   Magic number: 2:382:181
[    0.966720] RAS: Correctable Errors collector initialized.
[    0.974086] clk: Disabling unused clocks
[    0.975122] PM: genpd: Disabling unused power domains
[    0.979123] Freeing unused decrypted memory: 2028K
[    0.982794] Freeing unused kernel image (initmem) memory: 4736K
[    0.984387] Write protecting the kernel read-only data: 36864k
[    0.985960] Freeing unused kernel image (text/rodata gap) memory: 160K
[    0.987541] Freeing unused kernel image (rodata/data gap) memory: 16K
[    1.037917] x86/mm: Checked W+X mappings: passed, no W+X pages found.
[    1.039213] rodata_test: all tests were successful
[    1.040170] x86/mm: Checking user space page tables
[    1.086858] x86/mm: Checked W+X mappings: passed, no W+X pages found.
[    1.088126] Run /init as init process
P+q6E616D65\[    1.445409] systemd[1]: Successfully made /usr/ read-only.
[6n[32766;32766H[6n[!p]104\[0m[?7h[1G[0J[    1.781098] systemd[1]: systemd 259.2-1-arch running in system mode (+PAM +AUDIT -SELINUX +APPARMOR -IMA +IPE +SMACK +SECCOMP +GCRYPT +GNUTLS +OPENSSL +ACL +BLKID +CURL +ELFUTILS +FIDO2 +IDN2 -IDN +KMOD +LIBCRYPTSETUP +LIBCRYPTSETUP_PLUGINS +LIBFDISK +PCRE2 +PWQUALITY +P11KIT +QRENCODE +TPM2 +BZIP2 +LZ4 +XZ +ZLIB +ZSTD +BPF_FRAMEWORK +BTF +XKBCOMMON +UTMP -SYSVINIT +LIBARCHIVE)
[    1.803293] systemd[1]: Detected virtualization kvm.
[    1.804265] systemd[1]: Detected architecture x86-64.
[    1.805150] systemd[1]: Running in initrd.
[0;1;39mBooting initrd of [0m[38;2;23;147;209mArch Linux[0m[0;1;39m.[0m
[    1.808030] systemd[1]: Initializing machine ID from random generator.
]3008;start=7d91b48c2034481bafcf34929e987530;user=root;hostname=archlinux;machineid=a6c3b3d84dba41758e1f3e5a2c96c50b;bootid=ca3e1dc0801f4347a28b4d0224379d26;pid=1;pidfdid=2;comm=systemd;type=boot\[    1.874362] systemd[1]: Queued start job for default target Initrd Default Target.
[    1.936412] systemd[1]: Expecting device /dev/vda1...
         Expecting device [0;1;39m/dev/vda1[0m...
[    1.939134] systemd[1]: Reached target Path Units.
[[0;32m  OK  [0m] Reached target [0;1;39mPath Units[0m.
[    1.941667] systemd[1]: Reached target Slice Units.
[[0;32m  OK  [0m] Reached target [0;1;39mSlice Units[0m.
[    1.943922] systemd[1]: Reached target Swaps.
[[0;32m  OK  [0m] Reached target [0;1;39mSwaps[0m.
[    1.946131] systemd[1]: Reached target Timer Units.
[[0;32m  OK  [0m] Reached target [0;1;39mTimer Units[0m.
[    1.948676] systemd[1]: Listening on Journal Socket (/dev/log).
[[0;32m  OK  [0m] Listening on [0;1;39mJournal Socket (/dev/log)[0m.
[    1.951452] systemd[1]: Listening on Journal Sockets.
[[0;32m  OK  [0m] Listening on [0;1;39mJournal Sockets[0m.
[    1.953954] systemd[1]: Listening on udev Control Socket.
[[0;32m  OK  [0m] Listening on [0;1;39mudev Control Socket[0m.
[    1.956549] systemd[1]: Listening on udev Kernel Socket.
[[0;32m  OK  [0m] Listening on [0;1;39mudev Kernel Socket[0m.
[    1.960201] systemd[1]: Reached target Socket Units.
[[0;32m  OK  [0m] Reached target [0;1;39mSocket Units[0m.
[    1.963891] systemd[1]: Create List of Static Device Nodes skipped, unmet condition check ConditionFileNotEmpty=/lib/modules/6.18.13-arch1-1/modules.devname
[    1.966639] systemd[1]: Early Battery Level Check skipped, unmet condition check ConditionDirectoryNotEmpty=/sys/class/power_supply
[    1.968934] systemd[1]: Display Boot-Time Emergency Messages In Full Screen skipped, unmet condition check ConditionVirtualization=no
[    1.976443] systemd[1]: Starting Journal Service...
         Starting [0;1;39mJournal Service[0m...
[    1.982578] systemd[1]: Starting Load Kernel Modules...
         Starting [0;1;39mLoad Kernel Modules[0m...
[    1.986544] systemd[1]: TPM PCR Barrier (initrd) skipped, unmet condition check ConditionSecurity=measured-uki
[    1.996442] systemd[1]: Starting Create Static Device Nodes in /dev...
         Starting [0;1;39mCreate Static Device Nodes in /dev[0m...
[    2.015098] systemd-journald[104]: Collecting audit messages is disabled.
[    2.024351] systemd[1]: Starting Coldplug All udev Devices...
         Starting [0;1;39mColdplug All udev Devices[0m...
[    2.047537] systemd[1]: Finished Create Static Device Nodes in /dev.
[[0;32m  OK  [0m] Finished [0;1;39mCreate Static Device Nodes in /dev[0m.
[    2.053892] systemd[1]: Reached target Preparation for Local File Systems.
[[0;32m  OK  [0m] Reached target [0;1;39mPreparation for Local File Systems[0m.
[    2.060939] systemd[1]: Reached target Local File Systems.
[[0;32m  OK  [0m] Reached target [0;1;39mLocal File Systems[0m.
[    2.082501] netfs: FS-Cache loaded
[    2.083676] systemd[1]: Starting Rule-based Manager for Device Events and Files...
         Starting [0;1;39mRule-based Manager for Device Events and Files[0m...
[    2.091340] systemd[1]: Started Journal Service.
[[0;32m  OK  [0m] Started [0;1;39mJournal Service[0m.
[    2.104155] 9pnet: Installing 9P2000 support
         Starting [0;1;39mCreate System Files and Directories[0m...
[    2.140661] 9p: Installing v9fs 9p2000 file system support
[[0;32m  OK  [0m] Finished [0;1;39mLoad Kernel Modules[0m.
[[0;32m  OK  [0m] Finished [0;1;39mCreate System Files and Directories[0m.
[[0;32m  OK  [0m] Started [0;1;39mRule-based Manager for Device Events and Files[0m.
[[0;32m  OK  [0m] Finished [0;1;39mColdplug All udev Devices[0m.
[[0;32m  OK  [0m] Reached target [0;1;39mSystem Initialization[0m.
[[0;32m  OK  [0m] Reached target [0;1;39mBasic System[0m.
[[0;32m  OK  [0m] Found device [0;1;39m/dev/vda1[0m.
[[0;32m  OK  [0m] Reached target [0;1;39mInitrd Root Device[0m.
         Starting [0;1;39mFile System Check on /dev/vda1[0m...
[    2.610547] Floppy drive(s): fd0 is 2.88M AMI BIOS
[    2.615468] bochs-drm 0000:00:02.0: vgaarb: deactivate vga console
[    2.623770] FDC 0 is a S82078B
[    2.625088] Console: switching to colour dummy device 80x25
[    2.627531] [drm] Found bochs VGA, ID 0xb0c5.
[    2.628912] [drm] Framebuffer size 16384 kB @ 0xfd000000, mmio @ 0xfebd0000.
[    2.633389] bochs-drm 0000:00:02.0: [drm] Registered 1 planes with drm panic
[    2.636959] [drm] Initialized bochs-drm 1.0.0 for 0000:00:02.0 on minor 0
[    2.650284] scsi host0: ata_piix
[    2.656565] scsi host1: ata_piix
[    2.664626] ata1: PATA max MWDMA2 cmd 0x1f0 ctl 0x3f6 bmdma 0xc0e0 irq 14 lpm-pol 0
[    2.671342] ata2: PATA max MWDMA2 cmd 0x170 ctl 0x376 bmdma 0xc0e8 irq 15 lpm-pol 0
[    2.682222] fbcon: bochs-drmdrmfb (fb0) is primary device
[    2.701967] Console: switching to colour frame buffer device 160x50
[    2.715235] bochs-drm 0000:00:02.0: [drm] fb0: bochs-drmdrmfb frame buffer device
         Starting [0;1;39mVirtual Console Setup[0m...
[[0;32m  OK  [0m] Finished [0;1;39mVirtual Console Setup[0m.
[[0;32m  OK  [0m] Stopped [0;1;39mVirtual Console Setup[0m.
         Stopping [0;1;39mVirtual Console Setup[0m...
         Starting [0;1;39mVirtual Console Setup[0m...
[[0;32m  OK  [0m] Finished [0;1;39mFile System Check on /dev/vda1[0m.
[[0;32m  OK  [0m] Finished [0;1;39mVirtual Console Setup[0m.
[    2.863725] ata2: found unknown device (class 0)
[    2.865818] ata2.00: ATAPI: QEMU DVD-ROM, 2.5+, max UDMA/100
[    2.876775] scsi 1:0:0:0: CD-ROM            QEMU     QEMU DVD-ROM     2.5+ PQ: 0 ANSI: 5
[    2.925572] sr 1:0:0:0: [sr0] scsi3-mmc drive: 4x/4x cd/rw xa/form2 tray
[    2.926791] cdrom: Uniform CD-ROM driver Revision: 3.20
         Mounting [0;1;39m/sysroot[0m...
[    3.090625] EXT4-fs (vda1): mounted filesystem ddfae1cc-629e-47f4-9008-261996ba3811 r/w with ordered data mode. Quota mode: none.
[[0;32m  OK  [0m] Mounted [0;1;39m/sysroot[0m.
[[0;32m  OK  [0m] Reached target [0;1;39mInitrd Root File System[0m.
         Starting [0;1;39mMountpoints Configured in the Real Root[0m...
[[0;32m  OK  [0m] Finished [0;1;39mMountpoints Configured in the Real Root[0m.
[[0;32m  OK  [0m] Reached target [0;1;39mInitrd File Systems[0m.
[[0;32m  OK  [0m] Reached target [0;1;39mInitrd Default Target[0m.
         Starting [0;1;39mCleaning Up and Shutting Down Daemons[0m...
[[0;32m  OK  [0m] Stopped target [0;1;39mInitrd Default Target[0m.
[[0;32m  OK  [0m] Stopped target [0;1;39mBasic System[0m.
[[0;32m  OK  [0m] Stopped target [0;1;39mInitrd Root Device[0m.
[[0;32m  OK  [0m] Stopped target [0;1;39mPath Units[0m.
[[0;32m  OK  [0m] Stopped target [0;1;39mSlice Units[0m.
[[0;32m  OK  [0m] Stopped target [0;1;39mSocket Units[0m.
[[0;32m  OK  [0m] Stopped target [0;1;39mSystem Initialization[0m.
[[0;32m  OK  [0m] Stopped target [0;1;39mSwaps[0m.
[[0;32m  OK  [0m] Stopped target [0;1;39mTimer Units[0m.
[[0;32m  OK  [0m] Stopped [0;1;39mLoad Kernel Modules[0m.
[[0;32m  OK  [0m] Stopped [0;1;39mCreate System Files and Directories[0m.
[[0;32m  OK  [0m] Stopped target [0;1;39mLocal File Systems[0m.
[[0;32m  OK  [0m] Stopped target [0;1;39mPreparation for Local File Systems[0m.
[[0;32m  OK  [0m] Stopped [0;1;39mColdplug All udev Devices[0m.
         Stopping [0;1;39mRule-based Manager for Device Events and Files[0m...
[[0;32m  OK  [0m] Stopped [0;1;39mVirtual Console Setup[0m.
[[0;32m  OK  [0m] Stopped [0;1;39mRule-based Manager for Device Events and Files[0m.
[[0;32m  OK  [0m] Closed [0;1;39mudev Control Socket[0m.
         Starting [0;1;39mCleanup udev Database[0m...
[[0;32m  OK  [0m] Stopped [0;1;39mCreate Static Device Nodes in /dev[0m.
[[0;32m  OK  [0m] Finished [0;1;39mCleaning Up and Shutting Down Daemons[0m.
[[0;32m  OK  [0m] Finished [0;1;39mCleanup udev Database[0m.
[[0;32m  OK  [0m] Reached target [0;1;39mSwitch Root[0m.
         Starting [0;1;39mSwitch Root[0m...
[    3.477287] systemd-journald[104]: Received SIGTERM from PID 1 (systemd).
P+q6E616D65\[6n[32766;32766H[6n[!p]104\[0m[?7h[1G[0J[    4.204157] systemd[1]: systemd 259.1-1-arch running in system mode (+PAM +AUDIT -SELINUX +APPARMOR -IMA +IPE +SMACK +SECCOMP +GCRYPT +GNUTLS +OPENSSL +ACL +BLKID +CURL +ELFUTILS +FIDO2 +IDN2 -IDN +KMOD +LIBCRYPTSETUP +LIBCRYPTSETUP_PLUGINS +LIBFDISK +PCRE2 +PWQUALITY +P11KIT +QRENCODE +TPM2 +BZIP2 +LZ4 +XZ +ZLIB +ZSTD +BPF_FRAMEWORK +BTF +XKBCOMMON +UTMP -SYSVINIT +LIBARCHIVE)
[    4.210043] systemd[1]: Detected virtualization kvm.
[    4.210984] systemd[1]: Detected architecture x86-64.

[0;1;39mWelcome to [0m[38;2;23;147;209mArch Linux[0m[0;1;39m![0m

[    4.215093] systemd[1]: Hostname set to <ksmbd-vm>.
]3008;start=762a9989691b4c90a0fba4cfa0f868cd;user=root;hostname=ksmbd-vm;machineid=0ab76daf18ce42b0b036a81eb53bdd79;bootid=ca3e1dc0801f4347a28b4d0224379d26;pid=1;pidfdid=2;comm=systemd;type=boot\[    4.357665] systemd[1]: bpf-restrict-fs: LSM BPF program attached
[    4.419496] Guest personality initialized and is inactive
[    4.420574] VMCI host device registered (name=vmci, major=10, minor=260)
[    4.421799] Initialized host personality
[    4.427170] NET: Registered PF_VSOCK protocol family
[    4.741505] systemd[1]: initrd-switch-root.service: Deactivated successfully.
[    4.743402] systemd[1]: Stopped Switch Root.
[[0;32m  OK  [0m] Stopped [0;1;39mSwitch Root[0m.
[    4.747451] systemd[1]: systemd-journald.service: Scheduled restart job, restart counter is at 1.
[    4.750918] systemd[1]: Created slice Slice /system/dirmngr.
[[0;32m  OK  [0m] Created slice [0;1;39mSlice /system/dirmngr[0m.
[    4.754348] systemd[1]: Created slice Slice /system/getty.
[[0;32m  OK  [0m] Created slice [0;1;39mSlice /system/getty[0m.
[    4.757653] systemd[1]: Created slice Slice /system/gpg-agent.
[[0;32m  OK  [0m] Created slice [0;1;39mSlice /system/gpg-agent[0m.
[    4.761027] systemd[1]: Created slice Slice /system/gpg-agent-browser.
[[0;32m  OK  [0m] Created slice [0;1;39mSlice /system/gpg-agent-browser[0m.
[    4.764709] systemd[1]: Created slice Slice /system/gpg-agent-extra.
[[0;32m  OK  [0m] Created slice [0;1;39mSlice /system/gpg-agent-extra[0m.
[    4.768305] systemd[1]: Created slice Slice /system/gpg-agent-ssh.
[[0;32m  OK  [0m] Created slice [0;1;39mSlice /system/gpg-agent-ssh[0m.
[    4.771835] systemd[1]: Created slice Slice /system/keyboxd.
[[0;32m  OK  [0m] Created slice [0;1;39mSlice /system/keyboxd[0m.
[    4.775173] systemd[1]: Created slice Slice /system/modprobe.
[[0;32m  OK  [0m] Created slice [0;1;39mSlice /system/modprobe[0m.
[    4.778559] systemd[1]: Created slice Slice /system/serial-getty.
[[0;32m  OK  [0m] Created slice [0;1;39mSlice /system/serial-getty[0m.
[    4.781819] systemd[1]: Created slice User and Session Slice.
[[0;32m  OK  [0m] Created slice [0;1;39mUser and Session Slice[0m.
[    4.784661] systemd[1]: Started Dispatch Password Requests to Console Directory Watch.
[[0;32m  OK  [0m] Started [0;1;39mDispatch Password Requests to Console Directory Watch[0m.
[    4.788394] systemd[1]: Started Forward Password Requests to Wall Directory Watch.
[[0;32m  OK  [0m] Started [0;1;39mForward Password Requests to Wall Directory Watch[0m.
[    4.792168] systemd[1]: Set up automount Arbitrary Executable File Formats File System Automount Point.
[[0;32m  OK  [0m] Set up automount [0;1;39mArbitrary Executa…ormats File System Automount Point[0m.
[    4.796462] systemd[1]: Expecting device /dev/ttyS0...
         Expecting device [0;1;39m/dev/ttyS0[0m...
[    4.798818] systemd[1]: Reached target Local Encrypted Volumes.
[[0;32m  OK  [0m] Reached target [0;1;39mLocal Encrypted Volumes[0m.
[    4.801678] systemd[1]: Reached target Image Downloads.
[[0;32m  OK  [0m] Reached target [0;1;39mImage Downloads[0m.
[    4.804332] systemd[1]: Stopped target Switch Root.
[[0;32m  OK  [0m] Stopped target [0;1;39mSwitch Root[0m.
[    4.807607] systemd[1]: Stopped target Initrd File Systems.
[[0;32m  OK  [0m] Stopped target [0;1;39mInitrd File Systems[0m.
[    4.812291] systemd[1]: Stopped target Initrd Root File System.
[[0;32m  OK  [0m] Stopped target [0;1;39mInitrd Root File System[0m.
[    4.816594] systemd[1]: Reached target Local Integrity Protected Volumes.
[[0;32m  OK  [0m] Reached target [0;1;39mLocal Integrity Protected Volumes[0m.
[    4.820684] systemd[1]: Reached target Path Units.
[[0;32m  OK  [0m] Reached target [0;1;39mPath Units[0m.
[    4.824441] systemd[1]: Reached target Remote File Systems.
[[0;32m  OK  [0m] Reached target [0;1;39mRemote File Systems[0m.
[    4.828407] systemd[1]: Reached target Slice Units.
[[0;32m  OK  [0m] Reached target [0;1;39mSlice Units[0m.
[    4.830766] systemd[1]: Reached target Swaps.
[[0;32m  OK  [0m] Reached target [0;1;39mSwaps[0m.
[    4.834006] systemd[1]: Reached target Local Verity Protected Volumes.
[[0;32m  OK  [0m] Reached target [0;1;39mLocal Verity Protected Volumes[0m.
[    4.838083] systemd[1]: Listening on Device-mapper event daemon FIFOs.
[[0;32m  OK  [0m] Listening on [0;1;39mDevice-mapper event daemon FIFOs[0m.
[    4.842938] systemd[1]: Listening on Query the User Interactively for a Password.
[[0;32m  OK  [0m] Listening on [0;1;39mQuery the User Interactively for a Password[0m.
[    4.848516] systemd[1]: Listening on Process Core Dump Socket.
[[0;32m  OK  [0m] Listening on [0;1;39mProcess Core Dump Socket[0m.
[    4.853307] systemd[1]: Listening on Credential Encryption/Decryption.
[[0;32m  OK  [0m] Listening on [0;1;39mCredential Encryption/Decryption[0m.
[    4.857817] systemd[1]: Listening on Factory Reset Management.
[[0;32m  OK  [0m] Listening on [0;1;39mFactory Reset Management[0m.
[    4.861740] systemd[1]: Listening on Console Output Muting Service Socket.
[[0;32m  OK  [0m] Listening on [0;1;39mConsole Output Muting Service Socket[0m.
[    4.865340] systemd[1]: Listening on Network Management Resolve Hook Socket.
[[0;32m  OK  [0m] Listening on [0;1;39mNetwork Management Resolve Hook Socket[0m.
[    4.869499] systemd[1]: Listening on Network Management Varlink Socket.
[[0;32m  OK  [0m] Listening on [0;1;39mNetwork Management Varlink Socket[0m.
[    4.873693] systemd[1]: Listening on Network Management Netlink Socket.
[[0;32m  OK  [0m] Listening on [0;1;39mNetwork Management Netlink Socket[0m.
[    4.877021] systemd[1]: TPM PCR Measurements skipped, unmet condition check ConditionSecurity=measured-uki
[    4.878856] systemd[1]: Make TPM PCR Policy skipped, unmet condition check ConditionSecurity=measured-uki
[    4.882844] systemd[1]: Listening on Disk Repartitioning Service Socket.
[[0;32m  OK  [0m] Listening on [0;1;39mDisk Repartitioning Service Socket[0m.
[    4.886351] systemd[1]: Listening on Resolve Monitor Varlink Socket.
[[0;32m  OK  [0m] Listening on [0;1;39mResolve Monitor Varlink Socket[0m.
[    4.889651] systemd[1]: Listening on Resolve Service Varlink Socket.
[[0;32m  OK  [0m] Listening on [0;1;39mResolve Service Varlink Socket[0m.
[    4.893109] systemd[1]: Listening on udev Control Socket.
[[0;32m  OK  [0m] Listening on [0;1;39mudev Control Socket[0m.
[    4.896872] systemd[1]: Listening on udev Varlink Socket.
[[0;32m  OK  [0m] Listening on [0;1;39mudev Varlink Socket[0m.
[    4.899906] systemd[1]: Listening on User Database Manager Socket.
[[0;32m  OK  [0m] Listening on [0;1;39mUser Database Manager Socket[0m.
[    4.905299] systemd[1]: Mounting Huge Pages File System...
         Mounting [0;1;39mHuge Pages File System[0m...
[    4.909329] systemd[1]: Mounting POSIX Message Queue File System...
         Mounting [0;1;39mPOSIX Message Queue File System[0m...
[    4.915464] systemd[1]: Mounting Kernel Debug File System...
         Mounting [0;1;39mKernel Debug File System[0m...
[    4.919986] systemd[1]: Mounting Kernel Trace File System...
         Mounting [0;1;39mKernel Trace File System[0m...
[    4.929930] systemd[1]: Mounting Temporary Directory /tmp...
         Mounting [0;1;39mTemporary Directory /tmp[0m...
[    4.939398] systemd[1]: Starting Create List of Static Device Nodes...
         Starting [0;1;39mCreate List of Static Device Nodes[0m...
[    4.943154] systemd[1]: Load Kernel Module configfs skipped, unmet condition check ConditionKernelModuleLoaded=!configfs
[    4.956386] systemd[1]: Mounting Kernel Configuration File System...
         Mounting [0;1;39mKernel Configuration File System[0m...
[    4.961755] systemd[1]: Load Kernel Module drm skipped, unmet condition check ConditionKernelModuleLoaded=!drm
[    4.964045] systemd[1]: Load Kernel Module fuse skipped, unmet condition check ConditionKernelModuleLoaded=!fuse
[    4.967555] systemd[1]: Mounting FUSE Control File System...
         Mounting [0;1;39mFUSE Control File System[0m...
[    4.971389] systemd[1]: Clear Stale Hibernate Storage Info skipped, unmet condition check ConditionPathExists=/sys/firmware/efi/efivars/HibernateLocation-8cf2644b-4b0b-428f-9387-6d876050dc67
[    4.982356] systemd[1]: Starting Journal Service...
         Starting [0;1;39mJournal Service[0m...
[    4.989228] systemd[1]: Load Kernel Modules skipped, no trigger condition checks were met.
[    4.994058] systemd[1]: Starting Generate Network Units from Kernel Command Line...
         Starting [0;1;39mGenerate Network Units from Kernel Command Line[0m...
[    4.998473] systemd[1]: TPM PCR Machine ID Measurement skipped, unmet condition check ConditionSecurity=measured-uki
[    5.001043] systemd[1]: TPM NvPCR Product ID Measurement skipped, unmet condition check ConditionSecurity=measured-uki
[    5.006685] systemd[1]: Starting Remount Root and Kernel File Systems...
         Starting [0;1;39mRemount Root and Kernel File Systems[0m...
[    5.017341] systemd[1]: Starting Apply Kernel Variables...
         Starting [0;1;39mApply Kernel Variables[0m...
[    5.025697] systemd[1]: Early TPM SRK Setup skipped, unmet condition check ConditionSecurity=measured-uki
[    5.032326] systemd[1]: Starting Load udev Rules from Credentials...
         Starting [0;1;39mLoad udev Rules from Credentials[0m...
[    5.042729] systemd-journald[341]: Collecting audit messages is disabled.
[    5.051170] systemd[1]: Starting Coldplug All udev Devices...
         Starting [0;1;39mColdplug All udev Devices[0m...
[    5.065550] EXT4-fs (vda1): re-mounted ddfae1cc-629e-47f4-9008-261996ba3811.
[    5.068305] systemd[1]: Started Journal Service.
[[0;32m  OK  [0m] Started [0;1;39mJournal Service[0m.
[[0;32m  OK  [0m] Mounted [0;1;39mHuge Pages File System[0m.
[[0;32m  OK  [0m] Mounted [0;1;39mPOSIX Message Queue File System[0m.
[[0;32m  OK  [0m] Mounted [0;1;39mKernel Debug File System[0m.
[[0;32m  OK  [0m] Mounted [0;1;39mKernel Trace File System[0m.
[[0;32m  OK  [0m] Mounted [0;1;39mTemporary Directory /tmp[0m.
[[0;32m  OK  [0m] Finished [0;1;39mCreate List of Static Device Nodes[0m.
[[0;32m  OK  [0m] Mounted [0;1;39mKernel Configuration File System[0m.
[[0;32m  OK  [0m] Mounted [0;1;39mFUSE Control File System[0m.
[[0;32m  OK  [0m] Finished [0;1;39mGenerate Network Units from Kernel Command Line[0m.
[[0;32m  OK  [0m] Finished [0;1;39mRemount Root and Kernel File Systems[0m.
[[0;32m  OK  [0m] Finished [0;1;39mApply Kernel Variables[0m.
[[0;32m  OK  [0m] Finished [0;1;39mLoad udev Rules from Credentials[0m.
[[0;32m  OK  [0m] Reached target [0;1;39mPreparation for Network[0m.
         Starting [0;1;39mFlush Journal to Persistent Storage[0m...
         Starting [0;1;39mLoad/Save OS Random Seed[0m...
         Starting [0;1;39mCreate Static Device Nodes in /dev gracefully[0m...
[    5.159061] systemd-journald[341]: Received client request to flush runtime journal.
[    5.182175] systemd-journald[341]: File /var/log/journal/0ab76daf18ce42b0b036a81eb53bdd79/system.journal corrupted or uncleanly shut down, renaming and replacing.
         Starting [0;1;39mUser Database Manager[0m...
[[0;32m  OK  [0m] Started [0;1;39mUser Database Manager[0m.
[[0;32m  OK  [0m] Finished [0;1;39mLoad/Save OS Random Seed[0m.
[[0;32m  OK  [0m] Finished [0;1;39mCreate Static Device Nodes in /dev gracefully[0m.
         Starting [0;1;39mNetwork Name Resolution[0m...
         Starting [0;1;39mCreate Static Device Nodes in /dev[0m...
[[0;32m  OK  [0m] Finished [0;1;39mFlush Journal to Persistent Storage[0m.
[[0;32m  OK  [0m] Finished [0;1;39mColdplug All udev Devices[0m.
[[0;32m  OK  [0m] Finished [0;1;39mCreate Static Device Nodes in /dev[0m.
[[0;32m  OK  [0m] Reached target [0;1;39mPreparation for Local File Systems[0m.
         Starting [0;1;39mRule-based Manager for Device Events and Files[0m...
[[0;32m  OK  [0m] Started [0;1;39mNetwork Name Resolution[0m.
[[0;32m  OK  [0m] Reached target [0;1;39mHost and Network Name Lookups[0m.
[[0;32m  OK  [0m] Started [0;1;39mRule-based Manager for Device Events and Files[0m.
         Starting [0;1;39mNetwork Management[0m...
         Mounting [0;1;39m/mnt/ksmbd[0m...
[[0;32m  OK  [0m] Reached target [0;1;39mLocal File Systems[0m.
[[0;32m  OK  [0m] Listening on [0;1;39mBoot Entries Service Socket[0m.
[[0;32m  OK  [0m] Listening on [0;1;39mDisk Image Download Service Socket[0m.
[[0;32m  OK  [0m] Listening on [0;1;39mSystem Extension Image Management[0m.
         Starting [0;1;39mCreate System Files and Directories[0m...
[    5.808124] virtio_net virtio1 ens4: renamed from eth0
[    5.829845] cfg80211: Loading compiled-in X.509 certificates for regulatory database
[    5.851167] Loaded X.509 cert 'sforshee: 00b28ddf47aef9cea7'
[    5.855505] Loaded X.509 cert 'wens: 61c038651aabdcf94bd0ac7ff06c7248db18c600'
[    5.858956] faux_driver regulatory: Direct firmware load for regulatory.db failed with error -2
[    5.864322] cfg80211: failed to load regulatory.db
[    5.909782] 9pnet: Limiting 'msize' to 512000 as this is the maximum supported by transport virtio
         Starting [0;1;39mLoad JSON user/group Records from Credentials[0m...
[[0;32m  OK  [0m] Started [0;1;39mNetwork Management[0m.
[[0;32m  OK  [0m] Mounted [0;1;39m/mnt/ksmbd[0m.
[[0;32m  OK  [0m] Finished [0;1;39mLoad JSON user/group Records from Credentials[0m.
[[0;32m  OK  [0m] Reached target [0;1;39mNetwork[0m.
         Starting [0;1;39mEnable Persistent Storage in systemd-networkd[0m...
[[0;32m  OK  [0m] Finished [0;1;39mEnable Persistent Storage in systemd-networkd[0m.
[[0;32m  OK  [0m] Finished [0;1;39mCreate System Files and Directories[0m.
         Starting [0;1;39mRecord System Boot/Shutdown in UTMP[0m...
[    6.260493] piix4_smbus 0000:00:01.3: SMBus Host Controller at 0x700, revision 0
[    6.279816] i2c i2c-0: Memory type 0x07 not supported yet, not instantiating SPD
[[0;32m  OK  [0m] Finished [0;1;39mRecord System Boot/Shutdown in UTMP[0m.
[[0;32m  OK  [0m] Reached target [0;1;39mSystem Initialization[0m.
[[0;32m  OK  [0m] Started [0;1;39mRefresh existing PGP keys of archlinux-keyring regularly[0m.
[[0;32m  OK  [0m] Started [0;1;39mDaily verification of password and group files[0m.
[[0;32m  OK  [0m] Started [0;1;39mDaily Cleanup of Temporary Directories[0m.
[[0;32m  OK  [0m] Reached target [0;1;39mTimer Units[0m.
[[0;32m  OK  [0m] Listening on [0;1;39mD-Bus System Message Bus Socket[0m.
[[0;32m  OK  [0m] Listening on [0;1;39mGnuPG network certifi…ent daemon for /etc/pacman.d/gnupg[0m.
[[0;32m  OK  [0m] Listening on [0;1;39mGnuPG cryptographic a… browsers) for /etc/pacman.d/gnupg[0m.
[[0;32m  OK  [0m] Listening on [0;1;39mGnuPG cryptographic a…estricted) for /etc/pacman.d/gnupg[0m.
[[0;32m  OK  [0m] Listening on [0;1;39mGnuPG cryptographic a…emulation) for /etc/pacman.d/gnupg[0m.
[[0;32m  OK  [0m] Listening on [0;1;39mGnuPG cryptographic a…rase cache for /etc/pacman.d/gnupg[0m.
[[0;32m  OK  [0m] Listening on [0;1;39mGnuPG public key mana…nt service for /etc/pacman.d/gnupg[0m.
[[0;32m  OK  [0m] Listening on [0;1;39mOpenSSH Server Socket…temd-ssh-generator, AF_UNIX Local)[0m.
[[0;32m  OK  [0m] Listening on [0;1;39mHostname Service Socket[0m.
[[0;32m  OK  [0m] Listening on [0;1;39mUser Login Management Varlink Socket[0m.
[[0;32m  OK  [0m] Listening on [0;1;39mVirtual Machine and C…tainer Registration Service Socket[0m.
[[0;32m  OK  [0m] Reached target [0;1;39mSocket Units[0m.
         Starting [0;1;39mD-Bus System Message Bus[0m...
[    6.416114] input: PC Speaker as /devices/platform/pcspkr/input/input3
[[0;32m  OK  [0m] Started [0;1;39mD-Bus System Message Bus[0m.
[    6.438793] parport_pc 00:03: reported by Plug and Play ACPI
[    6.441852] parport0: PC-style at 0x378, irq 7 [PCSPP,TRISTATE]
[    6.487454] input: VirtualPS/2 VMware VMMouse as /devices/platform/i8042/serio1/input/input5
[    6.490112] input: VirtualPS/2 VMware VMMouse as /devices/platform/i8042/serio1/input/input4
[[0;32m  OK  [0m] Reached target [0;1;39mBasic System[0m.
[[0;32m  OK  [0m] Listening on [0;1;39mLoad/Save RF Kill Switch Status /dev/rfkill Watch[0m.
         Starting [0;1;39mOpenSSH Daemon[0m...
[    6.544584] mousedev: PS/2 mouse device common for all mice
         Starting [0;1;39mUser Login Management[0m...
         Starting [0;1;39mPermit User Sessions[0m...
         Starting [0;1;39mVirtual Console Setup[0m...
[[0;32m  OK  [0m] Started [0;1;39mOpenSSH Daemon[0m.
[[0;32m  OK  [0m] Finished [0;1;39mPermit User Sessions[0m.
[    6.628245] ppdev: user-space parallel port driver
[    6.628249] RAPL PMU: API unit is 2^-32 Joules, 0 fixed counters, 10737418240 ms ovfl timer
[[0;32m  OK  [0m] Reached target [0;1;39mSSH Access Available[0m.
[[0;32m  OK  [0m] Started [0;1;39mGetty on tty1[0m.
[[0;32m  OK  [0m] Started [0;1;39mSerial Getty on ttyS0[0m.
[[0;32m  OK  [0m] Reached target [0;1;39mLogin Prompts[0m.
[[0;32m  OK  [0m] Stopped [0;1;39mVirtual Console Setup[0m.
         Starting [0;1;39mVirtual Console Setup[0m...
[[0;32m  OK  [0m] Started [0;1;39mUser Login Management[0m.
[[0;32m  OK  [0m] Reached target [0;1;39mMulti-User System[0m.
[[0;32m  OK  [0m] Reached target [0;1;39mGraphical Interface[0m.
[[0;32m  OK  [0m] Finished [0;1;39mVirtual Console Setup[0m.
[!p]104\[0m[?7h[1G[0J[6n[32766;32766H[6n[!p]104\[0m[?7h[1G[0J[6n[32766;32766H[6n]3008;start=dfec3b887bca4f899ec38df87afa4db2;user=root;hostname=ksmbd-vm;machineid=0ab76daf18ce42b0b036a81eb53bdd79;bootid=ca3e1dc0801f4347a28b4d0224379d26;pid=443;pidfdid=444;comm=(agetty);servicename=serial-getty@ttyS0.service;invocationid=2478cfa9bfa948c8966528e5b229910a;type=service\P+q6E616D65\
Arch Linux 6.18.13-arch1-1 (ttyS0)

ksmbd-vm login: root (automatic login)

]3008;start=1c7306abca3242ccb452fb49658c68c2;user=root;hostname=ksmbd-vm;machineid=0ab76daf18ce42b0b036a81eb53bdd79;bootid=ca3e1dc0801f4347a28b4d0224379d26;pid=443;pidfdid=444;comm=login;targetuser=root;sessionid=1;type=session\
  ╔══════════════════════════════════════════════╗
  ║         ksmbd Test VM                        ║
  ╠══════════════════════════════════════════════╣
  ║  /root/start-ksmbd.sh   - Start server      ║
  ║  /root/reload-ksmbd.sh  - Reload module      ║
  ║  /root/dev-info.sh      - Debug/analysis info║
  ║  /mnt/ksmbd/            - Shared source      ║
  ║  poweroff                - Shutdown VM        ║
  ╚══════════════════════════════════════════════╝

]3008;start=7a522cbd-31e6-455b-a5b7-e72b782682b6;machineid=0ab76daf18ce42b0b036a81eb53bdd79;user=root;hostname=ksmbd-vm;bootid=ca3e1dc0-801f-4347-a28b-4d0224379d26;pid=463;type=shell;cwd=/root\[?2004h[root@ksmbd-vm ~]# [  230.383918] ksmbd: loading out-of-tree module taints kernel.
[  230.384976] ksmbd: module verification failed: signature and/or required key missing - tainting kernel
[  230.415618] ksmbd: Configuration subsystem initialized with 17 parameters
[  230.423966] ksmbd: kernel provides md4, skipping built-in registration
[  230.426935] ksmbd: ksmbd: Fruit SMB extensions loaded
[  230.427849] ksmbd: ksmbd: CHANGE_NOTIFY subsystem initialised
[  230.429009] ksmbd: ksmbd: hook subsystem initialized (22 hook points)
[  230.430184] ksmbd: ksmbd: witness protocol support initialised
[  311.873332] ksmbd: ksmbd: witness protocol support removed
[  312.371263] ksmbd: ksmbd: Fruit SMB extensions unloaded
[  312.929178] ksmbd: Configuration subsystem initialized with 17 parameters
[  312.930406] ksmbd: kernel provides md4, skipping built-in registration
[  312.933531] ksmbd: ksmbd: Fruit SMB extensions loaded
[  312.934496] ksmbd: ksmbd: CHANGE_NOTIFY subsystem initialised
[  312.935794] ksmbd: ksmbd: hook subsystem initialized (22 hook points)
[  312.937033] ksmbd: ksmbd: witness protocol support initialised
[  440.744465] ksmbd: ksmbd: witness protocol support removed
[  441.196388] ksmbd: ksmbd: Fruit SMB extensions unloaded
[  441.625358] ksmbd: Configuration subsystem initialized with 17 parameters
[  441.626700] ksmbd: kernel provides md4, skipping built-in registration
[  441.628813] ksmbd: ksmbd: Fruit SMB extensions loaded
[  441.629879] ksmbd: ksmbd: CHANGE_NOTIFY subsystem initialised
[  441.631044] ksmbd: ksmbd: hook subsystem initialized (22 hook points)
[  441.632420] ksmbd: ksmbd: witness protocol support initialised
[  456.542282] ==================================================================
[  456.543695] BUG: KFENCE: memory corruption in ksmbd_free_work_struct+0x40/0x140 [ksmbd]
[  456.543695] 
[  456.545411] Corrupted memory at 0x0000000042cd45b9 [ ! ! ! ! ! ! ! ! ! ! ! ! ! ! ! ! ] (in kfence-#176):
[  456.547113]  ksmbd_free_work_struct+0x40/0x140 [ksmbd]
[  456.548075]  handle_ksmbd_work+0x281/0x890 [ksmbd]
[  456.548971]  process_one_work+0x193/0x350
[  456.549701]  worker_thread+0x2d7/0x410
[  456.550369]  kthread+0xfc/0x240
[  456.550936]  ret_from_fork+0x1c2/0x1f0
[  456.551624]  ret_from_fork_asm+0x1a/0x30
[  456.552329] 
[  456.552624] kfence-#176: 0x0000000003e11d31-0x00000000b717280f, size=448, cache=kmalloc-512
[  456.552624] 
[  456.554320] allocated by task 9 on cpu 0 at 456.542245s (0.012074s ago):
[  456.555571]  __kvmalloc_node_noprof+0x746/0x8a0
[  456.556375]  smb2_allocate_rsp_buf+0x5d/0xd0 [ksmbd]
[  456.557299]  handle_ksmbd_work+0xa8/0x890 [ksmbd]
[  456.558167]  process_one_work+0x193/0x350
[  456.558950]  worker_thread+0x2d7/0x410
[  456.559647]  kthread+0xfc/0x240
[  456.560273]  ret_from_fork+0x1c2/0x1f0
[  456.560998]  ret_from_fork_asm+0x1a/0x30
[  456.561763] 
[  456.562077] freed by task 9 on cpu 0 at 456.542261s (0.019816s ago):
[  456.563201]  ksmbd_free_work_struct+0x40/0x140 [ksmbd]
[  456.564145]  handle_ksmbd_work+0x281/0x890 [ksmbd]
[  456.565039]  process_one_work+0x193/0x350
[  456.565757]  worker_thread+0x2d7/0x410
[  456.566434]  kthread+0xfc/0x240
[  456.566992]  ret_from_fork+0x1c2/0x1f0
[  456.567671]  ret_from_fork_asm+0x1a/0x30
[  456.568371] 
[  456.568671] CPU: 0 UID: 0 PID: 9 Comm: kworker/0:0 Tainted: G           OE       6.18.13-arch1-1 #1 PREEMPT(full)  37d84e5c59d38b1e3c61214631c6e0356ae9b977
[  456.571079] Tainted: [O]=OOT_MODULE, [E]=UNSIGNED_MODULE
[  456.572063] Hardware name: QEMU Standard PC (i440FX + PIIX, 1996), BIOS Arch Linux 1.17.0-2-2 04/01/2014
[  456.573717] Workqueue: ksmbd-io handle_ksmbd_work [ksmbd]
[  456.574718] ==================================================================
[  457.269921] ksmbd: vfs_fallocate for valid data length failed: -22
[  460.195667] ksmbd: ksmbd: witness protocol support removed
[  460.648248] ksmbd: ksmbd: Fruit SMB extensions unloaded
[  461.058247] ksmbd: Configuration subsystem initialized with 17 parameters
[  461.059604] ksmbd: kernel provides md4, skipping built-in registration
[  461.061719] ksmbd: ksmbd: Fruit SMB extensions loaded
[  461.062776] ksmbd: ksmbd: CHANGE_NOTIFY subsystem initialised
[  461.063921] ksmbd: ksmbd: hook subsystem initialized (22 hook points)
[  461.065226] ksmbd: ksmbd: witness protocol support initialised
[  468.865320] ksmbd: ksmbd: witness protocol support removed
[  469.341251] ksmbd: ksmbd: Fruit SMB extensions unloaded
[  469.771315] ksmbd: Configuration subsystem initialized with 17 parameters
[  469.772681] ksmbd: kernel provides md4, skipping built-in registration
[  469.774899] ksmbd: ksmbd: Fruit SMB extensions loaded
[  469.776076] ksmbd: ksmbd: CHANGE_NOTIFY subsystem initialised
[  469.777342] ksmbd: ksmbd: hook subsystem initialized (22 hook points)
[  469.778685] ksmbd: ksmbd: witness protocol support initialised
[  477.592376] ksmbd: ksmbd: witness protocol support removed
[  478.069246] ksmbd: ksmbd: Fruit SMB extensions unloaded
[  478.484335] ksmbd: Configuration subsystem initialized with 17 parameters
[  478.485668] ksmbd: kernel provides md4, skipping built-in registration
[  478.487777] ksmbd: ksmbd: Fruit SMB extensions loaded
[  478.488846] ksmbd: ksmbd: CHANGE_NOTIFY subsystem initialised
[  478.489978] ksmbd: ksmbd: hook subsystem initialized (22 hook points)
[  478.491225] ksmbd: ksmbd: witness protocol support initialised
[  486.305338] ksmbd: ksmbd: witness protocol support removed
[  486.763264] ksmbd: ksmbd: Fruit SMB extensions unloaded
[  487.164907] ksmbd: Configuration subsystem initialized with 17 parameters
[  487.166137] ksmbd: kernel provides md4, skipping built-in registration
[  487.167921] ksmbd: ksmbd: Fruit SMB extensions loaded
[  487.169600] ksmbd: ksmbd: CHANGE_NOTIFY subsystem initialised
[  487.170855] ksmbd: ksmbd: hook subsystem initialized (22 hook points)
[  487.172078] ksmbd: ksmbd: witness protocol support initialised
[  495.025768] ksmbd: ksmbd: witness protocol support removed
[  495.520241] ksmbd: ksmbd: Fruit SMB extensions unloaded
[  495.929666] ksmbd: Configuration subsystem initialized with 17 parameters
[  495.930952] ksmbd: kernel provides md4, skipping built-in registration
[  495.933063] ksmbd: ksmbd: Fruit SMB extensions loaded
[  495.934022] ksmbd: ksmbd: CHANGE_NOTIFY subsystem initialised
[  495.935045] ksmbd: ksmbd: hook subsystem initialized (22 hook points)
[  495.936222] ksmbd: ksmbd: witness protocol support initialised
[  503.768998] ksmbd: ksmbd: witness protocol support removed
[  504.226252] ksmbd: ksmbd: Fruit SMB extensions unloaded
[  504.639673] ksmbd: Configuration subsystem initialized with 17 parameters
[  504.640917] ksmbd: kernel provides md4, skipping built-in registration
[  504.642899] ksmbd: ksmbd: Fruit SMB extensions loaded
[  504.643870] ksmbd: ksmbd: CHANGE_NOTIFY subsystem initialised
[  504.644899] ksmbd: ksmbd: hook subsystem initialized (22 hook points)
[  504.646052] ksmbd: ksmbd: witness protocol support initialised
[  512.495388] ksmbd: ksmbd: witness protocol support removed
[  512.971301] ksmbd: ksmbd: Fruit SMB extensions unloaded
[  513.406753] ksmbd: Configuration subsystem initialized with 17 parameters
[  513.408145] ksmbd: kernel provides md4, skipping built-in registration
[  513.410187] ksmbd: ksmbd: Fruit SMB extensions loaded
[  513.412368] ksmbd: ksmbd: CHANGE_NOTIFY subsystem initialised
[  513.413622] ksmbd: ksmbd: hook subsystem initialized (22 hook points)
[  513.415081] ksmbd: ksmbd: witness protocol support initialised
[ 1939.234142] ksmbd: ksmbd: witness protocol support removed
[ 1939.701272] ksmbd: ksmbd: Fruit SMB extensions unloaded
[ 1941.639191] ksmbd: Configuration subsystem initialized with 17 parameters
[ 1941.640613] ksmbd: kernel provides md4, skipping built-in registration
[ 1941.643416] ksmbd: ksmbd: Fruit SMB extensions loaded
[ 1941.644574] ksmbd: ksmbd: CHANGE_NOTIFY subsystem initialised
[ 1941.645879] ksmbd: ksmbd: hook subsystem initialized (22 hook points)
[ 1941.647188] ksmbd: ksmbd: witness protocol support initialised
[ 2519.265057] ksmbd: ksmbd: witness protocol support removed
[ 2519.755262] ksmbd: ksmbd: Fruit SMB extensions unloaded
[ 2520.296969] ksmbd: Configuration subsystem initialized with 17 parameters
[ 2520.298617] ksmbd: kernel provides md4, skipping built-in registration
[ 2520.301542] ksmbd: ksmbd: Fruit SMB extensions loaded
[ 2520.302797] ksmbd: ksmbd: CHANGE_NOTIFY subsystem initialised
[ 2520.303936] ksmbd: ksmbd: hook subsystem initialized (22 hook points)
[ 2520.305265] ksmbd: ksmbd: witness protocol support initialised
[ 2525.831888] ksmbd: DEBUG CREATE name='smb2-testsd' opts=0x1040 disp=0x1
[ 2525.833266] ksmbd: DEBUG dds=0 fp=0 stream=0000000000000000 name=smb2-testsd opts=0x1040
[ 2525.835084] ksmbd: DEBUG CREATE name='smb2-testsd' opts=0x1 disp=0x2
[ 2525.836359] ksmbd: DEBUG dds=0 fp=0 stream=0000000000000000 name=smb2-testsd opts=0x1
[ 2525.838624] ksmbd: DEBUG CREATE name='smb2-testsd/creator.txt' opts=0x0 disp=0x3
[ 2525.840440] ksmbd: DEBUG dds=0 fp=0 stream=0000000000000000 name=smb2-testsd/creator.txt opts=0x0
[ 2525.844196] ksmbd: DEBUG CREATE name='smb2-testsd/creator.txt' opts=0x0 disp=0x3
[ 2525.845654] ksmbd: DEBUG dds=0 fp=1 stream=0000000000000000 name=smb2-testsd/creator.txt opts=0x0
[ 2525.847654] ksmbd: DEBUG CREATE name='smb2-testsd/creator.txt' opts=0x0 disp=0x3
[ 2525.849343] ksmbd: DEBUG dds=0 fp=1 stream=0000000000000000 name=smb2-testsd/creator.txt opts=0x0
[ 2525.852075] ksmbd: DEBUG CREATE name='smb2-testsd' opts=0x1040 disp=0x1
[ 2525.853322] ksmbd: DEBUG dds=0 fp=1 stream=0000000000000000 name=smb2-testsd opts=0x1040
[ 2525.855814] ksmbd: DEBUG CREATE name='smb2-testsd' opts=0x1 disp=0x1
[ 2525.856970] ksmbd: DEBUG dds=0 fp=1 stream=0000000000000000 name=smb2-testsd opts=0x1
[ 2525.860229] ksmbd: DEBUG CREATE name='smb2-testsd/creator.txt' opts=0x1040 disp=0x1
[ 2525.861608] ksmbd: DEBUG dds=0 fp=1 stream=0000000000000000 name=smb2-testsd/creator.txt opts=0x1040
[ 2525.865428] ksmbd: DEBUG CREATE name='smb2-testsd/creator.txt' opts=0x1040 disp=0x1
[ 2525.866934] ksmbd: DEBUG dds=0 fp=0 stream=0000000000000000 name=smb2-testsd/creator.txt opts=0x1040
[ 2525.869447] ksmbd: DEBUG CREATE name='smb2-testsd' opts=0x1001 disp=0x1
[ 2525.870674] ksmbd: DEBUG dds=0 fp=1 stream=0000000000000000 name=smb2-testsd opts=0x1001
[ 2525.875547] ksmbd: DEBUG CREATE name='smb2-testsd' opts=0x1040 disp=0x1
[ 2525.877656] ksmbd: DEBUG dds=0 fp=0 stream=0000000000000000 name=smb2-testsd opts=0x1040
[ 2525.879834] ksmbd: DEBUG CREATE name='smb2-testsd' opts=0x1 disp=0x2
[ 2525.881283] ksmbd: DEBUG dds=0 fp=0 stream=0000000000000000 name=smb2-testsd opts=0x1
[ 2525.883707] ksmbd: DEBUG CREATE name='smb2-testsd/generic.txt' opts=0x0 disp=0x3
[ 2525.885271] ksmbd: DEBUG dds=0 fp=0 stream=0000000000000000 name=smb2-testsd/generic.txt opts=0x0
[ 2525.889476] ksmbd: DEBUG CREATE name='smb2-testsd/generic.txt' opts=0x0 disp=0x3
[ 2525.891023] ksmbd: DEBUG dds=0 fp=1 stream=0000000000000000 name=smb2-testsd/generic.txt opts=0x0
[ 2525.894971] ksmbd: DEBUG CREATE name='smb2-testsd/generic.txt' opts=0x0 disp=0x3
[ 2525.896491] ksmbd: DEBUG dds=0 fp=1 stream=0000000000000000 name=smb2-testsd/generic.txt opts=0x0
[ 2525.902376] ksmbd: DEBUG CREATE name='smb2-testsd/generic.txt' opts=0x0 disp=0x3
[ 2525.903929] ksmbd: DEBUG dds=0 fp=1 stream=0000000000000000 name=smb2-testsd/generic.txt opts=0x0
[ 2525.907859] ksmbd: DEBUG CREATE name='smb2-testsd/generic.txt' opts=0x0 disp=0x3
[ 2525.909489] ksmbd: DEBUG dds=0 fp=1 stream=0000000000000000 name=smb2-testsd/generic.txt opts=0x0
[ 2525.913304] ksmbd: DEBUG CREATE name='smb2-testsd/generic.txt' opts=0x0 disp=0x3
[ 2525.914906] ksmbd: DEBUG dds=0 fp=1 stream=0000000000000000 name=smb2-testsd/generic.txt opts=0x0
[ 2525.918676] ksmbd: DEBUG CREATE name='smb2-testsd/generic.txt' opts=0x0 disp=0x3
[ 2525.920250] ksmbd: DEBUG dds=0 fp=1 stream=0000000000000000 name=smb2-testsd/generic.txt opts=0x0
[ 2525.924143] ksmbd: DEBUG CREATE name='smb2-testsd/generic.txt' opts=0x0 disp=0x3
[ 2525.925730] ksmbd: DEBUG dds=0 fp=1 stream=0000000000000000 name=smb2-testsd/generic.txt opts=0x0
[ 2525.928699] ksmbd: DEBUG CREATE name='smb2-testsd/generic.txt' opts=0x1040 disp=0x1
[ 2525.930376] ksmbd: DEBUG dds=0 fp=1 stream=0000000000000000 name=smb2-testsd/generic.txt opts=0x1040
[ 2525.932853] ksmbd: DEBUG CREATE name='smb2-testsd/generic.txt' opts=0x1 disp=0x3
[ 2525.934509] ksmbd: DEBUG dds=0 fp=0 stream=0000000000000000 name=smb2-testsd/generic.txt opts=0x1
[ 2525.941769] ksmbd: DEBUG CREATE name='smb2-testsd/generic.txt' opts=0x1 disp=0x3
[ 2525.943726] ksmbd: DEBUG dds=0 fp=1 stream=0000000000000000 name=smb2-testsd/generic.txt opts=0x1
[ 2525.947095] ksmbd: DEBUG CREATE name='smb2-testsd/generic.txt' opts=0x1 disp=0x3
[ 2525.948460] ksmbd: DEBUG dds=0 fp=1 stream=0000000000000000 name=smb2-testsd/generic.txt opts=0x1
[ 2525.953536] ksmbd: DEBUG CREATE name='smb2-testsd/generic.txt' opts=0x1 disp=0x3
[ 2525.955945] ksmbd: DEBUG dds=0 fp=1 stream=0000000000000000 name=smb2-testsd/generic.txt opts=0x1
[ 2525.959531] ksmbd: DEBUG CREATE name='smb2-testsd/generic.txt' opts=0x1 disp=0x3
[ 2525.960856] ksmbd: DEBUG dds=0 fp=1 stream=0000000000000000 name=smb2-testsd/generic.txt opts=0x1
[ 2525.964665] ksmbd: DEBUG CREATE name='smb2-testsd/generic.txt' opts=0x1 disp=0x3
[ 2525.966306] ksmbd: DEBUG dds=0 fp=1 stream=0000000000000000 name=smb2-testsd/generic.txt opts=0x1
[ 2525.970314] ksmbd: DEBUG CREATE name='smb2-testsd/generic.txt' opts=0x1040 disp=0x1
[ 2525.971937] ksmbd: DEBUG dds=0 fp=1 stream=0000000000000000 name=smb2-testsd/generic.txt opts=0x1040
[ 2525.974579] ksmbd: DEBUG CREATE name='smb2-testsd' opts=0x1040 disp=0x1
[ 2525.976137] ksmbd: DEBUG dds=0 fp=1 stream=0000000000000000 name=smb2-testsd opts=0x1040
[ 2525.978041] ksmbd: DEBUG CREATE name='smb2-testsd' opts=0x1 disp=0x1
[ 2525.979568] ksmbd: DEBUG dds=0 fp=1 stream=0000000000000000 name=smb2-testsd opts=0x1
[ 2525.982999] ksmbd: DEBUG CREATE name='smb2-testsd/generic.txt' opts=0x1040 disp=0x1
[ 2525.984682] ksmbd: DEBUG dds=0 fp=1 stream=0000000000000000 name=smb2-testsd/generic.txt opts=0x1040
[ 2525.987003] ksmbd: DEBUG CREATE name='smb2-testsd/generic.txt' opts=0x1040 disp=0x1
[ 2525.988590] ksmbd: DEBUG dds=0 fp=1 stream=0000000000000000 name=smb2-testsd/generic.txt opts=0x1040
[ 2525.990768] ksmbd: DEBUG CREATE name='smb2-testsd/generic.txt' opts=0x1 disp=0x1
[ 2525.992615] ksmbd: DEBUG dds=0 fp=1 stream=0000000000000000 name=smb2-testsd/generic.txt opts=0x1
[ 2525.995783] ksmbd: DEBUG CREATE name='smb2-testsd/generic.txt' opts=0x1001 disp=0x1
[ 2525.997234] ksmbd: DEBUG dds=0 fp=1 stream=0000000000000000 name=smb2-testsd/generic.txt opts=0x1001
[ 2525.999737] ksmbd: DEBUG CREATE name='smb2-testsd' opts=0x1001 disp=0x1
[ 2526.001236] ksmbd: DEBUG dds=0 fp=1 stream=0000000000000000 name=smb2-testsd opts=0x1001
[ 2526.007117] ksmbd: DEBUG CREATE name='smb2-testsd' opts=0x1040 disp=0x1
[ 2526.008761] ksmbd: DEBUG dds=0 fp=0 stream=0000000000000000 name=smb2-testsd opts=0x1040
[ 2526.010792] ksmbd: DEBUG CREATE name='smb2-testsd' opts=0x1 disp=0x2
[ 2526.012719] ksmbd: DEBUG dds=0 fp=0 stream=0000000000000000 name=smb2-testsd opts=0x1
[ 2526.019180] ksmbd: DEBUG CREATE name='smb2-testsd/test_owner_bits.txt' opts=0x0 disp=0x3
[ 2526.021082] ksmbd: DEBUG dds=0 fp=0 stream=0000000000000000 name=smb2-testsd/test_owner_bits.txt opts=0x0
[ 2526.028151] ksmbd: DEBUG CREATE name='smb2-testsd/test_owner_bits.txt' opts=0x0 disp=0x3
[ 2526.029946] ksmbd: DEBUG dds=0 fp=1 stream=0000000000000000 name=smb2-testsd/test_owner_bits.txt opts=0x0
[ 2526.032241] ksmbd: DEBUG CREATE name='smb2-testsd/test_owner_bits.txt' opts=0x0 disp=0x3
[ 2526.034156] ksmbd: DEBUG dds=0 fp=1 stream=0000000000000000 name=smb2-testsd/test_owner_bits.txt opts=0x0
[ 2526.037971] ksmbd: DEBUG CREATE name='smb2-testsd/test_owner_bits.txt' opts=0x0 disp=0x3
[ 2526.039727] ksmbd: DEBUG dds=0 fp=1 stream=0000000000000000 name=smb2-testsd/test_owner_bits.txt opts=0x0
[ 2526.042081] ksmbd: DEBUG CREATE name='smb2-testsd/test_owner_bits.txt' opts=0x0 disp=0x3
[ 2526.043832] ksmbd: DEBUG dds=0 fp=1 stream=0000000000000000 name=smb2-testsd/test_owner_bits.txt opts=0x0
[ 2526.046122] ksmbd: DEBUG CREATE name='smb2-testsd/test_owner_bits.txt' opts=0x0 disp=0x3
[ 2526.048001] ksmbd: DEBUG dds=0 fp=1 stream=0000000000000000 name=smb2-testsd/test_owner_bits.txt opts=0x0
[ 2526.050272] ksmbd: DEBUG CREATE name='smb2-testsd/test_owner_bits.txt' opts=0x0 disp=0x3
[ 2526.052134] ksmbd: DEBUG dds=0 fp=1 stream=0000000000000000 name=smb2-testsd/test_owner_bits.txt opts=0x0
[ 2526.054741] ksmbd: DEBUG CREATE name='smb2-testsd/test_owner_bits.txt' opts=0x1040 disp=0x1
[ 2526.056631] ksmbd: DEBUG dds=0 fp=1 stream=0000000000000000 name=smb2-testsd/test_owner_bits.txt opts=0x1040
[ 2526.059080] ksmbd: DEBUG CREATE name='smb2-testsd' opts=0x1040 disp=0x1
[ 2526.060677] ksmbd: DEBUG dds=0 fp=1 stream=0000000000000000 name=smb2-testsd opts=0x1040
[ 2526.062850] ksmbd: DEBUG CREATE name='smb2-testsd' opts=0x1 disp=0x1
[ 2526.064283] ksmbd: DEBUG dds=0 fp=1 stream=0000000000000000 name=smb2-testsd opts=0x1
[ 2526.068070] ksmbd: DEBUG CREATE name='smb2-testsd/test_owner_bits.txt' opts=0x1040 disp=0x1
[ 2526.069983] ksmbd: DEBUG dds=0 fp=1 stream=0000000000000000 name=smb2-testsd/test_owner_bits.txt opts=0x1040
[ 2526.072868] ksmbd: DEBUG CREATE name='smb2-testsd' opts=0x1001 disp=0x1
[ 2526.074364] ksmbd: DEBUG dds=0 fp=1 stream=0000000000000000 name=smb2-testsd opts=0x1001
[ 2526.081100] ksmbd: DEBUG CREATE name='smb2-testsd' opts=0x1040 disp=0x1
[ 2526.082735] ksmbd: DEBUG dds=0 fp=1 stream=0000000000000000 name=smb2-testsd opts=0x1040
[ 2526.085122] ksmbd: DEBUG CREATE name='smb2-testsd' opts=0x1 disp=0x1
[ 2526.086718] ksmbd: DEBUG dds=0 fp=1 stream=0000000000000000 name=smb2-testsd opts=0x1
[ 2526.091021] ksmbd: DEBUG CREATE name='smb2-testsd/test_owner_bits.txt' opts=0x1040 disp=0x1
[ 2526.093024] ksmbd: DEBUG dds=0 fp=1 stream=0000000000000000 name=smb2-testsd/test_owner_bits.txt opts=0x1040
[ 2526.097466] ksmbd: DEBUG CREATE name='smb2-testsd/test_owner_bits.txt' opts=0x1040 disp=0x1
[ 2526.099562] ksmbd: DEBUG dds=0 fp=0 stream=0000000000000000 name=smb2-testsd/test_owner_bits.txt opts=0x1040
[ 2526.102846] ksmbd: DEBUG CREATE name='smb2-testsd' opts=0x1001 disp=0x1
[ 2526.104292] ksmbd: DEBUG dds=0 fp=1 stream=0000000000000000 name=smb2-testsd opts=0x1001
[ 2526.106977] ksmbd: DEBUG CREATE name='smb2-testsd' opts=0x1 disp=0x2
[ 2526.108688] ksmbd: DEBUG dds=0 fp=0 stream=0000000000000000 name=smb2-testsd opts=0x1
[ 2526.110951] ksmbd: DEBUG CREATE name='smb2-testsd/inheritance' opts=0x1 disp=0x2
[ 2526.112702] ksmbd: DEBUG dds=0 fp=0 stream=0000000000000000 name=smb2-testsd/inheritance opts=0x1
[ 2526.115598] ksmbd: DEBUG CREATE name='smb2-testsd/inheritance/testfile' opts=0x0 disp=0x2
[ 2526.117170] ksmbd: DEBUG dds=0 fp=0 stream=0000000000000000 name=smb2-testsd/inheritance/testfile opts=0x0
[ 2526.121229] ksmbd: DEBUG CREATE name='smb2-testsd/inheritance/testfile' opts=0x1040 disp=0x1
[ 2526.122776] ksmbd: DEBUG dds=0 fp=1 stream=0000000000000000 name=smb2-testsd/inheritance/testfile opts=0x1040
[ 2526.125875] ksmbd: DEBUG CREATE name='smb2-testsd/inheritance/testdir' opts=0x1 disp=0x2
[ 2526.127434] ksmbd: DEBUG dds=0 fp=0 stream=0000000000000000 name=smb2-testsd/inheritance/testdir opts=0x1
[ 2526.130520] ksmbd: DEBUG CREATE name='smb2-testsd/inheritance/testdir' opts=0x1001 disp=0x1
[ 2526.132158] ksmbd: DEBUG dds=0 fp=1 stream=0000000000000000 name=smb2-testsd/inheritance/testdir opts=0x1001
[ 2526.134600] ksmbd: DEBUG CREATE name='smb2-testsd/inheritance/testfile' opts=0x0 disp=0x2
[ 2526.136241] ksmbd: DEBUG dds=0 fp=0 stream=0000000000000000 name=smb2-testsd/inheritance/testfile opts=0x0
[ 2526.140167] ksmbd: DEBUG CREATE name='smb2-testsd/inheritance/testfile' opts=0x1040 disp=0x1
[ 2526.142057] ksmbd: DEBUG dds=0 fp=1 stream=0000000000000000 name=smb2-testsd/inheritance/testfile opts=0x1040
[ 2526.144682] ksmbd: DEBUG CREATE name='smb2-testsd/inheritance/testdir' opts=0x1 disp=0x2
[ 2526.146505] ksmbd: DEBUG dds=0 fp=0 stream=0000000000000000 name=smb2-testsd/inheritance/testdir opts=0x1
[ 2526.150765] ksmbd: DEBUG CREATE name='smb2-testsd/inheritance/testdir' opts=0x1001 disp=0x1
[ 2526.152702] ksmbd: DEBUG dds=0 fp=1 stream=0000000000000000 name=smb2-testsd/inheritance/testdir opts=0x1001
[ 2526.155740] ksmbd: DEBUG CREATE name='smb2-testsd/inheritance/testfile' opts=0x0 disp=0x2
[ 2526.157353] ksmbd: DEBUG dds=0 fp=0 stream=0000000000000000 name=smb2-testsd/inheritance/testfile opts=0x0
[ 2526.160688] ksmbd: DEBUG CREATE name='smb2-testsd/inheritance/testfile' opts=0x1040 disp=0x1
[ 2526.162458] ksmbd: DEBUG dds=0 fp=1 stream=0000000000000000 name=smb2-testsd/inheritance/testfile opts=0x1040
[ 2526.165132] ksmbd: DEBUG CREATE name='smb2-testsd/inheritance/testdir' opts=0x1 disp=0x2
[ 2526.166782] ksmbd: DEBUG dds=0 fp=0 stream=0000000000000000 name=smb2-testsd/inheritance/testdir opts=0x1
[ 2526.170867] ksmbd: DEBUG CREATE name='smb2-testsd/inheritance/testdir' opts=0x1001 disp=0x1
[ 2526.172569] ksmbd: DEBUG dds=0 fp=1 stream=0000000000000000 name=smb2-testsd/inheritance/testdir opts=0x1001
[ 2526.175582] ksmbd: DEBUG CREATE name='smb2-testsd/inheritance/testfile' opts=0x0 disp=0x2
[ 2526.177486] ksmbd: DEBUG dds=0 fp=0 stream=0000000000000000 name=smb2-testsd/inheritance/testfile opts=0x0
[ 2526.181046] ksmbd: DEBUG CREATE name='smb2-testsd/inheritance/testfile' opts=0x1040 disp=0x1
[ 2526.182756] ksmbd: DEBUG dds=0 fp=1 stream=0000000000000000 name=smb2-testsd/inheritance/testfile opts=0x1040
[ 2526.185559] ksmbd: DEBUG CREATE name='smb2-testsd/inheritance/testdir' opts=0x1 disp=0x2
[ 2526.187286] ksmbd: DEBUG dds=0 fp=0 stream=0000000000000000 name=smb2-testsd/inheritance/testdir opts=0x1
[ 2526.190919] ksmbd: DEBUG CREATE name='smb2-testsd/inheritance/testdir' opts=0x1001 disp=0x1
[ 2526.192675] ksmbd: DEBUG dds=0 fp=1 stream=0000000000000000 name=smb2-testsd/inheritance/testdir opts=0x1001
[ 2526.195608] ksmbd: DEBUG CREATE name='smb2-testsd/inheritance/testfile' opts=0x0 disp=0x2
[ 2526.197262] ksmbd: DEBUG dds=0 fp=0 stream=0000000000000000 name=smb2-testsd/inheritance/testfile opts=0x0
[ 2526.200797] ksmbd: DEBUG CREATE name='smb2-testsd/inheritance/testfile' opts=0x1040 disp=0x1
[ 2526.202532] ksmbd: DEBUG dds=0 fp=1 stream=0000000000000000 name=smb2-testsd/inheritance/testfile opts=0x1040
[ 2526.205510] ksmbd: DEBUG CREATE name='smb2-testsd/inheritance/testdir' opts=0x1 disp=0x2
[ 2526.207250] ksmbd: DEBUG dds=0 fp=0 stream=0000000000000000 name=smb2-testsd/inheritance/testdir opts=0x1
[ 2526.211141] ksmbd: DEBUG CREATE name='smb2-testsd/inheritance/testdir' opts=0x1001 disp=0x1
[ 2526.212993] ksmbd: DEBUG dds=0 fp=1 stream=0000000000000000 name=smb2-testsd/inheritance/testdir opts=0x1001
[ 2526.216002] ksmbd: DEBUG CREATE name='smb2-testsd/inheritance/testfile' opts=0x0 disp=0x2
[ 2526.217665] ksmbd: DEBUG dds=0 fp=0 stream=0000000000000000 name=smb2-testsd/inheritance/testfile opts=0x0
[ 2526.221131] ksmbd: DEBUG CREATE name='smb2-testsd/inheritance/testfile' opts=0x1040 disp=0x1
[ 2526.222918] ksmbd: DEBUG dds=0 fp=1 stream=0000000000000000 name=smb2-testsd/inheritance/testfile opts=0x1040
[ 2526.225618] ksmbd: DEBUG CREATE name='smb2-testsd/inheritance/testdir' opts=0x1 disp=0x2
[ 2526.227291] ksmbd: DEBUG dds=0 fp=0 stream=0000000000000000 name=smb2-testsd/inheritance/testdir opts=0x1
[ 2526.231148] ksmbd: DEBUG CREATE name='smb2-testsd/inheritance/testdir' opts=0x1001 disp=0x1
[ 2526.232890] ksmbd: DEBUG dds=0 fp=1 stream=0000000000000000 name=smb2-testsd/inheritance/testdir opts=0x1001
[ 2526.235723] ksmbd: DEBUG CREATE name='smb2-testsd/inheritance/testfile' opts=0x0 disp=0x2
[ 2526.237414] ksmbd: DEBUG dds=0 fp=0 stream=0000000000000000 name=smb2-testsd/inheritance/testfile opts=0x0
[ 2526.241279] ksmbd: DEBUG CREATE name='smb2-testsd/inheritance/testfile' opts=0x1040 disp=0x1
[ 2526.243041] ksmbd: DEBUG dds=0 fp=1 stream=0000000000000000 name=smb2-testsd/inheritance/testfile opts=0x1040
[ 2526.245682] ksmbd: DEBUG CREATE name='smb2-testsd/inheritance/testdir' opts=0x1 disp=0x2
[ 2526.247386] ksmbd: DEBUG dds=0 fp=0 stream=0000000000000000 name=smb2-testsd/inheritance/testdir opts=0x1
[ 2526.250770] ksmbd: DEBUG CREATE name='smb2-testsd/inheritance/testdir' opts=0x1001 disp=0x1
[ 2526.252497] ksmbd: DEBUG dds=0 fp=1 stream=0000000000000000 name=smb2-testsd/inheritance/testdir opts=0x1001
[ 2526.255124] ksmbd: DEBUG CREATE name='smb2-testsd/inheritance/testfile' opts=0x0 disp=0x2
[ 2526.256782] ksmbd: DEBUG dds=0 fp=0 stream=0000000000000000 name=smb2-testsd/inheritance/testfile opts=0x0
[ 2526.260308] ksmbd: DEBUG CREATE name='smb2-testsd/inheritance/testfile' opts=0x1040 disp=0x1
[ 2526.262121] ksmbd: DEBUG dds=0 fp=1 stream=0000000000000000 name=smb2-testsd/inheritance/testfile opts=0x1040
[ 2526.264659] ksmbd: DEBUG CREATE name='smb2-testsd/inheritance/testdir' opts=0x1 disp=0x2
[ 2526.266393] ksmbd: DEBUG dds=0 fp=0 stream=0000000000000000 name=smb2-testsd/inheritance/testdir opts=0x1
[ 2526.269786] ksmbd: DEBUG CREATE name='smb2-testsd/inheritance/testdir' opts=0x1001 disp=0x1
[ 2526.271506] ksmbd: DEBUG dds=0 fp=1 stream=0000000000000000 name=smb2-testsd/inheritance/testdir opts=0x1001
[ 2526.274076] ksmbd: DEBUG CREATE name='smb2-testsd/inheritance/testfile' opts=0x0 disp=0x2
[ 2526.275744] ksmbd: DEBUG dds=0 fp=0 stream=0000000000000000 name=smb2-testsd/inheritance/testfile opts=0x0
[ 2526.279543] ksmbd: DEBUG CREATE name='smb2-testsd/inheritance/testfile' opts=0x1040 disp=0x1
[ 2526.281233] ksmbd: DEBUG dds=0 fp=1 stream=0000000000000000 name=smb2-testsd/inheritance/testfile opts=0x1040
[ 2526.283829] ksmbd: DEBUG CREATE name='smb2-testsd/inheritance/testdir' opts=0x1 disp=0x2
[ 2526.285483] ksmbd: DEBUG dds=0 fp=0 stream=0000000000000000 name=smb2-testsd/inheritance/testdir opts=0x1
[ 2526.288871] ksmbd: DEBUG CREATE name='smb2-testsd/inheritance/testdir' opts=0x1001 disp=0x1
[ 2526.290625] ksmbd: DEBUG dds=0 fp=1 stream=0000000000000000 name=smb2-testsd/inheritance/testdir opts=0x1001
[ 2526.293904] ksmbd: DEBUG CREATE name='smb2-testsd/inheritance/testfile' opts=0x0 disp=0x2
[ 2526.295585] ksmbd: DEBUG dds=0 fp=0 stream=0000000000000000 name=smb2-testsd/inheritance/testfile opts=0x0
[ 2526.299050] ksmbd: DEBUG CREATE name='smb2-testsd/inheritance/testfile' opts=0x1040 disp=0x1
[ 2526.300736] ksmbd: DEBUG dds=0 fp=1 stream=0000000000000000 name=smb2-testsd/inheritance/testfile opts=0x1040
[ 2526.303104] ksmbd: DEBUG CREATE name='smb2-testsd/inheritance/testdir' opts=0x1 disp=0x2
[ 2526.304764] ksmbd: DEBUG dds=0 fp=0 stream=0000000000000000 name=smb2-testsd/inheritance/testdir opts=0x1
[ 2526.308290] ksmbd: DEBUG CREATE name='smb2-testsd/inheritance/testdir' opts=0x1001 disp=0x1
[ 2526.309953] ksmbd: DEBUG dds=0 fp=1 stream=0000000000000000 name=smb2-testsd/inheritance/testdir opts=0x1001
[ 2526.312429] ksmbd: DEBUG CREATE name='smb2-testsd/inheritance/testfile' opts=0x0 disp=0x2
[ 2526.314081] ksmbd: DEBUG dds=0 fp=0 stream=0000000000000000 name=smb2-testsd/inheritance/testfile opts=0x0
[ 2526.317250] ksmbd: DEBUG CREATE name='smb2-testsd/inheritance/testfile' opts=0x1040 disp=0x1
[ 2526.318970] ksmbd: DEBUG dds=0 fp=1 stream=0000000000000000 name=smb2-testsd/inheritance/testfile opts=0x1040
[ 2526.321370] ksmbd: DEBUG CREATE name='smb2-testsd/inheritance/testdir' opts=0x1 disp=0x2
[ 2526.323064] ksmbd: DEBUG dds=0 fp=0 stream=0000000000000000 name=smb2-testsd/inheritance/testdir opts=0x1
[ 2526.327599] ksmbd: DEBUG CREATE name='smb2-testsd/inheritance/testdir' opts=0x1001 disp=0x1
[ 2526.329402] ksmbd: DEBUG dds=0 fp=1 stream=0000000000000000 name=smb2-testsd/inheritance/testdir opts=0x1001
[ 2526.332190] ksmbd: DEBUG CREATE name='smb2-testsd/inheritance/testfile' opts=0x0 disp=0x2
[ 2526.333921] ksmbd: DEBUG dds=0 fp=0 stream=0000000000000000 name=smb2-testsd/inheritance/testfile opts=0x0
[ 2526.336884] ksmbd: DEBUG CREATE name='smb2-testsd/inheritance/testfile' opts=0x1040 disp=0x1
[ 2526.338635] ksmbd: DEBUG dds=0 fp=1 stream=0000000000000000 name=smb2-testsd/inheritance/testfile opts=0x1040
[ 2526.341845] ksmbd: DEBUG CREATE name='smb2-testsd/inheritance/testdir' opts=0x1 disp=0x2
[ 2526.343336] ksmbd: DEBUG dds=0 fp=0 stream=0000000000000000 name=smb2-testsd/inheritance/testdir opts=0x1
[ 2526.346732] ksmbd: DEBUG CREATE name='smb2-testsd/inheritance/testdir' opts=0x1001 disp=0x1
[ 2526.348526] ksmbd: DEBUG dds=0 fp=1 stream=0000000000000000 name=smb2-testsd/inheritance/testdir opts=0x1001
[ 2526.351479] ksmbd: DEBUG CREATE name='smb2-testsd/inheritance/testfile' opts=0x0 disp=0x2
[ 2526.353397] ksmbd: DEBUG dds=0 fp=0 stream=0000000000000000 name=smb2-testsd/inheritance/testfile opts=0x0
[ 2526.357533] ksmbd: DEBUG CREATE name='smb2-testsd/inheritance/testfile' opts=0x1040 disp=0x1
[ 2526.359224] ksmbd: DEBUG dds=0 fp=1 stream=0000000000000000 name=smb2-testsd/inheritance/testfile opts=0x1040
[ 2526.362187] ksmbd: DEBUG CREATE name='smb2-testsd/inheritance/testdir' opts=0x1 disp=0x2
[ 2526.363963] ksmbd: DEBUG dds=0 fp=0 stream=0000000000000000 name=smb2-testsd/inheritance/testdir opts=0x1
[ 2526.367550] ksmbd: DEBUG CREATE name='smb2-testsd/inheritance/testdir' opts=0x1001 disp=0x1
[ 2526.369272] ksmbd: DEBUG dds=0 fp=1 stream=0000000000000000 name=smb2-testsd/inheritance/testdir opts=0x1001
[ 2526.372335] ksmbd: DEBUG CREATE name='smb2-testsd/inheritance/testfile' opts=0x0 disp=0x2
[ 2526.373939] ksmbd: DEBUG dds=0 fp=0 stream=0000000000000000 name=smb2-testsd/inheritance/testfile opts=0x0
[ 2526.377715] ksmbd: DEBUG CREATE name='smb2-testsd/inheritance/testfile' opts=0x1040 disp=0x1
[ 2526.379475] ksmbd: DEBUG dds=0 fp=1 stream=0000000000000000 name=smb2-testsd/inheritance/testfile opts=0x1040
[ 2526.382083] ksmbd: DEBUG CREATE name='smb2-testsd/inheritance/testdir' opts=0x1 disp=0x2
[ 2526.383726] ksmbd: DEBUG dds=0 fp=0 stream=0000000000000000 name=smb2-testsd/inheritance/testdir opts=0x1
[ 2526.387407] ksmbd: DEBUG CREATE name='smb2-testsd/inheritance/testdir' opts=0x1001 disp=0x1
[ 2526.389104] ksmbd: DEBUG dds=0 fp=1 stream=0000000000000000 name=smb2-testsd/inheritance/testdir opts=0x1001
[ 2526.392187] ksmbd: DEBUG CREATE name='smb2-testsd/inheritance/testfile' opts=0x0 disp=0x2
[ 2526.393894] ksmbd: DEBUG dds=0 fp=0 stream=0000000000000000 name=smb2-testsd/inheritance/testfile opts=0x0
[ 2526.397642] ksmbd: DEBUG CREATE name='smb2-testsd/inheritance/testfile' opts=0x1040 disp=0x1
[ 2526.399396] ksmbd: DEBUG dds=0 fp=1 stream=0000000000000000 name=smb2-testsd/inheritance/testfile opts=0x1040
[ 2526.402156] ksmbd: DEBUG CREATE name='smb2-testsd/inheritance/testdir' opts=0x1 disp=0x2
[ 2526.403797] ksmbd: DEBUG dds=0 fp=0 stream=0000000000000000 name=smb2-testsd/inheritance/testdir opts=0x1
[ 2526.407434] ksmbd: DEBUG CREATE name='smb2-testsd/inheritance/testdir' opts=0x1001 disp=0x1
[ 2526.409128] ksmbd: DEBUG dds=0 fp=1 stream=0000000000000000 name=smb2-testsd/inheritance/testdir opts=0x1001
[ 2526.412025] ksmbd: DEBUG CREATE name='smb2-testsd/inheritance/testfile' opts=0x0 disp=0x2
[ 2526.413710] ksmbd: DEBUG dds=0 fp=0 stream=0000000000000000 name=smb2-testsd/inheritance/testfile opts=0x0
[ 2526.417589] ksmbd: DEBUG CREATE name='smb2-testsd/inheritance/testfile' opts=0x1040 disp=0x1
[ 2526.419349] ksmbd: DEBUG dds=0 fp=1 stream=0000000000000000 name=smb2-testsd/inheritance/testfile opts=0x1040
[ 2526.421934] ksmbd: DEBUG CREATE name='smb2-testsd/inheritance/testdir' opts=0x1 disp=0x2
[ 2526.423580] ksmbd: DEBUG dds=0 fp=0 stream=0000000000000000 name=smb2-testsd/inheritance/testdir opts=0x1
[ 2526.427378] ksmbd: DEBUG CREATE name='smb2-testsd/inheritance/testdir' opts=0x1001 disp=0x1
[ 2526.429059] ksmbd: DEBUG dds=0 fp=1 stream=0000000000000000 name=smb2-testsd/inheritance/testdir opts=0x1001
[ 2526.433081] ksmbd: DEBUG CREATE name='smb2-testsd/inheritance/testfile' opts=0x0 disp=0x2
[ 2526.434800] ksmbd: DEBUG dds=0 fp=0 stream=0000000000000000 name=smb2-testsd/inheritance/testfile opts=0x0
[ 2526.439035] ksmbd: DEBUG CREATE name='smb2-testsd/inheritance/testfile' opts=0x0 disp=0x1
[ 2526.440683] ksmbd: DEBUG dds=0 fp=1 stream=0000000000000000 name=smb2-testsd/inheritance/testfile opts=0x0
[ 2526.443054] ksmbd: DEBUG CREATE name='smb2-testsd/inheritance/testfile' opts=0x0 disp=0x1
[ 2526.444707] ksmbd: DEBUG dds=0 fp=1 stream=0000000000000000 name=smb2-testsd/inheritance/testfile opts=0x0
[ 2526.446903] ksmbd: DEBUG CREATE name='smb2-testsd/inheritance/testfile' opts=0x0 disp=0x1
[ 2526.448544] ksmbd: DEBUG dds=0 fp=1 stream=0000000000000000 name=smb2-testsd/inheritance/testfile opts=0x0
[ 2526.450816] ksmbd: DEBUG CREATE name='smb2-testsd/inheritance/testfile' opts=0x0 disp=0x1
[ 2526.452442] ksmbd: DEBUG dds=0 fp=1 stream=0000000000000000 name=smb2-testsd/inheritance/testfile opts=0x0
[ 2526.455282] ksmbd: DEBUG CREATE name='smb2-testsd/inheritance/testfile' opts=0x0 disp=0x1
[ 2526.456970] ksmbd: DEBUG dds=0 fp=1 stream=0000000000000000 name=smb2-testsd/inheritance/testfile opts=0x0
[ 2526.459182] ksmbd: DEBUG CREATE name='smb2-testsd/inheritance/testfile' opts=0x0 disp=0x1
[ 2526.460856] ksmbd: DEBUG dds=0 fp=1 stream=0000000000000000 name=smb2-testsd/inheritance/testfile opts=0x0
[ 2526.463560] ksmbd: DEBUG CREATE name='smb2-testsd/inheritance/testfile' opts=0x1040 disp=0x1
[ 2526.465275] ksmbd: DEBUG dds=0 fp=1 stream=0000000000000000 name=smb2-testsd/inheritance/testfile opts=0x1040
[ 2526.467730] ksmbd: DEBUG CREATE name='smb2-testsd/inheritance' opts=0x1001 disp=0x1
[ 2526.469308] ksmbd: DEBUG dds=0 fp=1 stream=0000000000000000 name=smb2-testsd/inheritance opts=0x1001
[ 2526.471825] ksmbd: DEBUG CREATE name='smb2-testsd' opts=0x1040 disp=0x1
[ 2526.473261] ksmbd: DEBUG dds=0 fp=1 stream=0000000000000000 name=smb2-testsd opts=0x1040
[ 2526.475648] ksmbd: DEBUG CREATE name='smb2-testsd' opts=0x1 disp=0x1
[ 2526.476975] ksmbd: DEBUG dds=0 fp=1 stream=0000000000000000 name=smb2-testsd opts=0x1
[ 2526.480122] ksmbd: DEBUG CREATE name='smb2-testsd' opts=0x1001 disp=0x1
[ 2526.481478] ksmbd: DEBUG dds=0 fp=1 stream=0000000000000000 name=smb2-testsd opts=0x1001
[ 2526.485804] ksmbd: DEBUG CREATE name='smb2-testsd' opts=0x1040 disp=0x1
[ 2526.487224] ksmbd: DEBUG dds=0 fp=0 stream=0000000000000000 name=smb2-testsd opts=0x1040
[ 2526.488963] ksmbd: DEBUG CREATE name='smb2-testsd' opts=0x1 disp=0x2
[ 2526.490243] ksmbd: DEBUG dds=0 fp=0 stream=0000000000000000 name=smb2-testsd opts=0x1
[ 2526.494310] ksmbd: DEBUG CREATE name='smb2-testsd/inheritance' opts=0x1 disp=0x2
[ 2526.495928] ksmbd: DEBUG dds=0 fp=0 stream=0000000000000000 name=smb2-testsd/inheritance opts=0x1
[ 2526.500962] ksmbd: DEBUG CREATE name='smb2-testsd/inheritance/testfile' opts=0x0 disp=0x2
[ 2526.502774] ksmbd: DEBUG dds=0 fp=0 stream=0000000000000000 name=smb2-testsd/inheritance/testfile opts=0x0
[ 2526.524816] ksmbd: DEBUG CREATE name='smb2-testsd/inheritance/testfile' opts=0x1040 disp=0x1
[ 2526.526783] ksmbd: DEBUG dds=0 fp=1 stream=0000000000000000 name=smb2-testsd/inheritance/testfile opts=0x1040
[ 2526.530409] ksmbd: DEBUG CREATE name='smb2-testsd/inheritance/testfile' opts=0x0 disp=0x2
[ 2526.532396] ksmbd: DEBUG dds=0 fp=0 stream=0000000000000000 name=smb2-testsd/inheritance/testfile opts=0x0
[ 2526.556396] ksmbd: DEBUG CREATE name='smb2-testsd/inheritance/testfile' opts=0x1040 disp=0x1
[ 2526.558516] ksmbd: DEBUG dds=0 fp=1 stream=0000000000000000 name=smb2-testsd/inheritance/testfile opts=0x1040
[ 2526.563130] ksmbd: DEBUG CREATE name='smb2-testsd/inheritance/testfile' opts=0x0 disp=0x2
[ 2526.565165] ksmbd: DEBUG dds=0 fp=0 stream=0000000000000000 name=smb2-testsd/inheritance/testfile opts=0x0
[ 2526.592489] ksmbd: DEBUG CREATE name='smb2-testsd/inheritance/testfile' opts=0x1040 disp=0x1
[ 2526.594612] ksmbd: DEBUG dds=0 fp=1 stream=0000000000000000 name=smb2-testsd/inheritance/testfile opts=0x1040
[ 2526.598886] ksmbd: DEBUG CREATE name='smb2-testsd/inheritance/testfile' opts=0x0 disp=0x2
[ 2526.600717] ksmbd: DEBUG dds=0 fp=0 stream=0000000000000000 name=smb2-testsd/inheritance/testfile opts=0x0
[ 2526.631105] ksmbd: DEBUG CREATE name='smb2-testsd/inheritance/testfile' opts=0x1040 disp=0x1
[ 2526.633085] ksmbd: DEBUG dds=0 fp=1 stream=0000000000000000 name=smb2-testsd/inheritance/testfile opts=0x1040
[ 2526.637488] ksmbd: DEBUG CREATE name='smb2-testsd/inheritance/testfile' opts=0x0 disp=0x2
[ 2526.639382] ksmbd: DEBUG dds=0 fp=0 stream=0000000000000000 name=smb2-testsd/inheritance/testfile opts=0x0
[ 2526.664736] ksmbd: DEBUG CREATE name='smb2-testsd/inheritance/testfile' opts=0x1040 disp=0x1
[ 2526.666713] ksmbd: DEBUG dds=0 fp=1 stream=0000000000000000 name=smb2-testsd/inheritance/testfile opts=0x1040
[ 2526.670619] ksmbd: DEBUG CREATE name='smb2-testsd/inheritance/testfile' opts=0x0 disp=0x2
[ 2526.672468] ksmbd: DEBUG dds=0 fp=0 stream=0000000000000000 name=smb2-testsd/inheritance/testfile opts=0x0
[ 2526.698409] ksmbd: DEBUG CREATE name='smb2-testsd/inheritance/testfile' opts=0x1040 disp=0x1
[ 2526.700305] ksmbd: DEBUG dds=0 fp=1 stream=0000000000000000 name=smb2-testsd/inheritance/testfile opts=0x1040
[ 2526.704708] ksmbd: DEBUG CREATE name='smb2-testsd/inheritance/testfile' opts=0x0 disp=0x2
[ 2526.706486] ksmbd: DEBUG dds=0 fp=0 stream=0000000000000000 name=smb2-testsd/inheritance/testfile opts=0x0
[ 2526.737309] ksmbd: DEBUG CREATE name='smb2-testsd/inheritance/testfile' opts=0x1040 disp=0x1
[ 2526.739074] ksmbd: DEBUG dds=0 fp=1 stream=0000000000000000 name=smb2-testsd/inheritance/testfile opts=0x1040
[ 2526.742855] ksmbd: DEBUG CREATE name='smb2-testsd/inheritance/testfile' opts=0x0 disp=0x2
[ 2526.744721] ksmbd: DEBUG dds=0 fp=0 stream=0000000000000000 name=smb2-testsd/inheritance/testfile opts=0x0
[ 2526.773662] ksmbd: DEBUG CREATE name='smb2-testsd/inheritance/testfile' opts=0x1040 disp=0x1
[ 2526.775518] ksmbd: DEBUG dds=0 fp=1 stream=0000000000000000 name=smb2-testsd/inheritance/testfile opts=0x1040
[ 2526.780558] ksmbd: DEBUG CREATE name='smb2-testsd/inheritance/testfile' opts=0x0 disp=0x2
[ 2526.782443] ksmbd: DEBUG dds=0 fp=0 stream=0000000000000000 name=smb2-testsd/inheritance/testfile opts=0x0
[ 2526.814452] ksmbd: DEBUG CREATE name='smb2-testsd/inheritance/testfile' opts=0x1040 disp=0x1
[ 2526.816171] ksmbd: DEBUG dds=0 fp=1 stream=0000000000000000 name=smb2-testsd/inheritance/testfile opts=0x1040
[ 2526.820264] ksmbd: DEBUG CREATE name='smb2-testsd/inheritance/testfile' opts=0x0 disp=0x2
[ 2526.822021] ksmbd: DEBUG dds=0 fp=0 stream=0000000000000000 name=smb2-testsd/inheritance/testfile opts=0x0
[ 2526.856977] ksmbd: DEBUG CREATE name='smb2-testsd/inheritance/testfile' opts=0x1040 disp=0x1
[ 2526.858860] ksmbd: DEBUG dds=0 fp=1 stream=0000000000000000 name=smb2-testsd/inheritance/testfile opts=0x1040
[ 2526.862893] ksmbd: DEBUG CREATE name='smb2-testsd/inheritance/testfile' opts=0x0 disp=0x2
[ 2526.864584] ksmbd: DEBUG dds=0 fp=0 stream=0000000000000000 name=smb2-testsd/inheritance/testfile opts=0x0
[ 2526.908377] ksmbd: DEBUG CREATE name='smb2-testsd/inheritance/testfile' opts=0x1040 disp=0x1
[ 2526.910049] ksmbd: DEBUG dds=0 fp=1 stream=0000000000000000 name=smb2-testsd/inheritance/testfile opts=0x1040
[ 2526.913422] ksmbd: DEBUG CREATE name='smb2-testsd/inheritance/testfile' opts=0x0 disp=0x2
[ 2526.915133] ksmbd: DEBUG dds=0 fp=0 stream=0000000000000000 name=smb2-testsd/inheritance/testfile opts=0x0
[ 2526.943404] ksmbd: DEBUG CREATE name='smb2-testsd/inheritance/testfile' opts=0x1040 disp=0x1
[ 2526.945137] ksmbd: DEBUG dds=0 fp=1 stream=0000000000000000 name=smb2-testsd/inheritance/testfile opts=0x1040
[ 2526.948425] ksmbd: DEBUG CREATE name='smb2-testsd/inheritance/testfile' opts=0x0 disp=0x2
[ 2526.950158] ksmbd: DEBUG dds=0 fp=0 stream=0000000000000000 name=smb2-testsd/inheritance/testfile opts=0x0
[ 2526.974580] ksmbd: DEBUG CREATE name='smb2-testsd/inheritance/testfile' opts=0x1040 disp=0x1
[ 2526.976368] ksmbd: DEBUG dds=0 fp=1 stream=0000000000000000 name=smb2-testsd/inheritance/testfile opts=0x1040
[ 2526.980032] ksmbd: DEBUG CREATE name='smb2-testsd/inheritance/testfile' opts=0x0 disp=0x2
[ 2526.981737] ksmbd: DEBUG dds=0 fp=0 stream=0000000000000000 name=smb2-testsd/inheritance/testfile opts=0x0
[ 2527.007849] ksmbd: DEBUG CREATE name='smb2-testsd/inheritance/testfile' opts=0x1040 disp=0x1
[ 2527.009636] ksmbd: DEBUG dds=0 fp=1 stream=0000000000000000 name=smb2-testsd/inheritance/testfile opts=0x1040
[ 2527.013783] ksmbd: DEBUG CREATE name='smb2-testsd/inheritance/testfile' opts=0x0 disp=0x2
[ 2527.015491] ksmbd: DEBUG dds=0 fp=0 stream=0000000000000000 name=smb2-testsd/inheritance/testfile opts=0x0
[ 2527.044789] ksmbd: DEBUG CREATE name='smb2-testsd/inheritance/testfile' opts=0x1040 disp=0x1
[ 2527.046549] ksmbd: DEBUG dds=0 fp=1 stream=0000000000000000 name=smb2-testsd/inheritance/testfile opts=0x1040
[ 2527.050618] ksmbd: DEBUG CREATE name='smb2-testsd/inheritance/testfile' opts=0x0 disp=0x2
[ 2527.052510] ksmbd: DEBUG dds=0 fp=0 stream=0000000000000000 name=smb2-testsd/inheritance/testfile opts=0x0
[ 2527.078665] ksmbd: DEBUG CREATE name='smb2-testsd/inheritance/testfile' opts=0x1040 disp=0x1
[ 2527.080538] ksmbd: DEBUG dds=0 fp=1 stream=0000000000000000 name=smb2-testsd/inheritance/testfile opts=0x1040
[ 2527.083415] ksmbd: DEBUG CREATE name='smb2-testsd' opts=0x1040 disp=0x1
[ 2527.084725] ksmbd: DEBUG dds=0 fp=1 stream=0000000000000000 name=smb2-testsd opts=0x1040
[ 2527.086655] ksmbd: DEBUG CREATE name='smb2-testsd' opts=0x1 disp=0x1
[ 2527.088082] ksmbd: DEBUG dds=0 fp=1 stream=0000000000000000 name=smb2-testsd opts=0x1
[ 2527.090900] ksmbd: DEBUG CREATE name='smb2-testsd/inheritance' opts=0x1040 disp=0x1
[ 2527.092402] ksmbd: DEBUG dds=0 fp=1 stream=0000000000000000 name=smb2-testsd/inheritance opts=0x1040
