[    0.000000] Linux version 6.18.13-arch1-1 (linux@archlinux) (gcc (GCC) 15.2.1 20260209, GNU ld (GNU Binutils) 2.46) #1 SMP PREEMPT_DYNAMIC Wed, 25 Feb 2026 23:12:35 +0000
[    0.000000] Command line: root=/dev/vda1 rw console=ttyS0,115200 loglevel=7
[    0.000000] BIOS-provided physical RAM map:
[    0.000000] BIOS-e820: [mem 0x0000000000000000-0x000000000009fbff] usable
[    0.000000] BIOS-e820: [mem 0x000000000009fc00-0x000000000009ffff] reserved
[    0.000000] BIOS-e820: [mem 0x00000000000f0000-0x00000000000fffff] reserved
[    0.000000] BIOS-e820: [mem 0x0000000000100000-0x000000007ffdcfff] usable
[    0.000000] BIOS-e820: [mem 0x000000007ffdd000-0x000000007fffffff] reserved
[    0.000000] BIOS-e820: [mem 0x00000000feffc000-0x00000000feffffff] reserved
[    0.000000] BIOS-e820: [mem 0x00000000fffc0000-0x00000000ffffffff] reserved
[    0.000000] NX (Execute Disable) protection: active
[    0.000000] APIC: Static calls initialized
[    0.000000] SMBIOS 2.8 present.
[    0.000000] DMI: QEMU Standard PC (i440FX + PIIX, 1996), BIOS Arch Linux 1.17.0-2-2 04/01/2014
[    0.000000] DMI: Memory slots populated: 1/1
[    0.000000] Hypervisor detected: KVM
[    0.000000] last_pfn = 0x7ffdd max_arch_pfn = 0x400000000
[    0.000000] kvm-clock: Using msrs 4b564d01 and 4b564d00
[    0.000003] kvm-clock: using sched offset of 790214999 cycles
[    0.000005] clocksource: kvm-clock: mask: 0xffffffffffffffff max_cycles: 0x1cd42e4dffb, max_idle_ns: 881590591483 ns
[    0.000009] tsc: Detected 3600.000 MHz processor
[    0.001130] last_pfn = 0x7ffdd max_arch_pfn = 0x400000000
[    0.001168] MTRR map: 4 entries (3 fixed + 1 variable; max 19), built from 8 variable MTRRs
[    0.001172] x86/PAT: Configuration [0-7]: WB  WC  UC- UC  WB  WP  UC- WT  
[    0.011492] found SMP MP-table at [mem 0x000f66b0-0x000f66bf]
[    0.011518] Using GB pages for direct mapping
[    0.011684] RAMDISK: [mem 0x7f508000-0x7ffcffff]
[    0.011778] ACPI: Early table checksum verification disabled
[    0.011783] ACPI: RSDP 0x00000000000F64E0 000014 (v00 BOCHS )
[    0.011789] ACPI: RSDT 0x000000007FFE239C 000034 (v01 BOCHS  BXPC     00000001 BXPC 00000001)
[    0.011796] ACPI: FACP 0x000000007FFE2248 000074 (v01 BOCHS  BXPC     00000001 BXPC 00000001)
[    0.011806] ACPI: DSDT 0x000000007FFE0040 002208 (v01 BOCHS  BXPC     00000001 BXPC 00000001)
[    0.011811] ACPI: FACS 0x000000007FFE0000 000040
[    0.011815] ACPI: APIC 0x000000007FFE22BC 000080 (v03 BOCHS  BXPC     00000001 BXPC 00000001)
[    0.011819] ACPI: HPET 0x000000007FFE233C 000038 (v01 BOCHS  BXPC     00000001 BXPC 00000001)
[    0.011824] ACPI: WAET 0x000000007FFE2374 000028 (v01 BOCHS  BXPC     00000001 BXPC 00000001)
[    0.011827] ACPI: Reserving FACP table memory at [mem 0x7ffe2248-0x7ffe22bb]
[    0.011829] ACPI: Reserving DSDT table memory at [mem 0x7ffe0040-0x7ffe2247]
[    0.011830] ACPI: Reserving FACS table memory at [mem 0x7ffe0000-0x7ffe003f]
[    0.011831] ACPI: Reserving APIC table memory at [mem 0x7ffe22bc-0x7ffe233b]
[    0.011832] ACPI: Reserving HPET table memory at [mem 0x7ffe233c-0x7ffe2373]
[    0.011833] ACPI: Reserving WAET table memory at [mem 0x7ffe2374-0x7ffe239b]
[    0.012356] No NUMA configuration found
[    0.012357] Faking a node at [mem 0x0000000000000000-0x000000007ffdcfff]
[    0.012367] NODE_DATA(0) allocated [mem 0x7f4dd280-0x7f507fff]
[    0.012751] Zone ranges:
[    0.012753]   DMA      [mem 0x0000000000001000-0x0000000000ffffff]
[    0.012755]   DMA32    [mem 0x0000000001000000-0x000000007ffdcfff]
[    0.012757]   Normal   empty
[    0.012758]   Device   empty
[    0.012759] Movable zone start for each node
[    0.012762] Early memory node ranges
[    0.012762]   node   0: [mem 0x0000000000001000-0x000000000009efff]
[    0.012764]   node   0: [mem 0x0000000000100000-0x000000007ffdcfff]
[    0.012766] Initmem setup node 0 [mem 0x0000000000001000-0x000000007ffdcfff]
[    0.012789] On node 0, zone DMA: 1 pages in unavailable ranges
[    0.012978] On node 0, zone DMA: 97 pages in unavailable ranges
[    0.047260] On node 0, zone DMA32: 35 pages in unavailable ranges
[    0.049126] ACPI: PM-Timer IO Port: 0x608
[    0.049147] ACPI: LAPIC_NMI (acpi_id[0xff] dfl dfl lint[0x1])
[    0.049191] IOAPIC[0]: apic_id 0, version 17, address 0xfec00000, GSI 0-23
[    0.049196] ACPI: INT_SRC_OVR (bus 0 bus_irq 0 global_irq 2 dfl dfl)
[    0.049198] ACPI: INT_SRC_OVR (bus 0 bus_irq 5 global_irq 5 high level)
[    0.049199] ACPI: INT_SRC_OVR (bus 0 bus_irq 9 global_irq 9 high level)
[    0.049201] ACPI: INT_SRC_OVR (bus 0 bus_irq 10 global_irq 10 high level)
[    0.049202] ACPI: INT_SRC_OVR (bus 0 bus_irq 11 global_irq 11 high level)
[    0.049207] ACPI: Using ACPI (MADT) for SMP configuration information
[    0.049209] ACPI: HPET id: 0x8086a201 base: 0xfed00000
[    0.049214] TSC deadline timer available
[    0.049221] CPU topo: Max. logical packages:   1
[    0.049222] CPU topo: Max. logical dies:       1
[    0.049222] CPU topo: Max. dies per package:   1
[    0.049229] CPU topo: Max. threads per core:   1
[    0.049229] CPU topo: Num. cores per package:     2
[    0.049230] CPU topo: Num. threads per package:   2
[    0.049231] CPU topo: Allowing 2 present CPUs plus 0 hotplug CPUs
[    0.049252] kvm-guest: APIC: eoi() replaced with kvm_guest_apic_eoi_write()
[    0.049266] kvm-guest: KVM setup pv remote TLB flush
[    0.049270] kvm-guest: setup PV sched yield
[    0.049278] PM: hibernation: Registered nosave memory: [mem 0x00000000-0x00000fff]
[    0.049281] PM: hibernation: Registered nosave memory: [mem 0x0009f000-0x000fffff]
[    0.049282] [mem 0x80000000-0xfeffbfff] available for PCI devices
[    0.049284] Booting paravirtualized kernel on KVM
[    0.049286] clocksource: refined-jiffies: mask: 0xffffffff max_cycles: 0xffffffff, max_idle_ns: 1910969940391419 ns
[    0.059448] setup_percpu: NR_CPUS:8192 nr_cpumask_bits:2 nr_cpu_ids:2 nr_node_ids:1
[    0.061258] percpu: Embedded 62 pages/cpu s217088 r8192 d28672 u1048576
[    0.061318] kvm-guest: PV spinlocks enabled
[    0.061321] PV qspinlock hash table entries: 256 (order: 0, 4096 bytes, linear)
[    0.061324] Kernel command line: root=/dev/vda1 rw console=ttyS0,115200 loglevel=7
[    0.061385] random: crng init done
[    0.061386] printk: log buffer data + meta data: 131072 + 458752 = 589824 bytes
[    0.063169] Dentry cache hash table entries: 262144 (order: 9, 2097152 bytes, linear)
[    0.065118] Inode-cache hash table entries: 131072 (order: 8, 1048576 bytes, linear)
[    0.065221] Fallback order for Node 0: 0 
[    0.065225] Built 1 zonelists, mobility grouping on.  Total pages: 524155
[    0.065226] Policy zone: DMA32
[    0.068177] mem auto-init: stack:all(zero), heap alloc:on, heap free:off
[    0.076793] SLUB: HWalign=64, Order=0-3, MinObjects=0, CPUs=2, Nodes=1
[    0.076818] Kernel/User page tables isolation: enabled
[    0.089153] ftrace: allocating 57060 entries in 224 pages
[    0.089157] ftrace: allocated 224 pages with 3 groups
[    0.089467] Dynamic Preempt: full
[    0.089538] rcu: Preemptible hierarchical RCU implementation.
[    0.089539] rcu: 	RCU restricting CPUs from NR_CPUS=8192 to nr_cpu_ids=2.
[    0.089540] rcu: 	RCU priority boosting: priority 1 delay 500 ms.
[    0.089542] 	Trampoline variant of Tasks RCU enabled.
[    0.089542] 	Rude variant of Tasks RCU enabled.
[    0.089542] 	Tracing variant of Tasks RCU enabled.
[    0.089543] rcu: RCU calculated value of scheduler-enlistment delay is 100 jiffies.
[    0.089544] rcu: Adjusting geometry for rcu_fanout_leaf=16, nr_cpu_ids=2
[    0.089552] RCU Tasks: Setting shift to 1 and lim to 1 rcu_task_cb_adjust=1 rcu_task_cpu_ids=2.
[    0.089554] RCU Tasks Rude: Setting shift to 1 and lim to 1 rcu_task_cb_adjust=1 rcu_task_cpu_ids=2.
[    0.089555] RCU Tasks Trace: Setting shift to 1 and lim to 1 rcu_task_cb_adjust=1 rcu_task_cpu_ids=2.
[    0.101520] NR_IRQS: 524544, nr_irqs: 440, preallocated irqs: 16
[    0.101807] rcu: srcu_init: Setting srcu_struct sizes based on contention.
[    0.102158] kfence: initialized - using 2097152 bytes for 255 objects at 0x(____ptrval____)-0x(____ptrval____)
[    0.130448] Console: colour VGA+ 80x25
[    0.130521] printk: legacy console [ttyS0] enabled
[    0.451532] ACPI: Core revision 20250807
[    0.453997] clocksource: hpet: mask: 0xffffffff max_cycles: 0xffffffff, max_idle_ns: 19112604467 ns
[    0.458209] APIC: Switch to symmetric I/O mode setup
[    0.464084] x2apic enabled
[    0.465679] APIC: Switched APIC routing to: physical x2apic
[    0.468096] kvm-guest: APIC: send_IPI_mask() replaced with kvm_send_ipi_mask()
[    0.471842] kvm-guest: APIC: send_IPI_mask_allbutself() replaced with kvm_send_ipi_mask_allbutself()
[    0.476128] kvm-guest: setup PV IPIs
[    0.479631] ..TIMER: vector=0x30 apic1=0 pin1=2 apic2=-1 pin2=-1
[    0.481750] clocksource: tsc-early: mask: 0xffffffffffffffff max_cycles: 0x33e452fbb2f, max_idle_ns: 440795236593 ns
[    0.486666] Calibrating delay loop (skipped) preset value.. 7200.00 BogoMIPS (lpj=3600000)
[    0.488034] x86/cpu: User Mode Instruction Prevention (UMIP) activated
[    0.489688] Last level iTLB entries: 4KB 0, 2MB 0, 4MB 0
[    0.490669] Last level dTLB entries: 4KB 0, 2MB 0, 4MB 0, 1GB 0
[    0.491687] mitigations: Enabled attack vectors: user_kernel, user_user, guest_host, guest_guest, SMT mitigations: auto
[    0.493667] Speculative Store Bypass: Mitigation: Speculative Store Bypass disabled via prctl
[    0.494670] SRBDS: Unknown: Dependent on hypervisor status
[    0.495670] Spectre V2 : Mitigation: IBRS
[    0.497666] RETBleed: Mitigation: IBRS
[    0.498668] MDS: Mitigation: Clear CPU buffers
[    0.499661] TAA: Mitigation: Clear CPU buffers
[    0.499669] MMIO Stale Data: Mitigation: Clear CPU buffers
[    0.500667] Spectre V1 : Mitigation: usercopy/swapgs barriers and __user pointer sanitization
[    0.501672] Spectre V2 : Spectre v2 / SpectreRSB: Filling RSB on context switch and VMEXIT
[    0.502673] Spectre V2 : mitigation: Enabling conditional Indirect Branch Prediction Barrier
[    0.503679] GDS: Unknown: Dependent on hypervisor status
[    0.504667] Spectre V2 : Spectre BHI mitigation: SW BHB clearing on syscall and VM exit
[    0.505690] x86/fpu: Supporting XSAVE feature 0x001: 'x87 floating point registers'
[    0.506669] x86/fpu: Supporting XSAVE feature 0x002: 'SSE registers'
[    0.507671] x86/fpu: Supporting XSAVE feature 0x004: 'AVX registers'
[    0.508670] x86/fpu: Supporting XSAVE feature 0x008: 'MPX bounds registers'
[    0.509670] x86/fpu: Supporting XSAVE feature 0x010: 'MPX CSR'
[    0.510671] x86/fpu: xstate_offset[2]:  576, xstate_sizes[2]:  256
[    0.511668] x86/fpu: xstate_offset[3]:  832, xstate_sizes[3]:   64
[    0.512669] x86/fpu: xstate_offset[4]:  896, xstate_sizes[4]:   64
[    0.513672] x86/fpu: Enabled xstate features 0x1f, context size is 960 bytes, using 'compacted' format.
[    0.565661] Freeing SMP alternatives memory: 56K
[    0.565670] pid_max: default: 32768 minimum: 301
[    0.566732] LSM: initializing lsm=capability,landlock,lockdown,yama,bpf
[    0.568687] landlock: Up and running.
[    0.569672] Yama: becoming mindful.
[    0.570661] LSM support for eBPF active
[    0.570733] Mount-cache hash table entries: 4096 (order: 3, 32768 bytes, linear)
[    0.571752] Mountpoint-cache hash table entries: 4096 (order: 3, 32768 bytes, linear)
[    0.574160] smpboot: CPU0: Intel(R) Core(TM) i7-7700 CPU @ 3.60GHz (family: 0x6, model: 0x9e, stepping: 0x9)
[    0.575763] Performance Events: Skylake events, full-width counters, Intel PMU driver.
[    0.576753] ... version:                   2
[    0.577667] ... bit width:                 48
[    0.578671] ... generic counters:          4
[    0.579671] ... generic bitmap:            000000000000000f
[    0.580672] ... fixed-purpose counters:    3
[    0.581671] ... fixed-purpose bitmap:      0000000000000007
[    0.582669] ... value mask:                0000ffffffffffff
[    0.583672] ... max period:                00007fffffffffff
[    0.584670] ... global_ctrl mask:          000000070000000f
[    0.585965] signal: max sigframe size: 2032
[    0.586770] rcu: Hierarchical SRCU implementation.
[    0.587668] rcu: 	Max phase no-delay instances is 400.
[    0.589066] Timer migration: 1 hierarchy levels; 8 children per group; 1 crossnode level
[    0.590424] smp: Bringing up secondary CPUs ...
[    0.591133] smpboot: x86: Booting SMP configuration:
[    0.591690] .... node  #0, CPUs:      #1
[    0.596748] smp: Brought up 1 node, 2 CPUs
[    0.598683] smpboot: Total of 2 processors activated (14400.00 BogoMIPS)
[    0.601786] Memory: 1985448K/2096620K available (20319K kernel code, 2939K rwdata, 16368K rodata, 4736K init, 4772K bss, 105896K reserved, 0K cma-reserved)
[    0.605675] devtmpfs: initialized
[    0.606744] x86/mm: Memory block size: 128MB
[    0.610717] clocksource: jiffies: mask: 0xffffffff max_cycles: 0xffffffff, max_idle_ns: 1911260446275000 ns
[    0.613775] posixtimers hash table entries: 1024 (order: 2, 16384 bytes, linear)
[    0.616715] futex hash table entries: 512 (32768 bytes on 1 NUMA nodes, total 32 KiB, linear).
[    0.619896] pinctrl core: initialized pinctrl subsystem
[    0.620965] PM: RTC time: 11:05:43, date: 2026-03-04
[    0.628755] NET: Registered PF_NETLINK/PF_ROUTE protocol family
[    0.631644] DMA: preallocated 256 KiB GFP_KERNEL pool for atomic allocations
[    0.635707] DMA: preallocated 256 KiB GFP_KERNEL|GFP_DMA pool for atomic allocations
[    0.639926] DMA: preallocated 256 KiB GFP_KERNEL|GFP_DMA32 pool for atomic allocations
[    0.642686] audit: initializing netlink subsys (disabled)
[    0.645711] thermal_sys: Registered thermal governor 'fair_share'
[    0.645714] thermal_sys: Registered thermal governor 'bang_bang'
[    0.645717] audit: type=2000 audit(1772622343.547:1): state=initialized audit_enabled=0 res=1
[    0.646671] thermal_sys: Registered thermal governor 'step_wise'
[    0.646674] thermal_sys: Registered thermal governor 'user_space'
[    0.646676] thermal_sys: Registered thermal governor 'power_allocator'
[    0.655669] cpuidle: using governor ladder
[    0.659661] cpuidle: using governor menu
[    0.661854] acpiphp: ACPI Hot Plug PCI Controller Driver version: 0.5
[    0.666967] PCI: Using configuration type 1 for base access
[    0.671452] kprobes: kprobe jump-optimization is enabled. All kprobes are optimized if possible.
[    0.678668] HugeTLB: registered 1.00 GiB page size, pre-allocated 0 pages
[    0.681671] HugeTLB: 16380 KiB vmemmap can be freed for a 1.00 GiB page
[    0.685672] HugeTLB: registered 2.00 MiB page size, pre-allocated 0 pages
[    0.690669] HugeTLB: 28 KiB vmemmap can be freed for a 2.00 MiB page
[    0.728191] raid6: skipped pq benchmark and selected avx2x4
[    0.731671] raid6: using avx2x2 recovery algorithm
[    0.735867] ACPI: Added _OSI(Module Device)
[    0.737672] ACPI: Added _OSI(Processor Device)
[    0.739671] ACPI: Added _OSI(Processor Aggregator Device)
[    0.746799] ACPI: 1 ACPI AML tables successfully acquired and loaded
[    0.756021] ACPI: Interpreter enabled
[    0.756688] ACPI: PM: (supports S0 S3 S4 S5)
[    0.757671] ACPI: Using IOAPIC for interrupt routing
[    0.758883] PCI: Using host bridge windows from ACPI; if necessary, use "pci=nocrs" and report a bug
[    0.759677] PCI: Using E820 reservations for host bridge windows
[    0.760864] ACPI: Enabled 2 GPEs in block 00 to 0F
[    0.766953] ACPI: PCI Root Bridge [PCI0] (domain 0000 [bus 00-ff])
[    0.767683] acpi PNP0A03:00: _OSC: OS supports [ASPM ClockPM Segments MSI EDR HPX-Type3]
[    0.768683] acpi PNP0A03:00: _OSC: not requesting OS control; OS requires [ExtendedConfig ASPM ClockPM MSI]
[    0.769695] acpi PNP0A03:00: fail to add MMCONFIG information, can't access extended configuration space under this bridge
[    0.771212] acpiphp: Slot [3] registered
[    0.771715] acpiphp: Slot [4] registered
[    0.772711] acpiphp: Slot [5] registered
[    0.773740] acpiphp: Slot [6] registered
[    0.774822] acpiphp: Slot [7] registered
[    0.775709] acpiphp: Slot [8] registered
[    0.776761] acpiphp: Slot [9] registered
[    0.777707] acpiphp: Slot [10] registered
[    0.778713] acpiphp: Slot [11] registered
[    0.779743] acpiphp: Slot [12] registered
[    0.780661] acpiphp: Slot [13] registered
[    0.781756] acpiphp: Slot [14] registered
[    0.783733] acpiphp: Slot [15] registered
[    0.784708] acpiphp: Slot [16] registered
[    0.786715] acpiphp: Slot [17] registered
[    0.787761] acpiphp: Slot [18] registered
[    0.789720] acpiphp: Slot [19] registered
[    0.790711] acpiphp: Slot [20] registered
[    0.791705] acpiphp: Slot [21] registered
[    0.793710] acpiphp: Slot [22] registered
[    0.794707] acpiphp: Slot [23] registered
[    0.796744] acpiphp: Slot [24] registered
[    0.797711] acpiphp: Slot [25] registered
[    0.799715] acpiphp: Slot [26] registered
[    0.800712] acpiphp: Slot [27] registered
[    0.802732] acpiphp: Slot [28] registered
[    0.803713] acpiphp: Slot [29] registered
[    0.804706] acpiphp: Slot [30] registered
[    0.806708] acpiphp: Slot [31] registered
[    0.807712] PCI host bridge to bus 0000:00
[    0.809684] pci_bus 0000:00: root bus resource [io  0x0000-0x0cf7 window]
[    0.811708] pci_bus 0000:00: root bus resource [io  0x0d00-0xffff window]
[    0.813675] pci_bus 0000:00: root bus resource [mem 0x000a0000-0x000bffff window]
[    0.815674] pci_bus 0000:00: root bus resource [mem 0x80000000-0xfebfffff window]
[    0.817674] pci_bus 0000:00: root bus resource [mem 0x100000000-0x17fffffff window]
[    0.819694] pci_bus 0000:00: root bus resource [bus 00-ff]
[    0.821762] pci 0000:00:00.0: [8086:1237] type 00 class 0x060000 conventional PCI endpoint
[    0.825910] pci 0000:00:01.0: [8086:7000] type 00 class 0x060100 conventional PCI endpoint
[    0.829936] pci 0000:00:01.1: [8086:7010] type 00 class 0x010180 conventional PCI endpoint
[    0.834228] pci 0000:00:01.1: BAR 4 [io  0xc0e0-0xc0ef]
[    0.836749] pci 0000:00:01.1: BAR 0 [io  0x01f0-0x01f7]: legacy IDE quirk
[    0.838673] pci 0000:00:01.1: BAR 1 [io  0x03f6]: legacy IDE quirk
[    0.840675] pci 0000:00:01.1: BAR 2 [io  0x0170-0x0177]: legacy IDE quirk
[    0.843673] pci 0000:00:01.1: BAR 3 [io  0x0376]: legacy IDE quirk
[    0.846211] pci 0000:00:01.3: [8086:7113] type 00 class 0x068000 conventional PCI endpoint
[    0.849485] pci 0000:00:01.3: quirk: [io  0x0600-0x063f] claimed by PIIX4 ACPI
[    0.851728] pci 0000:00:01.3: quirk: [io  0x0700-0x070f] claimed by PIIX4 SMB
[    0.855262] pci 0000:00:02.0: [1234:1111] type 00 class 0x030000 conventional PCI endpoint
[    0.867762] pci 0000:00:02.0: BAR 0 [mem 0xfd000000-0xfdffffff pref]
[    0.868748] pci 0000:00:02.0: BAR 2 [mem 0xfebd0000-0xfebd0fff]
[    0.869738] pci 0000:00:02.0: ROM [mem 0xfebc0000-0xfebcffff pref]
[    0.874006] pci 0000:00:02.0: Video device with shadowed ROM at [mem 0x000c0000-0x000dffff]
[    0.875858] pci 0000:00:03.0: [1af4:1009] type 00 class 0x000200 conventional PCI endpoint
[    0.881703] pci 0000:00:03.0: BAR 0 [io  0xc080-0xc0bf]
[    0.884693] pci 0000:00:03.0: BAR 1 [mem 0xfebd1000-0xfebd1fff]
[    0.887796] pci 0000:00:03.0: BAR 4 [mem 0xfe000000-0xfe003fff 64bit pref]
[    0.899886] pci 0000:00:04.0: [1af4:1000] type 00 class 0x020000 conventional PCI endpoint
[    0.907695] pci 0000:00:04.0: BAR 0 [io  0xc0c0-0xc0df]
[    0.911695] pci 0000:00:04.0: BAR 1 [mem 0xfebd2000-0xfebd2fff]
[    0.914746] pci 0000:00:04.0: BAR 4 [mem 0xfe004000-0xfe007fff 64bit pref]
[    0.918698] pci 0000:00:04.0: ROM [mem 0xfeb80000-0xfebbffff pref]
[    0.926749] pci 0000:00:05.0: [1af4:1001] type 00 class 0x010000 conventional PCI endpoint
[    0.956695] pci 0000:00:05.0: BAR 0 [io  0xc000-0xc07f]
[    0.960697] pci 0000:00:05.0: BAR 1 [mem 0xfebd3000-0xfebd3fff]
[    0.963735] pci 0000:00:05.0: BAR 4 [mem 0xfe008000-0xfe00bfff 64bit pref]
[    0.980661] ACPI: PCI: Interrupt link LNKA configured for IRQ 10
[    0.980948] ACPI: PCI: Interrupt link LNKB configured for IRQ 10
[    0.983978] ACPI: PCI: Interrupt link LNKC configured for IRQ 11
[    0.985891] ACPI: PCI: Interrupt link LNKD configured for IRQ 11
[    0.986809] ACPI: PCI: Interrupt link LNKS configured for IRQ 9
[    0.990709] iommu: Default domain type: Translated
[    0.990709] iommu: DMA domain TLB invalidation policy: lazy mode
[    0.992181] SCSI subsystem initialized
[    0.993887] ACPI: bus type USB registered
[    0.994661] usbcore: registered new interface driver usbfs
[    0.995706] usbcore: registered new interface driver hub
[    0.997699] usbcore: registered new device driver usb
[    0.999803] EDAC MC: Ver: 3.0.0
[    1.002467] NetLabel: Initializing
[    1.003668] NetLabel:  domain hash size = 128
[    1.004669] NetLabel:  protocols = UNLABELED CIPSOv4 CALIPSO
[    1.007054] NetLabel:  unlabeled traffic allowed by default
[    1.010695] mctp: management component transport protocol core
[    1.012682] NET: Registered PF_MCTP protocol family
[    1.014718] PCI: Using ACPI for IRQ routing
[    1.017706] pci 0000:00:02.0: vgaarb: setting as boot VGA device
[    1.018661] pci 0000:00:02.0: vgaarb: bridge control possible
[    1.018661] pci 0000:00:02.0: vgaarb: VGA device added: decodes=io+mem,owns=io+mem,locks=none
[    1.023673] vgaarb: loaded
[    1.024911] hpet0: at MMIO 0xfed00000, IRQs 2, 8, 0
[    1.025668] hpet0: 3 comparators, 64-bit 100.000000 MHz counter
[    1.029664] clocksource: Switched to clocksource kvm-clock
[    1.037120] VFS: Disk quotas dquot_6.6.0
[    1.038554] VFS: Dquot-cache hash table entries: 512 (order 0, 4096 bytes)
[    1.041596] pnp: PnP ACPI init
[    1.043061] pnp: PnP ACPI: found 6 devices
[    1.054389] clocksource: acpi_pm: mask: 0xffffff max_cycles: 0xffffff, max_idle_ns: 2085701024 ns
[    1.057134] NET: Registered PF_INET protocol family
[    1.058916] IP idents hash table entries: 32768 (order: 6, 262144 bytes, linear)
[    1.097761] tcp_listen_portaddr_hash hash table entries: 1024 (order: 2, 16384 bytes, linear)
[    1.101529] Table-perturb hash table entries: 65536 (order: 6, 262144 bytes, linear)
[    1.104122] TCP established hash table entries: 16384 (order: 5, 131072 bytes, linear)
[    1.107076] TCP bind hash table entries: 16384 (order: 7, 524288 bytes, linear)
[    1.109538] TCP: Hash tables configured (established 16384 bind 16384)
[    1.112899] MPTCP token hash table entries: 2048 (order: 4, 49152 bytes, linear)
[    1.118477] UDP hash table entries: 1024 (order: 4, 65536 bytes, linear)
[    1.122616] UDP-Lite hash table entries: 1024 (order: 4, 65536 bytes, linear)
[    1.126283] NET: Registered PF_UNIX/PF_LOCAL protocol family
[    1.131325] NET: Registered PF_XDP protocol family
[    1.134524] pci_bus 0000:00: resource 4 [io  0x0000-0x0cf7 window]
[    1.139370] pci_bus 0000:00: resource 5 [io  0x0d00-0xffff window]
[    1.143118] pci_bus 0000:00: resource 6 [mem 0x000a0000-0x000bffff window]
[    1.148485] pci_bus 0000:00: resource 7 [mem 0x80000000-0xfebfffff window]
[    1.152861] pci_bus 0000:00: resource 8 [mem 0x100000000-0x17fffffff window]
[    1.158572] pci 0000:00:01.0: PIIX3: Enabling Passive Release
[    1.162549] pci 0000:00:00.0: Limiting direct PCI/PCI transfers
[    1.167950] PCI: CLS 0 bytes, default 64
[    1.169600] clocksource: tsc: mask: 0xffffffffffffffff max_cycles: 0x33e452fbb2f, max_idle_ns: 440795236593 ns
[    1.172472] Trying to unpack rootfs image as initramfs...
[    1.259611] Initialise system trusted keyrings
[    1.261081] Key type blacklist registered
[    1.266198] workingset: timestamp_bits=36 max_order=19 bucket_order=0
[    1.272677] fuse: init (API version 7.45)
[    1.274288] integrity: Platform Keyring initialized
[    1.275761] integrity: Machine keyring initialized
[    1.312944] xor: automatically using best checksumming function   avx       
[    1.318718] Key type asymmetric registered
[    1.319937] Asymmetric key parser 'x509' registered
[    1.323964] Block layer SCSI generic (bsg) driver version 0.4 loaded (major 245)
[    1.330124] io scheduler mq-deadline registered
[    1.331509] io scheduler kyber registered
[    1.332737] io scheduler bfq registered
[    1.343876] ledtrig-cpu: registered to indicate activity on CPUs
[    1.345981] input: Power Button as /devices/LNXSYSTM:00/LNXPWRBN:00/input/input0
[    1.361932] ACPI: button: Power Button [PWRF]
[    1.372304] ACPI: \_SB_.LNKC: Enabled at IRQ 11
[    1.382901] ACPI: \_SB_.LNKD: Enabled at IRQ 10
[    1.392237] ACPI: \_SB_.LNKA: Enabled at IRQ 10
[    1.400458] Freeing initrd memory: 11040K
[    1.411210] Serial: 8250/16550 driver, 32 ports, IRQ sharing enabled
[    1.415762] 00:04: ttyS0 at I/O 0x3f8 (irq = 4, base_baud = 115200) is a 16550A
[    1.422132] Non-volatile memory driver v1.3
[    1.423538] Linux agpgart interface v0.103
[    1.424878] ACPI: bus type drm_connector registered
[    1.427300] virtio_blk virtio2: 2/0/0 default/read/poll queues
[    1.431004] virtio_blk virtio2: [vda] 25165824 512-byte logical blocks (12.9 GB/12.0 GiB)
[    1.441978]  vda: vda1
[    1.443520] usbcore: registered new interface driver usbserial_generic
[    1.445559] usbserial: USB Serial support registered for generic
[    1.447652] i8042: PNP: PS/2 Controller [PNP0303:KBD,PNP0f13:MOU] at 0x60,0x64 irq 1,12
[    1.452163] serio: i8042 KBD port at 0x60,0x64 irq 1
[    1.453794] serio: i8042 AUX port at 0x60,0x64 irq 12
[    1.455869] rtc_cmos 00:05: RTC can wake from S4
[    1.458213] rtc_cmos 00:05: registered as rtc0
[    1.462513] rtc_cmos 00:05: setting system clock to 2026-03-04T11:05:44 UTC (1772622344)
[    1.468917] rtc_cmos 00:05: alarms up to one day, y3k, 242 bytes nvram, hpet irqs
[    1.472387] intel_pstate: CPU model not supported
[    1.474244] hid: raw HID events driver (C) Jiri Kosina
[    1.476940] input: AT Translated Set 2 keyboard as /devices/platform/i8042/serio0/input/input1
[    1.481204] usbcore: registered new interface driver usbhid
[    1.481207] usbhid: USB HID core driver
[    1.481254] rust_binder: Loaded Rust Binder.
[    1.481288] drop_monitor: Initializing network drop monitor service
[    1.481430] NET: Registered PF_INET6 protocol family
[    1.491062] Segment Routing with IPv6
[    1.492193] RPL Segment Routing with IPv6
[    1.494289] In-situ OAM (IOAM) with IPv6
[    1.495733] NET: Registered PF_PACKET protocol family
[    1.497823] IPI shorthand broadcast: enabled
[    1.502649] sched_clock: Marking stable (1125007267, 376846430)->(1712533994, -210680297)
[    1.505706] registered taskstats version 1
[    1.507752] Loading compiled-in X.509 certificates
[    1.519951] Loaded X.509 cert 'Build time autogenerated kernel key: 4f282eb87851fdb04b530c5e67453df628afff93'
[    1.529069] zswap: loaded using pool zstd
[    1.530641] Demotion targets for Node 0: null
[    1.532571] Key type .fscrypt registered
[    1.533922] Key type fscrypt-provisioning registered
[    1.536104] Btrfs loaded, zoned=yes, fsverity=yes
[    1.537822] Key type big_key registered
[    1.539840] PM:   Magic number: 2:958:73
[    1.543141] RAS: Correctable Errors collector initialized.
[    1.554286] clk: Disabling unused clocks
[    1.555620] PM: genpd: Disabling unused power domains
[    1.560907] Freeing unused decrypted memory: 2028K
[    1.564842] Freeing unused kernel image (initmem) memory: 4736K
[    1.566549] Write protecting the kernel read-only data: 36864k
[    1.568397] Freeing unused kernel image (text/rodata gap) memory: 160K
[    1.570147] Freeing unused kernel image (rodata/data gap) memory: 16K
[    1.623008] x86/mm: Checked W+X mappings: passed, no W+X pages found.
[    1.624546] rodata_test: all tests were successful
[    1.625796] x86/mm: Checking user space page tables
[    1.675544] x86/mm: Checked W+X mappings: passed, no W+X pages found.
[    1.677147] Run /init as init process
P+q6E616D65\[    2.035558] systemd[1]: Successfully made /usr/ read-only.
[6n[32766;32766H[6n[!p]104\[0m[?7h[1G[0J[    2.374758] systemd[1]: systemd 259.2-1-arch running in system mode (+PAM +AUDIT -SELINUX +APPARMOR -IMA +IPE +SMACK +SECCOMP +GCRYPT +GNUTLS +OPENSSL +ACL +BLKID +CURL +ELFUTILS +FIDO2 +IDN2 -IDN +KMOD +LIBCRYPTSETUP +LIBCRYPTSETUP_PLUGINS +LIBFDISK +PCRE2 +PWQUALITY +P11KIT +QRENCODE +TPM2 +BZIP2 +LZ4 +XZ +ZLIB +ZSTD +BPF_FRAMEWORK +BTF +XKBCOMMON +UTMP -SYSVINIT +LIBARCHIVE)
[    2.391192] systemd[1]: Detected virtualization kvm.
[    2.395075] systemd[1]: Detected architecture x86-64.
[    2.398239] systemd[1]: Running in initrd.
[0;1;39mBooting initrd of [0m[38;2;23;147;209mArch Linux[0m[0;1;39m.[0m
[    2.406045] systemd[1]: Initializing machine ID from random generator.
]3008;start=841506396fa34da6a4a5ea32bb999f0a;user=root;hostname=archlinux;machineid=fc53bea72ad443979cb4d614789f9443;bootid=f5ab82c94c854b6dbafb8be4ef01462e;pid=1;pidfdid=2;comm=systemd;type=boot\[    2.543930] systemd[1]: Queued start job for default target Initrd Default Target.
[    2.654606] systemd[1]: Expecting device /dev/vda1...
         Expecting device [0;1;39m/dev/vda1[0m...
[    2.658204] systemd[1]: Reached target Path Units.
[[0;32m  OK  [0m] Reached target [0;1;39mPath Units[0m.
[    2.661610] systemd[1]: Reached target Slice Units.
[[0;32m  OK  [0m] Reached target [0;1;39mSlice Units[0m.
[    2.664376] systemd[1]: Reached target Swaps.
[[0;32m  OK  [0m] Reached target [0;1;39mSwaps[0m.
[    2.666726] systemd[1]: Reached target Timer Units.
[[0;32m  OK  [0m] Reached target [0;1;39mTimer Units[0m.
[    2.669546] systemd[1]: Listening on Journal Socket (/dev/log).
[[0;32m  OK  [0m] Listening on [0;1;39mJournal Socket (/dev/log)[0m.
[    2.672897] systemd[1]: Listening on Journal Sockets.
[[0;32m  OK  [0m] Listening on [0;1;39mJournal Sockets[0m.
[    2.676587] systemd[1]: Listening on udev Control Socket.
[[0;32m  OK  [0m] Listening on [0;1;39mudev Control Socket[0m.
[    2.679649] systemd[1]: Listening on udev Kernel Socket.
[[0;32m  OK  [0m] Listening on [0;1;39mudev Kernel Socket[0m.
[    2.683307] systemd[1]: Reached target Socket Units.
[[0;32m  OK  [0m] Reached target [0;1;39mSocket Units[0m.
[    2.686284] systemd[1]: Create List of Static Device Nodes skipped, unmet condition check ConditionFileNotEmpty=/lib/modules/6.18.13-arch1-1/modules.devname
[    2.689507] systemd[1]: Early Battery Level Check skipped, unmet condition check ConditionDirectoryNotEmpty=/sys/class/power_supply
[    2.692236] systemd[1]: Display Boot-Time Emergency Messages In Full Screen skipped, unmet condition check ConditionVirtualization=no
[    2.706195] systemd[1]: Starting Journal Service...
         Starting [0;1;39mJournal Service[0m...
[    2.717969] systemd[1]: Starting Load Kernel Modules...
         Starting [0;1;39mLoad Kernel Modules[0m...
[    2.723950] systemd[1]: TPM PCR Barrier (initrd) skipped, unmet condition check ConditionSecurity=measured-uki
[    2.743780] systemd[1]: Starting Create Static Device Nodes in /dev...
         Starting [0;1;39mCreate Static Device Nodes in /dev[0m...
[    2.781608] systemd[1]: Starting Coldplug All udev Devices...
[    2.801345] systemd-journald[105]: Collecting audit messages is disabled.
         Starting [0;1;39mColdplug All udev Devices[0m...
[    2.856182] systemd[1]: Finished Create Static Device Nodes in /dev.
[[0;32m  OK  [0m] Finished [0;1;39mCreate Static Device Nodes in /dev[0m.
[    2.875759] systemd[1]: Started Journal Service.
[[0;32m  OK  [0m] Started [0;1;39mJournal Service[0m.
[[0;32m  OK  [0m] Reached target [0;1;39mPreparation for Local File Systems[0m.
[[0;32m  OK  [0m] Reached target [0;1;39mLocal File Systems[0m.
         Starting [0;1;39mCreate System Files and Directories[0m...
         Starting [0;1;39mRule-based Manager for Device Events and Files[0m...
[    2.971571] netfs: FS-Cache loaded
[[0;32m  OK  [0m] Finished [0;1;39mCreate System Files and Directories[0m.
[[0;32m  OK  [0m] Started [0;1;39mRule-based Manager for Device Events and Files[0m.
[    3.011792] 9pnet: Installing 9P2000 support
[    3.035314] 9p: Installing v9fs 9p2000 file system support
[[0;32m  OK  [0m] Finished [0;1;39mLoad Kernel Modules[0m.
[[0;32m  OK  [0m] Finished [0;1;39mColdplug All udev Devices[0m.
[[0;32m  OK  [0m] Reached target [0;1;39mSystem Initialization[0m.
[[0;32m  OK  [0m] Reached target [0;1;39mBasic System[0m.
[[0;32m  OK  [0m] Found device [0;1;39m/dev/vda1[0m.
[[0;32m  OK  [0m] Reached target [0;1;39mInitrd Root Device[0m.
         Starting [0;1;39mFile System Check on /dev/vda1[0m...
[    3.475300] bochs-drm 0000:00:02.0: vgaarb: deactivate vga console
[    3.490383] scsi host0: ata_piix
[    3.490949] scsi host1: ata_piix
[    3.497102] ata1: PATA max MWDMA2 cmd 0x1f0 ctl 0x3f6 bmdma 0xc0e0 irq 14 lpm-pol 0
[    3.497106] ata2: PATA max MWDMA2 cmd 0x170 ctl 0x376 bmdma 0xc0e8 irq 15 lpm-pol 0
[    3.501097] Console: switching to colour dummy device 80x25
[    3.518065] [drm] Found bochs VGA, ID 0xb0c5.
[    3.521189] [drm] Framebuffer size 16384 kB @ 0xfd000000, mmio @ 0xfebd0000.
[    3.526048] bochs-drm 0000:00:02.0: [drm] Registered 1 planes with drm panic
[    3.536876] [drm] Initialized bochs-drm 1.0.0 for 0000:00:02.0 on minor 0
[    3.544748] Floppy drive(s): fd0 is 2.88M AMI BIOS
         Starting [0;1;39mVirtual Console Setup[0m...
[    3.566313] FDC 0 is a S82078B
[[0;32m  OK  [0m] Stopped [0;1;39mVirtual Console Setup[0m.
[    3.574937] fbcon: bochs-drmdrmfb (fb0) is primary device
[    3.599536] Console: switching to colour frame buffer device 160x50
[    3.608963] bochs-drm 0000:00:02.0: [drm] fb0: bochs-drmdrmfb frame buffer device
         Starting [0;1;39mVirtual Console Setup[0m...
[[0;32m  OK  [0m] Stopped [0;1;39mVirtual Console Setup[0m.
         Starting [0;1;39mVirtual Console Setup[0m...
[    3.655460] ata2: found unknown device (class 0)
[    3.657120] ata2.00: ATAPI: QEMU DVD-ROM, 2.5+, max UDMA/100
[[0;32m  OK  [0m] Finished [0;1;39mFile System Check on /dev/vda1[0m.
[    3.671029] scsi 1:0:0:0: CD-ROM            QEMU     QEMU DVD-ROM     2.5+ PQ: 0 ANSI: 5
[[0;32m  OK  [0m] Finished [0;1;39mVirtual Console Setup[0m.
[    3.744517] sr 1:0:0:0: [sr0] scsi3-mmc drive: 4x/4x cd/rw xa/form2 tray
[    3.745825] cdrom: Uniform CD-ROM driver Revision: 3.20
         Mounting [0;1;39m/sysroot[0m...
[    3.921126] EXT4-fs (vda1): mounted filesystem ddfae1cc-629e-47f4-9008-261996ba3811 r/w with ordered data mode. Quota mode: none.
[[0;32m  OK  [0m] Mounted [0;1;39m/sysroot[0m.
[[0;32m  OK  [0m] Reached target [0;1;39mInitrd Root File System[0m.
         Starting [0;1;39mMountpoints Configured in the Real Root[0m...
[[0;32m  OK  [0m] Finished [0;1;39mMountpoints Configured in the Real Root[0m.
[[0;32m  OK  [0m] Reached target [0;1;39mInitrd File Systems[0m.
[[0;32m  OK  [0m] Reached target [0;1;39mInitrd Default Target[0m.
         Starting [0;1;39mCleaning Up and Shutting Down Daemons[0m...
[[0;32m  OK  [0m] Stopped target [0;1;39mInitrd Default Target[0m.
[[0;32m  OK  [0m] Stopped target [0;1;39mBasic System[0m.
[[0;32m  OK  [0m] Stopped target [0;1;39mInitrd Root Device[0m.
[[0;32m  OK  [0m] Stopped target [0;1;39mPath Units[0m.
[[0;32m  OK  [0m] Stopped target [0;1;39mSlice Units[0m.
[[0;32m  OK  [0m] Stopped target [0;1;39mSocket Units[0m.
[[0;32m  OK  [0m] Stopped target [0;1;39mSystem Initialization[0m.
[[0;32m  OK  [0m] Stopped target [0;1;39mSwaps[0m.
[[0;32m  OK  [0m] Stopped target [0;1;39mTimer Units[0m.
[[0;32m  OK  [0m] Stopped [0;1;39mLoad Kernel Modules[0m.
[[0;32m  OK  [0m] Stopped [0;1;39mCreate System Files and Directories[0m.
[[0;32m  OK  [0m] Stopped target [0;1;39mLocal File Systems[0m.
[[0;32m  OK  [0m] Stopped target [0;1;39mPreparation for Local File Systems[0m.
[[0;32m  OK  [0m] Stopped [0;1;39mColdplug All udev Devices[0m.
         Stopping [0;1;39mRule-based Manager for Device Events and Files[0m...
[[0;32m  OK  [0m] Stopped [0;1;39mVirtual Console Setup[0m.
[[0;32m  OK  [0m] Stopped [0;1;39mRule-based Manager for Device Events and Files[0m.
[[0;32m  OK  [0m] Closed [0;1;39mudev Control Socket[0m.
         Starting [0;1;39mCleanup udev Database[0m...
[[0;32m  OK  [0m] Stopped [0;1;39mCreate Static Device Nodes in /dev[0m.
[[0;32m  OK  [0m] Finished [0;1;39mCleaning Up and Shutting Down Daemons[0m.
[[0;32m  OK  [0m] Finished [0;1;39mCleanup udev Database[0m.
[[0;32m  OK  [0m] Reached target [0;1;39mSwitch Root[0m.
         Starting [0;1;39mSwitch Root[0m...
[    4.399647] systemd-journald[105]: Received SIGTERM from PID 1 (systemd).
P+q6E616D65\[    4.821216] NET: Registered PF_VSOCK protocol family
[6n[32766;32766H[6n[!p]104\[0m[?7h[1G[0J[    5.179573] systemd[1]: systemd 259.2-1-arch running in system mode (+PAM +AUDIT -SELINUX +APPARMOR -IMA +IPE +SMACK +SECCOMP +GCRYPT +GNUTLS +OPENSSL +ACL +BLKID +CURL +ELFUTILS +FIDO2 +IDN2 -IDN +KMOD +LIBCRYPTSETUP +LIBCRYPTSETUP_PLUGINS +LIBFDISK +PCRE2 +PWQUALITY +P11KIT +QRENCODE +TPM2 +BZIP2 +LZ4 +XZ +ZLIB +ZSTD +BPF_FRAMEWORK +BTF +XKBCOMMON +UTMP -SYSVINIT +LIBARCHIVE)
[    5.187148] systemd[1]: Detected virtualization kvm.
[    5.188379] systemd[1]: Detected architecture x86-64.

[0;1;39mWelcome to [0m[38;2;23;147;209mArch Linux[0m[0;1;39m![0m

[    5.196944] systemd[1]: Hostname set to <ksmbd-vm>.
]3008;start=8e0041e00b024be4987febc09597a5cc;user=root;hostname=ksmbd-vm;machineid=0ab76daf18ce42b0b036a81eb53bdd79;bootid=f5ab82c94c854b6dbafb8be4ef01462e;pid=1;pidfdid=2;comm=systemd;type=boot\[    5.388238] systemd[1]: bpf-restrict-fs: LSM BPF program attached
[    5.772249] systemd[1]: initrd-switch-root.service: Deactivated successfully.
[    5.776599] systemd[1]: Stopped Switch Root.
[[0;32m  OK  [0m] Stopped [0;1;39mSwitch Root[0m.
[    5.780489] systemd[1]: systemd-journald.service: Scheduled restart job, restart counter is at 1.
[    5.788445] systemd[1]: Created slice Slice /system/dirmngr.
[[0;32m  OK  [0m] Created slice [0;1;39mSlice /system/dirmngr[0m.
[    5.791787] systemd[1]: Created slice Slice /system/getty.
[[0;32m  OK  [0m] Created slice [0;1;39mSlice /system/getty[0m.
[    5.795949] systemd[1]: Created slice Slice /system/gpg-agent.
[[0;32m  OK  [0m] Created slice [0;1;39mSlice /system/gpg-agent[0m.
[    5.800466] systemd[1]: Created slice Slice /system/gpg-agent-browser.
[[0;32m  OK  [0m] Created slice [0;1;39mSlice /system/gpg-agent-browser[0m.
[    5.804407] systemd[1]: Created slice Slice /system/gpg-agent-extra.
[[0;32m  OK  [0m] Created slice [0;1;39mSlice /system/gpg-agent-extra[0m.
[    5.808742] systemd[1]: Created slice Slice /system/gpg-agent-ssh.
[[0;32m  OK  [0m] Created slice [0;1;39mSlice /system/gpg-agent-ssh[0m.
[    5.813579] systemd[1]: Created slice Slice /system/keyboxd.
[[0;32m  OK  [0m] Created slice [0;1;39mSlice /system/keyboxd[0m.
[    5.820826] systemd[1]: Created slice Slice /system/modprobe.
[[0;32m  OK  [0m] Created slice [0;1;39mSlice /system/modprobe[0m.
[    5.825283] systemd[1]: Created slice Slice /system/serial-getty.
[[0;32m  OK  [0m] Created slice [0;1;39mSlice /system/serial-getty[0m.
[    5.830323] systemd[1]: Created slice User and Session Slice.
[[0;32m  OK  [0m] Created slice [0;1;39mUser and Session Slice[0m.
[    5.834976] systemd[1]: Started Dispatch Password Requests to Console Directory Watch.
[[0;32m  OK  [0m] Started [0;1;39mDispatch Password Requests to Console Directory Watch[0m.
[    5.840674] systemd[1]: Started Forward Password Requests to Wall Directory Watch.
[[0;32m  OK  [0m] Started [0;1;39mForward Password Requests to Wall Directory Watch[0m.
[    5.845134] systemd[1]: Set up automount Arbitrary Executable File Formats File System Automount Point.
[[0;32m  OK  [0m] Set up automount [0;1;39mArbitrary Executa…ormats File System Automount Point[0m.
[    5.850483] systemd[1]: Expecting device /dev/ttyS0...
         Expecting device [0;1;39m/dev/ttyS0[0m...
[    5.853349] systemd[1]: Reached target Local Encrypted Volumes.
[[0;32m  OK  [0m] Reached target [0;1;39mLocal Encrypted Volumes[0m.
[    5.857671] systemd[1]: Reached target Image Downloads.
[[0;32m  OK  [0m] Reached target [0;1;39mImage Downloads[0m.
[    5.860955] systemd[1]: Stopped target Switch Root.
[[0;32m  OK  [0m] Stopped target [0;1;39mSwitch Root[0m.
[    5.864148] systemd[1]: Stopped target Initrd File Systems.
[[0;32m  OK  [0m] Stopped target [0;1;39mInitrd File Systems[0m.
[    5.868199] systemd[1]: Stopped target Initrd Root File System.
[[0;32m  OK  [0m] Stopped target [0;1;39mInitrd Root File System[0m.
[    5.873166] systemd[1]: Reached target Local Integrity Protected Volumes.
[[0;32m  OK  [0m] Reached target [0;1;39mLocal Integrity Protected Volumes[0m.
[    5.877520] systemd[1]: Reached target Path Units.
[[0;32m  OK  [0m] Reached target [0;1;39mPath Units[0m.
[    5.881148] systemd[1]: Reached target Remote File Systems.
[[0;32m  OK  [0m] Reached target [0;1;39mRemote File Systems[0m.
[    5.885176] systemd[1]: Reached target Slice Units.
[[0;32m  OK  [0m] Reached target [0;1;39mSlice Units[0m.
[    5.889575] systemd[1]: Reached target Swaps.
[[0;32m  OK  [0m] Reached target [0;1;39mSwaps[0m.
[    5.893146] systemd[1]: Reached target Local Verity Protected Volumes.
[[0;32m  OK  [0m] Reached target [0;1;39mLocal Verity Protected Volumes[0m.
[    5.897788] systemd[1]: Listening on Device-mapper event daemon FIFOs.
[[0;32m  OK  [0m] Listening on [0;1;39mDevice-mapper event daemon FIFOs[0m.
[    5.903380] systemd[1]: Listening on Query the User Interactively for a Password.
[[0;32m  OK  [0m] Listening on [0;1;39mQuery the User Interactively for a Password[0m.
[    5.910158] systemd[1]: Listening on Process Core Dump Socket.
[[0;32m  OK  [0m] Listening on [0;1;39mProcess Core Dump Socket[0m.
[    5.915608] systemd[1]: Listening on Credential Encryption/Decryption.
[[0;32m  OK  [0m] Listening on [0;1;39mCredential Encryption/Decryption[0m.
[    5.922441] systemd[1]: Listening on Factory Reset Management.
[[0;32m  OK  [0m] Listening on [0;1;39mFactory Reset Management[0m.
[    5.928512] systemd[1]: Listening on Console Output Muting Service Socket.
[[0;32m  OK  [0m] Listening on [0;1;39mConsole Output Muting Service Socket[0m.
[    5.933715] systemd[1]: Listening on Network Management Resolve Hook Socket.
[[0;32m  OK  [0m] Listening on [0;1;39mNetwork Management Resolve Hook Socket[0m.
[    5.939169] systemd[1]: Listening on Network Management Varlink Socket.
[[0;32m  OK  [0m] Listening on [0;1;39mNetwork Management Varlink Socket[0m.
[    5.943959] systemd[1]: Listening on Network Management Netlink Socket.
[[0;32m  OK  [0m] Listening on [0;1;39mNetwork Management Netlink Socket[0m.
[    5.949100] systemd[1]: TPM PCR Measurements skipped, unmet condition check ConditionSecurity=measured-uki
[    5.951385] systemd[1]: Make TPM PCR Policy skipped, unmet condition check ConditionSecurity=measured-uki
[    5.954820] systemd[1]: Listening on Disk Repartitioning Service Socket.
[[0;32m  OK  [0m] Listening on [0;1;39mDisk Repartitioning Service Socket[0m.
[    5.959225] systemd[1]: Listening on Resolve Monitor Varlink Socket.
[[0;32m  OK  [0m] Listening on [0;1;39mResolve Monitor Varlink Socket[0m.
[    5.963726] systemd[1]: Listening on Resolve Service Varlink Socket.
[[0;32m  OK  [0m] Listening on [0;1;39mResolve Service Varlink Socket[0m.
[    5.967806] systemd[1]: Listening on udev Control Socket.
[[0;32m  OK  [0m] Listening on [0;1;39mudev Control Socket[0m.
[    5.971681] systemd[1]: Listening on udev Varlink Socket.
[[0;32m  OK  [0m] Listening on [0;1;39mudev Varlink Socket[0m.
[    5.976236] systemd[1]: Listening on User Database Manager Socket.
[[0;32m  OK  [0m] Listening on [0;1;39mUser Database Manager Socket[0m.
[    5.982566] systemd[1]: Mounting Huge Pages File System...
         Mounting [0;1;39mHuge Pages File System[0m...
[    5.990182] systemd[1]: Mounting POSIX Message Queue File System...
         Mounting [0;1;39mPOSIX Message Queue File System[0m...
[    5.998821] systemd[1]: Mounting Kernel Debug File System...
         Mounting [0;1;39mKernel Debug File System[0m...
[    6.006827] systemd[1]: Mounting Kernel Trace File System...
         Mounting [0;1;39mKernel Trace File System[0m...
[    6.017552] systemd[1]: Mounting Temporary Directory /tmp...
         Mounting [0;1;39mTemporary Directory /tmp[0m...
[    6.022807] systemd[1]: Starting Create List of Static Device Nodes...
         Starting [0;1;39mCreate List of Static Device Nodes[0m...
[    6.027206] systemd[1]: Load Kernel Module configfs skipped, unmet condition check ConditionKernelModuleLoaded=!configfs
[    6.034049] systemd[1]: Mounting Kernel Configuration File System...
         Mounting [0;1;39mKernel Configuration File System[0m...
[    6.038248] systemd[1]: Load Kernel Module drm skipped, unmet condition check ConditionKernelModuleLoaded=!drm
[    6.040463] systemd[1]: Load Kernel Module fuse skipped, unmet condition check ConditionKernelModuleLoaded=!fuse
[    6.052050] systemd[1]: Mounting FUSE Control File System...
         Mounting [0;1;39mFUSE Control File System[0m...
[    6.057150] systemd[1]: Clear Stale Hibernate Storage Info skipped, unmet condition check ConditionPathExists=/sys/firmware/efi/efivars/HibernateLocation-8cf2644b-4b0b-428f-9387-6d876050dc67
[    6.067049] systemd[1]: Starting Journal Service...
         Starting [0;1;39mJournal Service[0m...
[    6.073215] systemd[1]: Load Kernel Modules skipped, no trigger condition checks were met.
[    6.079071] systemd[1]: Starting Generate Network Units from Kernel Command Line...
         Starting [0;1;39mGenerate Network Units from Kernel Command Line[0m...
[    6.082926] systemd[1]: TPM PCR Machine ID Measurement skipped, unmet condition check ConditionSecurity=measured-uki
[    6.085834] systemd[1]: TPM NvPCR Product ID Measurement skipped, unmet condition check ConditionSecurity=measured-uki
[    6.092931] systemd[1]: Starting Remount Root and Kernel File Systems...
         Starting [0;1;39mRemount Root and Kernel File Systems[0m...
[    6.110967] systemd[1]: Starting Apply Kernel Variables...
         Starting [0;1;39mApply Kernel Variables[0m...
[    6.120393] systemd[1]: Early TPM SRK Setup skipped, unmet condition check ConditionSecurity=measured-uki
[    6.145296] systemd[1]: Starting Load udev Rules from Credentials...
         Starting [0;1;39mLoad udev Rules from Credentials[0m...
[    6.163892] systemd[1]: Starting Coldplug All udev Devices...
[    6.164892] systemd-journald[347]: Collecting audit messages is disabled.
[    6.171074] EXT4-fs (vda1): re-mounted ddfae1cc-629e-47f4-9008-261996ba3811.
         Starting [0;1;39mColdplug All udev Devices[0m...
[    6.195736] systemd[1]: Started Journal Service.
[[0;32m  OK  [0m] Started [0;1;39mJournal Service[0m.
[[0;32m  OK  [0m] Mounted [0;1;39mHuge Pages File System[0m.
[[0;32m  OK  [0m] Mounted [0;1;39mPOSIX Message Queue File System[0m.
[[0;32m  OK  [0m] Mounted [0;1;39mKernel Debug File System[0m.
[[0;32m  OK  [0m] Mounted [0;1;39mKernel Trace File System[0m.
[[0;32m  OK  [0m] Mounted [0;1;39mTemporary Directory /tmp[0m.
[[0;32m  OK  [0m] Finished [0;1;39mCreate List of Static Device Nodes[0m.
[[0;32m  OK  [0m] Mounted [0;1;39mKernel Configuration File System[0m.
[[0;32m  OK  [0m] Mounted [0;1;39mFUSE Control File System[0m.
[[0;32m  OK  [0m] Finished [0;1;39mGenerate Network Units from Kernel Command Line[0m.
[[0;32m  OK  [0m] Finished [0;1;39mRemount Root and Kernel File Systems[0m.
[[0;32m  OK  [0m] Finished [0;1;39mApply Kernel Variables[0m.
[[0;32m  OK  [0m] Finished [0;1;39mLoad udev Rules from Credentials[0m.
[[0;32m  OK  [0m] Reached target [0;1;39mPreparation for Network[0m.
         Starting [0;1;39mFlush Journal to Persistent Storage[0m...
         Starting [0;1;39mLoad/Save OS Random Seed[0m...
         Starting [0;1;39mCreate Static Device Nodes in /dev gracefully[0m...
[    6.336438] systemd-journald[347]: Received client request to flush runtime journal.
         Starting [0;1;39mUser Database Manager[0m...
[[0;32m  OK  [0m] Finished [0;1;39mLoad/Save OS Random Seed[0m.
[[0;32m  OK  [0m] Started [0;1;39mUser Database Manager[0m.
[[0;32m  OK  [0m] Finished [0;1;39mFlush Journal to Persistent Storage[0m.
[[0;32m  OK  [0m] Finished [0;1;39mColdplug All udev Devices[0m.
[[0;32m  OK  [0m] Finished [0;1;39mCreate Static Device Nodes in /dev gracefully[0m.
         Starting [0;1;39mNetwork Name Resolution[0m...
         Starting [0;1;39mCreate Static Device Nodes in /dev[0m...
[[0;32m  OK  [0m] Finished [0;1;39mCreate Static Device Nodes in /dev[0m.
[[0;32m  OK  [0m] Reached target [0;1;39mPreparation for Local File Systems[0m.
         Starting [0;1;39mRule-based Manager for Device Events and Files[0m...
[[0;32m  OK  [0m] Started [0;1;39mNetwork Name Resolution[0m.
[[0;32m  OK  [0m] Reached target [0;1;39mHost and Network Name Lookups[0m.
         Mounting [0;1;39m/mnt/ksmbd[0m...
[[0;32m  OK  [0m] Reached target [0;1;39mLocal File Systems[0m.
[[0;32m  OK  [0m] Listening on [0;1;39mBoot Entries Service Socket[0m.
[[0;32m  OK  [0m] Listening on [0;1;39mDisk Image Download Service Socket[0m.
[[0;32m  OK  [0m] Listening on [0;1;39mSystem Extension Image Management[0m.
         Starting [0;1;39mCreate System Files and Directories[0m...
         Starting [0;1;39mLoad JSON user/group Records from Credentials[0m...
[    6.838605] 9pnet: Limiting 'msize' to 512000 as this is the maximum supported by transport virtio
[[0;32m  OK  [0m] Mounted [0;1;39m/mnt/ksmbd[0m.
[[0;32m  OK  [0m] Finished [0;1;39mLoad JSON user/group Records from Credentials[0m.
[[0;32m  OK  [0m] Started [0;1;39mRule-based Manager for Device Events and Files[0m.
         Starting [0;1;39mNetwork Management[0m...
[[0;32m  OK  [0m] Finished [0;1;39mCreate System Files and Directories[0m.
         Starting [0;1;39mRecord System Boot/Shutdown in UTMP[0m...
[[0;32m  OK  [0m] Finished [0;1;39mRecord System Boot/Shutdown in UTMP[0m.
[    7.203792] cfg80211: Loading compiled-in X.509 certificates for regulatory database
[    7.216988] Loaded X.509 cert 'sforshee: 00b28ddf47aef9cea7'
[    7.218760] Loaded X.509 cert 'wens: 61c038651aabdcf94bd0ac7ff06c7248db18c600'
[    7.220710] faux_driver regulatory: Direct firmware load for regulatory.db failed with error -2
[    7.222804] virtio_net virtio1 ens4: renamed from eth0
[    7.224993] cfg80211: failed to load regulatory.db
[[0;32m  OK  [0m] Started [0;1;39mNetwork Management[0m.
[[0;32m  OK  [0m] Reached target [0;1;39mNetwork[0m.
         Starting [0;1;39mEnable Persistent Storage in systemd-networkd[0m...
[[0;32m  OK  [0m] Finished [0;1;39mEnable Persistent Storage in systemd-networkd[0m.
[    7.739730] parport_pc 00:03: reported by Plug and Play ACPI
[    7.751990] parport0: PC-style at 0x378, irq 7 [PCSPP,TRISTATE]
[[0;32m  OK  [0m] Reached target [0;1;39mSystem Initialization[0m.
[[0;32m  OK  [0m] Started [0;1;39mRefresh existing PGP keys of archlinux-keyring regularly[0m.
[[0;32m  OK  [0m] Started [0;1;39mDaily verification of password and group files[0m.[    7.789233] input: PC Speaker as /devices/platform/pcspkr/input/input3

[[0;32m  OK  [0m] Started [0;1;39mDaily Cleanup of Temporary Directories[0m.
[[0;32m  OK  [0m] Reached target [0;1;39mTimer Units[0m.
[[0;32m  OK  [0m] Listening on [0;1;39mD-Bus System Message Bus Socket[0m.
[[0;32m  OK  [0m] Listening on [0;1;39mGnuPG network certifi…ent daemon for /etc/pacman.d/gnupg[0m.
[    7.809170] piix4_smbus 0000:00:01.3: SMBus Host Controller at 0x700, revision 0
[[0;32m  OK  [0m] Listening on [0;1;39mGnuPG cryptographic a… browsers) for /etc/pacman.d/gnupg[0m.
[[0;32m  OK  [0m] Listening on [0;1;39mGnuPG cryptographic a…estricted) for /etc/pacman.d/gnupg[0m.
[[0;32m  OK  [0m] Listening on [0;1;39mGnuPG cryptographic a…emulation) for /etc/pacman.d/gnupg[0m.
[[0;32m  OK  [0m] Listening on [0;1;39mGnuPG cryptographic a…rase cache for /etc/pacman.d/gnupg[0m.
[[0;32m  OK  [0m] Listening on[    7.829957] i2c i2c-0: Memory type 0x07 not supported yet, not instantiating SPD
 [0;1;39mGnuPG public key mana…nt service for /etc/pacman.d/gnupg[0m.
[[0;32m  OK  [0m] Listening on [0;1;39mOpenSSH Server Socket…temd-ssh-generator, AF_UNIX Local)[0m.
         Starting [0;1;39mOpenSSH Server Socket (systemd-ssh-generator, AF_VSOCK)[0m...
[[0;32m  OK  [0m] Listening on [0;1;39mHostname Service Socket[0m.
[[0;32m  OK  [0m] Listening on [0;1;39mUser Login Management Varlink Socket[0m.
[[0;32m  OK  [0m] Listening on [0;1;39mVirtual Machine and C…tainer Registration Service Socket[0m.
         Starting [0;1;39mD-Bus System Message Bus[0m...
[[0;32m  OK  [0m] Listening on [0;1;39mLoad/Save RF Kill Switch Status /dev/rfkill Watch[0m.
[[0;32m  OK  [0m] Listening on [0;1;39mOpenSSH Server Socket (systemd-ssh-generator, AF_VSOCK)[0m.
[[0;32m  OK  [0m] Reached target [0;1;39mSocket Units[0m.
[    7.995418] input: VirtualPS/2 VMware VMMouse as /devices/platform/i8042/serio1/input/input5
[    8.000673] input: VirtualPS/2 VMware VMMouse as /devices/platform/i8042/serio1/input/input4
[[0;32m  OK  [0m] Started [0;1;39mD-Bus System Message Bus[0m.
[    8.102261] ppdev: user-space parallel port driver
[[0;32m  OK  [0m] Reached target [0;1;39mBasic System[0m.
         Starting [0;1;39mOpenSSH Daemon[0m...
[    8.130180] mousedev: PS/2 mouse device common for all mice
         Starting [0;1;39mUser Login Management[0m...
         Starting [0;1;39mPermit User Sessions[0m...
         Starting [0;1;39mVirtual Console Setup[0m...
[[0;32m  OK  [0m] Started [0;1;39mOpenSSH Daemon[0m.
[[0;32m  OK  [0m] Reached target [0;1;39mSSH Access Available[0m.
[    8.200645] RAPL PMU: API unit is 2^-32 Joules, 0 fixed counters, 10737418240 ms ovfl timer
[[0;32m  OK  [0m] Finished [0;1;39mPermit User Sessions[0m.
[[0;32m  OK  [0m] Started [0;1;39mGetty on tty1[0m.
[[0;32m  OK  [0m] Started [0;1;39mSerial Getty on ttyS0[0m.
[[0;32m  OK  [0m] Reached target [0;1;39mLogin Prompts[0m.
[[0;32m  OK  [0m] Finished [0;1;39mVirtual Console Setup[0m.
[[0;32m  OK  [0m] Started [0;1;39mUser Login Management[0m.
[[0;32m  OK  [0m] Reached target [0;1;39mMulti-User System[0m.
[[0;32m  OK  [0m] Reached target [0;1;39mGraphical Interface[0m.
[!p]104\[0m[?7h[1G[0J[6n[32766;32766H[6n[!p]104\[0m[?7h[1G[0J[6n[32766;32766H[6n]3008;start=6ac1ab411cdb4963833c27f80f5b76a9;user=root;hostname=ksmbd-vm;machineid=0ab76daf18ce42b0b036a81eb53bdd79;bootid=f5ab82c94c854b6dbafb8be4ef01462e;pid=450;pidfdid=451;comm=(agetty);servicename=serial-getty@ttyS0.service;invocationid=eaaed55f36ab4ea38ae8cd205086a944;type=service\P+q6E616D65\
Arch Linux 6.18.13-arch1-1 (ttyS0)

Try contacting this VM's SSH server via 'ssh vsock%4294967295' from host.

ksmbd-vm login: root (automatic login)

]3008;start=6d642842f3c44687bb9f6a8ac7d9a59a;user=root;hostname=ksmbd-vm;machineid=0ab76daf18ce42b0b036a81eb53bdd79;bootid=f5ab82c94c854b6dbafb8be4ef01462e;pid=450;pidfdid=451;comm=login;targetuser=root;sessionid=1;type=session\
  ╔══════════════════════════════════════════════╗
  ║         ksmbd Test VM                        ║
  ╠══════════════════════════════════════════════╣
  ║  /root/start-ksmbd.sh   - Start server      ║
  ║  /root/reload-ksmbd.sh  - Reload module      ║
  ║  /root/dev-info.sh      - Debug/analysis info║
  ║  /mnt/ksmbd/            - Shared source      ║
  ║  poweroff                - Shutdown VM        ║
  ╚══════════════════════════════════════════════╝

]3008;start=1483f6c4-7a51-4aa4-b976-27b61fd792ef;machineid=0ab76daf18ce42b0b036a81eb53bdd79;user=root;hostname=ksmbd-vm;bootid=f5ab82c9-4c85-4b6d-bafb-8be4ef01462e;pid=00000000000000000467;type=shell;cwd=/root\[?2004h[root@ksmbd-vm ~]# [   79.771925] ksmbd: loading out-of-tree module taints kernel.
[   79.773193] ksmbd: module verification failed: signature and/or required key missing - tainting kernel
[   79.775799] ksmbd: Unknown symbol hkdf_extract (err -2)
[   79.777286] ksmbd: Unknown symbol hkdf_expand (err -2)
[  135.522449] ksmbd: Configuration subsystem initialized with 17 parameters
[  135.542873] ksmbd: kernel provides md4, skipping built-in registration
[  135.557935] ksmbd: ksmbd: Fruit SMB extensions loaded
[  135.559185] ksmbd: ksmbd: CHANGE_NOTIFY subsystem initialised
[  135.560428] ksmbd: ksmbd: hook subsystem initialized (22 hook points)
[  135.561827] ksmbd: ksmbd: witness protocol support initialised
[  154.756785] ksmbd: connect success: accepted new connection
[  154.770089] ksmbd: RFC1002 hdr=00 00 00 e2 len=226 status=0
[  154.772501] ksmbd: PDU sig=fe 53 4d 42 pdu=226 req_running=0
[  154.784929] ksmbd: got SMB2 command
[  154.785820] ksmbd: no length check for command
[  154.787251] ksmbd: SMB2 data length 0 offset 0
[  154.788558] ksmbd: SMB2 len 100
[  154.789551] ksmbd: Unknown command 0 in credit charge validation, defaulting to 1
[  154.791504] ksmbd: credit_check: cmd=0 charge=1 calc=1 req_len=1 resp_len=0 total=1 out=0
[  154.793643] ksmbd: credit_check: lock_enter cmd=0 charge=1 total=1 out=0
[  154.795502] ksmbd: credit_check: lock_exit cmd=0 ret=0 total=1 out=1
[  154.797333] ksmbd: client requested dialect 0x311
[  154.798717] ksmbd: selected SMB 3.1.1 dialect
[  154.800014] ksmbd: conn->dialect 0x311
[  154.801212] ksmbd: Received negotiate request
[  154.802480] ksmbd: decoding 4 negotiate contexts
[  154.803837] ksmbd: deassemble SMB2_PREAUTH_INTEGRITY_CAPABILITIES context
[  154.809668] ksmbd: deassemble SMB2_ENCRYPTION_CAPABILITIES context
[  154.813822] ksmbd: Cipher ID = 0x4
[  154.814673] ksmbd: deassemble SMB2_SIGNING_CAPABILITIES context
[  154.817459] ksmbd: Signing Algorithm ID = 0x2
[  154.819421] ksmbd: deassemble SMB2_NETNAME_NEGOTIATE_CONTEXT_ID context
[  154.821046] ksmbd: NETNAME context name '127.0.0.1' != server name 'KSMBD-VM'
[  154.824060] ksmbd: assemble SMB2_PREAUTH_INTEGRITY_CAPABILITIES context
[  154.828383] ksmbd: assemble SMB2_ENCRYPTION_CAPABILITIES context
[  154.830129] ksmbd: assemble SMB2_SIGNING_CAPABILITIES context
[  154.833233] ksmbd: negotiate context offset 224, count 3
[  154.835153] ksmbd: credit_rsp: dispatch cmd=0 total=1 out=1 granted_total=0
[  154.836809] ksmbd: credit_rsp: lock_enter cmd=0 charge=1 req=31 total=1 out=1 granted_total=0
[  154.839456] ksmbd: credit_rsp: lock_exit cmd=0 charge=1 req=31 granted=1 total=1 out=0 granted_total=1
[  154.842279] ksmbd: credits: requested[31] granted[1] total_granted[1]
[  154.849438] ksmbd: RFC1002 hdr=00 00 00 a2 len=162 status=5
[  154.853500] ksmbd: PDU sig=fe 53 4d 42 pdu=162 req_running=0
[  154.855101] ksmbd: got SMB2 command
[  154.857403] ksmbd: SMB2 data length 74 offset 88
[  154.858784] ksmbd: SMB2 len 162
[  154.859824] ksmbd: Unknown command 1 in credit charge validation, defaulting to 1
[  154.861622] ksmbd: credit_check: cmd=1 charge=1 calc=1 req_len=1 resp_len=0 total=1 out=0
[  154.864312] ksmbd: credit_check: lock_enter cmd=1 charge=1 total=1 out=0
[  154.868235] ksmbd: credit_check: lock_exit cmd=1 ret=0 total=1 out=1
[  154.871185] ksmbd: Received smb2 session setup request
[  154.872641] ksmbd: negotiate phase
[  154.874532] ksmbd: NTLMSSP SecurityBufferLength 148
[  154.875917] ksmbd: credit_rsp: dispatch cmd=1 total=1 out=1 granted_total=0
[  154.877856] ksmbd: credit_rsp: lock_enter cmd=1 charge=1 req=31 total=1 out=1 granted_total=0
[  154.880181] ksmbd: credit_rsp: lock_exit cmd=1 charge=1 req=31 granted=31 total=31 out=0 granted_total=31
[  154.886054] ksmbd: credits: requested[31] granted[31] total_granted[31]
[  154.888330] ksmbd: RFC1002 hdr=00 00 02 02 len=514 status=5
[  154.890062] ksmbd: PDU sig=fe 53 4d 42 pdu=514 req_running=1
[  154.891626] ksmbd: got SMB2 command
[  154.893176] ksmbd: SMB2 data length 426 offset 88
[  154.894491] ksmbd: SMB2 len 514
[  154.896173] ksmbd: Unknown command 1 in credit charge validation, defaulting to 1
[  154.898176] ksmbd: credit_check: cmd=1 charge=1 calc=1 req_len=1 resp_len=0 total=31 out=0
[  154.900369] ksmbd: credit_check: lock_enter cmd=1 charge=1 total=31 out=0
[  154.901974] ksmbd: credit_check: lock_exit cmd=1 ret=0 total=31 out=1
[  154.903739] ksmbd: Received smb2 session setup request
[  154.905210] ksmbd: authenticate phase
[  154.906775] ksmbd: session setup request for user testuser
[  154.908764] ksmbd: decode_ntlmssp_authenticate_blob dnameWORKGROUP
[  154.910484] ksmbd: generated encryption keys for session 1, cipher type 4
[  154.912435] ksmbd: generated signing key for session 1
[  154.913719] ksmbd: credit_rsp: dispatch cmd=1 total=31 out=1 granted_total=0
[  154.915657] ksmbd: credit_rsp: lock_enter cmd=1 charge=1 req=1 total=31 out=1 granted_total=0
[  154.918320] ksmbd: credit_rsp: lock_exit cmd=1 charge=1 req=1 granted=1 total=31 out=0 granted_total=1
[  154.920783] ksmbd: credits: requested[1] granted[1] total_granted[31]
[  154.922937] ksmbd: RFC1002 hdr=00 00 00 68 len=104 status=1
[  154.924218] ksmbd: PDU sig=fe 53 4d 42 pdu=104 req_running=0
[  154.925605] ksmbd: skip to check tree connect request
[  154.927136] ksmbd: got SMB2 command
[  154.927762] ksmbd: SMB2 data length 32 offset 72
[  154.929223] ksmbd: SMB2 len 104
[  154.930148] ksmbd: Unknown command 3 in credit charge validation, defaulting to 1
[  154.932172] ksmbd: credit_check: cmd=3 charge=1 calc=1 req_len=1 resp_len=0 total=31 out=0
[  154.935047] ksmbd: credit_check: lock_enter cmd=3 charge=1 total=31 out=0
[  154.937790] ksmbd: credit_check: lock_exit cmd=3 ret=0 total=31 out=1
[  154.939583] ksmbd: Received smb2 tree connect request
[  154.940816] ksmbd: tree connect request for tree test treename \\127.0.0.1\test
[  154.943396] ksmbd: MaximalAccess: perm_r=0 perm_w=0 perm_x=0 access=0x001f01ff
[  154.945295] ksmbd: credit_rsp: dispatch cmd=3 total=31 out=1 granted_total=0
[  154.947165] ksmbd: credit_rsp: lock_enter cmd=3 charge=1 req=1 total=31 out=1 granted_total=0
[  154.949385] ksmbd: credit_rsp: lock_exit cmd=3 charge=1 req=1 granted=1 total=31 out=0 granted_total=1
[  154.951662] ksmbd: credits: requested[1] granted[1] total_granted[31]
[  154.955151] ksmbd: connect success: accepted new connection
[  154.956671] ksmbd: RFC1002 hdr=00 00 00 e2 len=226 status=0
[  154.958320] ksmbd: PDU sig=fe 53 4d 42 pdu=226 req_running=0
[  154.959870] ksmbd: got SMB2 command
[  154.960771] ksmbd: no length check for command
[  154.962185] ksmbd: SMB2 data length 0 offset 0
[  154.963378] ksmbd: SMB2 len 100
[  154.964308] ksmbd: Unknown command 0 in credit charge validation, defaulting to 1
[  154.966109] ksmbd: credit_check: cmd=0 charge=1 calc=1 req_len=1 resp_len=0 total=1 out=0
[  154.968087] ksmbd: credit_check: lock_enter cmd=0 charge=1 total=1 out=0
[  154.969786] ksmbd: credit_check: lock_exit cmd=0 ret=0 total=1 out=1
[  154.971451] ksmbd: client requested dialect 0x311
[  154.972813] ksmbd: selected SMB 3.1.1 dialect
[  154.974084] ksmbd: conn->dialect 0x311
[  154.974776] ksmbd: Received negotiate request
[  154.976036] ksmbd: decoding 4 negotiate contexts
[  154.977186] ksmbd: deassemble SMB2_PREAUTH_INTEGRITY_CAPABILITIES context
[  154.978889] ksmbd: deassemble SMB2_ENCRYPTION_CAPABILITIES context
[  154.981201] ksmbd: Cipher ID = 0x4
[  154.982203] ksmbd: deassemble SMB2_SIGNING_CAPABILITIES context
[  154.983806] ksmbd: Signing Algorithm ID = 0x2
[  154.985130] ksmbd: deassemble SMB2_NETNAME_NEGOTIATE_CONTEXT_ID context
[  154.986932] ksmbd: NETNAME context name '127.0.0.1' != server name 'KSMBD-VM'
[  154.988895] ksmbd: assemble SMB2_PREAUTH_INTEGRITY_CAPABILITIES context
[  154.990736] ksmbd: assemble SMB2_ENCRYPTION_CAPABILITIES context
[  154.992403] ksmbd: assemble SMB2_SIGNING_CAPABILITIES context
[  154.994046] ksmbd: negotiate context offset 224, count 3
[  154.995523] ksmbd: credit_rsp: dispatch cmd=0 total=1 out=1 granted_total=0
[  154.997412] ksmbd: credit_rsp: lock_enter cmd=0 charge=1 req=31 total=1 out=1 granted_total=0
[  154.999697] ksmbd: credit_rsp: lock_exit cmd=0 charge=1 req=31 granted=1 total=1 out=0 granted_total=1
[  155.002161] ksmbd: credits: requested[31] granted[1] total_granted[1]
[  155.004258] ksmbd: RFC1002 hdr=00 00 00 a2 len=162 status=5
[  155.005823] ksmbd: PDU sig=fe 53 4d 42 pdu=162 req_running=0
[  155.007416] ksmbd: got SMB2 command
[  155.008473] ksmbd: SMB2 data length 74 offset 88
[  155.009810] ksmbd: SMB2 len 162
[  155.010829] ksmbd: Unknown command 1 in credit charge validation, defaulting to 1
[  155.012840] ksmbd: credit_check: cmd=1 charge=1 calc=1 req_len=1 resp_len=0 total=1 out=0
[  155.015062] ksmbd: credit_check: lock_enter cmd=1 charge=1 total=1 out=0
[  155.016767] ksmbd: credit_check: lock_exit cmd=1 ret=0 total=1 out=1
[  155.018517] ksmbd: Received smb2 session setup request
[  155.019822] ksmbd: negotiate phase
[  155.020759] ksmbd: NTLMSSP SecurityBufferLength 148
[  155.022231] ksmbd: credit_rsp: dispatch cmd=1 total=1 out=1 granted_total=0
[  155.024200] ksmbd: credit_rsp: lock_enter cmd=1 charge=1 req=31 total=1 out=1 granted_total=0
[  155.026488] ksmbd: credit_rsp: lock_exit cmd=1 charge=1 req=31 granted=31 total=31 out=0 granted_total=31
[  155.029043] ksmbd: credits: requested[31] granted[31] total_granted[31]
[  155.031319] ksmbd: RFC1002 hdr=00 00 00 c8 len=200 status=5
[  155.032921] ksmbd: PDU sig=fe 53 4d 42 pdu=200 req_running=0
[  155.034335] ksmbd: got SMB2 command
[  155.035459] ksmbd: SMB2 data length 112 offset 88
[  155.036801] ksmbd: SMB2 len 200
[  155.038158] ksmbd: Unknown command 1 in credit charge validation, defaulting to 1
[  155.040187] ksmbd: credit_check: cmd=1 charge=1 calc=1 req_len=1 resp_len=0 total=31 out=0
[  155.042348] ksmbd: credit_check: lock_enter cmd=1 charge=1 total=31 out=0
[  155.044163] ksmbd: credit_check: lock_exit cmd=1 ret=0 total=31 out=1
[  155.045931] ksmbd: Received smb2 session setup request
[  155.047470] ksmbd: authenticate phase
[  155.049175] ksmbd: session setup request for user 
[  155.050683] ksmbd: generated encryption keys for session 2, cipher type 4
[  155.052579] ksmbd: generated signing key for session 2
[  155.054129] ksmbd: credit_rsp: dispatch cmd=1 total=31 out=1 granted_total=0
[  155.056068] ksmbd: credit_rsp: lock_enter cmd=1 charge=1 req=1 total=31 out=1 granted_total=0
[  155.058342] ksmbd: credit_rsp: lock_exit cmd=1 charge=1 req=1 granted=1 total=31 out=0 granted_total=1
[  155.060833] ksmbd: credits: requested[1] granted[1] total_granted[31]
[  155.062712] ksmbd: RFC1002 hdr=00 00 00 68 len=104 status=1
[  155.064227] ksmbd: PDU sig=fe 53 4d 42 pdu=104 req_running=1
[  155.065832] ksmbd: skip to check tree connect request
[  155.067267] ksmbd: got SMB2 command
[  155.068371] ksmbd: SMB2 data length 32 offset 72
[  155.069567] ksmbd: SMB2 len 104
[  155.070459] ksmbd: Unknown command 3 in credit charge validation, defaulting to 1
[  155.072353] ksmbd: credit_check: cmd=3 charge=1 calc=1 req_len=1 resp_len=0 total=31 out=0
[  155.074395] ksmbd: credit_check: lock_enter cmd=3 charge=1 total=31 out=0
[  155.076212] ksmbd: credit_check: lock_exit cmd=3 ret=0 total=31 out=1
[  155.078057] ksmbd: Received smb2 tree connect request
[  155.079473] ksmbd: tree connect request for tree ipc$ treename \\127.0.0.1\IPC$
[  155.081663] ksmbd: IPC share path request
[  155.082897] ksmbd: credit_rsp: dispatch cmd=3 total=31 out=1 granted_total=0
[  155.085287] ksmbd: credit_rsp: lock_enter cmd=3 charge=1 req=1 total=31 out=1 granted_total=0
[  155.087574] ksmbd: credit_rsp: lock_exit cmd=3 charge=1 req=1 granted=1 total=31 out=0 granted_total=1
[  155.089813] ksmbd: credits: requested[1] granted[1] total_granted[31]
[  155.093896] ksmbd: Wait for all pending requests(0)
[  155.100082] ksmbd: Wait for all pending requests(0)
[  265.181260] ksmbd: netdev-down event: netdev(lo) is going down
[  265.183606] ksmbd: releasing socket
[  265.185121] ksmbd: netdev-down event: netdev(ens4) is going down
[  265.188011] ksmbd: releasing socket
[  268.206904] ksmbd: ksmbd: witness protocol support removed
[  268.402931] ksmbd: VSS backend 'generic' unregistered
[  268.404069] ksmbd: VSS backend 'zfs' unregistered
[  268.405227] ksmbd: VSS backend 'btrfs' unregistered
[  268.666939] ksmbd: ksmbd: Fruit SMB extensions unloaded
[  269.733872] ksmbd: Configuration subsystem initialized with 17 parameters
[  269.735404] ksmbd: kernel provides md4, skipping built-in registration
[  269.738043] ksmbd: ksmbd: Fruit SMB extensions loaded
[  269.739136] ksmbd: ksmbd: CHANGE_NOTIFY subsystem initialised
[  269.740884] ksmbd: ksmbd: hook subsystem initialized (22 hook points)
[  269.743123] ksmbd: ksmbd: witness protocol support initialised
[  276.679890] ksmbd: connect success: accepted new connection
[  276.681192] ksmbd: RFC1002 hdr=00 00 00 e2 len=226 status=0
[  276.682288] ksmbd: PDU sig=fe 53 4d 42 pdu=226 req_running=0
[  276.683392] ksmbd: got SMB2 command
[  276.684132] ksmbd: no length check for command
[  276.685036] ksmbd: SMB2 data length 0 offset 0
[  276.685928] ksmbd: SMB2 len 100
[  276.686541] ksmbd: Unknown command 0 in credit charge validation, defaulting to 1
[  276.688990] ksmbd: credit_check: cmd=0 charge=1 calc=1 req_len=1 resp_len=0 total=1 out=0
[  276.691688] ksmbd: credit_check: lock_enter cmd=0 charge=1 total=1 out=0
[  276.693050] ksmbd: credit_check: lock_exit cmd=0 ret=0 total=1 out=1
[  276.694486] ksmbd: client requested dialect 0x311
[  276.695557] ksmbd: selected SMB 3.1.1 dialect
[  276.696404] ksmbd: conn->dialect 0x311
[  276.697178] ksmbd: Received negotiate request
[  276.698060] ksmbd: decoding 4 negotiate contexts
[  276.698987] ksmbd: deassemble SMB2_PREAUTH_INTEGRITY_CAPABILITIES context
[  276.700264] ksmbd: deassemble SMB2_ENCRYPTION_CAPABILITIES context
[  276.701485] ksmbd: Cipher ID = 0x4
[  276.702259] ksmbd: deassemble SMB2_SIGNING_CAPABILITIES context
[  276.703505] ksmbd: Signing Algorithm ID = 0x2
[  276.704503] ksmbd: deassemble SMB2_NETNAME_NEGOTIATE_CONTEXT_ID context
[  276.705925] ksmbd: NETNAME context name '127.0.0.1' != server name 'KSMBD-VM'
[  276.707252] ksmbd: assemble SMB2_PREAUTH_INTEGRITY_CAPABILITIES context
[  276.708682] ksmbd: assemble SMB2_ENCRYPTION_CAPABILITIES context
[  276.709830] ksmbd: assemble SMB2_SIGNING_CAPABILITIES context
[  276.710939] ksmbd: negotiate context offset 224, count 3
[  276.711966] ksmbd: credit_rsp: dispatch cmd=0 total=1 out=1 granted_total=0
[  276.713275] ksmbd: credit_rsp: lock_enter cmd=0 charge=1 req=31 total=1 out=1 granted_total=0
[  276.714932] ksmbd: credit_rsp: lock_exit cmd=0 charge=1 req=31 granted=1 total=1 out=0 granted_total=1
[  276.716714] ksmbd: credits: requested[31] granted[1] total_granted[1]
[  276.722179] ksmbd: RFC1002 hdr=00 00 00 a2 len=162 status=5
[  276.723941] ksmbd: PDU sig=fe 53 4d 42 pdu=162 req_running=0
[  276.724941] ksmbd: got SMB2 command
[  276.725566] ksmbd: SMB2 data length 74 offset 88
[  276.726453] ksmbd: SMB2 len 162
[  276.727067] ksmbd: Unknown command 1 in credit charge validation, defaulting to 1
[  276.728435] ksmbd: credit_check: cmd=1 charge=1 calc=1 req_len=1 resp_len=0 total=1 out=0
[  276.729910] ksmbd: credit_check: lock_enter cmd=1 charge=1 total=1 out=0
[  276.731104] ksmbd: credit_check: lock_exit cmd=1 ret=0 total=1 out=1
[  276.732239] ksmbd: Received smb2 session setup request
[  276.733178] ksmbd: negotiate phase
[  276.733820] ksmbd: NTLMSSP SecurityBufferLength 148
[  276.734718] ksmbd: credit_rsp: dispatch cmd=1 total=1 out=1 granted_total=0
[  276.736083] ksmbd: credit_rsp: lock_enter cmd=1 charge=1 req=31 total=1 out=1 granted_total=0
[  276.737585] ksmbd: credit_rsp: lock_exit cmd=1 charge=1 req=31 granted=31 total=31 out=0 granted_total=31
[  276.739291] ksmbd: credits: requested[31] granted[31] total_granted[31]
[  276.741104] ksmbd: RFC1002 hdr=00 00 02 02 len=514 status=5
[  276.742128] ksmbd: PDU sig=fe 53 4d 42 pdu=514 req_running=0
[  276.743172] ksmbd: got SMB2 command
[  276.744017] ksmbd: SMB2 data length 426 offset 88
[  276.744995] ksmbd: SMB2 len 514
[  276.745568] ksmbd: Unknown command 1 in credit charge validation, defaulting to 1
[  276.746909] ksmbd: credit_check: cmd=1 charge=1 calc=1 req_len=1 resp_len=0 total=31 out=0
[  276.748390] ksmbd: credit_check: lock_enter cmd=1 charge=1 total=31 out=0
[  276.749600] ksmbd: credit_check: lock_exit cmd=1 ret=0 total=31 out=1
[  276.750897] ksmbd: Received smb2 session setup request
[  276.751832] ksmbd: authenticate phase
[  276.752487] ksmbd: session setup request for user testuser
[  276.753944] ksmbd: decode_ntlmssp_authenticate_blob dnameWORKGROUP
[  276.755076] ksmbd: generated encryption keys for session 1, cipher type 4
[  276.756297] ksmbd: generated signing key for session 1
[  276.757388] ksmbd: credit_rsp: dispatch cmd=1 total=31 out=1 granted_total=0
[  276.758777] ksmbd: credit_rsp: lock_enter cmd=1 charge=1 req=1 total=31 out=1 granted_total=0
[  276.760315] ksmbd: credit_rsp: lock_exit cmd=1 charge=1 req=1 granted=1 total=31 out=0 granted_total=1
[  276.762342] ksmbd: credits: requested[1] granted[1] total_granted[31]
[  276.763725] ksmbd: RFC1002 hdr=00 00 00 68 len=104 status=1
[  276.764783] ksmbd: PDU sig=fe 53 4d 42 pdu=104 req_running=0
[  276.765871] ksmbd: skip to check tree connect request
[  276.766771] ksmbd: got SMB2 command
[  276.767427] ksmbd: SMB2 data length 32 offset 72
[  276.768296] ksmbd: SMB2 len 104
[  276.768918] ksmbd: Unknown command 3 in credit charge validation, defaulting to 1
[  276.770266] ksmbd: credit_check: cmd=3 charge=1 calc=1 req_len=1 resp_len=0 total=31 out=0
[  276.771780] ksmbd: credit_check: lock_enter cmd=3 charge=1 total=31 out=0
[  276.773030] ksmbd: credit_check: lock_exit cmd=3 ret=0 total=31 out=1
[  276.774315] ksmbd: Received smb2 tree connect request
[  276.775350] ksmbd: tree connect request for tree test treename \\127.0.0.1\test
[  276.777071] ksmbd: MaximalAccess: perm_r=0 perm_w=0 perm_x=0 access=0x001f01ff
[  276.778385] ksmbd: credit_rsp: dispatch cmd=3 total=31 out=1 granted_total=0
[  276.779759] ksmbd: credit_rsp: lock_enter cmd=3 charge=1 req=1 total=31 out=1 granted_total=0
[  276.781230] ksmbd: credit_rsp: lock_exit cmd=3 charge=1 req=1 granted=1 total=31 out=0 granted_total=1
[  276.782873] ksmbd: credits: requested[1] granted[1] total_granted[31]
[  276.784561] ksmbd: connect success: accepted new connection
[  276.785910] ksmbd: RFC1002 hdr=00 00 00 e2 len=226 status=0
[  276.788010] ksmbd: PDU sig=fe 53 4d 42 pdu=226 req_running=0
[  276.789038] ksmbd: got SMB2 command
[  276.789656] ksmbd: no length check for command
[  276.790452] ksmbd: SMB2 data length 0 offset 0
[  276.791231] ksmbd: SMB2 len 100
[  276.792116] ksmbd: Unknown command 0 in credit charge validation, defaulting to 1
[  276.793564] ksmbd: credit_check: cmd=0 charge=1 calc=1 req_len=1 resp_len=0 total=1 out=0
[  276.795107] ksmbd: credit_check: lock_enter cmd=0 charge=1 total=1 out=0
[  276.796385] ksmbd: credit_check: lock_exit cmd=0 ret=0 total=1 out=1
[  276.797625] ksmbd: client requested dialect 0x311
[  276.798482] ksmbd: selected SMB 3.1.1 dialect
[  276.799389] ksmbd: conn->dialect 0x311
[  276.800087] ksmbd: Received negotiate request
[  276.800899] ksmbd: decoding 4 negotiate contexts
[  276.801725] ksmbd: deassemble SMB2_PREAUTH_INTEGRITY_CAPABILITIES context
[  276.803062] ksmbd: deassemble SMB2_ENCRYPTION_CAPABILITIES context
[  276.804180] ksmbd: Cipher ID = 0x4
[  276.804792] ksmbd: deassemble SMB2_SIGNING_CAPABILITIES context
[  276.805976] ksmbd: Signing Algorithm ID = 0x2
[  276.806827] ksmbd: deassemble SMB2_NETNAME_NEGOTIATE_CONTEXT_ID context
[  276.808046] ksmbd: NETNAME context name '127.0.0.1' != server name 'KSMBD-VM'
[  276.809542] ksmbd: assemble SMB2_PREAUTH_INTEGRITY_CAPABILITIES context
[  276.810852] ksmbd: assemble SMB2_ENCRYPTION_CAPABILITIES context
[  276.812040] ksmbd: assemble SMB2_SIGNING_CAPABILITIES context
[  276.813080] ksmbd: negotiate context offset 224, count 3
[  276.814045] ksmbd: credit_rsp: dispatch cmd=0 total=1 out=1 granted_total=0
[  276.815294] ksmbd: credit_rsp: lock_enter cmd=0 charge=1 req=31 total=1 out=1 granted_total=0
[  276.816830] ksmbd: credit_rsp: lock_exit cmd=0 charge=1 req=31 granted=1 total=1 out=0 granted_total=1
[  276.818468] ksmbd: credits: requested[31] granted[1] total_granted[1]
[  276.819890] ksmbd: RFC1002 hdr=00 00 00 a2 len=162 status=5
[  276.820901] ksmbd: PDU sig=fe 53 4d 42 pdu=162 req_running=0
[  276.821940] ksmbd: got SMB2 command
[  276.822566] ksmbd: SMB2 data length 74 offset 88
[  276.823420] ksmbd: SMB2 len 162
[  276.827492] ksmbd: Unknown command 1 in credit charge validation, defaulting to 1
[  276.828849] ksmbd: credit_check: cmd=1 charge=1 calc=1 req_len=1 resp_len=0 total=1 out=0
[  276.830385] ksmbd: credit_check: lock_enter cmd=1 charge=1 total=1 out=0
[  276.831600] ksmbd: credit_check: lock_exit cmd=1 ret=0 total=1 out=1
[  276.834858] ksmbd: Received smb2 session setup request
[  276.835829] ksmbd: negotiate phase
[  276.836459] ksmbd: NTLMSSP SecurityBufferLength 148
[  276.837330] ksmbd: credit_rsp: dispatch cmd=1 total=1 out=1 granted_total=0
[  276.838867] ksmbd: credit_rsp: lock_enter cmd=1 charge=1 req=31 total=1 out=1 granted_total=0
[  276.840386] ksmbd: credit_rsp: lock_exit cmd=1 charge=1 req=31 granted=31 total=31 out=0 granted_total=31
[  276.842341] ksmbd: credits: requested[31] granted[31] total_granted[31]
[  276.843803] ksmbd: RFC1002 hdr=00 00 00 c8 len=200 status=5
[  276.844852] ksmbd: PDU sig=fe 53 4d 42 pdu=200 req_running=0
[  276.846034] ksmbd: got SMB2 command
[  276.846800] ksmbd: SMB2 data length 112 offset 88
[  276.847643] ksmbd: SMB2 len 200
[  276.848243] ksmbd: Unknown command 1 in credit charge validation, defaulting to 1
[  276.849772] ksmbd: credit_check: cmd=1 charge=1 calc=1 req_len=1 resp_len=0 total=31 out=0
[  276.851345] ksmbd: credit_check: lock_enter cmd=1 charge=1 total=31 out=0
[  276.852640] ksmbd: credit_check: lock_exit cmd=1 ret=0 total=31 out=1
[  276.853908] ksmbd: Received smb2 session setup request
[  276.854947] ksmbd: authenticate phase
[  276.855603] ksmbd: session setup request for user 
[  276.856771] ksmbd: null (anonymous) session established
[  276.857754] ksmbd: credit_rsp: dispatch cmd=1 total=31 out=1 granted_total=0
[  276.859157] ksmbd: credit_rsp: lock_enter cmd=1 charge=1 req=1 total=31 out=1 granted_total=0
[  276.860702] ksmbd: credit_rsp: lock_exit cmd=1 charge=1 req=1 granted=1 total=31 out=0 granted_total=1
[  276.862639] ksmbd: credits: requested[1] granted[1] total_granted[31]
[  276.864152] ksmbd: RFC1002 hdr=00 00 00 68 len=104 status=1
[  276.865241] ksmbd: PDU sig=fe 53 4d 42 pdu=104 req_running=1
[  276.866354] ksmbd: skip to check tree connect request
[  276.867412] ksmbd: got SMB2 command
[  276.868077] ksmbd: SMB2 data length 32 offset 72
[  276.868957] ksmbd: SMB2 len 104
[  276.869550] ksmbd: Unknown command 3 in credit charge validation, defaulting to 1
[  276.870985] ksmbd: credit_check: cmd=3 charge=1 calc=1 req_len=1 resp_len=0 total=31 out=0
[  276.872497] ksmbd: credit_check: lock_enter cmd=3 charge=1 total=31 out=0
[  276.873768] ksmbd: credit_check: lock_exit cmd=3 ret=0 total=31 out=1
[  276.874947] ksmbd: Received smb2 tree connect request
[  276.876114] ksmbd: tree connect request for tree ipc$ treename \\127.0.0.1\IPC$
[  276.877725] ksmbd: IPC share path request
[  276.878514] ksmbd: credit_rsp: dispatch cmd=3 total=31 out=1 granted_total=0
[  276.879833] ksmbd: credit_rsp: lock_enter cmd=3 charge=1 req=1 total=31 out=1 granted_total=0
[  276.881386] ksmbd: credit_rsp: lock_exit cmd=3 charge=1 req=1 granted=1 total=31 out=0 granted_total=1
[  276.883064] ksmbd: credits: requested[1] granted[1] total_granted[31]
[  276.885919] ksmbd: Wait for all pending requests(0)
[  276.887397] ksmbd: Wait for all pending requests(0)
[  481.802264] ksmbd: netdev-down event: netdev(lo) is going down
[  481.803528] ksmbd: releasing socket
[  481.804349] ksmbd: netdev-down event: netdev(ens4) is going down
[  481.805634] ksmbd: releasing socket
[  484.823401] ksmbd: ksmbd: witness protocol support removed
[  485.038917] ksmbd: VSS backend 'generic' unregistered
[  485.039989] ksmbd: VSS backend 'zfs' unregistered
[  485.040943] ksmbd: VSS backend 'btrfs' unregistered
[  485.307883] ksmbd: ksmbd: Fruit SMB extensions unloaded
[  486.372095] ksmbd: Configuration subsystem initialized with 17 parameters
[  486.373411] ksmbd: kernel provides md4, skipping built-in registration
[  486.381244] ksmbd: ksmbd: Fruit SMB extensions loaded
[  486.382442] ksmbd: ksmbd: CHANGE_NOTIFY subsystem initialised
[  486.383576] ksmbd: ksmbd: hook subsystem initialized (22 hook points)
[  486.384857] ksmbd: ksmbd: witness protocol support initialised
[  495.570691] ksmbd: connect success: accepted new connection
[  495.572088] ksmbd: RFC1002 hdr=00 00 00 e2 len=226 status=0
[  495.573486] ksmbd: PDU sig=fe 53 4d 42 pdu=226 req_running=0
[  495.574870] ksmbd: got SMB2 command
[  495.575752] ksmbd: no length check for command
[  495.576828] ksmbd: SMB2 data length 0 offset 0
[  495.577904] ksmbd: SMB2 len 100
[  495.578741] ksmbd: Unknown command 0 in credit charge validation, defaulting to 1
[  495.580687] ksmbd: credit_check: cmd=0 charge=1 calc=1 req_len=1 resp_len=0 total=1 out=0
[  495.582667] ksmbd: credit_check: lock_enter cmd=0 charge=1 total=1 out=0
[  495.584190] ksmbd: credit_check: lock_exit cmd=0 ret=0 total=1 out=1
[  495.585791] ksmbd: client requested dialect 0x311
[  495.586913] ksmbd: selected SMB 3.1.1 dialect
[  495.587996] ksmbd: conn->dialect 0x311
[  495.588937] ksmbd: Received negotiate request
[  495.590085] ksmbd: decoding 4 negotiate contexts
[  495.591192] ksmbd: deassemble SMB2_PREAUTH_INTEGRITY_CAPABILITIES context
[  495.592842] ksmbd: deassemble SMB2_ENCRYPTION_CAPABILITIES context
[  495.594341] ksmbd: Cipher ID = 0x4
[  495.595142] ksmbd: deassemble SMB2_SIGNING_CAPABILITIES context
[  495.596642] ksmbd: Signing Algorithm ID = 0x2
[  495.597701] ksmbd: deassemble SMB2_NETNAME_NEGOTIATE_CONTEXT_ID context
[  495.599240] ksmbd: NETNAME context name '127.0.0.1' != server name 'KSMBD-VM'
[  495.600968] ksmbd: assemble SMB2_PREAUTH_INTEGRITY_CAPABILITIES context
[  495.602267] ksmbd: assemble SMB2_ENCRYPTION_CAPABILITIES context
[  495.603446] ksmbd: assemble SMB2_SIGNING_CAPABILITIES context
[  495.604797] ksmbd: negotiate context offset 224, count 3
[  495.605927] ksmbd: credit_rsp: dispatch cmd=0 total=1 out=1 granted_total=0
[  495.607430] ksmbd: credit_rsp: lock_enter cmd=0 charge=1 req=31 total=1 out=1 granted_total=0
[  495.609231] ksmbd: credit_rsp: lock_exit cmd=0 charge=1 req=31 granted=1 total=1 out=0 granted_total=1
[  495.611197] ksmbd: credits: requested[31] granted[1] total_granted[1]
[  495.616814] ksmbd: RFC1002 hdr=00 00 00 a2 len=162 status=5
[  495.618116] ksmbd: PDU sig=fe 53 4d 42 pdu=162 req_running=0
[  495.621699] ksmbd: got SMB2 command
[  495.622531] ksmbd: SMB2 data length 74 offset 88
[  495.624410] ksmbd: SMB2 len 162
[  495.625703] ksmbd: Unknown command 1 in credit charge validation, defaulting to 1
[  495.628087] ksmbd: credit_check: cmd=1 charge=1 calc=1 req_len=1 resp_len=0 total=1 out=0
[  495.629869] ksmbd: credit_check: lock_enter cmd=1 charge=1 total=1 out=0
[  495.631343] ksmbd: credit_check: lock_exit cmd=1 ret=0 total=1 out=1
[  495.632749] ksmbd: Received smb2 session setup request
[  495.633909] ksmbd: negotiate phase
[  495.634965] ksmbd: NTLMSSP SecurityBufferLength 148
[  495.636082] ksmbd: credit_rsp: dispatch cmd=1 total=1 out=1 granted_total=0
[  495.637601] ksmbd: credit_rsp: lock_enter cmd=1 charge=1 req=31 total=1 out=1 granted_total=0
[  495.639497] ksmbd: credit_rsp: lock_exit cmd=1 charge=1 req=31 granted=31 total=31 out=0 granted_total=31
[  495.641675] ksmbd: credits: requested[31] granted[31] total_granted[31]
[  495.644240] ksmbd: RFC1002 hdr=00 00 02 02 len=514 status=5
[  495.645443] ksmbd: PDU sig=fe 53 4d 42 pdu=514 req_running=0
[  495.646951] ksmbd: got SMB2 command
[  495.647714] ksmbd: SMB2 data length 426 offset 88
[  495.648706] ksmbd: SMB2 len 514
[  495.649433] ksmbd: Unknown command 1 in credit charge validation, defaulting to 1
[  495.651325] ksmbd: credit_check: cmd=1 charge=1 calc=1 req_len=1 resp_len=0 total=31 out=0
[  495.653582] ksmbd: credit_check: lock_enter cmd=1 charge=1 total=31 out=0
[  495.655853] ksmbd: credit_check: lock_exit cmd=1 ret=0 total=31 out=1
[  495.657329] ksmbd: Received smb2 session setup request
[  495.658629] ksmbd: authenticate phase
[  495.659527] ksmbd: session setup request for user testuser
[  495.661283] ksmbd: login_user returned: name='testuser' flags=0x1 anon=0 guest=0
[  495.662973] ksmbd: decode_ntlmssp_authenticate_blob dnameWORKGROUP
[  495.664383] ksmbd: generated encryption keys for session 1, cipher type 4
[  495.666017] ksmbd: generated signing key for session 1
[  495.667272] ksmbd: credit_rsp: dispatch cmd=1 total=31 out=1 granted_total=0
[  495.668855] ksmbd: credit_rsp: lock_enter cmd=1 charge=1 req=1 total=31 out=1 granted_total=0
[  495.670725] ksmbd: credit_rsp: lock_exit cmd=1 charge=1 req=1 granted=1 total=31 out=0 granted_total=1
[  495.672756] ksmbd: credits: requested[1] granted[1] total_granted[31]
[  495.674432] ksmbd: RFC1002 hdr=00 00 00 68 len=104 status=1
[  495.676776] ksmbd: PDU sig=fe 53 4d 42 pdu=104 req_running=0
[  495.678151] ksmbd: skip to check tree connect request
[  495.679381] ksmbd: got SMB2 command
[  495.680162] ksmbd: SMB2 data length 32 offset 72
[  495.681275] ksmbd: SMB2 len 104
[  495.684773] ksmbd: Unknown command 3 in credit charge validation, defaulting to 1
[  495.686596] ksmbd: credit_check: cmd=3 charge=1 calc=1 req_len=1 resp_len=0 total=31 out=0
[  495.688418] ksmbd: credit_check: lock_enter cmd=3 charge=1 total=31 out=0
[  495.689753] ksmbd: credit_check: lock_exit cmd=3 ret=0 total=31 out=1
[  495.691027] ksmbd: Received smb2 tree connect request
[  495.692513] ksmbd: tree connect request for tree test treename \\127.0.0.1\test
[  495.694506] ksmbd: MaximalAccess: perm_r=0 perm_w=0 perm_x=0 access=0x001f01ff
[  495.696131] ksmbd: credit_rsp: dispatch cmd=3 total=31 out=1 granted_total=0
[  495.697797] ksmbd: credit_rsp: lock_enter cmd=3 charge=1 req=1 total=31 out=1 granted_total=0
[  495.699785] ksmbd: credit_rsp: lock_exit cmd=3 charge=1 req=1 granted=1 total=31 out=0 granted_total=1
[  495.701797] ksmbd: credits: requested[1] granted[1] total_granted[31]
[  495.703993] ksmbd: connect success: accepted new connection
[  495.705415] ksmbd: RFC1002 hdr=00 00 00 e2 len=226 status=0
[  495.706642] ksmbd: PDU sig=fe 53 4d 42 pdu=226 req_running=0
[  495.708096] ksmbd: got SMB2 command
[  495.708825] ksmbd: no length check for command
[  495.710010] ksmbd: SMB2 data length 0 offset 0
[  495.711341] ksmbd: SMB2 len 100
[  495.712172] ksmbd: Unknown command 0 in credit charge validation, defaulting to 1
[  495.713851] ksmbd: credit_check: cmd=0 charge=1 calc=1 req_len=1 resp_len=0 total=1 out=0
[  495.715705] ksmbd: credit_check: lock_enter cmd=0 charge=1 total=1 out=0
[  495.717222] ksmbd: credit_check: lock_exit cmd=0 ret=0 total=1 out=1
[  495.718673] ksmbd: client requested dialect 0x311
[  495.719781] ksmbd: selected SMB 3.1.1 dialect
[  495.720837] ksmbd: conn->dialect 0x311
[  495.721752] ksmbd: Received negotiate request
[  495.722802] ksmbd: decoding 4 negotiate contexts
[  495.723788] ksmbd: deassemble SMB2_PREAUTH_INTEGRITY_CAPABILITIES context
[  495.725197] ksmbd: deassemble SMB2_ENCRYPTION_CAPABILITIES context
[  495.726466] ksmbd: Cipher ID = 0x4
[  495.727221] ksmbd: deassemble SMB2_SIGNING_CAPABILITIES context
[  495.728449] ksmbd: Signing Algorithm ID = 0x2
[  495.729384] ksmbd: deassemble SMB2_NETNAME_NEGOTIATE_CONTEXT_ID context
[  495.730767] ksmbd: NETNAME context name '127.0.0.1' != server name 'KSMBD-VM'
[  495.732295] ksmbd: assemble SMB2_PREAUTH_INTEGRITY_CAPABILITIES context
[  495.733682] ksmbd: assemble SMB2_ENCRYPTION_CAPABILITIES context
[  495.735115] ksmbd: assemble SMB2_SIGNING_CAPABILITIES context
[  495.736350] ksmbd: negotiate context offset 224, count 3
[  495.737464] ksmbd: credit_rsp: dispatch cmd=0 total=1 out=1 granted_total=0
[  495.738914] ksmbd: credit_rsp: lock_enter cmd=0 charge=1 req=31 total=1 out=1 granted_total=0
[  495.740703] ksmbd: credit_rsp: lock_exit cmd=0 charge=1 req=31 granted=1 total=1 out=0 granted_total=1
[  495.742716] ksmbd: credits: requested[31] granted[1] total_granted[1]
[  495.744321] ksmbd: RFC1002 hdr=00 00 00 a2 len=162 status=5
[  495.745494] ksmbd: PDU sig=fe 53 4d 42 pdu=162 req_running=0
[  495.746715] ksmbd: got SMB2 command
[  495.747467] ksmbd: SMB2 data length 74 offset 88
[  495.748464] ksmbd: SMB2 len 162
[  495.749161] ksmbd: Unknown command 1 in credit charge validation, defaulting to 1
[  495.750746] ksmbd: credit_check: cmd=1 charge=1 calc=1 req_len=1 resp_len=0 total=1 out=0
[  495.752564] ksmbd: credit_check: lock_enter cmd=1 charge=1 total=1 out=0
[  495.753981] ksmbd: credit_check: lock_exit cmd=1 ret=0 total=1 out=1
[  495.755637] ksmbd: Received smb2 session setup request
[  495.756754] ksmbd: negotiate phase
[  495.757494] ksmbd: NTLMSSP SecurityBufferLength 148
[  495.758567] ksmbd: credit_rsp: dispatch cmd=1 total=1 out=1 granted_total=0
[  495.760009] ksmbd: credit_rsp: lock_enter cmd=1 charge=1 req=31 total=1 out=1 granted_total=0
[  495.761788] ksmbd: credit_rsp: lock_exit cmd=1 charge=1 req=31 granted=31 total=31 out=0 granted_total=31
[  495.763765] ksmbd: credits: requested[31] granted[31] total_granted[31]
[  495.765377] ksmbd: RFC1002 hdr=00 00 00 c8 len=200 status=5
[  495.766550] ksmbd: PDU sig=fe 53 4d 42 pdu=200 req_running=1
[  495.767838] ksmbd: got SMB2 command
[  495.768618] ksmbd: SMB2 data length 112 offset 88
[  495.769639] ksmbd: SMB2 len 200
[  495.770342] ksmbd: Unknown command 1 in credit charge validation, defaulting to 1
[  495.771891] ksmbd: credit_check: cmd=1 charge=1 calc=1 req_len=1 resp_len=0 total=31 out=0
[  495.773604] ksmbd: credit_check: lock_enter cmd=1 charge=1 total=31 out=0
[  495.775020] ksmbd: credit_check: lock_exit cmd=1 ret=0 total=31 out=1
[  495.776378] ksmbd: Received smb2 session setup request
[  495.777488] ksmbd: authenticate phase
[  495.778294] ksmbd: session setup request for user 
[  495.779433] ksmbd: login_user returned: name='' flags=0x11 anon=1 guest=1
[  495.780862] ksmbd: null (anonymous) session established
[  495.781980] ksmbd: credit_rsp: dispatch cmd=1 total=31 out=1 granted_total=0
[  495.783471] ksmbd: credit_rsp: lock_enter cmd=1 charge=1 req=1 total=31 out=1 granted_total=0
[  495.785274] ksmbd: credit_rsp: lock_exit cmd=1 charge=1 req=1 granted=1 total=31 out=0 granted_total=1
[  495.787215] ksmbd: credits: requested[1] granted[1] total_granted[31]
[  495.788768] ksmbd: RFC1002 hdr=00 00 00 68 len=104 status=1
[  495.789955] ksmbd: PDU sig=fe 53 4d 42 pdu=104 req_running=1
[  495.791210] ksmbd: skip to check tree connect request
[  495.792283] ksmbd: got SMB2 command
[  495.793083] ksmbd: SMB2 data length 32 offset 72
[  495.794080] ksmbd: SMB2 len 104
[  495.794743] ksmbd: Unknown command 3 in credit charge validation, defaulting to 1
[  495.796304] ksmbd: credit_check: cmd=3 charge=1 calc=1 req_len=1 resp_len=0 total=31 out=0
[  495.798012] ksmbd: credit_check: lock_enter cmd=3 charge=1 total=31 out=0
[  495.799471] ksmbd: credit_check: lock_exit cmd=3 ret=0 total=31 out=1
[  495.800835] ksmbd: Received smb2 tree connect request
[  495.801998] ksmbd: tree connect request for tree ipc$ treename \\127.0.0.1\IPC$
[  495.803741] ksmbd: IPC share path request
[  495.804622] ksmbd: credit_rsp: dispatch cmd=3 total=31 out=1 granted_total=0
[  495.806119] ksmbd: credit_rsp: lock_enter cmd=3 charge=1 req=1 total=31 out=1 granted_total=0
[  495.807923] ksmbd: credit_rsp: lock_exit cmd=3 charge=1 req=1 granted=1 total=31 out=0 granted_total=1
[  495.811314] ksmbd: credits: requested[1] granted[1] total_granted[31]
[  495.814652] ksmbd: Wait for all pending requests(0)
[  495.816336] ksmbd: Wait for all pending requests(0)
[  544.710272] ksmbd: netdev-down event: netdev(lo) is going down
[  544.711727] ksmbd: releasing socket
[  544.715168] ksmbd: netdev-down event: netdev(ens4) is going down
[  544.718373] ksmbd: releasing socket
[  547.739039] ksmbd: ksmbd: witness protocol support removed
[  547.929922] ksmbd: VSS backend 'generic' unregistered
[  547.931021] ksmbd: VSS backend 'zfs' unregistered
[  547.932027] ksmbd: VSS backend 'btrfs' unregistered
[  548.192919] ksmbd: ksmbd: Fruit SMB extensions unloaded
[  549.253832] ksmbd: Configuration subsystem initialized with 17 parameters
[  549.255232] ksmbd: kernel provides md4, skipping built-in registration
[  549.257732] ksmbd: ksmbd: Fruit SMB extensions loaded
[  549.259498] ksmbd: ksmbd: CHANGE_NOTIFY subsystem initialised
[  549.260704] ksmbd: ksmbd: hook subsystem initialized (22 hook points)
[  549.262218] ksmbd: ksmbd: witness protocol support initialised
[  558.174914] ksmbd: connect success: accepted new connection
[  558.176146] ksmbd: RFC1002 hdr=00 00 00 e2 len=226 status=0
[  558.177247] ksmbd: PDU sig=fe 53 4d 42 pdu=226 req_running=0
[  558.178431] ksmbd: got SMB2 command
[  558.179148] ksmbd: no length check for command
[  558.180034] ksmbd: SMB2 data length 0 offset 0
[  558.180952] ksmbd: SMB2 len 100
[  558.181579] ksmbd: Unknown command 0 in credit charge validation, defaulting to 1
[  558.183032] ksmbd: credit_check: cmd=0 charge=1 calc=1 req_len=1 resp_len=0 total=1 out=0
[  558.184618] ksmbd: credit_check: lock_enter cmd=0 charge=1 total=1 out=0
[  558.185927] ksmbd: credit_check: lock_exit cmd=0 ret=0 total=1 out=1
[  558.187166] ksmbd: client requested dialect 0x311
[  558.188107] ksmbd: selected SMB 3.1.1 dialect
[  558.188999] ksmbd: conn->dialect 0x311
[  558.189738] ksmbd: Received negotiate request
[  558.190617] ksmbd: decoding 4 negotiate contexts
[  558.191538] ksmbd: deassemble SMB2_PREAUTH_INTEGRITY_CAPABILITIES context
[  558.192886] ksmbd: deassemble SMB2_ENCRYPTION_CAPABILITIES context
[  558.194098] ksmbd: Cipher ID = 0x4
[  558.194772] ksmbd: deassemble SMB2_SIGNING_CAPABILITIES context
[  558.195959] ksmbd: Signing Algorithm ID = 0x2
[  558.196818] ksmbd: deassemble SMB2_NETNAME_NEGOTIATE_CONTEXT_ID context
[  558.198130] ksmbd: NETNAME context name '127.0.0.1' != server name 'KSMBD-VM'
[  558.199536] ksmbd: assemble SMB2_PREAUTH_INTEGRITY_CAPABILITIES context
[  558.200825] ksmbd: assemble SMB2_ENCRYPTION_CAPABILITIES context
[  558.202013] ksmbd: assemble SMB2_SIGNING_CAPABILITIES context
[  558.203145] ksmbd: negotiate context offset 224, count 3
[  558.204193] ksmbd: credit_rsp: dispatch cmd=0 total=1 out=1 granted_total=0
[  558.205543] ksmbd: credit_rsp: lock_enter cmd=0 charge=1 req=31 total=1 out=1 granted_total=0
[  558.207215] ksmbd: credit_rsp: lock_exit cmd=0 charge=1 req=31 granted=1 total=1 out=0 granted_total=1
[  558.209030] ksmbd: credits: requested[31] granted[1] total_granted[1]
[  558.213097] ksmbd: RFC1002 hdr=00 00 00 a2 len=162 status=5
[  558.214267] ksmbd: PDU sig=fe 53 4d 42 pdu=162 req_running=0
[  558.215537] ksmbd: got SMB2 command
[  558.216300] ksmbd: SMB2 data length 74 offset 88
[  558.217277] ksmbd: SMB2 len 162
[  558.217991] ksmbd: Unknown command 1 in credit charge validation, defaulting to 1
[  558.219516] ksmbd: credit_check: cmd=1 charge=1 calc=1 req_len=1 resp_len=0 total=1 out=0
[  558.221180] ksmbd: credit_check: lock_enter cmd=1 charge=1 total=1 out=0
[  558.222539] ksmbd: credit_check: lock_exit cmd=1 ret=0 total=1 out=1
[  558.223880] ksmbd: Received smb2 session setup request
[  558.224919] ksmbd: negotiate phase
[  558.225593] ksmbd: NTLMSSP SecurityBufferLength 148
[  558.226694] ksmbd: credit_rsp: dispatch cmd=1 total=1 out=1 granted_total=0
[  558.228065] ksmbd: credit_rsp: lock_enter cmd=1 charge=1 req=31 total=1 out=1 granted_total=0
[  558.229717] ksmbd: credit_rsp: lock_exit cmd=1 charge=1 req=31 granted=31 total=31 out=0 granted_total=31
[  558.231607] ksmbd: credits: requested[31] granted[31] total_granted[31]
[  558.233179] ksmbd: RFC1002 hdr=00 00 02 02 len=514 status=5
[  558.234299] ksmbd: PDU sig=fe 53 4d 42 pdu=514 req_running=0
[  558.235446] ksmbd: got SMB2 command
[  558.236168] ksmbd: SMB2 data length 426 offset 88
[  558.237125] ksmbd: SMB2 len 514
[  558.237757] ksmbd: Unknown command 1 in credit charge validation, defaulting to 1
[  558.239269] ksmbd: credit_check: cmd=1 charge=1 calc=1 req_len=1 resp_len=0 total=31 out=0
[  558.240886] ksmbd: credit_check: lock_enter cmd=1 charge=1 total=31 out=0
[  558.242196] ksmbd: credit_check: lock_exit cmd=1 ret=0 total=31 out=1
[  558.243469] ksmbd: Received smb2 session setup request
[  558.244513] ksmbd: authenticate phase
[  558.245265] ksmbd: session setup request for user testuser
[  558.246669] ksmbd: login_user returned: name='testuser' flags=0x1 anon=0 guest=0
[  558.248158] ksmbd: decode_ntlmssp_authenticate_blob dnameWORKGROUP
[  558.249416] ksmbd: generated encryption keys for session 1, cipher type 4
[  558.250779] ksmbd: generated signing key for session 1
[  558.251822] ksmbd: credit_rsp: dispatch cmd=1 total=31 out=1 granted_total=0
[  558.253246] ksmbd: credit_rsp: lock_enter cmd=1 charge=1 req=1 total=31 out=1 granted_total=0
[  558.254988] ksmbd: credit_rsp: lock_exit cmd=1 charge=1 req=1 granted=1 total=31 out=0 granted_total=1
[  558.256799] ksmbd: credits: requested[1] granted[1] total_granted[31]
[  558.258290] ksmbd: RFC1002 hdr=00 00 00 68 len=104 status=1
[  558.259407] ksmbd: PDU sig=fe 53 4d 42 pdu=104 req_running=0
[  558.260551] ksmbd: skip to check tree connect request
[  558.261568] ksmbd: got SMB2 command
[  558.262303] ksmbd: SMB2 data length 32 offset 72
[  558.263247] ksmbd: SMB2 len 104
[  558.263911] ksmbd: Unknown command 3 in credit charge validation, defaulting to 1
