[    0.000000] Linux version 6.18.9-arch1-2 (linux@archlinux) (gcc (GCC) 15.2.1 20260209, GNU ld (GNU Binutils) 2.46) #1 SMP PREEMPT_DYNAMIC Mon, 09 Feb 2026 17:16:33 +0000
[    0.000000] Command line: root=/dev/vda1 rw console=ttyS0,115200 loglevel=7
[    0.000000] BIOS-provided physical RAM map:
[    0.000000] BIOS-e820: [mem 0x0000000000000000-0x000000000009fbff] usable
[    0.000000] BIOS-e820: [mem 0x000000000009fc00-0x000000000009ffff] reserved
[    0.000000] BIOS-e820: [mem 0x00000000000f0000-0x00000000000fffff] reserved
[    0.000000] BIOS-e820: [mem 0x0000000000100000-0x000000007ffdcfff] usable
[    0.000000] BIOS-e820: [mem 0x000000007ffdd000-0x000000007fffffff] reserved
[    0.000000] BIOS-e820: [mem 0x00000000feffc000-0x00000000feffffff] reserved
[    0.000000] BIOS-e820: [mem 0x00000000fffc0000-0x00000000ffffffff] reserved
[    0.000000] NX (Execute Disable) protection: active
[    0.000000] APIC: Static calls initialized
[    0.000000] SMBIOS 2.8 present.
[    0.000000] DMI: QEMU Standard PC (i440FX + PIIX, 1996), BIOS Arch Linux 1.17.0-2-2 04/01/2014
[    0.000000] DMI: Memory slots populated: 1/1
[    0.000000] Hypervisor detected: KVM
[    0.000000] last_pfn = 0x7ffdd max_arch_pfn = 0x400000000
[    0.000000] kvm-clock: Using msrs 4b564d01 and 4b564d00
[    0.000001] kvm-clock: using sched offset of 212064832 cycles
[    0.000002] clocksource: kvm-clock: mask: 0xffffffffffffffff max_cycles: 0x1cd42e4dffb, max_idle_ns: 881590591483 ns
[    0.000005] tsc: Detected 3600.000 MHz processor
[    0.000626] last_pfn = 0x7ffdd max_arch_pfn = 0x400000000
[    0.000654] MTRR map: 4 entries (3 fixed + 1 variable; max 19), built from 8 variable MTRRs
[    0.000656] x86/PAT: Configuration [0-7]: WB  WC  UC- UC  WB  WP  UC- WT  
[    0.007568] found SMP MP-table at [mem 0x000f66b0-0x000f66bf]
[    0.007581] Using GB pages for direct mapping
[    0.007652] RAMDISK: [mem 0x7f32e000-0x7ffcffff]
[    0.007672] ACPI: Early table checksum verification disabled
[    0.007675] ACPI: RSDP 0x00000000000F64E0 000014 (v00 BOCHS )
[    0.007679] ACPI: RSDT 0x000000007FFE239C 000034 (v01 BOCHS  BXPC     00000001 BXPC 00000001)
[    0.007684] ACPI: FACP 0x000000007FFE2248 000074 (v01 BOCHS  BXPC     00000001 BXPC 00000001)
[    0.007688] ACPI: DSDT 0x000000007FFE0040 002208 (v01 BOCHS  BXPC     00000001 BXPC 00000001)
[    0.007691] ACPI: FACS 0x000000007FFE0000 000040
[    0.007694] ACPI: APIC 0x000000007FFE22BC 000080 (v03 BOCHS  BXPC     00000001 BXPC 00000001)
[    0.007697] ACPI: HPET 0x000000007FFE233C 000038 (v01 BOCHS  BXPC     00000001 BXPC 00000001)
[    0.007700] ACPI: WAET 0x000000007FFE2374 000028 (v01 BOCHS  BXPC     00000001 BXPC 00000001)
[    0.007702] ACPI: Reserving FACP table memory at [mem 0x7ffe2248-0x7ffe22bb]
[    0.007703] ACPI: Reserving DSDT table memory at [mem 0x7ffe0040-0x7ffe2247]
[    0.007704] ACPI: Reserving FACS table memory at [mem 0x7ffe0000-0x7ffe003f]
[    0.007704] ACPI: Reserving APIC table memory at [mem 0x7ffe22bc-0x7ffe233b]
[    0.007705] ACPI: Reserving HPET table memory at [mem 0x7ffe233c-0x7ffe2373]
[    0.007705] ACPI: Reserving WAET table memory at [mem 0x7ffe2374-0x7ffe239b]
[    0.008136] No NUMA configuration found
[    0.008137] Faking a node at [mem 0x0000000000000000-0x000000007ffdcfff]
[    0.008143] NODE_DATA(0) allocated [mem 0x7f303280-0x7f32dfff]
[    0.008289] Zone ranges:
[    0.008290]   DMA      [mem 0x0000000000001000-0x0000000000ffffff]
[    0.008291]   DMA32    [mem 0x0000000001000000-0x000000007ffdcfff]
[    0.008292]   Normal   empty
[    0.008293]   Device   empty
[    0.008294] Movable zone start for each node
[    0.008295] Early memory node ranges
[    0.008295]   node   0: [mem 0x0000000000001000-0x000000000009efff]
[    0.008296]   node   0: [mem 0x0000000000100000-0x000000007ffdcfff]
[    0.008297] Initmem setup node 0 [mem 0x0000000000001000-0x000000007ffdcfff]
[    0.008387] On node 0, zone DMA: 1 pages in unavailable ranges
[    0.008399] On node 0, zone DMA: 97 pages in unavailable ranges
[    0.011680] On node 0, zone DMA32: 35 pages in unavailable ranges
[    0.012380] ACPI: PM-Timer IO Port: 0x608
[    0.012395] ACPI: LAPIC_NMI (acpi_id[0xff] dfl dfl lint[0x1])
[    0.012428] IOAPIC[0]: apic_id 0, version 17, address 0xfec00000, GSI 0-23
[    0.012431] ACPI: INT_SRC_OVR (bus 0 bus_irq 0 global_irq 2 dfl dfl)
[    0.012432] ACPI: INT_SRC_OVR (bus 0 bus_irq 5 global_irq 5 high level)
[    0.012433] ACPI: INT_SRC_OVR (bus 0 bus_irq 9 global_irq 9 high level)
[    0.012434] ACPI: INT_SRC_OVR (bus 0 bus_irq 10 global_irq 10 high level)
[    0.012435] ACPI: INT_SRC_OVR (bus 0 bus_irq 11 global_irq 11 high level)
[    0.012439] ACPI: Using ACPI (MADT) for SMP configuration information
[    0.012440] ACPI: HPET id: 0x8086a201 base: 0xfed00000
[    0.012443] TSC deadline timer available
[    0.012447] CPU topo: Max. logical packages:   1
[    0.012448] CPU topo: Max. logical dies:       1
[    0.012448] CPU topo: Max. dies per package:   1
[    0.012451] CPU topo: Max. threads per core:   1
[    0.012452] CPU topo: Num. cores per package:     2
[    0.012452] CPU topo: Num. threads per package:   2
[    0.012453] CPU topo: Allowing 2 present CPUs plus 0 hotplug CPUs
[    0.012470] kvm-guest: APIC: eoi() replaced with kvm_guest_apic_eoi_write()
[    0.012480] kvm-guest: KVM setup pv remote TLB flush
[    0.012483] kvm-guest: setup PV sched yield
[    0.012488] PM: hibernation: Registered nosave memory: [mem 0x00000000-0x00000fff]
[    0.012489] PM: hibernation: Registered nosave memory: [mem 0x0009f000-0x000fffff]
[    0.012490] [mem 0x80000000-0xfeffbfff] available for PCI devices
[    0.012491] Booting paravirtualized kernel on KVM
[    0.012492] clocksource: refined-jiffies: mask: 0xffffffff max_cycles: 0xffffffff, max_idle_ns: 1910969940391419 ns
[    0.017648] setup_percpu: NR_CPUS:8192 nr_cpumask_bits:2 nr_cpu_ids:2 nr_node_ids:1
[    0.017832] percpu: Embedded 62 pages/cpu s217088 r8192 d28672 u1048576
[    0.017861] kvm-guest: PV spinlocks enabled
[    0.017862] PV qspinlock hash table entries: 256 (order: 0, 4096 bytes, linear)
[    0.017865] Kernel command line: root=/dev/vda1 rw console=ttyS0,115200 loglevel=7
[    0.017910] random: crng init done
[    0.017911] printk: log buffer data + meta data: 131072 + 458752 = 589824 bytes
[    0.018072] Dentry cache hash table entries: 262144 (order: 9, 2097152 bytes, linear)
[    0.018138] Inode-cache hash table entries: 131072 (order: 8, 1048576 bytes, linear)
[    0.018190] Fallback order for Node 0: 0 
[    0.018192] Built 1 zonelists, mobility grouping on.  Total pages: 524155
[    0.018192] Policy zone: DMA32
[    0.018456] mem auto-init: stack:all(zero), heap alloc:on, heap free:off
[    0.022382] SLUB: HWalign=64, Order=0-3, MinObjects=0, CPUs=2, Nodes=1
[    0.022396] Kernel/User page tables isolation: enabled
[    0.029976] ftrace: allocating 57056 entries in 224 pages
[    0.029978] ftrace: allocated 224 pages with 3 groups
[    0.030037] Dynamic Preempt: full
[    0.030155] rcu: Preemptible hierarchical RCU implementation.
[    0.030156] rcu: 	RCU restricting CPUs from NR_CPUS=8192 to nr_cpu_ids=2.
[    0.030157] rcu: 	RCU priority boosting: priority 1 delay 500 ms.
[    0.030158] 	Trampoline variant of Tasks RCU enabled.
[    0.030158] 	Rude variant of Tasks RCU enabled.
[    0.030158] 	Tracing variant of Tasks RCU enabled.
[    0.030159] rcu: RCU calculated value of scheduler-enlistment delay is 100 jiffies.
[    0.030159] rcu: Adjusting geometry for rcu_fanout_leaf=16, nr_cpu_ids=2
[    0.030164] RCU Tasks: Setting shift to 1 and lim to 1 rcu_task_cb_adjust=1 rcu_task_cpu_ids=2.
[    0.030165] RCU Tasks Rude: Setting shift to 1 and lim to 1 rcu_task_cb_adjust=1 rcu_task_cpu_ids=2.
[    0.030166] RCU Tasks Trace: Setting shift to 1 and lim to 1 rcu_task_cb_adjust=1 rcu_task_cpu_ids=2.
[    0.034567] NR_IRQS: 524544, nr_irqs: 440, preallocated irqs: 16
[    0.034745] rcu: srcu_init: Setting srcu_struct sizes based on contention.
[    0.034860] kfence: initialized - using 2097152 bytes for 255 objects at 0x(____ptrval____)-0x(____ptrval____)
[    0.051588] Console: colour VGA+ 80x25
[    0.051647] printk: legacy console [ttyS0] enabled
[    0.222733] ACPI: Core revision 20250807
[    0.223850] clocksource: hpet: mask: 0xffffffff max_cycles: 0xffffffff, max_idle_ns: 19112604467 ns
[    0.226110] APIC: Switch to symmetric I/O mode setup
[    0.227530] x2apic enabled
[    0.228500] APIC: Switched APIC routing to: physical x2apic
[    0.229921] kvm-guest: APIC: send_IPI_mask() replaced with kvm_send_ipi_mask()
[    0.231680] kvm-guest: APIC: send_IPI_mask_allbutself() replaced with kvm_send_ipi_mask_allbutself()
[    0.233865] kvm-guest: setup PV IPIs
[    0.235733] ..TIMER: vector=0x30 apic1=0 pin1=2 apic2=-1 pin2=-1
[    0.237196] clocksource: tsc-early: mask: 0xffffffffffffffff max_cycles: 0x33e452fbb2f, max_idle_ns: 440795236593 ns
[    0.239725] Calibrating delay loop (skipped) preset value.. 7200.00 BogoMIPS (lpj=3600000)
[    0.240823] x86/cpu: User Mode Instruction Prevention (UMIP) activated
[    0.241779] Last level iTLB entries: 4KB 0, 2MB 0, 4MB 0
[    0.242724] Last level dTLB entries: 4KB 0, 2MB 0, 4MB 0, 1GB 0
[    0.243735] mitigations: Enabled attack vectors: user_kernel, user_user, guest_host, guest_guest, SMT mitigations: auto
[    0.244739] Speculative Store Bypass: Mitigation: Speculative Store Bypass disabled via prctl
[    0.245725] SRBDS: Unknown: Dependent on hypervisor status
[    0.246724] Spectre V2 : Mitigation: IBRS
[    0.247724] RETBleed: Mitigation: IBRS
[    0.248724] MDS: Mitigation: Clear CPU buffers
[    0.249724] TAA: Mitigation: Clear CPU buffers
[    0.250724] MMIO Stale Data: Mitigation: Clear CPU buffers
[    0.251724] Spectre V1 : Mitigation: usercopy/swapgs barriers and __user pointer sanitization
[    0.252726] Spectre V2 : Spectre v2 / SpectreRSB: Filling RSB on context switch and VMEXIT
[    0.253726] Spectre V2 : mitigation: Enabling conditional Indirect Branch Prediction Barrier
[    0.254729] GDS: Unknown: Dependent on hypervisor status
[    0.255725] Spectre V2 : Spectre BHI mitigation: SW BHB clearing on syscall and VM exit
[    0.256739] x86/fpu: Supporting XSAVE feature 0x001: 'x87 floating point registers'
[    0.257725] x86/fpu: Supporting XSAVE feature 0x002: 'SSE registers'
[    0.258738] x86/fpu: Supporting XSAVE feature 0x004: 'AVX registers'
[    0.259725] x86/fpu: Supporting XSAVE feature 0x008: 'MPX bounds registers'
[    0.260725] x86/fpu: Supporting XSAVE feature 0x010: 'MPX CSR'
[    0.261725] x86/fpu: xstate_offset[2]:  576, xstate_sizes[2]:  256
[    0.262725] x86/fpu: xstate_offset[3]:  832, xstate_sizes[3]:   64
[    0.263725] x86/fpu: xstate_offset[4]:  896, xstate_sizes[4]:   64
[    0.264725] x86/fpu: Enabled xstate features 0x1f, context size is 960 bytes, using 'compacted' format.
[    0.295083] Freeing SMP alternatives memory: 56K
[    0.295726] pid_max: default: 32768 minimum: 301
[    0.296760] LSM: initializing lsm=capability,landlock,lockdown,yama,bpf
[    0.297784] landlock: Up and running.
[    0.298726] Yama: becoming mindful.
[    0.299922] LSM support for eBPF active
[    0.300742] Mount-cache hash table entries: 4096 (order: 3, 32768 bytes, linear)
[    0.301726] Mountpoint-cache hash table entries: 4096 (order: 3, 32768 bytes, linear)
[    0.303014] smpboot: CPU0: Intel(R) Core(TM) i7-7700 CPU @ 3.60GHz (family: 0x6, model: 0x9e, stepping: 0x9)
[    0.303883] Performance Events: Skylake events, full-width counters, Intel PMU driver.
[    0.304728] ... version:                   2
[    0.305725] ... bit width:                 48
[    0.306725] ... generic counters:          4
[    0.307725] ... generic bitmap:            000000000000000f
[    0.308725] ... fixed-purpose counters:    3
[    0.309721] ... fixed-purpose bitmap:      0000000000000007
[    0.309725] ... value mask:                0000ffffffffffff
[    0.310725] ... max period:                00007fffffffffff
[    0.311725] ... global_ctrl mask:          000000070000000f
[    0.312834] signal: max sigframe size: 2032
[    0.313752] rcu: Hierarchical SRCU implementation.
[    0.314726] rcu: 	Max phase no-delay instances is 400.
[    0.315777] Timer migration: 1 hierarchy levels; 8 children per group; 1 crossnode level
[    0.316966] smp: Bringing up secondary CPUs ...
[    0.317905] smpboot: x86: Booting SMP configuration:
[    0.318730] .... node  #0, CPUs:      #1
[    0.318859] smp: Brought up 1 node, 2 CPUs
[    0.320717] smpboot: Total of 2 processors activated (14400.00 BogoMIPS)
[    0.320915] Memory: 1983560K/2096620K available (20315K kernel code, 2939K rwdata, 16372K rodata, 4732K init, 4776K bss, 107788K reserved, 0K cma-reserved)
[    0.321821] devtmpfs: initialized
[    0.322759] x86/mm: Memory block size: 128MB
[    0.324061] clocksource: jiffies: mask: 0xffffffff max_cycles: 0xffffffff, max_idle_ns: 1911260446275000 ns
[    0.324730] posixtimers hash table entries: 1024 (order: 2, 16384 bytes, linear)
[    0.325734] futex hash table entries: 512 (32768 bytes on 1 NUMA nodes, total 32 KiB, linear).
[    0.326774] pinctrl core: initialized pinctrl subsystem
[    0.327875] PM: RTC time: 12:29:17, date: 2026-02-28
[    0.329254] NET: Registered PF_NETLINK/PF_ROUTE protocol family
[    0.329921] DMA: preallocated 256 KiB GFP_KERNEL pool for atomic allocations
[    0.330754] DMA: preallocated 256 KiB GFP_KERNEL|GFP_DMA pool for atomic allocations
[    0.331734] DMA: preallocated 256 KiB GFP_KERNEL|GFP_DMA32 pool for atomic allocations
[    0.332730] audit: initializing netlink subsys (disabled)
[    0.333753] audit: type=2000 audit(1772281757.739:1): state=initialized audit_enabled=0 res=1
[    0.333809] thermal_sys: Registered thermal governor 'fair_share'
[    0.334726] thermal_sys: Registered thermal governor 'bang_bang'
[    0.335726] thermal_sys: Registered thermal governor 'step_wise'
[    0.336726] thermal_sys: Registered thermal governor 'user_space'
[    0.337725] thermal_sys: Registered thermal governor 'power_allocator'
[    0.338736] cpuidle: using governor ladder
[    0.340711] cpuidle: using governor menu
[    0.340837] acpiphp: ACPI Hot Plug PCI Controller Driver version: 0.5
[    0.341872] PCI: Using configuration type 1 for base access
[    0.342824] kprobes: kprobe jump-optimization is enabled. All kprobes are optimized if possible.
[    0.349743] HugeTLB: registered 1.00 GiB page size, pre-allocated 0 pages
[    0.350726] HugeTLB: 16380 KiB vmemmap can be freed for a 1.00 GiB page
[    0.353726] HugeTLB: registered 2.00 MiB page size, pre-allocated 0 pages
[    0.354725] HugeTLB: 28 KiB vmemmap can be freed for a 2.00 MiB page
[    0.363083] raid6: skipped pq benchmark and selected avx2x4
[    0.363726] raid6: using avx2x2 recovery algorithm
[    0.364797] ACPI: Added _OSI(Module Device)
[    0.365726] ACPI: Added _OSI(Processor Device)
[    0.367726] ACPI: Added _OSI(Processor Aggregator Device)
[    0.369772] ACPI: 1 ACPI AML tables successfully acquired and loaded
[    0.373859] ACPI: Interpreter enabled
[    0.374742] ACPI: PM: (supports S0 S3 S4 S5)
[    0.375726] ACPI: Using IOAPIC for interrupt routing
[    0.376859] PCI: Using host bridge windows from ACPI; if necessary, use "pci=nocrs" and report a bug
[    0.379726] PCI: Using E820 reservations for host bridge windows
[    0.380826] ACPI: Enabled 2 GPEs in block 00 to 0F
[    0.384258] ACPI: PCI Root Bridge [PCI0] (domain 0000 [bus 00-ff])
[    0.385730] acpi PNP0A03:00: _OSC: OS supports [ASPM ClockPM Segments MSI EDR HPX-Type3]
[    0.387727] acpi PNP0A03:00: _OSC: not requesting OS control; OS requires [ExtendedConfig ASPM ClockPM MSI]
[    0.390735] acpi PNP0A03:00: fail to add MMCONFIG information, can't access extended configuration space under this bridge
[    0.393094] acpiphp: Slot [3] registered
[    0.394751] acpiphp: Slot [4] registered
[    0.395734] acpiphp: Slot [5] registered
[    0.396715] acpiphp: Slot [6] registered
[    0.397752] acpiphp: Slot [7] registered
[    0.398730] acpiphp: Slot [8] registered
[    0.399748] acpiphp: Slot [9] registered
[    0.400729] acpiphp: Slot [10] registered
[    0.401735] acpiphp: Slot [11] registered
[    0.402738] acpiphp: Slot [12] registered
[    0.403753] acpiphp: Slot [13] registered
[    0.404747] acpiphp: Slot [14] registered
[    0.405734] acpiphp: Slot [15] registered
[    0.406731] acpiphp: Slot [16] registered
[    0.407740] acpiphp: Slot [17] registered
[    0.408734] acpiphp: Slot [18] registered
[    0.409749] acpiphp: Slot [19] registered
[    0.410733] acpiphp: Slot [20] registered
[    0.411688] acpiphp: Slot [21] registered
[    0.412747] acpiphp: Slot [22] registered
[    0.413734] acpiphp: Slot [23] registered
[    0.414729] acpiphp: Slot [24] registered
[    0.415693] acpiphp: Slot [25] registered
[    0.416748] acpiphp: Slot [26] registered
[    0.417734] acpiphp: Slot [27] registered
[    0.418728] acpiphp: Slot [28] registered
[    0.419693] acpiphp: Slot [29] registered
[    0.419747] acpiphp: Slot [30] registered
[    0.420747] acpiphp: Slot [31] registered
[    0.421729] PCI host bridge to bus 0000:00
[    0.422719] pci_bus 0000:00: root bus resource [io  0x0000-0x0cf7 window]
[    0.424726] pci_bus 0000:00: root bus resource [io  0x0d00-0xffff window]
[    0.426726] pci_bus 0000:00: root bus resource [mem 0x000a0000-0x000bffff window]
[    0.427726] pci_bus 0000:00: root bus resource [mem 0x80000000-0xfebfffff window]
[    0.429726] pci_bus 0000:00: root bus resource [mem 0x100000000-0x17fffffff window]
[    0.431727] pci_bus 0000:00: root bus resource [bus 00-ff]
[    0.432790] pci 0000:00:00.0: [8086:1237] type 00 class 0x060000 conventional PCI endpoint
[    0.435504] pci 0000:00:01.0: [8086:7000] type 00 class 0x060100 conventional PCI endpoint
[    0.438530] pci 0000:00:01.1: [8086:7010] type 00 class 0x010180 conventional PCI endpoint
[    0.441718] pci 0000:00:01.1: BAR 4 [io  0xc0e0-0xc0ef]
[    0.442785] pci 0000:00:01.1: BAR 0 [io  0x01f0-0x01f7]: legacy IDE quirk
[    0.444726] pci 0000:00:01.1: BAR 1 [io  0x03f6]: legacy IDE quirk
[    0.445726] pci 0000:00:01.1: BAR 2 [io  0x0170-0x0177]: legacy IDE quirk
[    0.447726] pci 0000:00:01.1: BAR 3 [io  0x0376]: legacy IDE quirk
[    0.448992] pci 0000:00:01.3: [8086:7113] type 00 class 0x068000 conventional PCI endpoint
[    0.452288] pci 0000:00:01.3: quirk: [io  0x0600-0x063f] claimed by PIIX4 ACPI
[    0.453739] pci 0000:00:01.3: quirk: [io  0x0700-0x070f] claimed by PIIX4 SMB
[    0.456044] pci 0000:00:02.0: [1234:1111] type 00 class 0x030000 conventional PCI endpoint
[    0.461771] pci 0000:00:02.0: BAR 0 [mem 0xfd000000-0xfdffffff pref]
[    0.462752] pci 0000:00:02.0: BAR 2 [mem 0xfebd0000-0xfebd0fff]
[    0.464815] pci 0000:00:02.0: ROM [mem 0xfebc0000-0xfebcffff pref]
[    0.465861] pci 0000:00:02.0: Video device with shadowed ROM at [mem 0x000c0000-0x000dffff]
[    0.469293] pci 0000:00:03.0: [1af4:1009] type 00 class 0x000200 conventional PCI endpoint
[    0.471740] pci 0000:00:03.0: BAR 0 [io  0xc080-0xc0bf]
[    0.473740] pci 0000:00:03.0: BAR 1 [mem 0xfebd1000-0xfebd1fff]
[    0.474775] pci 0000:00:03.0: BAR 4 [mem 0xfe000000-0xfe003fff 64bit pref]
[    0.478612] pci 0000:00:04.0: [1af4:1000] type 00 class 0x020000 conventional PCI endpoint
[    0.482506] pci 0000:00:04.0: BAR 0 [io  0xc0c0-0xc0df]
[    0.483740] pci 0000:00:04.0: BAR 1 [mem 0xfebd2000-0xfebd2fff]
[    0.484776] pci 0000:00:04.0: BAR 4 [mem 0xfe004000-0xfe007fff 64bit pref]
[    0.486740] pci 0000:00:04.0: ROM [mem 0xfeb80000-0xfebbffff pref]
[    0.489445] pci 0000:00:05.0: [1af4:1001] type 00 class 0x010000 conventional PCI endpoint
[    0.493078] pci 0000:00:05.0: BAR 0 [io  0xc000-0xc07f]
[    0.494740] pci 0000:00:05.0: BAR 1 [mem 0xfebd3000-0xfebd3fff]
[    0.495774] pci 0000:00:05.0: BAR 4 [mem 0xfe008000-0xfe00bfff 64bit pref]
[    0.505411] ACPI: PCI: Interrupt link LNKA configured for IRQ 10
[    0.506863] ACPI: PCI: Interrupt link LNKB configured for IRQ 10
[    0.508857] ACPI: PCI: Interrupt link LNKC configured for IRQ 11
[    0.509914] ACPI: PCI: Interrupt link LNKD configured for IRQ 11
[    0.511835] ACPI: PCI: Interrupt link LNKS configured for IRQ 9
[    0.513735] iommu: Default domain type: Translated
[    0.514726] iommu: DMA domain TLB invalidation policy: lazy mode
[    0.516881] SCSI subsystem initialized
[    0.517753] ACPI: bus type USB registered
[    0.518747] usbcore: registered new interface driver usbfs
[    0.519736] usbcore: registered new interface driver hub
[    0.520732] usbcore: registered new device driver usb
[    0.522752] EDAC MC: Ver: 3.0.0
[    0.524084] NetLabel: Initializing
[    0.524726] NetLabel:  domain hash size = 128
[    0.525725] NetLabel:  protocols = UNLABELED CIPSOv4 CALIPSO
[    0.526745] NetLabel:  unlabeled traffic allowed by default
[    0.528736] mctp: management component transport protocol core
[    0.529726] NET: Registered PF_MCTP protocol family
[    0.530742] PCI: Using ACPI for IRQ routing
[    0.532790] pci 0000:00:02.0: vgaarb: setting as boot VGA device
[    0.533722] pci 0000:00:02.0: vgaarb: bridge control possible
[    0.533722] pci 0000:00:02.0: vgaarb: VGA device added: decodes=io+mem,owns=io+mem,locks=none
[    0.537727] vgaarb: loaded
[    0.538439] hpet0: at MMIO 0xfed00000, IRQs 2, 8, 0
[    0.539726] hpet0: 3 comparators, 64-bit 100.000000 MHz counter
[    0.543794] clocksource: Switched to clocksource kvm-clock
[    0.545877] VFS: Disk quotas dquot_6.6.0
[    0.546859] VFS: Dquot-cache hash table entries: 512 (order 0, 4096 bytes)
[    0.548740] pnp: PnP ACPI init
[    0.549863] pnp: PnP ACPI: found 6 devices
[    0.557066] clocksource: acpi_pm: mask: 0xffffff max_cycles: 0xffffff, max_idle_ns: 2085701024 ns
[    0.559239] NET: Registered PF_INET protocol family
[    0.560469] IP idents hash table entries: 32768 (order: 6, 262144 bytes, linear)
[    0.574997] tcp_listen_portaddr_hash hash table entries: 1024 (order: 2, 16384 bytes, linear)
[    0.577158] Table-perturb hash table entries: 65536 (order: 6, 262144 bytes, linear)
[    0.579040] TCP established hash table entries: 16384 (order: 5, 131072 bytes, linear)
[    0.580962] TCP bind hash table entries: 16384 (order: 7, 524288 bytes, linear)
[    0.582762] TCP: Hash tables configured (established 16384 bind 16384)
[    0.584505] MPTCP token hash table entries: 2048 (order: 4, 49152 bytes, linear)
[    0.586298] UDP hash table entries: 1024 (order: 4, 65536 bytes, linear)
[    0.587911] UDP-Lite hash table entries: 1024 (order: 4, 65536 bytes, linear)
[    0.589681] NET: Registered PF_UNIX/PF_LOCAL protocol family
[    0.591043] NET: Registered PF_XDP protocol family
[    0.592207] pci_bus 0000:00: resource 4 [io  0x0000-0x0cf7 window]
[    0.593728] pci_bus 0000:00: resource 5 [io  0x0d00-0xffff window]
[    0.595250] pci_bus 0000:00: resource 6 [mem 0x000a0000-0x000bffff window]
[    0.596899] pci_bus 0000:00: resource 7 [mem 0x80000000-0xfebfffff window]
[    0.598565] pci_bus 0000:00: resource 8 [mem 0x100000000-0x17fffffff window]
[    0.600302] pci 0000:00:01.0: PIIX3: Enabling Passive Release
[    0.601706] pci 0000:00:00.0: Limiting direct PCI/PCI transfers
[    0.603220] PCI: CLS 0 bytes, default 64
[    0.604332] clocksource: tsc: mask: 0xffffffffffffffff max_cycles: 0x33e452fbb2f, max_idle_ns: 440795236593 ns
[    0.604443] Trying to unpack rootfs image as initramfs...
[    0.632961] Initialise system trusted keyrings
[    0.634089] Key type blacklist registered
[    0.635112] workingset: timestamp_bits=36 max_order=19 bucket_order=0
[    0.636891] fuse: init (API version 7.45)
[    0.637954] integrity: Platform Keyring initialized
[    0.639161] integrity: Machine keyring initialized
[    0.650060] xor: automatically using best checksumming function   avx       
[    0.651824] Key type asymmetric registered
[    0.652862] Asymmetric key parser 'x509' registered
[    0.653944] Freeing initrd memory: 12936K
[    0.654123] Block layer SCSI generic (bsg) driver version 0.4 loaded (major 245)
[    0.656976] io scheduler mq-deadline registered
[    0.658076] io scheduler kyber registered
[    0.659067] io scheduler bfq registered
[    0.660193] ledtrig-cpu: registered to indicate activity on CPUs
[    0.661996] input: Power Button as /devices/LNXSYSTM:00/LNXPWRBN:00/input/input0
[    0.667065] ACPI: button: Power Button [PWRF]
[    0.669190] ACPI: \_SB_.LNKC: Enabled at IRQ 11
[    0.672733] ACPI: \_SB_.LNKD: Enabled at IRQ 10
[    0.675944] ACPI: \_SB_.LNKA: Enabled at IRQ 10
[    0.681896] Serial: 8250/16550 driver, 32 ports, IRQ sharing enabled
[    0.683993] 00:04: ttyS0 at I/O 0x3f8 (irq = 4, base_baud = 115200) is a 16550A
[    0.688211] Non-volatile memory driver v1.3
[    0.689254] Linux agpgart interface v0.103
[    0.690373] ACPI: bus type drm_connector registered
[    0.691964] virtio_blk virtio2: 2/0/0 default/read/poll queues
[    0.694611] virtio_blk virtio2: [vda] 25165824 512-byte logical blocks (12.9 GB/12.0 GiB)
[    0.705916]  vda: vda1
[    0.706849] usbcore: registered new interface driver usbserial_generic
[    0.708515] usbserial: USB Serial support registered for generic
[    0.710069] i8042: PNP: PS/2 Controller [PNP0303:KBD,PNP0f13:MOU] at 0x60,0x64 irq 1,12
[    0.712891] serio: i8042 KBD port at 0x60,0x64 irq 1
[    0.714140] serio: i8042 AUX port at 0x60,0x64 irq 12
[    0.715546] rtc_cmos 00:05: RTC can wake from S4
[    0.717255] input: AT Translated Set 2 keyboard as /devices/platform/i8042/serio0/input/input1
[    0.719789] rtc_cmos 00:05: registered as rtc0
[    0.721036] rtc_cmos 00:05: setting system clock to 2026-02-28T12:29:18 UTC (1772281758)
[    0.723467] rtc_cmos 00:05: alarms up to one day, y3k, 242 bytes nvram, hpet irqs
[    0.725305] intel_pstate: CPU model not supported
[    0.726540] hid: raw HID events driver (C) Jiri Kosina
[    0.727871] usbcore: registered new interface driver usbhid
[    0.729246] usbhid: USB HID core driver
[    0.730237] rust_binder: Loaded Rust Binder.
[    0.730260] drop_monitor: Initializing network drop monitor service
[    0.733025] NET: Registered PF_INET6 protocol family
[    0.734533] Segment Routing with IPv6
[    0.735420] RPL Segment Routing with IPv6
[    0.736391] In-situ OAM (IOAM) with IPv6
[    0.737358] NET: Registered PF_PACKET protocol family
[    0.738869] IPI shorthand broadcast: enabled
[    0.741872] sched_clock: Marking stable (544027309, 196971997)->(793881023, -52881717)
[    0.743945] registered taskstats version 1
[    0.745320] Loading compiled-in X.509 certificates
[    0.751933] Loaded X.509 cert 'Build time autogenerated kernel key: bd75f57764373954f9094fd02f3449c1c19f0d83'
[    0.756699] zswap: loaded using pool zstd
[    0.757758] Demotion targets for Node 0: null
[    0.758967] Key type .fscrypt registered
[    0.760048] Key type fscrypt-provisioning registered
[    0.761488] Btrfs loaded, zoned=yes, fsverity=yes
[    0.762667] Key type big_key registered
[    0.763858] PM:   Magic number: 14:278:482
[    0.765738] RAS: Correctable Errors collector initialized.
[    0.771185] clk: Disabling unused clocks
[    0.772188] PM: genpd: Disabling unused power domains
[    0.775122] Freeing unused decrypted memory: 2028K
[    0.776532] Freeing unused kernel image (initmem) memory: 4732K
[    0.777668] Write protecting the kernel read-only data: 36864k
[    0.779019] Freeing unused kernel image (text/rodata gap) memory: 164K
[    0.780238] Freeing unused kernel image (rodata/data gap) memory: 12K
[    0.819335] x86/mm: Checked W+X mappings: passed, no W+X pages found.
[    0.820476] rodata_test: all tests were successful
[    0.821295] x86/mm: Checking user space page tables
[    0.858044] x86/mm: Checked W+X mappings: passed, no W+X pages found.
[    0.859232] Run /init as init process
P+q6E616D65\[    1.215061] systemd[1]: Successfully made /usr/ read-only.
[6n[32766;32766H[6n[!p]104\[0m[?7h[1G[0J[    1.553136] systemd[1]: systemd 259.1-1-arch running in system mode (+PAM +AUDIT -SELINUX +APPARMOR -IMA +IPE +SMACK +SECCOMP +GCRYPT +GNUTLS +OPENSSL +ACL +BLKID +CURL +ELFUTILS +FIDO2 +IDN2 -IDN +KMOD +LIBCRYPTSETUP +LIBCRYPTSETUP_PLUGINS +LIBFDISK +PCRE2 +PWQUALITY +P11KIT +QRENCODE +TPM2 +BZIP2 +LZ4 +XZ +ZLIB +ZSTD +BPF_FRAMEWORK +BTF +XKBCOMMON +UTMP -SYSVINIT +LIBARCHIVE)
[    1.568437] systemd[1]: Detected virtualization kvm.
[    1.570805] systemd[1]: Detected architecture x86-64.
[    1.573203] systemd[1]: Running in initrd.
[0;1;39mBooting initrd of [0m[38;2;23;147;209mArch Linux[0m[0;1;39m.[0m
[    1.579562] systemd[1]: Initializing machine ID from random generator.
]3008;start=6f210fd39b854cdda6e8ee622f5c90ad;user=root;hostname=archlinux;machineid=cabb74779430400f934c3d2d62ec2f9a;bootid=31651a1b1e7e40458edb815d00941dd7;pid=1;pidfdid=2;comm=systemd;type=boot\[    1.651455] systemd[1]: Queued start job for default target Initrd Default Target.
[    1.692181] systemd[1]: Expecting device /dev/vda1...
         Expecting device [0;1;39m/dev/vda1[0m...
[    1.694194] systemd[1]: Reached target Path Units.
[[0;32m  OK  [0m] Reached target [0;1;39mPath Units[0m.
[    1.696238] systemd[1]: Reached target Slice Units.
[[0;32m  OK  [0m] Reached target [0;1;39mSlice Units[0m.
[    1.698465] systemd[1]: Reached target Swaps.
[[0;32m  OK  [0m] Reached target [0;1;39mSwaps[0m.
[    1.700278] systemd[1]: Reached target Timer Units.
[[0;32m  OK  [0m] Reached target [0;1;39mTimer Units[0m.
[    1.702440] systemd[1]: Listening on Journal Socket (/dev/log).
[[0;32m  OK  [0m] Listening on [0;1;39mJournal Socket (/dev/log)[0m.
[    1.704882] systemd[1]: Listening on Journal Sockets.
[[0;32m  OK  [0m] Listening on [0;1;39mJournal Sockets[0m.
[    1.707082] systemd[1]: Listening on udev Control Socket.
[[0;32m  OK  [0m] Listening on [0;1;39mudev Control Socket[0m.
[    1.709421] systemd[1]: Listening on udev Kernel Socket.
[[0;32m  OK  [0m] Listening on [0;1;39mudev Kernel Socket[0m.
[    1.711742] systemd[1]: Reached target Socket Units.
[[0;32m  OK  [0m] Reached target [0;1;39mSocket Units[0m.
[    1.713857] systemd[1]: Create List of Static Device Nodes skipped, unmet condition check ConditionFileNotEmpty=/lib/modules/6.18.9-arch1-2/modules.devname
[    1.716314] systemd[1]: Early Battery Level Check skipped, unmet condition check ConditionDirectoryNotEmpty=/sys/class/power_supply
[    1.718423] systemd[1]: Display Boot-Time Emergency Messages In Full Screen skipped, unmet condition check ConditionVirtualization=no
[    1.724742] systemd[1]: Starting Journal Service...
         Starting [0;1;39mJournal Service[0m...
[    1.729561] systemd[1]: Starting Load Kernel Modules...
         Starting [0;1;39mLoad Kernel Modules[0m...
[    1.731648] systemd[1]: TPM PCR Barrier (initrd) skipped, unmet condition check ConditionSecurity=measured-uki
[    1.736166] systemd[1]: Starting Create Static Device Nodes in /dev...
         Starting [0;1;39mCreate Static Device Nodes in /dev[0m...
[    1.750243] systemd-journald[104]: Collecting audit messages is disabled.
[    1.752280] systemd[1]: Starting Coldplug All udev Devices...
         Starting [0;1;39mColdplug All udev Devices[0m...
[    1.776049] systemd[1]: Finished Create Static Device Nodes in /dev.
[[0;32m  OK  [0m] Finished [0;1;39mCreate Static Device Nodes in /dev[0m.
[    1.781491] systemd[1]: Started Journal Service.
[[0;32m  OK  [0m] Started [0;1;39mJournal Service[0m.
[[0;32m  OK  [0m] Reached target [0;1;39mPreparation for Local File Systems[0m.
[[0;32m  OK  [0m] Reached target [0;1;39mLocal File Systems[0m.
[    1.791144] netfs: FS-Cache loaded
         Starting [0;1;39mCreate System Files and Directories[0m...
         Starting [0;1;39mRule-based Manager for Device Events and Files[0m...
[    1.809808] 9pnet: Installing 9P2000 support
[[0;32m  OK  [0m] Finished [0;1;39mCreate System Files and Directories[0m.
[    1.829513] 9p: Installing v9fs 9p2000 file system support
[[0;32m  OK  [0m] Finished [0;1;39mLoad Kernel Modules[0m.
[[0;32m  OK  [0m] Started [0;1;39mRule-based Manager for Device Events and Files[0m.
[[0;32m  OK  [0m] Finished [0;1;39mColdplug All udev Devices[0m.
[[0;32m  OK  [0m] Reached target [0;1;39mSystem Initialization[0m.
[[0;32m  OK  [0m] Reached target [0;1;39mBasic System[0m.
[[0;32m  OK  [0m] Found device [0;1;39m/dev/vda1[0m.
[[0;32m  OK  [0m] Reached target [0;1;39mInitrd Root Device[0m.
         Starting [0;1;39mFile System Check on /dev/vda1[0m...
         Starting [0;1;39mVirtual Console Setup[0m...
[[0;32m  OK  [0m] Finished [0;1;39mFile System Check on /dev/vda1[0m.
[[0;32m  OK  [0m] Finished [0;1;39mVirtual Console Setup[0m.
         Mounting [0;1;39m/sysroot[0m...
[    2.846768] EXT4-fs (vda1): mounted filesystem ddfae1cc-629e-47f4-9008-261996ba3811 r/w with ordered data mode. Quota mode: none.
[[0;32m  OK  [0m] Mounted [0;1;39m/sysroot[0m.
[[0;32m  OK  [0m] Reached target [0;1;39mInitrd Root File System[0m.
         Starting [0;1;39mMountpoints Configured in the Real Root[0m...
[[0;32m  OK  [0m] Finished [0;1;39mMountpoints Configured in the Real Root[0m.
[[0;32m  OK  [0m] Reached target [0;1;39mInitrd File Systems[0m.
[[0;32m  OK  [0m] Reached target [0;1;39mInitrd Default Target[0m.
         Starting [0;1;39mCleaning Up and Shutting Down Daemons[0m...
[[0;32m  OK  [0m] Stopped target [0;1;39mInitrd Default Target[0m.
[[0;32m  OK  [0m] Stopped target [0;1;39mBasic System[0m.
[[0;32m  OK  [0m] Stopped target [0;1;39mInitrd Root Device[0m.
[[0;32m  OK  [0m] Stopped target [0;1;39mPath Units[0m.
[[0;32m  OK  [0m] Stopped target [0;1;39mSlice Units[0m.
[[0;32m  OK  [0m] Stopped target [0;1;39mSocket Units[0m.
[[0;32m  OK  [0m] Stopped target [0;1;39mSystem Initialization[0m.
[[0;32m  OK  [0m] Stopped target [0;1;39mSwaps[0m.
[[0;32m  OK  [0m] Stopped target [0;1;39mTimer Units[0m.
[[0;32m  OK  [0m] Stopped [0;1;39mLoad Kernel Modules[0m.
[[0;32m  OK  [0m] Stopped [0;1;39mCreate System Files and Directories[0m.
[[0;32m  OK  [0m] Stopped target [0;1;39mLocal File Systems[0m.
[[0;32m  OK  [0m] Stopped target [0;1;39mPreparation for Local File Systems[0m.
[[0;32m  OK  [0m] Stopped [0;1;39mColdplug All udev Devices[0m.
         Stopping [0;1;39mRule-based Manager for Device Events and Files[0m...
[[0;32m  OK  [0m] Stopped [0;1;39mVirtual Console Setup[0m.
[[0;32m  OK  [0m] Stopped [0;1;39mRule-based Manager for Device Events and Files[0m.
[[0;32m  OK  [0m] Finished [0;1;39mCleaning Up and Shutting Down Daemons[0m.
[[0;32m  OK  [0m] Closed [0;1;39mudev Control Socket[0m.
         Starting [0;1;39mCleanup udev Database[0m...
[[0;32m  OK  [0m] Stopped [0;1;39mCreate Static Device Nodes in /dev[0m.
[[0;32m  OK  [0m] Finished [0;1;39mCleanup udev Database[0m.
[[0;32m  OK  [0m] Reached target [0;1;39mSwitch Root[0m.
         Starting [0;1;39mSwitch Root[0m...
[    3.115764] systemd-journald[104]: Received SIGTERM from PID 1 (systemd).
P+q6E616D65\[6n[32766;32766H[6n[!p]104\[0m[?7h[1G[0J[    3.878847] systemd[1]: systemd 259.1-1-arch running in system mode (+PAM +AUDIT -SELINUX +APPARMOR -IMA +IPE +SMACK +SECCOMP +GCRYPT +GNUTLS +OPENSSL +ACL +BLKID +CURL +ELFUTILS +FIDO2 +IDN2 -IDN +KMOD +LIBCRYPTSETUP +LIBCRYPTSETUP_PLUGINS +LIBFDISK +PCRE2 +PWQUALITY +P11KIT +QRENCODE +TPM2 +BZIP2 +LZ4 +XZ +ZLIB +ZSTD +BPF_FRAMEWORK +BTF +XKBCOMMON +UTMP -SYSVINIT +LIBARCHIVE)
[    3.893643] systemd[1]: Detected virtualization kvm.
[    3.895947] systemd[1]: Detected architecture x86-64.

[0;1;39mWelcome to [0m[38;2;23;147;209mArch Linux[0m[0;1;39m![0m

[    3.916077] systemd[1]: Hostname set to <ksmbd-vm>.
]3008;start=b0380ff7e21943309901148b5eeac477;user=root;hostname=ksmbd-vm;machineid=0ab76daf18ce42b0b036a81eb53bdd79;bootid=31651a1b1e7e40458edb815d00941dd7;pid=1;pidfdid=2;comm=systemd;type=boot\[    4.076052] systemd[1]: bpf-restrict-fs: LSM BPF program attached
[    4.141733] Guest personality initialized and is inactive
[    4.142808] VMCI host device registered (name=vmci, major=10, minor=260)
[    4.143985] Initialized host personality
[    4.148738] NET: Registered PF_VSOCK protocol family
[    4.338664] systemd[1]: initrd-switch-root.service: Deactivated successfully.
[    4.340201] systemd[1]: Stopped Switch Root.
[[0;32m  OK  [0m] Stopped [0;1;39mSwitch Root[0m.
[    4.343031] systemd[1]: systemd-journald.service: Scheduled restart job, restart counter is at 1.
[    4.345031] systemd[1]: Created slice Slice /system/dirmngr.
[[0;32m  OK  [0m] Created slice [0;1;39mSlice /system/dirmngr[0m.
[    4.347670] systemd[1]: Created slice Slice /system/getty.
[[0;32m  OK  [0m] Created slice [0;1;39mSlice /system/getty[0m.
[    4.350275] systemd[1]: Created slice Slice /system/gpg-agent.
[[0;32m  OK  [0m] Created slice [0;1;39mSlice /system/gpg-agent[0m.
[    4.353089] systemd[1]: Created slice Slice /system/gpg-agent-browser.
[[0;32m  OK  [0m] Created slice [0;1;39mSlice /system/gpg-agent-browser[0m.
[    4.356046] systemd[1]: Created slice Slice /system/gpg-agent-extra.
[[0;32m  OK  [0m] Created slice [0;1;39mSlice /system/gpg-agent-extra[0m.
[    4.358886] systemd[1]: Created slice Slice /system/gpg-agent-ssh.
[[0;32m  OK  [0m] Created slice [0;1;39mSlice /system/gpg-agent-ssh[0m.
[    4.361678] systemd[1]: Created slice Slice /system/keyboxd.
[[0;32m  OK  [0m] Created slice [0;1;39mSlice /system/keyboxd[0m.
[    4.364285] systemd[1]: Created slice Slice /system/modprobe.
[[0;32m  OK  [0m] Created slice [0;1;39mSlice /system/modprobe[0m.
[    4.366922] systemd[1]: Created slice Slice /system/serial-getty.
[[0;32m  OK  [0m] Created slice [0;1;39mSlice /system/serial-getty[0m.
[    4.369724] systemd[1]: Created slice User and Session Slice.
[[0;32m  OK  [0m] Created slice [0;1;39mUser and Session Slice[0m.
[    4.372166] systemd[1]: Started Dispatch Password Requests to Console Directory Watch.
[[0;32m  OK  [0m] Started [0;1;39mDispatch Password Requests to Console Directory Watch[0m.
[    4.375523] systemd[1]: Started Forward Password Requests to Wall Directory Watch.
[[0;32m  OK  [0m] Started [0;1;39mForward Password Requests to Wall Directory Watch[0m.
[    4.378721] systemd[1]: Set up automount Arbitrary Executable File Formats File System Automount Point.
[[0;32m  OK  [0m] Set up automount [0;1;39mArbitrary Executa…ormats File System Automount Point[0m.
[    4.382304] systemd[1]: Expecting device /dev/ttyS0...
         Expecting device [0;1;39m/dev/ttyS0[0m...
[    4.384295] systemd[1]: Reached target Local Encrypted Volumes.
[[0;32m  OK  [0m] Reached target [0;1;39mLocal Encrypted Volumes[0m.
[    4.386820] systemd[1]: Reached target Image Downloads.
[[0;32m  OK  [0m] Reached target [0;1;39mImage Downloads[0m.
[    4.389051] systemd[1]: Stopped target Switch Root.
[[0;32m  OK  [0m] Stopped target [0;1;39mSwitch Root[0m.
[    4.391084] systemd[1]: Stopped target Initrd File Systems.
[[0;32m  OK  [0m] Stopped target [0;1;39mInitrd File Systems[0m.
[    4.393414] systemd[1]: Stopped target Initrd Root File System.
[[0;32m  OK  [0m] Stopped target [0;1;39mInitrd Root File System[0m.
[    4.396028] systemd[1]: Reached target Local Integrity Protected Volumes.
[[0;32m  OK  [0m] Reached target [0;1;39mLocal Integrity Protected Volumes[0m.
[    4.398732] systemd[1]: Reached target Path Units.
[[0;32m  OK  [0m] Reached target [0;1;39mPath Units[0m.
[    4.400706] systemd[1]: Reached target Remote File Systems.
[[0;32m  OK  [0m] Reached target [0;1;39mRemote File Systems[0m.
[    4.403021] systemd[1]: Reached target Slice Units.
[[0;32m  OK  [0m] Reached target [0;1;39mSlice Units[0m.
[    4.405062] systemd[1]: Reached target Swaps.
[[0;32m  OK  [0m] Reached target [0;1;39mSwaps[0m.
[    4.406912] systemd[1]: Reached target Local Verity Protected Volumes.
[[0;32m  OK  [0m] Reached target [0;1;39mLocal Verity Protected Volumes[0m.
[    4.409692] systemd[1]: Listening on Device-mapper event daemon FIFOs.
[[0;32m  OK  [0m] Listening on [0;1;39mDevice-mapper event daemon FIFOs[0m.
[    4.413256] systemd[1]: Listening on Query the User Interactively for a Password.
[[0;32m  OK  [0m] Listening on [0;1;39mQuery the User Interactively for a Password[0m.
[    4.417201] systemd[1]: Listening on Process Core Dump Socket.
[[0;32m  OK  [0m] Listening on [0;1;39mProcess Core Dump Socket[0m.
[    4.420169] systemd[1]: Listening on Credential Encryption/Decryption.
[[0;32m  OK  [0m] Listening on [0;1;39mCredential Encryption/Decryption[0m.
[    4.423561] systemd[1]: Listening on Factory Reset Management.
[[0;32m  OK  [0m] Listening on [0;1;39mFactory Reset Management[0m.
[    4.426901] systemd[1]: Listening on Console Output Muting Service Socket.
[[0;32m  OK  [0m] Listening on [0;1;39mConsole Output Muting Service Socket[0m.
[    4.429881] systemd[1]: Listening on Network Management Resolve Hook Socket.
[[0;32m  OK  [0m] Listening on [0;1;39mNetwork Management Resolve Hook Socket[0m.
[    4.432895] systemd[1]: Listening on Network Management Varlink Socket.
[[0;32m  OK  [0m] Listening on [0;1;39mNetwork Management Varlink Socket[0m.
[    4.435736] systemd[1]: Listening on Network Management Netlink Socket.
[[0;32m  OK  [0m] Listening on [0;1;39mNetwork Management Netlink Socket[0m.
[    4.438493] systemd[1]: TPM PCR Measurements skipped, unmet condition check ConditionSecurity=measured-uki
[    4.440171] systemd[1]: Make TPM PCR Policy skipped, unmet condition check ConditionSecurity=measured-uki
[    4.442660] systemd[1]: Listening on Disk Repartitioning Service Socket.
[[0;32m  OK  [0m] Listening on [0;1;39mDisk Repartitioning Service Socket[0m.
[    4.445447] systemd[1]: Listening on Resolve Monitor Varlink Socket.
[[0;32m  OK  [0m] Listening on [0;1;39mResolve Monitor Varlink Socket[0m.
[    4.448050] systemd[1]: Listening on Resolve Service Varlink Socket.
[[0;32m  OK  [0m] Listening on [0;1;39mResolve Service Varlink Socket[0m.
[    4.450737] systemd[1]: Listening on udev Control Socket.
[[0;32m  OK  [0m] Listening on [0;1;39mudev Control Socket[0m.
[    4.453197] systemd[1]: Listening on udev Varlink Socket.
[[0;32m  OK  [0m] Listening on [0;1;39mudev Varlink Socket[0m.
[    4.455558] systemd[1]: Listening on User Database Manager Socket.
[[0;32m  OK  [0m] Listening on [0;1;39mUser Database Manager Socket[0m.
[    4.458964] systemd[1]: Mounting Huge Pages File System...
         Mounting [0;1;39mHuge Pages File System[0m...
[    4.461818] systemd[1]: Mounting POSIX Message Queue File System...
         Mounting [0;1;39mPOSIX Message Queue File System[0m...
[    4.464116] systemd[1]: Mounting Kernel Debug File System...
         Mounting [0;1;39mKernel Debug File System[0m...
[    4.470432] systemd[1]: Mounting Kernel Trace File System...
         Mounting [0;1;39mKernel Trace File System[0m...
[    4.478480] systemd[1]: Mounting Temporary Directory /tmp...
         Mounting [0;1;39mTemporary Directory /tmp[0m...
[    4.482699] systemd[1]: Starting Create List of Static Device Nodes...
         Starting [0;1;39mCreate List of Static Device Nodes[0m...
[    4.486607] systemd[1]: Load Kernel Module configfs skipped, unmet condition check ConditionKernelModuleLoaded=!configfs
[    4.497117] systemd[1]: Mounting Kernel Configuration File System...
         Mounting [0;1;39mKernel Configuration File System[0m...
[    4.501252] systemd[1]: Load Kernel Module drm skipped, unmet condition check ConditionKernelModuleLoaded=!drm
[    4.503483] systemd[1]: Load Kernel Module fuse skipped, unmet condition check ConditionKernelModuleLoaded=!fuse
[    4.511214] systemd[1]: Mounting FUSE Control File System...
         Mounting [0;1;39mFUSE Control File System[0m...
[    4.514651] systemd[1]: Clear Stale Hibernate Storage Info skipped, unmet condition check ConditionPathExists=/sys/firmware/efi/efivars/HibernateLocation-8cf2644b-4b0b-428f-9387-6d876050dc67
[    4.526660] systemd[1]: Starting Journal Service...
         Starting [0;1;39mJournal Service[0m...
[    4.530658] systemd[1]: Load Kernel Modules skipped, no trigger condition checks were met.
[    4.534599] systemd[1]: Starting Generate Network Units from Kernel Command Line...
         Starting [0;1;39mGenerate Network Units from Kernel Command Line[0m...
[    4.538044] systemd[1]: TPM PCR Machine ID Measurement skipped, unmet condition check ConditionSecurity=measured-uki
[    4.540120] systemd[1]: TPM NvPCR Product ID Measurement skipped, unmet condition check ConditionSecurity=measured-uki
[    4.548757] systemd-journald[325]: Collecting audit messages is disabled.
[    4.554078] systemd[1]: Starting Remount Root and Kernel File Systems...
         Starting [0;1;39mRemount Root and Kernel File Systems[0m...
[    4.561053] systemd[1]: Starting Apply Kernel Variables...
         Starting [0;1;39mApply Kernel Variables[0m...
[    4.563219] systemd[1]: Early TPM SRK Setup skipped, unmet condition check ConditionSecurity=measured-uki
[    4.566007] EXT4-fs (vda1): re-mounted ddfae1cc-629e-47f4-9008-261996ba3811.
[    4.567491] systemd[1]: Starting Load udev Rules from Credentials...
         Starting [0;1;39mLoad udev Rules from Credentials[0m...
[    4.572754] systemd[1]: Starting Coldplug All udev Devices...
         Starting [0;1;39mColdplug All udev Devices[0m...
[    4.580507] systemd[1]: Started Journal Service.
[[0;32m  OK  [0m] Started [0;1;39mJournal Service[0m.
[[0;32m  OK  [0m] Mounted [0;1;39mHuge Pages File System[0m.
[[0;32m  OK  [0m] Mounted [0;1;39mPOSIX Message Queue File System[0m.
[[0;32m  OK  [0m] Mounted [0;1;39mKernel Debug File System[0m.
[[0;32m  OK  [0m] Mounted [0;1;39mKernel Trace File System[0m.
[[0;32m  OK  [0m] Mounted [0;1;39mTemporary Directory /tmp[0m.
[[0;32m  OK  [0m] Finished [0;1;39mCreate List of Static Device Nodes[0m.
[[0;32m  OK  [0m] Mounted [0;1;39mKernel Configuration File System[0m.
[[0;32m  OK  [0m] Mounted [0;1;39mFUSE Control File System[0m.
[[0;32m  OK  [0m] Finished [0;1;39mGenerate Network Units from Kernel Command Line[0m.
[[0;32m  OK  [0m] Finished [0;1;39mRemount Root and Kernel File Systems[0m.
[[0;32m  OK  [0m] Finished [0;1;39mApply Kernel Variables[0m.
[[0;32m  OK  [0m] Finished [0;1;39mLoad udev Rules from Credentials[0m.
[[0;32m  OK  [0m] Reached target [0;1;39mPreparation for Network[0m.
         Starting [0;1;39mFlush Journal to Persistent Storage[0m...
         Starting [0;1;39mLoad/Save OS Random Seed[0m...
         Starting [0;1;39mCreate Static Device Nodes in /dev gracefully[0m...
[    4.637872] systemd-journald[325]: Received client request to flush runtime journal.
         Starting [0;1;39mUser Database Manager[0m...
[[0;32m  OK  [0m] Finished [0;1;39mLoad/Save OS Random Seed[0m.
[[0;32m  OK  [0m] Started [0;1;39mUser Database Manager[0m.
[[0;32m  OK  [0m] Finished [0;1;39mFlush Journal to Persistent Storage[0m.
[[0;32m  OK  [0m] Finished [0;1;39mCreate Static Device Nodes in /dev gracefully[0m.
         Starting [0;1;39mNetwork Name Resolution[0m...
         Starting [0;1;39mCreate Static Device Nodes in /dev[0m...
[[0;32m  OK  [0m] Finished [0;1;39mColdplug All udev Devices[0m.
[[0;32m  OK  [0m] Finished [0;1;39mCreate Static Device Nodes in /dev[0m.
[[0;32m  OK  [0m] Reached target [0;1;39mPreparation for Local File Systems[0m.
         Starting [0;1;39mRule-based Manager for Device Events and Files[0m...
[[0;32m  OK  [0m] Started [0;1;39mNetwork Name Resolution[0m.
[[0;32m  OK  [0m] Reached target [0;1;39mHost and Network Name Lookups[0m.
[[0;32m  OK  [0m] Started [0;1;39mRule-based Manager for Device Events and Files[0m.
         Starting [0;1;39mNetwork Management[0m...
[    4.948090] virtio_net virtio1 ens4: renamed from eth0
[    4.961631] cfg80211: Loading compiled-in X.509 certificates for regulatory database
[    4.968546] Loaded X.509 cert 'sforshee: 00b28ddf47aef9cea7'
[    4.969694] Loaded X.509 cert 'wens: 61c038651aabdcf94bd0ac7ff06c7248db18c600'
[    4.971199] faux_driver regulatory: Direct firmware load for regulatory.db failed with error -2
[    4.972743] cfg80211: failed to load regulatory.db
[[0;32m  OK  [0m] Started [0;1;39mNetwork Management[0m.
[[0;32m  OK  [0m] Reached target [0;1;39mNetwork[0m.
         Starting [0;1;39mEnable Persistent Storage in systemd-networkd[0m...
[[0;32m  OK  [0m] Finished [0;1;39mEnable Persistent Storage in systemd-networkd[0m.
[    5.083241] piix4_smbus 0000:00:01.3: SMBus Host Controller at 0x700, revision 0
[    5.084897] i2c i2c-0: Memory type 0x07 not supported yet, not instantiating SPD
[    5.087708] scsi host0: ata_piix
[    5.088663] scsi host1: ata_piix
[    5.089379] ata1: PATA max MWDMA2 cmd 0x1f0 ctl 0x3f6 bmdma 0xc0e0 irq 14 lpm-pol 0
[    5.092523] ata2: PATA max MWDMA2 cmd 0x170 ctl 0x376 bmdma 0xc0e8 irq 15 lpm-pol 0
[    5.095567] bochs-drm 0000:00:02.0: vgaarb: deactivate vga console
[    5.100776] Console: switching to colour dummy device 80x25
[    5.101986] [drm] Found bochs VGA, ID 0xb0c5.
[    5.102784] [drm] Framebuffer size 16384 kB @ 0xfd000000, mmio @ 0xfebd0000.
[    5.104763] bochs-drm 0000:00:02.0: [drm] Registered 1 planes with drm panic
[    5.106184] [drm] Initialized bochs-drm 1.0.0 for 0000:00:02.0 on minor 0
[    5.110642] fbcon: bochs-drmdrmfb (fb0) is primary device
[    5.118204] Console: switching to colour frame buffer device 160x50
[    5.123706] bochs-drm 0000:00:02.0: [drm] fb0: bochs-drmdrmfb frame buffer device
[    5.127739] Floppy drive(s): fd0 is 2.88M AMI BIOS
[    5.141619] FDC 0 is a S82078B
[    5.143117] input: VirtualPS/2 VMware VMMouse as /devices/platform/i8042/serio1/input/input4
[    5.145533] input: VirtualPS/2 VMware VMMouse as /devices/platform/i8042/serio1/input/input3
[    5.147510] input: PC Speaker as /devices/platform/pcspkr/input/input5
[[0;32m  OK  [0m] Listening on [0;1;39mLoad/Save RF Kill Switch Status /dev/rfkill Watch[0m.
         Starting [0;1;39mVirtual Console Setup[0m...
[    5.194367] RAPL PMU: API unit is 2^-32 Joules, 0 fixed counters, 10737418240 ms ovfl timer
[[0;32m  OK  [0m] Stopped [0;1;39mVirtual Console Setup[0m.
         Starting [0;1;39mVirtual Console Setup[0m...
[[0;32m  OK  [0m] Finished [0;1;39mVirtual Console Setup[0m.
[    5.248308] ata2: found unknown device (class 0)
[    5.250056] ata2.00: ATAPI: QEMU DVD-ROM, 2.5+, max UDMA/100
[    5.252398] scsi 1:0:0:0: CD-ROM            QEMU     QEMU DVD-ROM     2.5+ PQ: 0 ANSI: 5
[    5.296933] parport_pc 00:03: reported by Plug and Play ACPI
[    5.304160] parport0: PC-style at 0x378, irq 7 [PCSPP,TRISTATE]
[    5.305470] mousedev: PS/2 mouse device common for all mice
[    5.340013] sr 1:0:0:0: [sr0] scsi3-mmc drive: 4x/4x cd/rw xa/form2 tray
         Mounting [0;1;39m/mnt/ksmbd[0m...
[[0;32m  OK  [0m] Reached target [0;1;39mLocal File Systems[0m.
[    5.344045] cdrom: Uniform CD-ROM driver Revision: 3.20
[[0;32m  OK  [0m] Listening on [0;1;39mBoot Entries Service Socket[0m.
[[0;32m  OK  [0m] Listening on [0;1;39mDisk Image Download Service Socket[0m.
[[0;32m  OK  [0m] Listening on [0;1;39mSystem Extension Image Management[0m.
[    5.353742] 9pnet: Limiting 'msize' to 512000 as this is the maximum supported by transport virtio
         Starting [0;1;39mCreate System Files and Directories[0m...
         Starting [0;1;39mLoad JSON user/group Records from Credentials[0m...
[[0;32m  OK  [0m] Mounted [0;1;39m/mnt/ksmbd[0m.
[[0;32m  OK  [0m] Finished [0;1;39mLoad JSON user/group Records from Credentials[0m.
[    5.448572] ppdev: user-space parallel port driver
[[0;32m  OK  [0m] Finished [0;1;39mCreate System Files and Directories[0m.
         Starting [0;1;39mRecord System Boot/Shutdown in UTMP[0m...
[[0;32m  OK  [0m] Finished [0;1;39mRecord System Boot/Shutdown in UTMP[0m.
[[0;32m  OK  [0m] Reached target [0;1;39mSystem Initialization[0m.
[[0;32m  OK  [0m] Started [0;1;39mRefresh existing PGP keys of archlinux-keyring regularly[0m.
[[0;32m  OK  [0m] Started [0;1;39mDaily verification of password and group files[0m.
[[0;32m  OK  [0m] Started [0;1;39mDaily Cleanup of Temporary Directories[0m.
[[0;32m  OK  [0m] Reached target [0;1;39mTimer Units[0m.
[[0;32m  OK  [0m] Listening on [0;1;39mD-Bus System Message Bus Socket[0m.
[[0;32m  OK  [0m] Listening on [0;1;39mGnuPG network certifi…ent daemon for /etc/pacman.d/gnupg[0m.
[[0;32m  OK  [0m] Listening on [0;1;39mGnuPG cryptographic a… browsers) for /etc/pacman.d/gnupg[0m.
[[0;32m  OK  [0m] Listening on [0;1;39mGnuPG cryptographic a…estricted) for /etc/pacman.d/gnupg[0m.
[[0;32m  OK  [0m] Listening on [0;1;39mGnuPG cryptographic a…emulation) for /etc/pacman.d/gnupg[0m.
[[0;32m  OK  [0m] Listening on [0;1;39mGnuPG cryptographic a…rase cache for /etc/pacman.d/gnupg[0m.
[[0;32m  OK  [0m] Listening on [0;1;39mGnuPG public key mana…nt service for /etc/pacman.d/gnupg[0m.
[[0;32m  OK  [0m] Listening on [0;1;39mOpenSSH Server Socket…temd-ssh-generator, AF_UNIX Local)[0m.
[[0;32m  OK  [0m] Listening on [0;1;39mHostname Service Socket[0m.
[[0;32m  OK  [0m] Listening on [0;1;39mUser Login Management Varlink Socket[0m.
[[0;32m  OK  [0m] Listening on [0;1;39mVirtual Machine and C…tainer Registration Service Socket[0m.
[[0;32m  OK  [0m] Reached target [0;1;39mSocket Units[0m.
         Starting [0;1;39mD-Bus System Message Bus[0m...
[[0;32m  OK  [0m] Started [0;1;39mD-Bus System Message Bus[0m.
[[0;32m  OK  [0m] Reached target [0;1;39mBasic System[0m.
         Starting [0;1;39mOpenSSH Daemon[0m...
         Starting [0;1;39mUser Login Management[0m...
         Starting [0;1;39mPermit User Sessions[0m...
[[0;32m  OK  [0m] Finished [0;1;39mPermit User Sessions[0m.
[[0;32m  OK  [0m] Started [0;1;39mOpenSSH Daemon[0m.
[[0;32m  OK  [0m] Reached target [0;1;39mSSH Access Available[0m.
[[0;32m  OK  [0m] Started [0;1;39mGetty on tty1[0m.
[[0;32m  OK  [0m] Started [0;1;39mSerial Getty on ttyS0[0m.
[[0;32m  OK  [0m] Reached target [0;1;39mLogin Prompts[0m.
[[0;32m  OK  [0m] Started [0;1;39mUser Login Management[0m.
[[0;32m  OK  [0m] Reached target [0;1;39mMulti-User System[0m.
[[0;32m  OK  [0m] Reached target [0;1;39mGraphical Interface[0m.
[!p]104\[0m[?7h[1G[0J[6n[32766;32766H[6n[!p]104\[0m[?7h[1G[0J[6n[32766;32766H[6n]3008;start=f45d3e7166bd4e519e797af209edaadb;user=root;hostname=ksmbd-vm;machineid=0ab76daf18ce42b0b036a81eb53bdd79;bootid=31651a1b1e7e40458edb815d00941dd7;pid=440;pidfdid=441;comm=(agetty);servicename=serial-getty@ttyS0.service;invocationid=29850b5fc3504ab296f0d5e0611965ea;type=service\P+q6E616D65\
Arch Linux 6.18.9-arch1-2 (ttyS0)

ksmbd-vm login: root (automatic login)

]3008;start=549c2804bae34795846fc4e862b8ecc9;user=root;hostname=ksmbd-vm;machineid=0ab76daf18ce42b0b036a81eb53bdd79;bootid=31651a1b1e7e40458edb815d00941dd7;pid=440;pidfdid=441;comm=login;targetuser=root;sessionid=1;type=session\
  ╔══════════════════════════════════════════════╗
  ║         ksmbd Test VM                        ║
  ╠══════════════════════════════════════════════╣
  ║  /root/start-ksmbd.sh   - Start server      ║
  ║  /root/reload-ksmbd.sh  - Reload module      ║
  ║  /root/dev-info.sh      - Debug/analysis info║
  ║  /mnt/ksmbd/            - Shared source      ║
  ║  poweroff                - Shutdown VM        ║
  ╚══════════════════════════════════════════════╝

]3008;start=e25d6614-81aa-48d1-a8fc-72f6a22e9bc2;machineid=0ab76daf18ce42b0b036a81eb53bdd79;user=root;hostname=ksmbd-vm;bootid=31651a1b-1e7e-4045-8edb-815d00941dd7;pid=455;type=shell;cwd=/root\[?2004h[root@ksmbd-vm ~]# [   42.427858] ksmbd: loading out-of-tree module taints kernel.
[   42.428935] ksmbd: module verification failed: signature and/or required key missing - tainting kernel
[   42.446680] ksmbd: Configuration subsystem initialized with 12 parameters
[   42.448599] ksmbd: ksmbd: CHANGE_NOTIFY subsystem initialised
[   42.449653] ksmbd: ksmbd: hook subsystem initialized (22 hook points)
[   42.450784] ksmbd: ksmbd: witness protocol support initialised
[   54.985326] ksmbd: PDU length(6424065) excceed maximum allowed pdu size(16384) on connection(5)
[   54.987474] ksmbd: cli req too short, len 162 not 252. cmd:1 mid:2
[  137.860432] ksmbd: ksmbd: witness protocol support removed
[  138.381465] ksmbd: Configuration subsystem initialized with 12 parameters
[  138.383490] ksmbd: ksmbd: CHANGE_NOTIFY subsystem initialised
[  138.384644] ksmbd: ksmbd: hook subsystem initialized (22 hook points)
[  138.385993] ksmbd: ksmbd: witness protocol support initialised
[  150.683756] ksmbd: PDU length(6424065) excceed maximum allowed pdu size(16384) on connection(5)
[  150.685280] ksmbd: cli req too short, len 162 not 252. cmd:1 mid:2
[  754.863166] ksmbd: kill command received
[  754.872040] ksmbd: kill command received
[  755.880180] ksmbd: ksmbd: witness protocol support removed
[  756.922335] ksmbd: Configuration subsystem initialized with 12 parameters
[  756.924481] ksmbd: ksmbd: CHANGE_NOTIFY subsystem initialised
[  756.925967] ksmbd: ksmbd: hook subsystem initialized (22 hook points)
[  756.927543] ksmbd: ksmbd: witness protocol support initialised
[  855.842879] ksmbd: kill command received
[  856.856201] ksmbd: ksmbd: witness protocol support removed
[  857.903260] ksmbd: Configuration subsystem initialized with 12 parameters
[  857.905197] ksmbd: ksmbd: CHANGE_NOTIFY subsystem initialised
[  857.906226] ksmbd: ksmbd: hook subsystem initialized (22 hook points)
[  857.907392] ksmbd: ksmbd: witness protocol support initialised
[  912.478351] ksmbd: kill command received
[  912.482226] ksmbd: ksmbd: witness protocol support removed
[  913.005904] ksmbd: Configuration subsystem initialized with 12 parameters
[  913.008149] ksmbd: ksmbd: CHANGE_NOTIFY subsystem initialised
[  913.009349] ksmbd: ksmbd: hook subsystem initialized (22 hook points)
[  913.010565] ksmbd: ksmbd: witness protocol support initialised
[  963.255510] ksmbd: kill command received
[  963.259195] ksmbd: ksmbd: witness protocol support removed
[  963.795834] ksmbd: Configuration subsystem initialized with 12 parameters
[  963.797945] ksmbd: ksmbd: CHANGE_NOTIFY subsystem initialised
[  963.799283] ksmbd: ksmbd: hook subsystem initialized (22 hook points)
[  963.800680] ksmbd: ksmbd: witness protocol support initialised
[  980.962434] ksmbd: PDU length(6424065) excceed maximum allowed pdu size(16384) on connection(5)
[  980.963965] ksmbd: SESSION_SETUP size mismatch: len=162 calc=252 sec_off=88 sec_len=164 struct2=25 flags=0x0 mid=2
[  980.965824] ksmbd: Invalid RFC1002 hdr bytes: 00 62 06 01
[  980.966785] ksmbd: cli req too short, len 162 not 252. cmd:1 mid:2
[ 1137.351195] ksmbd: kill command received
[ 1137.357883] ksmbd: ksmbd: witness protocol support removed
[ 1137.921532] ksmbd: Configuration subsystem initialized with 12 parameters
[ 1137.923561] ksmbd: ksmbd: CHANGE_NOTIFY subsystem initialised
[ 1137.924774] ksmbd: ksmbd: hook subsystem initialized (22 hook points)
[ 1137.926119] ksmbd: ksmbd: witness protocol support initialised
[ 1165.772619] ksmbd: PDU length(6424065) excceed maximum allowed pdu size(16384) on connection(5)
[ 1165.774176] ksmbd: SESSION_SETUP size mismatch: len=162 calc=252 sec_off=88 sec_len=164 struct2=25 flags=0x0 mid=2
[ 1165.776049] ksmbd: Invalid RFC1002 hdr bytes: 00 62 06 01
[ 1165.777091] ksmbd: cli req too short, len 162 not 252. cmd:1 mid:2
[ 1249.174554] ksmbd: PDU length(6424065) excceed maximum allowed pdu size(16384) on connection(5)
[ 1249.176115] ksmbd: SESSION_SETUP size mismatch: len=162 calc=252 sec_off=88 sec_len=164 struct2=25 flags=0x0 mid=2
[ 1249.177985] ksmbd: Invalid RFC1002 hdr bytes: 00 62 06 01
[ 1249.178919] ksmbd: cli req too short, len 162 not 252. cmd:1 mid:2
[ 1520.472787] ksmbd: kill command received
[ 1520.480433] ksmbd: ksmbd: witness protocol support removed
[ 1521.026872] ksmbd: Configuration subsystem initialized with 12 parameters
[ 1521.028779] ksmbd: ksmbd: CHANGE_NOTIFY subsystem initialised
[ 1521.029866] ksmbd: ksmbd: hook subsystem initialized (22 hook points)
[ 1521.031133] ksmbd: ksmbd: witness protocol support initialised
[ 1530.479219] ksmbd: PDU length(6424065) excceed maximum allowed pdu size(16384) on connection(5)
[ 1530.480764] ksmbd: SESSION_SETUP size mismatch: len=162 calc=252 sec_off=88 sec_len=164 struct2=25 flags=0x0 mid=2
[ 1530.482605] ksmbd: Invalid RFC1002 hdr bytes: 00 62 06 01
[ 1530.483765] ksmbd: cli req too short, len 162 not 252. cmd:1 mid:2
[ 1655.996580] ksmbd: kill command received
[ 1656.002199] ksmbd: ksmbd: witness protocol support removed
[ 1656.517449] ksmbd: Configuration subsystem initialized with 12 parameters
[ 1656.519595] ksmbd: ksmbd: CHANGE_NOTIFY subsystem initialised
[ 1656.520818] ksmbd: ksmbd: hook subsystem initialized (22 hook points)
[ 1656.522016] ksmbd: ksmbd: witness protocol support initialised
[ 1699.013821] ksmbd: SESSION_SETUP frame length corrected: rfc=162 expected=252 extra=90
[ 1814.231029] ksmbd: kill command received
[ 1814.235131] ksmbd: ksmbd: witness protocol support removed
[ 1814.767294] ksmbd: Configuration subsystem initialized with 12 parameters
[ 1814.769251] ksmbd: ksmbd: CHANGE_NOTIFY subsystem initialised
[ 1814.770465] ksmbd: ksmbd: hook subsystem initialized (22 hook points)
[ 1814.771830] ksmbd: ksmbd: witness protocol support initialised
[ 2514.637891] ksmbd: kill command received
[ 2516.048276] ksmbd: kill command received
[ 2517.455061] ksmbd: kill command received
[ 2518.876772] ksmbd: kill command received
[ 2520.293472] ksmbd: kill command received
[ 2704.587071] ksmbd: kill command received
[ 2942.621339] ksmbd: kill command received
[ 3033.025527] ksmbd: kill command received
[ 3103.654950] ksmbd: kill command received
[ 3292.241929] ksmbd: kill command received
[ 3379.575408] ksmbd: kill command received
[ 3494.095575] ksmbd: kill command received
[ 3555.332585] ksmbd: kill command received
[ 3720.354900] ksmbd: kill command received
[ 3758.898759] ksmbd: kill command received
[ 4828.882008] ksmbd: kill command received
[ 4828.886877] ksmbd: ksmbd: witness protocol support removed
[ 4829.404591] ksmbd: Unknown symbol ib_mr_pool_destroy (err -2)
[ 4829.405662] ksmbd: Unknown symbol ib_unregister_client (err -2)
[ 4829.406869] ksmbd: Unknown symbol rdma_rw_ctx_destroy (err -2)
[ 4829.407955] ksmbd: Unknown symbol rdma_event_msg (err -2)
[ 4829.408966] ksmbd: Unknown symbol __ib_alloc_pd (err -2)
[ 4829.409903] ksmbd: Unknown symbol ib_mr_pool_init (err -2)
[ 4829.410865] ksmbd: Unknown symbol ib_event_msg (err -2)
[ 4829.411808] ksmbd: Unknown symbol rdma_reject (err -2)
[ 4829.412832] ksmbd: Unknown symbol rdma_disconnect (err -2)
[ 4829.414016] ksmbd: Unknown symbol __rdma_create_kernel_id (err -2)
[ 4829.415120] ksmbd: Unknown symbol ib_device_get_by_netdev (err -2)
[ 4829.416240] ksmbd: Unknown symbol rdma_bind_addr (err -2)
[ 4829.417247] ksmbd: Unknown symbol ib_register_client (err -2)
[ 4829.418364] ksmbd: Unknown symbol rdma_create_qp (err -2)
[ 4829.419543] ksmbd: Unknown symbol rdma_rw_ctx_wrs (err -2)
[ 4829.420711] ksmbd: Unknown symbol __ib_alloc_cq (err -2)
[ 4829.421744] ksmbd: Unknown symbol rdma_listen (err -2)
[ 4829.422671] ksmbd: Unknown symbol rdma_destroy_qp (err -2)
[ 4829.423645] ksmbd: Unknown symbol ib_destroy_cq_user (err -2)
[ 4829.424652] ksmbd: Unknown symbol ib_wc_status_msg (err -2)
[ 4829.425605] ksmbd: Unknown symbol ib_dma_virt_map_sg (err -2)
[ 4829.426610] ksmbd: Unknown symbol ib_free_cq (err -2)
[ 4829.427548] ksmbd: Unknown symbol rdma_destroy_id (err -2)
[ 4829.428741] ksmbd: Unknown symbol rdma_accept (err -2)
[ 4829.429881] ksmbd: Unknown symbol ib_drain_qp (err -2)
[ 4829.431082] ksmbd: Unknown symbol ib_dealloc_pd_user (err -2)
[ 4829.432321] ksmbd: Unknown symbol ib_device_put (err -2)
[ 4829.433376] ksmbd: Unknown symbol rdma_rw_ctx_init (err -2)
[ 4894.324235] ksmbd: Configuration subsystem initialized with 12 parameters
[ 4894.326369] ksmbd: ksmbd: Fruit SMB extensions loaded
[ 4894.327461] ksmbd: ksmbd: CHANGE_NOTIFY subsystem initialised
[ 4894.328508] ksmbd: ksmbd: hook subsystem initialized (22 hook points)
[ 4894.329674] ksmbd: ksmbd: witness protocol support initialised
[ 4894.532062] ksmbd: smb_quic: ksmbd: QUIC transport initialized (abstract socket: @ksmbd-quic)
[ 5494.761965] ksmbd: kill command received
[ 5494.768915] ksmbd: ksmbd: witness protocol support removed
[ 5495.224040] ksmbd: ksmbd: Fruit SMB extensions unloaded
[ 5495.318381] ksmbd: Configuration subsystem initialized with 12 parameters
[ 5495.327443] ksmbd: kernel provides md4, skipping built-in registration
[ 5495.329516] ksmbd: ksmbd: Fruit SMB extensions loaded
[ 5495.330821] ksmbd: ksmbd: CHANGE_NOTIFY subsystem initialised
[ 5495.332165] ksmbd: ksmbd: hook subsystem initialized (22 hook points)
[ 5495.333635] ksmbd: ksmbd: witness protocol support initialised
[ 5495.557534] ksmbd: smb_quic: ksmbd: QUIC transport initialized (abstract socket: @ksmbd-quic)
[ 5520.398722] ksmbd: kill command received
[ 5520.435239] ksmbd: smb_quic: ksmbd: QUIC transport initialized (abstract socket: @ksmbd-quic)
[ 5645.162925] ksmbd: kill command received
[ 5645.187483] ksmbd: smb_quic: ksmbd: QUIC transport initialized (abstract socket: @ksmbd-quic)
