[    0.000000] Linux version 6.18.9-arch1-2 (linux@archlinux) (gcc (GCC) 15.2.1 20260209, GNU ld (GNU Binutils) 2.46) #1 SMP PREEMPT_DYNAMIC Mon, 09 Feb 2026 17:16:33 +0000
[    0.000000] Command line: root=/dev/vda1 rw console=ttyS0,115200 loglevel=7
[    0.000000] BIOS-provided physical RAM map:
[    0.000000] BIOS-e820: [mem 0x0000000000000000-0x000000000009fbff] usable
[    0.000000] BIOS-e820: [mem 0x000000000009fc00-0x000000000009ffff] reserved
[    0.000000] BIOS-e820: [mem 0x00000000000f0000-0x00000000000fffff] reserved
[    0.000000] BIOS-e820: [mem 0x0000000000100000-0x000000007ffdcfff] usable
[    0.000000] BIOS-e820: [mem 0x000000007ffdd000-0x000000007fffffff] reserved
[    0.000000] BIOS-e820: [mem 0x00000000feffc000-0x00000000feffffff] reserved
[    0.000000] BIOS-e820: [mem 0x00000000fffc0000-0x00000000ffffffff] reserved
[    0.000000] NX (Execute Disable) protection: active
[    0.000000] APIC: Static calls initialized
[    0.000000] SMBIOS 2.8 present.
[    0.000000] DMI: QEMU Standard PC (i440FX + PIIX, 1996), BIOS Arch Linux 1.17.0-2-2 04/01/2014
[    0.000000] DMI: Memory slots populated: 1/1
[    0.000000] Hypervisor detected: KVM
[    0.000000] last_pfn = 0x7ffdd max_arch_pfn = 0x400000000
[    0.000000] kvm-clock: Using msrs 4b564d01 and 4b564d00
[    0.000000] kvm-clock: using sched offset of 222357396 cycles
[    0.000002] clocksource: kvm-clock: mask: 0xffffffffffffffff max_cycles: 0x1cd42e4dffb, max_idle_ns: 881590591483 ns
[    0.000005] tsc: Detected 3600.000 MHz processor
[    0.000599] last_pfn = 0x7ffdd max_arch_pfn = 0x400000000
[    0.000626] MTRR map: 4 entries (3 fixed + 1 variable; max 19), built from 8 variable MTRRs
[    0.000629] x86/PAT: Configuration [0-7]: WB  WC  UC- UC  WB  WP  UC- WT  
[    0.007729] found SMP MP-table at [mem 0x000f66b0-0x000f66bf]
[    0.007745] Using GB pages for direct mapping
[    0.007881] RAMDISK: [mem 0x7f32e000-0x7ffcffff]
[    0.007901] ACPI: Early table checksum verification disabled
[    0.007904] ACPI: RSDP 0x00000000000F64E0 000014 (v00 BOCHS )
[    0.007908] ACPI: RSDT 0x000000007FFE239C 000034 (v01 BOCHS  BXPC     00000001 BXPC 00000001)
[    0.007913] ACPI: FACP 0x000000007FFE2248 000074 (v01 BOCHS  BXPC     00000001 BXPC 00000001)
[    0.007918] ACPI: DSDT 0x000000007FFE0040 002208 (v01 BOCHS  BXPC     00000001 BXPC 00000001)
[    0.007921] ACPI: FACS 0x000000007FFE0000 000040
[    0.007923] ACPI: APIC 0x000000007FFE22BC 000080 (v03 BOCHS  BXPC     00000001 BXPC 00000001)
[    0.007926] ACPI: HPET 0x000000007FFE233C 000038 (v01 BOCHS  BXPC     00000001 BXPC 00000001)
[    0.007929] ACPI: WAET 0x000000007FFE2374 000028 (v01 BOCHS  BXPC     00000001 BXPC 00000001)
[    0.007931] ACPI: Reserving FACP table memory at [mem 0x7ffe2248-0x7ffe22bb]
[    0.007932] ACPI: Reserving DSDT table memory at [mem 0x7ffe0040-0x7ffe2247]
[    0.007933] ACPI: Reserving FACS table memory at [mem 0x7ffe0000-0x7ffe003f]
[    0.007933] ACPI: Reserving APIC table memory at [mem 0x7ffe22bc-0x7ffe233b]
[    0.007934] ACPI: Reserving HPET table memory at [mem 0x7ffe233c-0x7ffe2373]
[    0.007934] ACPI: Reserving WAET table memory at [mem 0x7ffe2374-0x7ffe239b]
[    0.008362] No NUMA configuration found
[    0.008363] Faking a node at [mem 0x0000000000000000-0x000000007ffdcfff]
[    0.008369] NODE_DATA(0) allocated [mem 0x7f303280-0x7f32dfff]
[    0.008518] Zone ranges:
[    0.008519]   DMA      [mem 0x0000000000001000-0x0000000000ffffff]
[    0.008520]   DMA32    [mem 0x0000000001000000-0x000000007ffdcfff]
[    0.008521]   Normal   empty
[    0.008522]   Device   empty
[    0.008523] Movable zone start for each node
[    0.008524] Early memory node ranges
[    0.008524]   node   0: [mem 0x0000000000001000-0x000000000009efff]
[    0.008525]   node   0: [mem 0x0000000000100000-0x000000007ffdcfff]
[    0.008527] Initmem setup node 0 [mem 0x0000000000001000-0x000000007ffdcfff]
[    0.008612] On node 0, zone DMA: 1 pages in unavailable ranges
[    0.008624] On node 0, zone DMA: 97 pages in unavailable ranges
[    0.011878] On node 0, zone DMA32: 35 pages in unavailable ranges
[    0.012545] ACPI: PM-Timer IO Port: 0x608
[    0.012560] ACPI: LAPIC_NMI (acpi_id[0xff] dfl dfl lint[0x1])
[    0.012589] IOAPIC[0]: apic_id 0, version 17, address 0xfec00000, GSI 0-23
[    0.012592] ACPI: INT_SRC_OVR (bus 0 bus_irq 0 global_irq 2 dfl dfl)
[    0.012593] ACPI: INT_SRC_OVR (bus 0 bus_irq 5 global_irq 5 high level)
[    0.012594] ACPI: INT_SRC_OVR (bus 0 bus_irq 9 global_irq 9 high level)
[    0.012595] ACPI: INT_SRC_OVR (bus 0 bus_irq 10 global_irq 10 high level)
[    0.012596] ACPI: INT_SRC_OVR (bus 0 bus_irq 11 global_irq 11 high level)
[    0.012599] ACPI: Using ACPI (MADT) for SMP configuration information
[    0.012600] ACPI: HPET id: 0x8086a201 base: 0xfed00000
[    0.012604] TSC deadline timer available
[    0.012608] CPU topo: Max. logical packages:   1
[    0.012608] CPU topo: Max. logical dies:       1
[    0.012609] CPU topo: Max. dies per package:   1
[    0.012612] CPU topo: Max. threads per core:   1
[    0.012613] CPU topo: Num. cores per package:     2
[    0.012613] CPU topo: Num. threads per package:   2
[    0.012613] CPU topo: Allowing 2 present CPUs plus 0 hotplug CPUs
[    0.012630] kvm-guest: APIC: eoi() replaced with kvm_guest_apic_eoi_write()
[    0.012640] kvm-guest: KVM setup pv remote TLB flush
[    0.012643] kvm-guest: setup PV sched yield
[    0.012649] PM: hibernation: Registered nosave memory: [mem 0x00000000-0x00000fff]
[    0.012650] PM: hibernation: Registered nosave memory: [mem 0x0009f000-0x000fffff]
[    0.012651] [mem 0x80000000-0xfeffbfff] available for PCI devices
[    0.012652] Booting paravirtualized kernel on KVM
[    0.012653] clocksource: refined-jiffies: mask: 0xffffffff max_cycles: 0xffffffff, max_idle_ns: 1910969940391419 ns
[    0.017897] setup_percpu: NR_CPUS:8192 nr_cpumask_bits:2 nr_cpu_ids:2 nr_node_ids:1
[    0.018084] percpu: Embedded 62 pages/cpu s217088 r8192 d28672 u1048576
[    0.018114] kvm-guest: PV spinlocks enabled
[    0.018115] PV qspinlock hash table entries: 256 (order: 0, 4096 bytes, linear)
[    0.018118] Kernel command line: root=/dev/vda1 rw console=ttyS0,115200 loglevel=7
[    0.018164] random: crng init done
[    0.018164] printk: log buffer data + meta data: 131072 + 458752 = 589824 bytes
[    0.018327] Dentry cache hash table entries: 262144 (order: 9, 2097152 bytes, linear)
[    0.018392] Inode-cache hash table entries: 131072 (order: 8, 1048576 bytes, linear)
[    0.018456] Fallback order for Node 0: 0 
[    0.018458] Built 1 zonelists, mobility grouping on.  Total pages: 524155
[    0.018459] Policy zone: DMA32
[    0.018637] mem auto-init: stack:all(zero), heap alloc:on, heap free:off
[    0.022417] SLUB: HWalign=64, Order=0-3, MinObjects=0, CPUs=2, Nodes=1
[    0.022440] Kernel/User page tables isolation: enabled
[    0.029889] ftrace: allocating 57056 entries in 224 pages
[    0.029890] ftrace: allocated 224 pages with 3 groups
[    0.029951] Dynamic Preempt: full
[    0.030057] rcu: Preemptible hierarchical RCU implementation.
[    0.030058] rcu: 	RCU restricting CPUs from NR_CPUS=8192 to nr_cpu_ids=2.
[    0.030058] rcu: 	RCU priority boosting: priority 1 delay 500 ms.
[    0.030059] 	Trampoline variant of Tasks RCU enabled.
[    0.030059] 	Rude variant of Tasks RCU enabled.
[    0.030060] 	Tracing variant of Tasks RCU enabled.
[    0.030060] rcu: RCU calculated value of scheduler-enlistment delay is 100 jiffies.
[    0.030061] rcu: Adjusting geometry for rcu_fanout_leaf=16, nr_cpu_ids=2
[    0.030065] RCU Tasks: Setting shift to 1 and lim to 1 rcu_task_cb_adjust=1 rcu_task_cpu_ids=2.
[    0.030066] RCU Tasks Rude: Setting shift to 1 and lim to 1 rcu_task_cb_adjust=1 rcu_task_cpu_ids=2.
[    0.030067] RCU Tasks Trace: Setting shift to 1 and lim to 1 rcu_task_cb_adjust=1 rcu_task_cpu_ids=2.
[    0.034428] NR_IRQS: 524544, nr_irqs: 440, preallocated irqs: 16
[    0.034605] rcu: srcu_init: Setting srcu_struct sizes based on contention.
[    0.034720] kfence: initialized - using 2097152 bytes for 255 objects at 0x(____ptrval____)-0x(____ptrval____)
[    0.051669] Console: colour VGA+ 80x25
[    0.051724] printk: legacy console [ttyS0] enabled
[    0.222238] ACPI: Core revision 20250807
[    0.223348] clocksource: hpet: mask: 0xffffffff max_cycles: 0xffffffff, max_idle_ns: 19112604467 ns
[    0.225651] APIC: Switch to symmetric I/O mode setup
[    0.227091] x2apic enabled
[    0.228048] APIC: Switched APIC routing to: physical x2apic
[    0.229408] kvm-guest: APIC: send_IPI_mask() replaced with kvm_send_ipi_mask()
[    0.231187] kvm-guest: APIC: send_IPI_mask_allbutself() replaced with kvm_send_ipi_mask_allbutself()
[    0.233425] kvm-guest: setup PV IPIs
[    0.235318] ..TIMER: vector=0x30 apic1=0 pin1=2 apic2=-1 pin2=-1
[    0.236919] clocksource: tsc-early: mask: 0xffffffffffffffff max_cycles: 0x33e452fbb2f, max_idle_ns: 440795236593 ns
[    0.239503] Calibrating delay loop (skipped) preset value.. 7200.00 BogoMIPS (lpj=3600000)
[    0.240601] x86/cpu: User Mode Instruction Prevention (UMIP) activated
[    0.241557] Last level iTLB entries: 4KB 0, 2MB 0, 4MB 0
[    0.242503] Last level dTLB entries: 4KB 0, 2MB 0, 4MB 0, 1GB 0
[    0.243511] mitigations: Enabled attack vectors: user_kernel, user_user, guest_host, guest_guest, SMT mitigations: auto
[    0.244503] Speculative Store Bypass: Mitigation: Speculative Store Bypass disabled via prctl
[    0.245503] SRBDS: Unknown: Dependent on hypervisor status
[    0.246503] Spectre V2 : Mitigation: IBRS
[    0.247502] RETBleed: Mitigation: IBRS
[    0.248503] MDS: Mitigation: Clear CPU buffers
[    0.249502] TAA: Mitigation: Clear CPU buffers
[    0.250502] MMIO Stale Data: Mitigation: Clear CPU buffers
[    0.251503] Spectre V1 : Mitigation: usercopy/swapgs barriers and __user pointer sanitization
[    0.252504] Spectre V2 : Spectre v2 / SpectreRSB: Filling RSB on context switch and VMEXIT
[    0.253504] Spectre V2 : mitigation: Enabling conditional Indirect Branch Prediction Barrier
[    0.254507] GDS: Unknown: Dependent on hypervisor status
[    0.255503] Spectre V2 : Spectre BHI mitigation: SW BHB clearing on syscall and VM exit
[    0.256518] x86/fpu: Supporting XSAVE feature 0x001: 'x87 floating point registers'
[    0.257503] x86/fpu: Supporting XSAVE feature 0x002: 'SSE registers'
[    0.258503] x86/fpu: Supporting XSAVE feature 0x004: 'AVX registers'
[    0.259503] x86/fpu: Supporting XSAVE feature 0x008: 'MPX bounds registers'
[    0.260503] x86/fpu: Supporting XSAVE feature 0x010: 'MPX CSR'
[    0.261503] x86/fpu: xstate_offset[2]:  576, xstate_sizes[2]:  256
[    0.262503] x86/fpu: xstate_offset[3]:  832, xstate_sizes[3]:   64
[    0.263503] x86/fpu: xstate_offset[4]:  896, xstate_sizes[4]:   64
[    0.264503] x86/fpu: Enabled xstate features 0x1f, context size is 960 bytes, using 'compacted' format.
[    0.294794] Freeing SMP alternatives memory: 56K
[    0.295505] pid_max: default: 32768 minimum: 301
[    0.296579] LSM: initializing lsm=capability,landlock,lockdown,yama,bpf
[    0.297560] landlock: Up and running.
[    0.298504] Yama: becoming mindful.
[    0.299661] LSM support for eBPF active
[    0.300520] Mount-cache hash table entries: 4096 (order: 3, 32768 bytes, linear)
[    0.301504] Mountpoint-cache hash table entries: 4096 (order: 3, 32768 bytes, linear)
[    0.302789] smpboot: CPU0: Intel(R) Core(TM) i7-7700 CPU @ 3.60GHz (family: 0x6, model: 0x9e, stepping: 0x9)
[    0.303660] Performance Events: Skylake events, full-width counters, Intel PMU driver.
[    0.304506] ... version:                   2
[    0.305503] ... bit width:                 48
[    0.306503] ... generic counters:          4
[    0.307503] ... generic bitmap:            000000000000000f
[    0.308503] ... fixed-purpose counters:    3
[    0.309503] ... fixed-purpose bitmap:      0000000000000007
[    0.310516] ... value mask:                0000ffffffffffff
[    0.311503] ... max period:                00007fffffffffff
[    0.312503] ... global_ctrl mask:          000000070000000f
[    0.313627] signal: max sigframe size: 2032
[    0.314548] rcu: Hierarchical SRCU implementation.
[    0.315503] rcu: 	Max phase no-delay instances is 400.
[    0.316560] Timer migration: 1 hierarchy levels; 8 children per group; 1 crossnode level
[    0.317751] smp: Bringing up secondary CPUs ...
[    0.318687] smpboot: x86: Booting SMP configuration:
[    0.319509] .... node  #0, CPUs:      #1
[    0.319628] smp: Brought up 1 node, 2 CPUs
[    0.321507] smpboot: Total of 2 processors activated (14400.00 BogoMIPS)
[    0.322642] Memory: 1983556K/2096620K available (20315K kernel code, 2939K rwdata, 16372K rodata, 4732K init, 4776K bss, 107792K reserved, 0K cma-reserved)
[    0.323602] devtmpfs: initialized
[    0.324539] x86/mm: Memory block size: 128MB
[    0.325845] clocksource: jiffies: mask: 0xffffffff max_cycles: 0xffffffff, max_idle_ns: 1911260446275000 ns
[    0.326509] posixtimers hash table entries: 1024 (order: 2, 16384 bytes, linear)
[    0.327513] futex hash table entries: 512 (32768 bytes on 1 NUMA nodes, total 32 KiB, linear).
[    0.328554] pinctrl core: initialized pinctrl subsystem
[    0.329676] PM: RTC time: 12:28:54, date: 2026-02-28
[    0.330992] NET: Registered PF_NETLINK/PF_ROUTE protocol family
[    0.331698] DMA: preallocated 256 KiB GFP_KERNEL pool for atomic allocations
[    0.332517] DMA: preallocated 256 KiB GFP_KERNEL|GFP_DMA pool for atomic allocations
[    0.333513] DMA: preallocated 256 KiB GFP_KERNEL|GFP_DMA32 pool for atomic allocations
[    0.334509] audit: initializing netlink subsys (disabled)
[    0.335537] audit: type=2000 audit(1772281734.424:1): state=initialized audit_enabled=0 res=1
[    0.335594] thermal_sys: Registered thermal governor 'fair_share'
[    0.336504] thermal_sys: Registered thermal governor 'bang_bang'
[    0.337504] thermal_sys: Registered thermal governor 'step_wise'
[    0.338504] thermal_sys: Registered thermal governor 'user_space'
[    0.339504] thermal_sys: Registered thermal governor 'power_allocator'
[    0.340516] cpuidle: using governor ladder
[    0.342508] cpuidle: using governor menu
[    0.343604] acpiphp: ACPI Hot Plug PCI Controller Driver version: 0.5
[    0.344675] PCI: Using configuration type 1 for base access
[    0.345606] kprobes: kprobe jump-optimization is enabled. All kprobes are optimized if possible.
[    0.352522] HugeTLB: registered 1.00 GiB page size, pre-allocated 0 pages
[    0.353505] HugeTLB: 16380 KiB vmemmap can be freed for a 1.00 GiB page
[    0.356505] HugeTLB: registered 2.00 MiB page size, pre-allocated 0 pages
[    0.357504] HugeTLB: 28 KiB vmemmap can be freed for a 2.00 MiB page
[    0.366834] raid6: skipped pq benchmark and selected avx2x4
[    0.368508] raid6: using avx2x2 recovery algorithm
[    0.369608] ACPI: Added _OSI(Module Device)
[    0.370504] ACPI: Added _OSI(Processor Device)
[    0.371504] ACPI: Added _OSI(Processor Aggregator Device)
[    0.373545] ACPI: 1 ACPI AML tables successfully acquired and loaded
[    0.377164] ACPI: Interpreter enabled
[    0.377515] ACPI: PM: (supports S0 S3 S4 S5)
[    0.378505] ACPI: Using IOAPIC for interrupt routing
[    0.379645] PCI: Using host bridge windows from ACPI; if necessary, use "pci=nocrs" and report a bug
[    0.382504] PCI: Using E820 reservations for host bridge windows
[    0.383614] ACPI: Enabled 2 GPEs in block 00 to 0F
[    0.388251] ACPI: PCI Root Bridge [PCI0] (domain 0000 [bus 00-ff])
[    0.389508] acpi PNP0A03:00: _OSC: OS supports [ASPM ClockPM Segments MSI EDR HPX-Type3]
[    0.391505] acpi PNP0A03:00: _OSC: not requesting OS control; OS requires [ExtendedConfig ASPM ClockPM MSI]
[    0.393512] acpi PNP0A03:00: fail to add MMCONFIG information, can't access extended configuration space under this bridge
[    0.396824] acpiphp: Slot [3] registered
[    0.397530] acpiphp: Slot [4] registered
[    0.398508] acpiphp: Slot [5] registered
[    0.399485] acpiphp: Slot [6] registered
[    0.400525] acpiphp: Slot [7] registered
[    0.401525] acpiphp: Slot [8] registered
[    0.402506] acpiphp: Slot [9] registered
[    0.403487] acpiphp: Slot [10] registered
[    0.404526] acpiphp: Slot [11] registered
[    0.405513] acpiphp: Slot [12] registered
[    0.406525] acpiphp: Slot [13] registered
[    0.407541] acpiphp: Slot [14] registered
[    0.408525] acpiphp: Slot [15] registered
[    0.409512] acpiphp: Slot [16] registered
[    0.410525] acpiphp: Slot [17] registered
[    0.411525] acpiphp: Slot [18] registered
[    0.412526] acpiphp: Slot [19] registered
[    0.413525] acpiphp: Slot [20] registered
[    0.414526] acpiphp: Slot [21] registered
[    0.415512] acpiphp: Slot [22] registered
[    0.416512] acpiphp: Slot [23] registered
[    0.417549] acpiphp: Slot [24] registered
[    0.418525] acpiphp: Slot [25] registered
[    0.419513] acpiphp: Slot [26] registered
[    0.420509] acpiphp: Slot [27] registered
[    0.421510] acpiphp: Slot [28] registered
[    0.422505] acpiphp: Slot [29] registered
[    0.423505] acpiphp: Slot [30] registered
[    0.424488] acpiphp: Slot [31] registered
[    0.425521] PCI host bridge to bus 0000:00
[    0.426507] pci_bus 0000:00: root bus resource [io  0x0000-0x0cf7 window]
[    0.428504] pci_bus 0000:00: root bus resource [io  0x0d00-0xffff window]
[    0.429504] pci_bus 0000:00: root bus resource [mem 0x000a0000-0x000bffff window]
[    0.431504] pci_bus 0000:00: root bus resource [mem 0x80000000-0xfebfffff window]
[    0.433504] pci_bus 0000:00: root bus resource [mem 0x100000000-0x17fffffff window]
[    0.435505] pci_bus 0000:00: root bus resource [bus 00-ff]
[    0.436566] pci 0000:00:00.0: [8086:1237] type 00 class 0x060000 conventional PCI endpoint
[    0.439302] pci 0000:00:01.0: [8086:7000] type 00 class 0x060100 conventional PCI endpoint
[    0.442315] pci 0000:00:01.1: [8086:7010] type 00 class 0x010180 conventional PCI endpoint
[    0.445394] pci 0000:00:01.1: BAR 4 [io  0xc0e0-0xc0ef]
[    0.446564] pci 0000:00:01.1: BAR 0 [io  0x01f0-0x01f7]: legacy IDE quirk
[    0.447504] pci 0000:00:01.1: BAR 1 [io  0x03f6]: legacy IDE quirk
[    0.449505] pci 0000:00:01.1: BAR 2 [io  0x0170-0x0177]: legacy IDE quirk
[    0.451504] pci 0000:00:01.1: BAR 3 [io  0x0376]: legacy IDE quirk
[    0.452751] pci 0000:00:01.3: [8086:7113] type 00 class 0x068000 conventional PCI endpoint
[    0.455083] pci 0000:00:01.3: quirk: [io  0x0600-0x063f] claimed by PIIX4 ACPI
[    0.457517] pci 0000:00:01.3: quirk: [io  0x0700-0x070f] claimed by PIIX4 SMB
[    0.458840] pci 0000:00:02.0: [1234:1111] type 00 class 0x030000 conventional PCI endpoint
[    0.464558] pci 0000:00:02.0: BAR 0 [mem 0xfd000000-0xfdffffff pref]
[    0.466530] pci 0000:00:02.0: BAR 2 [mem 0xfebd0000-0xfebd0fff]
[    0.467552] pci 0000:00:02.0: ROM [mem 0xfebc0000-0xfebcffff pref]
[    0.468661] pci 0000:00:02.0: Video device with shadowed ROM at [mem 0x000c0000-0x000dffff]
[    0.472057] pci 0000:00:03.0: [1af4:1009] type 00 class 0x000200 conventional PCI endpoint
[    0.476534] pci 0000:00:03.0: BAR 0 [io  0xc080-0xc0bf]
[    0.477518] pci 0000:00:03.0: BAR 1 [mem 0xfebd1000-0xfebd1fff]
[    0.478588] pci 0000:00:03.0: BAR 4 [mem 0xfe000000-0xfe003fff 64bit pref]
[    0.482391] pci 0000:00:04.0: [1af4:1000] type 00 class 0x020000 conventional PCI endpoint
[    0.485518] pci 0000:00:04.0: BAR 0 [io  0xc0c0-0xc0df]
[    0.487518] pci 0000:00:04.0: BAR 1 [mem 0xfebd2000-0xfebd2fff]
[    0.488553] pci 0000:00:04.0: BAR 4 [mem 0xfe004000-0xfe007fff 64bit pref]
[    0.490518] pci 0000:00:04.0: ROM [mem 0xfeb80000-0xfebbffff pref]
[    0.493416] pci 0000:00:05.0: [1af4:1001] type 00 class 0x010000 conventional PCI endpoint
[    0.503237] pci 0000:00:05.0: BAR 0 [io  0xc000-0xc07f]
[    0.505519] pci 0000:00:05.0: BAR 1 [mem 0xfebd3000-0xfebd3fff]
[    0.506555] pci 0000:00:05.0: BAR 4 [mem 0xfe008000-0xfe00bfff 64bit pref]
[    0.516449] ACPI: PCI: Interrupt link LNKA configured for IRQ 10
[    0.517679] ACPI: PCI: Interrupt link LNKB configured for IRQ 10
[    0.519639] ACPI: PCI: Interrupt link LNKC configured for IRQ 11
[    0.521652] ACPI: PCI: Interrupt link LNKD configured for IRQ 11
[    0.522580] ACPI: PCI: Interrupt link LNKS configured for IRQ 9
[    0.524993] iommu: Default domain type: Translated
[    0.526504] iommu: DMA domain TLB invalidation policy: lazy mode
[    0.527676] SCSI subsystem initialized
[    0.528531] ACPI: bus type USB registered
[    0.529526] usbcore: registered new interface driver usbfs
[    0.531515] usbcore: registered new interface driver hub
[    0.532510] usbcore: registered new device driver usb
[    0.533531] EDAC MC: Ver: 3.0.0
[    0.534879] NetLabel: Initializing
[    0.536504] NetLabel:  domain hash size = 128
[    0.537503] NetLabel:  protocols = UNLABELED CIPSOv4 CALIPSO
[    0.538522] NetLabel:  unlabeled traffic allowed by default
[    0.539523] mctp: management component transport protocol core
[    0.541504] NET: Registered PF_MCTP protocol family
[    0.542520] PCI: Using ACPI for IRQ routing
[    0.543728] pci 0000:00:02.0: vgaarb: setting as boot VGA device
[    0.544500] pci 0000:00:02.0: vgaarb: bridge control possible
[    0.544500] pci 0000:00:02.0: vgaarb: VGA device added: decodes=io+mem,owns=io+mem,locks=none
[    0.548511] vgaarb: loaded
[    0.549568] hpet0: at MMIO 0xfed00000, IRQs 2, 8, 0
[    0.550504] hpet0: 3 comparators, 64-bit 100.000000 MHz counter
[    0.556612] clocksource: Switched to clocksource kvm-clock
[    0.558672] VFS: Disk quotas dquot_6.6.0
[    0.559665] VFS: Dquot-cache hash table entries: 512 (order 0, 4096 bytes)
[    0.561570] pnp: PnP ACPI init
[    0.562712] pnp: PnP ACPI: found 6 devices
[    0.569946] clocksource: acpi_pm: mask: 0xffffff max_cycles: 0xffffff, max_idle_ns: 2085701024 ns
[    0.572099] NET: Registered PF_INET protocol family
[    0.573316] IP idents hash table entries: 32768 (order: 6, 262144 bytes, linear)
[    0.587881] tcp_listen_portaddr_hash hash table entries: 1024 (order: 2, 16384 bytes, linear)
[    0.590077] Table-perturb hash table entries: 65536 (order: 6, 262144 bytes, linear)
[    0.592111] TCP established hash table entries: 16384 (order: 5, 131072 bytes, linear)
[    0.594096] TCP bind hash table entries: 16384 (order: 7, 524288 bytes, linear)
[    0.595988] TCP: Hash tables configured (established 16384 bind 16384)
[    0.597772] MPTCP token hash table entries: 2048 (order: 4, 49152 bytes, linear)
[    0.599658] UDP hash table entries: 1024 (order: 4, 65536 bytes, linear)
[    0.601382] UDP-Lite hash table entries: 1024 (order: 4, 65536 bytes, linear)
[    0.603265] NET: Registered PF_UNIX/PF_LOCAL protocol family
[    0.604690] NET: Registered PF_XDP protocol family
[    0.605935] pci_bus 0000:00: resource 4 [io  0x0000-0x0cf7 window]
[    0.607480] pci_bus 0000:00: resource 5 [io  0x0d00-0xffff window]
[    0.609065] pci_bus 0000:00: resource 6 [mem 0x000a0000-0x000bffff window]
[    0.610803] pci_bus 0000:00: resource 7 [mem 0x80000000-0xfebfffff window]
[    0.612553] pci_bus 0000:00: resource 8 [mem 0x100000000-0x17fffffff window]
[    0.614427] pci 0000:00:01.0: PIIX3: Enabling Passive Release
[    0.615851] pci 0000:00:00.0: Limiting direct PCI/PCI transfers
[    0.617408] PCI: CLS 0 bytes, default 64
[    0.618502] clocksource: tsc: mask: 0xffffffffffffffff max_cycles: 0x33e452fbb2f, max_idle_ns: 440795236593 ns
[    0.618552] Trying to unpack rootfs image as initramfs...
[    0.646648] Initialise system trusted keyrings
[    0.647821] Key type blacklist registered
[    0.648869] workingset: timestamp_bits=36 max_order=19 bucket_order=0
[    0.650749] fuse: init (API version 7.45)
[    0.652219] integrity: Platform Keyring initialized
[    0.653636] integrity: Machine keyring initialized
[    0.665075] xor: automatically using best checksumming function   avx       
[    0.667465] Key type asymmetric registered
[    0.669020] Asymmetric key parser 'x509' registered
[    0.670825] Block layer SCSI generic (bsg) driver version 0.4 loaded (major 245)
[    0.673239] io scheduler mq-deadline registered
[    0.674542] io scheduler kyber registered
[    0.675811] io scheduler bfq registered
[    0.677295] ledtrig-cpu: registered to indicate activity on CPUs
[    0.679300] input: Power Button as /devices/LNXSYSTM:00/LNXPWRBN:00/input/input0
[    0.680269] Freeing initrd memory: 12936K
[    0.682939] ACPI: button: Power Button [PWRF]
[    0.685353] ACPI: \_SB_.LNKC: Enabled at IRQ 11
[    0.688920] ACPI: \_SB_.LNKD: Enabled at IRQ 10
[    0.692363] ACPI: \_SB_.LNKA: Enabled at IRQ 10
[    0.694998] Serial: 8250/16550 driver, 32 ports, IRQ sharing enabled
[    0.697151] 00:04: ttyS0 at I/O 0x3f8 (irq = 4, base_baud = 115200) is a 16550A
[    0.701029] Non-volatile memory driver v1.3
[    0.702087] Linux agpgart interface v0.103
[    0.703185] ACPI: bus type drm_connector registered
[    0.704918] virtio_blk virtio2: 2/0/0 default/read/poll queues
[    0.707518] virtio_blk virtio2: [vda] 25165824 512-byte logical blocks (12.9 GB/12.0 GiB)
[    0.713272]  vda: vda1
[    0.714170] usbcore: registered new interface driver usbserial_generic
[    0.715862] usbserial: USB Serial support registered for generic
[    0.717414] i8042: PNP: PS/2 Controller [PNP0303:KBD,PNP0f13:MOU] at 0x60,0x64 irq 1,12
[    0.720381] serio: i8042 KBD port at 0x60,0x64 irq 1
[    0.721630] serio: i8042 AUX port at 0x60,0x64 irq 12
[    0.723039] rtc_cmos 00:05: RTC can wake from S4
[    0.724571] input: AT Translated Set 2 keyboard as /devices/platform/i8042/serio0/input/input1
[    0.727335] rtc_cmos 00:05: registered as rtc0
[    0.728536] rtc_cmos 00:05: setting system clock to 2026-02-28T12:28:55 UTC (1772281735)
[    0.730787] rtc_cmos 00:05: alarms up to one day, y3k, 242 bytes nvram, hpet irqs
[    0.732638] intel_pstate: CPU model not supported
[    0.733925] hid: raw HID events driver (C) Jiri Kosina
[    0.735170] usbcore: registered new interface driver usbhid
[    0.736496] usbhid: USB HID core driver
[    0.737459] rust_binder: Loaded Rust Binder.
[    0.737479] drop_monitor: Initializing network drop monitor service
[    0.740119] NET: Registered PF_INET6 protocol family
[    0.741650] Segment Routing with IPv6
[    0.742580] RPL Segment Routing with IPv6
[    0.743557] In-situ OAM (IOAM) with IPv6
[    0.744526] NET: Registered PF_PACKET protocol family
[    0.746185] IPI shorthand broadcast: enabled
[    0.749310] sched_clock: Marking stable (552030326, 196890523)->(801659125, -52738276)
[    0.751435] registered taskstats version 1
[    0.752761] Loading compiled-in X.509 certificates
[    0.759803] Loaded X.509 cert 'Build time autogenerated kernel key: bd75f57764373954f9094fd02f3449c1c19f0d83'
[    0.764721] zswap: loaded using pool zstd
[    0.765817] Demotion targets for Node 0: null
[    0.767081] Key type .fscrypt registered
[    0.768103] Key type fscrypt-provisioning registered
[    0.769597] Btrfs loaded, zoned=yes, fsverity=yes
[    0.770826] Key type big_key registered
[    0.772067] PM:   Magic number: 14:278:482
[    0.774058] RAS: Correctable Errors collector initialized.
[    0.779654] clk: Disabling unused clocks
[    0.780644] PM: genpd: Disabling unused power domains
[    0.783525] Freeing unused decrypted memory: 2028K
[    0.785017] Freeing unused kernel image (initmem) memory: 4732K
[    0.786153] Write protecting the kernel read-only data: 36864k
[    0.787467] Freeing unused kernel image (text/rodata gap) memory: 164K
[    0.788667] Freeing unused kernel image (rodata/data gap) memory: 12K
[    0.827847] x86/mm: Checked W+X mappings: passed, no W+X pages found.
[    0.829039] rodata_test: all tests were successful
[    0.829873] x86/mm: Checking user space page tables
[    0.866831] x86/mm: Checked W+X mappings: passed, no W+X pages found.
[    0.868012] Run /init as init process
P+q6E616D65\[    1.227810] systemd[1]: Successfully made /usr/ read-only.
[6n[32766;32766H[6n[!p]104\[0m[?7h[1G[0J[    1.566336] systemd[1]: systemd 259.1-1-arch running in system mode (+PAM +AUDIT -SELINUX +APPARMOR -IMA +IPE +SMACK +SECCOMP +GCRYPT +GNUTLS +OPENSSL +ACL +BLKID +CURL +ELFUTILS +FIDO2 +IDN2 -IDN +KMOD +LIBCRYPTSETUP +LIBCRYPTSETUP_PLUGINS +LIBFDISK +PCRE2 +PWQUALITY +P11KIT +QRENCODE +TPM2 +BZIP2 +LZ4 +XZ +ZLIB +ZSTD +BPF_FRAMEWORK +BTF +XKBCOMMON +UTMP -SYSVINIT +LIBARCHIVE)
[    1.576722] systemd[1]: Detected virtualization kvm.
[    1.578519] systemd[1]: Detected architecture x86-64.
[    1.580125] systemd[1]: Running in initrd.
[0;1;39mBooting initrd of [0m[38;2;23;147;209mArch Linux[0m[0;1;39m.[0m
[    1.584540] systemd[1]: Initializing machine ID from random generator.
]3008;start=4f5446d547084880b8252ea9149e4bbc;user=root;hostname=archlinux;machineid=02e0eb85d4114d98b4b89b55130e733b;bootid=e299ad4f798244fa8a12f9a69ef184cb;pid=1;pidfdid=2;comm=systemd;type=boot\[    1.635505] systemd[1]: Queued start job for default target Initrd Default Target.
[    1.687355] systemd[1]: Expecting device /dev/vda1...
         Expecting device [0;1;39m/dev/vda1[0m...
[    1.689464] systemd[1]: Reached target Path Units.
[[0;32m  OK  [0m] Reached target [0;1;39mPath Units[0m.
[    1.691449] systemd[1]: Reached target Slice Units.
[[0;32m  OK  [0m] Reached target [0;1;39mSlice Units[0m.
[    1.693515] systemd[1]: Reached target Swaps.
[[0;32m  OK  [0m] Reached target [0;1;39mSwaps[0m.
[    1.695374] systemd[1]: Reached target Timer Units.
[[0;32m  OK  [0m] Reached target [0;1;39mTimer Units[0m.
[    1.697596] systemd[1]: Listening on Journal Socket (/dev/log).
[[0;32m  OK  [0m] Listening on [0;1;39mJournal Socket (/dev/log)[0m.
[    1.700371] systemd[1]: Listening on Journal Sockets.
[[0;32m  OK  [0m] Listening on [0;1;39mJournal Sockets[0m.
[    1.702747] systemd[1]: Listening on udev Control Socket.
[[0;32m  OK  [0m] Listening on [0;1;39mudev Control Socket[0m.
[    1.705063] systemd[1]: Listening on udev Kernel Socket.
[[0;32m  OK  [0m] Listening on [0;1;39mudev Kernel Socket[0m.
[    1.707323] systemd[1]: Reached target Socket Units.
[[0;32m  OK  [0m] Reached target [0;1;39mSocket Units[0m.
[    1.709528] systemd[1]: Create List of Static Device Nodes skipped, unmet condition check ConditionFileNotEmpty=/lib/modules/6.18.9-arch1-2/modules.devname
[    1.712278] systemd[1]: Early Battery Level Check skipped, unmet condition check ConditionDirectoryNotEmpty=/sys/class/power_supply
[    1.714411] systemd[1]: Display Boot-Time Emergency Messages In Full Screen skipped, unmet condition check ConditionVirtualization=no
[    1.721498] systemd[1]: Starting Journal Service...
         Starting [0;1;39mJournal Service[0m...
[    1.725993] systemd[1]: Starting Load Kernel Modules...
         Starting [0;1;39mLoad Kernel Modules[0m...
[    1.730005] systemd[1]: TPM PCR Barrier (initrd) skipped, unmet condition check ConditionSecurity=measured-uki
[    1.738548] systemd[1]: Starting Create Static Device Nodes in /dev...
         Starting [0;1;39mCreate Static Device Nodes in /dev[0m...
[    1.748372] systemd[1]: Starting Coldplug All udev Devices...
         Starting [0;1;39mColdplug All udev Devices[0m...
[    1.770727] systemd[1]: Finished Create Static Device Nodes in /dev.
[[0;32m  OK  [0m] Finished [0;1;39mCreate Static Device Nodes in /dev[0m.
[    1.774066] systemd[1]: Reached target Preparation for Local File Systems.
[    1.775063] systemd-journald[104]: Collecting audit messages is disabled.
[[0;32m  OK  [0m] Reached target [0;1;39mPreparation for Local File Systems[0m.
[    1.778437] systemd[1]: Reached target Local File Systems.
[[0;32m  OK  [0m] Reached target [0;1;39mLocal File Systems[0m.
[    1.783874] systemd[1]: Starting Rule-based Manager for Device Events and Files...
         Starting [0;1;39mRule-based Manager for Device Events and Files[0m...
[    1.813104] systemd[1]: Started Journal Service.
[[0;32m  OK  [0m] Started [0;1;39mJournal Service[0m.
         Starting [0;1;39mCreate System Files and Directories[0m...
[    1.826779] netfs: FS-Cache loaded
[[0;32m  OK  [0m] Finished [0;1;39mCreate System Files and Directories[0m.
[    1.845961] 9pnet: Installing 9P2000 support
[[0;32m  OK  [0m] Started [0;1;39mRule-based Manager for Device Events and Files[0m.
[    1.860524] 9p: Installing v9fs 9p2000 file system support
[[0;32m  OK  [0m] Finished [0;1;39mLoad Kernel Modules[0m.
[[0;32m  OK  [0m] Finished [0;1;39mColdplug All udev Devices[0m.
[[0;32m  OK  [0m] Reached target [0;1;39mSystem Initialization[0m.
[[0;32m  OK  [0m] Reached target [0;1;39mBasic System[0m.
[[0;32m  OK  [0m] Found device [0;1;39m/dev/vda1[0m.
[[0;32m  OK  [0m] Reached target [0;1;39mInitrd Root Device[0m.
         Starting [0;1;39mFile System Check on /dev/vda1[0m...
         Starting [0;1;39mVirtual Console Setup[0m...
[[0;32m  OK  [0m] Finished [0;1;39mFile System Check on /dev/vda1[0m.
[[0;32m  OK  [0m] Finished [0;1;39mVirtual Console Setup[0m.
         Mounting [0;1;39m/sysroot[0m...
[    2.838681] EXT4-fs (vda1): mounted filesystem ddfae1cc-629e-47f4-9008-261996ba3811 r/w with ordered data mode. Quota mode: none.
[[0;32m  OK  [0m] Mounted [0;1;39m/sysroot[0m.
[[0;32m  OK  [0m] Reached target [0;1;39mInitrd Root File System[0m.
         Starting [0;1;39mMountpoints Configured in the Real Root[0m...
[[0;32m  OK  [0m] Finished [0;1;39mMountpoints Configured in the Real Root[0m.
[[0;32m  OK  [0m] Reached target [0;1;39mInitrd File Systems[0m.
[[0;32m  OK  [0m] Reached target [0;1;39mInitrd Default Target[0m.
         Starting [0;1;39mCleaning Up and Shutting Down Daemons[0m...
[[0;32m  OK  [0m] Stopped target [0;1;39mInitrd Default Target[0m.
[[0;32m  OK  [0m] Stopped target [0;1;39mBasic System[0m.
[[0;32m  OK  [0m] Stopped target [0;1;39mInitrd Root Device[0m.
[[0;32m  OK  [0m] Stopped target [0;1;39mPath Units[0m.
[[0;32m  OK  [0m] Stopped target [0;1;39mSlice Units[0m.
[[0;32m  OK  [0m] Stopped target [0;1;39mSocket Units[0m.
[[0;32m  OK  [0m] Stopped target [0;1;39mSystem Initialization[0m.
[[0;32m  OK  [0m] Stopped target [0;1;39mSwaps[0m.
[[0;32m  OK  [0m] Stopped target [0;1;39mTimer Units[0m.
[[0;32m  OK  [0m] Stopped [0;1;39mLoad Kernel Modules[0m.
[[0;32m  OK  [0m] Stopped [0;1;39mCreate System Files and Directories[0m.
[[0;32m  OK  [0m] Stopped target [0;1;39mLocal File Systems[0m.
[[0;32m  OK  [0m] Stopped target [0;1;39mPreparation for Local File Systems[0m.
[[0;32m  OK  [0m] Stopped [0;1;39mColdplug All udev Devices[0m.
         Stopping [0;1;39mRule-based Manager for Device Events and Files[0m...
[[0;32m  OK  [0m] Stopped [0;1;39mVirtual Console Setup[0m.
[[0;32m  OK  [0m] Stopped [0;1;39mRule-based Manager for Device Events and Files[0m.
[[0;32m  OK  [0m] Finished [0;1;39mCleaning Up and Shutting Down Daemons[0m.
[[0;32m  OK  [0m] Closed [0;1;39mudev Control Socket[0m.
         Starting [0;1;39mCleanup udev Database[0m...
[[0;32m  OK  [0m] Stopped [0;1;39mCreate Static Device Nodes in /dev[0m.
[[0;32m  OK  [0m] Finished [0;1;39mCleanup udev Database[0m.
[[0;32m  OK  [0m] Reached target [0;1;39mSwitch Root[0m.
         Starting [0;1;39mSwitch Root[0m...
[    3.140910] systemd-journald[104]: Received SIGTERM from PID 1 (systemd).
P+q6E616D65\[6n[32766;32766H[6n[!p]104\[0m[?7h[1G[0J[    3.906846] systemd[1]: systemd 259.1-1-arch running in system mode (+PAM +AUDIT -SELINUX +APPARMOR -IMA +IPE +SMACK +SECCOMP +GCRYPT +GNUTLS +OPENSSL +ACL +BLKID +CURL +ELFUTILS +FIDO2 +IDN2 -IDN +KMOD +LIBCRYPTSETUP +LIBCRYPTSETUP_PLUGINS +LIBFDISK +PCRE2 +PWQUALITY +P11KIT +QRENCODE +TPM2 +BZIP2 +LZ4 +XZ +ZLIB +ZSTD +BPF_FRAMEWORK +BTF +XKBCOMMON +UTMP -SYSVINIT +LIBARCHIVE)
[    3.918073] systemd[1]: Detected virtualization kvm.
[    3.919359] systemd[1]: Detected architecture x86-64.

[0;1;39mWelcome to [0m[38;2;23;147;209mArch Linux[0m[0;1;39m![0m

[    3.934241] systemd[1]: Hostname set to <ksmbd-vm>.
]3008;start=16d731ce8feb4ab98ea31f3f484c6ee1;user=root;hostname=ksmbd-vm;machineid=0ab76daf18ce42b0b036a81eb53bdd79;bootid=e299ad4f798244fa8a12f9a69ef184cb;pid=1;pidfdid=2;comm=systemd;type=boot\[    4.057885] systemd[1]: bpf-restrict-fs: LSM BPF program attached
[    4.114017] Guest personality initialized and is inactive
[    4.115119] VMCI host device registered (name=vmci, major=10, minor=260)
[    4.116308] Initialized host personality
[    4.121277] NET: Registered PF_VSOCK protocol family
[    4.308449] systemd[1]: initrd-switch-root.service: Deactivated successfully.
[    4.310070] systemd[1]: Stopped Switch Root.
[[0;32m  OK  [0m] Stopped [0;1;39mSwitch Root[0m.
[    4.312830] systemd[1]: systemd-journald.service: Scheduled restart job, restart counter is at 1.
[    4.315100] systemd[1]: Created slice Slice /system/dirmngr.
[[0;32m  OK  [0m] Created slice [0;1;39mSlice /system/dirmngr[0m.
[    4.317991] systemd[1]: Created slice Slice /system/getty.
[[0;32m  OK  [0m] Created slice [0;1;39mSlice /system/getty[0m.
[    4.320660] systemd[1]: Created slice Slice /system/gpg-agent.
[[0;32m  OK  [0m] Created slice [0;1;39mSlice /system/gpg-agent[0m.
[    4.324233] systemd[1]: Created slice Slice /system/gpg-agent-browser.
[[0;32m  OK  [0m] Created slice [0;1;39mSlice /system/gpg-agent-browser[0m.
[    4.328019] systemd[1]: Created slice Slice /system/gpg-agent-extra.
[[0;32m  OK  [0m] Created slice [0;1;39mSlice /system/gpg-agent-extra[0m.
[    4.331302] systemd[1]: Created slice Slice /system/gpg-agent-ssh.
[[0;32m  OK  [0m] Created slice [0;1;39mSlice /system/gpg-agent-ssh[0m.
[    4.334842] systemd[1]: Created slice Slice /system/keyboxd.
[[0;32m  OK  [0m] Created slice [0;1;39mSlice /system/keyboxd[0m.
[    4.338321] systemd[1]: Created slice Slice /system/modprobe.
[[0;32m  OK  [0m] Created slice [0;1;39mSlice /system/modprobe[0m.
[    4.341799] systemd[1]: Created slice Slice /system/serial-getty.
[[0;32m  OK  [0m] Created slice [0;1;39mSlice /system/serial-getty[0m.
[    4.344734] systemd[1]: Created slice User and Session Slice.
[[0;32m  OK  [0m] Created slice [0;1;39mUser and Session Slice[0m.
[    4.347324] systemd[1]: Started Dispatch Password Requests to Console Directory Watch.
[[0;32m  OK  [0m] Started [0;1;39mDispatch Password Requests to Console Directory Watch[0m.
[    4.350591] systemd[1]: Started Forward Password Requests to Wall Directory Watch.
[[0;32m  OK  [0m] Started [0;1;39mForward Password Requests to Wall Directory Watch[0m.
[    4.353790] systemd[1]: Set up automount Arbitrary Executable File Formats File System Automount Point.
[[0;32m  OK  [0m] Set up automount [0;1;39mArbitrary Executa…ormats File System Automount Point[0m.
[    4.357342] systemd[1]: Expecting device /dev/ttyS0...
         Expecting device [0;1;39m/dev/ttyS0[0m...
[    4.359315] systemd[1]: Reached target Local Encrypted Volumes.
[[0;32m  OK  [0m] Reached target [0;1;39mLocal Encrypted Volumes[0m.
[    4.361808] systemd[1]: Reached target Image Downloads.
[[0;32m  OK  [0m] Reached target [0;1;39mImage Downloads[0m.
[    4.364074] systemd[1]: Stopped target Switch Root.
[[0;32m  OK  [0m] Stopped target [0;1;39mSwitch Root[0m.
[    4.366172] systemd[1]: Stopped target Initrd File Systems.
[[0;32m  OK  [0m] Stopped target [0;1;39mInitrd File Systems[0m.
[    4.368527] systemd[1]: Stopped target Initrd Root File System.
[[0;32m  OK  [0m] Stopped target [0;1;39mInitrd Root File System[0m.
[    4.371031] systemd[1]: Reached target Local Integrity Protected Volumes.
[[0;32m  OK  [0m] Reached target [0;1;39mLocal Integrity Protected Volumes[0m.
[    4.373764] systemd[1]: Reached target Path Units.
[[0;32m  OK  [0m] Reached target [0;1;39mPath Units[0m.
[    4.375759] systemd[1]: Reached target Remote File Systems.
[[0;32m  OK  [0m] Reached target [0;1;39mRemote File Systems[0m.
[    4.378189] systemd[1]: Reached target Slice Units.
[[0;32m  OK  [0m] Reached target [0;1;39mSlice Units[0m.
[    4.380337] systemd[1]: Reached target Swaps.
[[0;32m  OK  [0m] Reached target [0;1;39mSwaps[0m.
[    4.382246] systemd[1]: Reached target Local Verity Protected Volumes.
[[0;32m  OK  [0m] Reached target [0;1;39mLocal Verity Protected Volumes[0m.
[    4.385082] systemd[1]: Listening on Device-mapper event daemon FIFOs.
[[0;32m  OK  [0m] Listening on [0;1;39mDevice-mapper event daemon FIFOs[0m.
[    4.388589] systemd[1]: Listening on Query the User Interactively for a Password.
[[0;32m  OK  [0m] Listening on [0;1;39mQuery the User Interactively for a Password[0m.
[    4.393132] systemd[1]: Listening on Process Core Dump Socket.
[[0;32m  OK  [0m] Listening on [0;1;39mProcess Core Dump Socket[0m.
[    4.396247] systemd[1]: Listening on Credential Encryption/Decryption.
[[0;32m  OK  [0m] Listening on [0;1;39mCredential Encryption/Decryption[0m.
[    4.400179] systemd[1]: Listening on Factory Reset Management.
[[0;32m  OK  [0m] Listening on [0;1;39mFactory Reset Management[0m.
[    4.403611] systemd[1]: Listening on Console Output Muting Service Socket.
[[0;32m  OK  [0m] Listening on [0;1;39mConsole Output Muting Service Socket[0m.
[    4.406586] systemd[1]: Listening on Network Management Resolve Hook Socket.
[[0;32m  OK  [0m] Listening on [0;1;39mNetwork Management Resolve Hook Socket[0m.
[    4.409791] systemd[1]: Listening on Network Management Varlink Socket.
[[0;32m  OK  [0m] Listening on [0;1;39mNetwork Management Varlink Socket[0m.
[    4.412757] systemd[1]: Listening on Network Management Netlink Socket.
[[0;32m  OK  [0m] Listening on [0;1;39mNetwork Management Netlink Socket[0m.
[    4.415530] systemd[1]: TPM PCR Measurements skipped, unmet condition check ConditionSecurity=measured-uki
[    4.417251] systemd[1]: Make TPM PCR Policy skipped, unmet condition check ConditionSecurity=measured-uki
[    4.420002] systemd[1]: Listening on Disk Repartitioning Service Socket.
[[0;32m  OK  [0m] Listening on [0;1;39mDisk Repartitioning Service Socket[0m.
[    4.422885] systemd[1]: Listening on Resolve Monitor Varlink Socket.
[[0;32m  OK  [0m] Listening on [0;1;39mResolve Monitor Varlink Socket[0m.
[    4.425627] systemd[1]: Listening on Resolve Service Varlink Socket.
[[0;32m  OK  [0m] Listening on [0;1;39mResolve Service Varlink Socket[0m.
[    4.428526] systemd[1]: Listening on udev Control Socket.
[[0;32m  OK  [0m] Listening on [0;1;39mudev Control Socket[0m.
[    4.430886] systemd[1]: Listening on udev Varlink Socket.
[[0;32m  OK  [0m] Listening on [0;1;39mudev Varlink Socket[0m.
[    4.433296] systemd[1]: Listening on User Database Manager Socket.
[[0;32m  OK  [0m] Listening on [0;1;39mUser Database Manager Socket[0m.
[    4.436736] systemd[1]: Mounting Huge Pages File System...
         Mounting [0;1;39mHuge Pages File System[0m...
[    4.439797] systemd[1]: Mounting POSIX Message Queue File System...
         Mounting [0;1;39mPOSIX Message Queue File System[0m...
[    4.449980] systemd[1]: Mounting Kernel Debug File System...
         Mounting [0;1;39mKernel Debug File System[0m...
[    4.454017] systemd[1]: Mounting Kernel Trace File System...
         Mounting [0;1;39mKernel Trace File System[0m...
[    4.458814] systemd[1]: Mounting Temporary Directory /tmp...
         Mounting [0;1;39mTemporary Directory /tmp[0m...
[    4.463307] systemd[1]: Starting Create List of Static Device Nodes...
         Starting [0;1;39mCreate List of Static Device Nodes[0m...
[    4.471394] systemd[1]: Load Kernel Module configfs skipped, unmet condition check ConditionKernelModuleLoaded=!configfs
[    4.477048] systemd[1]: Mounting Kernel Configuration File System...
         Mounting [0;1;39mKernel Configuration File System[0m...
[    4.481024] systemd[1]: Load Kernel Module drm skipped, unmet condition check ConditionKernelModuleLoaded=!drm
[    4.483030] systemd[1]: Load Kernel Module fuse skipped, unmet condition check ConditionKernelModuleLoaded=!fuse
[    4.485565] systemd[1]: Mounting FUSE Control File System...
         Mounting [0;1;39mFUSE Control File System[0m...
[    4.490033] systemd[1]: Clear Stale Hibernate Storage Info skipped, unmet condition check ConditionPathExists=/sys/firmware/efi/efivars/HibernateLocation-8cf2644b-4b0b-428f-9387-6d876050dc67
[    4.496361] systemd[1]: Starting Journal Service...
         Starting [0;1;39mJournal Service[0m...
[    4.499426] systemd[1]: Load Kernel Modules skipped, no trigger condition checks were met.
[    4.503394] systemd[1]: Starting Generate Network Units from Kernel Command Line...
         Starting [0;1;39mGenerate Network Units from Kernel Command Line[0m...
[    4.506725] systemd[1]: TPM PCR Machine ID Measurement skipped, unmet condition check ConditionSecurity=measured-uki
[    4.508608] systemd[1]: TPM NvPCR Product ID Measurement skipped, unmet condition check ConditionSecurity=measured-uki
[    4.512006] systemd[1]: Starting Remount Root and Kernel File Systems...
         Starting [0;1;39mRemount Root and Kernel File Systems[0m...
[    4.522132] systemd[1]: Starting Apply Kernel Variables...
         Starting [0;1;39mApply Kernel Variables[0m...
[    4.526143] systemd[1]: Early TPM SRK Setup skipped, unmet condition check ConditionSecurity=measured-uki
[    4.532022] systemd[1]: Starting Load udev Rules from Credentials...
         Starting [0;1;39mLoad udev Rules from Credentials[0m...[    4.535972] systemd-journald[325]: Collecting audit messages is disabled.

[    4.543763] systemd[1]: Starting Coldplug All udev Devices...
[    4.545999] EXT4-fs (vda1): re-mounted ddfae1cc-629e-47f4-9008-261996ba3811.
         Starting [0;1;39mColdplug All udev Devices[0m...
[    4.558897] systemd[1]: Started Journal Service.
[[0;32m  OK  [0m] Started [0;1;39mJournal Service[0m.
[[0;32m  OK  [0m] Mounted [0;1;39mHuge Pages File System[0m.
[[0;32m  OK  [0m] Mounted [0;1;39mPOSIX Message Queue File System[0m.
[[0;32m  OK  [0m] Mounted [0;1;39mKernel Debug File System[0m.
[[0;32m  OK  [0m] Mounted [0;1;39mKernel Trace File System[0m.
[[0;32m  OK  [0m] Mounted [0;1;39mTemporary Directory /tmp[0m.
[[0;32m  OK  [0m] Finished [0;1;39mCreate List of Static Device Nodes[0m.
[[0;32m  OK  [0m] Mounted [0;1;39mKernel Configuration File System[0m.
[[0;32m  OK  [0m] Mounted [0;1;39mFUSE Control File System[0m.
[[0;32m  OK  [0m] Finished [0;1;39mGenerate Network Units from Kernel Command Line[0m.
[[0;32m  OK  [0m] Finished [0;1;39mRemount Root and Kernel File Systems[0m.
[[0;32m  OK  [0m] Finished [0;1;39mApply Kernel Variables[0m.
[[0;32m  OK  [0m] Finished [0;1;39mLoad udev Rules from Credentials[0m.
[[0;32m  OK  [0m] Reached target [0;1;39mPreparation for Network[0m.
         Starting [0;1;39mFlush Journal to Persistent Storage[0m...
         Starting [0;1;39mLoad/Save OS Random Seed[0m...
         Starting [0;1;39mCreate Static Device Nodes in /dev gracefully[0m...
[    4.620677] systemd-journald[325]: Received client request to flush runtime journal.
         Starting [0;1;39mUser Database Manager[0m...
[[0;32m  OK  [0m] Finished [0;1;39mLoad/Save OS Random Seed[0m.
[[0;32m  OK  [0m] Started [0;1;39mUser Database Manager[0m.
[[0;32m  OK  [0m] Finished [0;1;39mFlush Journal to Persistent Storage[0m.
[[0;32m  OK  [0m] Finished [0;1;39mColdplug All udev Devices[0m.
[[0;32m  OK  [0m] Finished [0;1;39mCreate Static Device Nodes in /dev gracefully[0m.
         Starting [0;1;39mNetwork Name Resolution[0m...
         Starting [0;1;39mCreate Static Device Nodes in /dev[0m...
[[0;32m  OK  [0m] Finished [0;1;39mCreate Static Device Nodes in /dev[0m.
[[0;32m  OK  [0m] Reached target [0;1;39mPreparation for Local File Systems[0m.
         Starting [0;1;39mRule-based Manager for Device Events and Files[0m...
[[0;32m  OK  [0m] Started [0;1;39mNetwork Name Resolution[0m.
[[0;32m  OK  [0m] Reached target [0;1;39mHost and Network Name Lookups[0m.
[[0;32m  OK  [0m] Started [0;1;39mRule-based Manager for Device Events and Files[0m.
         Starting [0;1;39mNetwork Management[0m...
[    4.999674] virtio_net virtio1 ens4: renamed from eth0
[    5.011010] cfg80211: Loading compiled-in X.509 certificates for regulatory database
[    5.017136] Loaded X.509 cert 'sforshee: 00b28ddf47aef9cea7'
[    5.018340] Loaded X.509 cert 'wens: 61c038651aabdcf94bd0ac7ff06c7248db18c600'
[    5.020950] faux_driver regulatory: Direct firmware load for regulatory.db failed with error -2
[    5.022548] cfg80211: failed to load regulatory.db
[[0;32m  OK  [0m] Started [0;1;39mNetwork Management[0m.
[[0;32m  OK  [0m] Reached target [0;1;39mNetwork[0m.
         Starting [0;1;39mEnable Persistent Storage in systemd-networkd[0m...
[[0;32m  OK  [0m] Finished [0;1;39mEnable Persistent Storage in systemd-networkd[0m.
[    5.123659] bochs-drm 0000:00:02.0: vgaarb: deactivate vga console
[    5.140606] piix4_smbus 0000:00:01.3: SMBus Host Controller at 0x700, revision 0
[    5.140654] i2c i2c-0: Memory type 0x07 not supported yet, not instantiating SPD
[    5.145752] Console: switching to colour dummy device 80x25
[    5.153999] [drm] Found bochs VGA, ID 0xb0c5.
[    5.154767] [drm] Framebuffer size 16384 kB @ 0xfd000000, mmio @ 0xfebd0000.
[    5.156298] bochs-drm 0000:00:02.0: [drm] Registered 1 planes with drm panic
[    5.157904] [drm] Initialized bochs-drm 1.0.0 for 0000:00:02.0 on minor 0
[    5.162686] fbcon: bochs-drmdrmfb (fb0) is primary device
[    5.163960] parport_pc 00:03: reported by Plug and Play ACPI
[    5.164205] parport0: PC-style at 0x378, irq 7 [PCSPP,TRISTATE]
[    5.164375] scsi host0: ata_piix
[    5.167940] scsi host1: ata_piix
[    5.169178] ata1: PATA max MWDMA2 cmd 0x1f0 ctl 0x3f6 bmdma 0xc0e0 irq 14 lpm-pol 0
[    5.169180] ata2: PATA max MWDMA2 cmd 0x170 ctl 0x376 bmdma 0xc0e8 irq 15 lpm-pol 0
[    5.171194] Floppy drive(s): fd0 is 2.88M AMI BIOS
[    5.182500] FDC 0 is a S82078B
[    5.187246] Console: switching to colour frame buffer device 160x50
[    5.193299] input: VirtualPS/2 VMware VMMouse as /devices/platform/i8042/serio1/input/input4
[    5.193406] bochs-drm 0000:00:02.0: [drm] fb0: bochs-drmdrmfb frame buffer device
[    5.203292] input: VirtualPS/2 VMware VMMouse as /devices/platform/i8042/serio1/input/input3
[    5.206165] input: PC Speaker as /devices/platform/pcspkr/input/input5
[[0;32m  OK  [0m] Listening on [0;1;39mLoad/Save RF Kill Switch Status /dev/rfkill Watch[0m.
         Starting [0;1;39mVirtual Console Setup[0m...
[[0;32m  OK  [0m] Stopped [0;1;39mVirtual Console Setup[0m.
[    5.257817] RAPL PMU: API unit is 2^-32 Joules, 0 fixed counters, 10737418240 ms ovfl timer
         Starting [0;1;39mVirtual Console Setup[0m...
[    5.285451] ppdev: user-space parallel port driver
[[0;32m  OK  [0m] Finished [0;1;39mVirtual Console Setup[0m.
         Mounting [0;1;39m/mnt/ksmbd[0m...
[[0;32m  OK  [0m] Reached target [0;1;39mLocal File Systems[0m.
[[0;32m  OK  [0m] Listening on [0;1;39mBoot Entries Service Socket[0m.
[[0;32m  OK  [0m] Listening on [0;1;39mDisk Image Download Service Socket[0m.
[[0;32m  OK  [0m] Listening on [0;1;39mSystem Extension Image Management[0m.
[    5.328359] ata2: found unknown device (class 0)
         Starting [0;1;39mCreate System Files and Directories[0m...
[    5.331613] ata2.00: ATAPI: QEMU DVD-ROM, 2.5+, max UDMA/100
[    5.332141] 9pnet: Limiting 'msize' to 512000 as this is the maximum supported by transport virtio
         Starting [0;1;39mLoad JSON user/group Records from Credentials[0m...
[    5.338832] scsi 1:0:0:0: CD-ROM            QEMU     QEMU DVD-ROM     2.5+ PQ: 0 ANSI: 5
[[0;32m  OK  [0m] Mounted [0;1;39m/mnt/ksmbd[0m.
[    5.366715] mousedev: PS/2 mouse device common for all mice
[[0;32m  OK  [0m] Finished [0;1;39mLoad JSON user/group Records from Credentials[0m.
[    5.438306] sr 1:0:0:0: [sr0] scsi3-mmc drive: 4x/4x cd/rw xa/form2 tray
[    5.439752] cdrom: Uniform CD-ROM driver Revision: 3.20
[[0;32m  OK  [0m] Finished [0;1;39mCreate System Files and Directories[0m.
         Starting [0;1;39mRecord System Boot/Shutdown in UTMP[0m...
[[0;32m  OK  [0m] Finished [0;1;39mRecord System Boot/Shutdown in UTMP[0m.
[[0;32m  OK  [0m] Reached target [0;1;39mSystem Initialization[0m.
[[0;32m  OK  [0m] Started [0;1;39mRefresh existing PGP keys of archlinux-keyring regularly[0m.
[[0;32m  OK  [0m] Started [0;1;39mDaily verification of password and group files[0m.
[[0;32m  OK  [0m] Started [0;1;39mDaily Cleanup of Temporary Directories[0m.
[[0;32m  OK  [0m] Reached target [0;1;39mTimer Units[0m.
[[0;32m  OK  [0m] Listening on [0;1;39mD-Bus System Message Bus Socket[0m.
[[0;32m  OK  [0m] Listening on [0;1;39mGnuPG network certifi…ent daemon for /etc/pacman.d/gnupg[0m.
[[0;32m  OK  [0m] Listening on [0;1;39mGnuPG cryptographic a… browsers) for /etc/pacman.d/gnupg[0m.
[[0;32m  OK  [0m] Listening on [0;1;39mGnuPG cryptographic a…estricted) for /etc/pacman.d/gnupg[0m.
[[0;32m  OK  [0m] Listening on [0;1;39mGnuPG cryptographic a…emulation) for /etc/pacman.d/gnupg[0m.
[[0;32m  OK  [0m] Listening on [0;1;39mGnuPG cryptographic a…rase cache for /etc/pacman.d/gnupg[0m.
[[0;32m  OK  [0m] Listening on [0;1;39mGnuPG public key mana…nt service for /etc/pacman.d/gnupg[0m.
[[0;32m  OK  [0m] Listening on [0;1;39mOpenSSH Server Socket…temd-ssh-generator, AF_UNIX Local)[0m.
[[0;32m  OK  [0m] Listening on [0;1;39mHostname Service Socket[0m.
[[0;32m  OK  [0m] Listening on [0;1;39mUser Login Management Varlink Socket[0m.
[[0;32m  OK  [0m] Listening on [0;1;39mVirtual Machine and C…tainer Registration Service Socket[0m.
[[0;32m  OK  [0m] Reached target [0;1;39mSocket Units[0m.
         Starting [0;1;39mD-Bus System Message Bus[0m...
[[0;32m  OK  [0m] Started [0;1;39mD-Bus System Message Bus[0m.
[[0;32m  OK  [0m] Reached target [0;1;39mBasic System[0m.
         Starting [0;1;39mOpenSSH Daemon[0m...
         Starting [0;1;39mUser Login Management[0m...
         Starting [0;1;39mPermit User Sessions[0m...
[[0;32m  OK  [0m] Started [0;1;39mOpenSSH Daemon[0m.
[[0;32m  OK  [0m] Reached target [0;1;39mSSH Access Available[0m.
[[0;32m  OK  [0m] Finished [0;1;39mPermit User Sessions[0m.
[[0;32m  OK  [0m] Started [0;1;39mGetty on tty1[0m.
[[0;32m  OK  [0m] Started [0;1;39mSerial Getty on ttyS0[0m.
[[0;32m  OK  [0m] Reached target [0;1;39mLogin Prompts[0m.
[[0;32m  OK  [0m] Started [0;1;39mUser Login Management[0m.
[[0;32m  OK  [0m] Reached target [0;1;39mMulti-User System[0m.
[[0;32m  OK  [0m] Reached target [0;1;39mGraphical Interface[0m.
[!p]104\[0m[?7h[1G[0J[6n[32766;32766H[6n[!p]104\[0m[?7h[1G[0J[6n[32766;32766H[6n]3008;start=8dd8d0bb6c1648d1938c6f1cb3990a48;user=root;hostname=ksmbd-vm;machineid=0ab76daf18ce42b0b036a81eb53bdd79;bootid=e299ad4f798244fa8a12f9a69ef184cb;pid=438;pidfdid=439;comm=(agetty);servicename=serial-getty@ttyS0.service;invocationid=b0846a47dc1c432e987208ac81e18694;type=service\P+q6E616D65\
Arch Linux 6.18.9-arch1-2 (ttyS0)

ksmbd-vm login: root (automatic login)

]3008;start=f43e4aa5422748ff8311c7f9e9682a4e;user=root;hostname=ksmbd-vm;machineid=0ab76daf18ce42b0b036a81eb53bdd79;bootid=e299ad4f798244fa8a12f9a69ef184cb;pid=438;pidfdid=439;comm=login;targetuser=root;sessionid=1;type=session\
  ╔══════════════════════════════════════════════╗
  ║         ksmbd Test VM                        ║
  ╠══════════════════════════════════════════════╣
  ║  /root/start-ksmbd.sh   - Start server      ║
  ║  /root/reload-ksmbd.sh  - Reload module      ║
  ║  /root/dev-info.sh      - Debug/analysis info║
  ║  /mnt/ksmbd/            - Shared source      ║
  ║  poweroff                - Shutdown VM        ║
  ╚══════════════════════════════════════════════╝

]3008;start=d6fecafa-41b5-4452-b3b6-1840ba135790;machineid=0ab76daf18ce42b0b036a81eb53bdd79;user=root;hostname=ksmbd-vm;bootid=e299ad4f-7982-44fa-8a12-f9a69ef184cb;pid=455;type=shell;cwd=/root\[?2004h[root@ksmbd-vm ~]# [   65.755809] ksmbd: loading out-of-tree module taints kernel.
[   65.756842] ksmbd: module verification failed: signature and/or required key missing - tainting kernel
[   65.775454] ksmbd: Configuration subsystem initialized with 12 parameters
[   65.777616] ksmbd: ksmbd: CHANGE_NOTIFY subsystem initialised
[   65.778709] ksmbd: ksmbd: hook subsystem initialized (22 hook points)
[   65.779843] ksmbd: ksmbd: witness protocol support initialised
[   78.299191] ksmbd: cli req too short, len 162 not 252. cmd:1 mid:2
[   90.261151] ksmbd: PDU error. Read: 0, Expected: 162
[  161.317419] ksmbd: ksmbd: witness protocol support removed
[  161.819918] ksmbd: Configuration subsystem initialized with 12 parameters
[  161.821746] ksmbd: ksmbd: CHANGE_NOTIFY subsystem initialised
[  161.822861] ksmbd: ksmbd: hook subsystem initialized (22 hook points)
[  161.824039] ksmbd: ksmbd: witness protocol support initialised
[  174.178616] ksmbd: PDU length(6424065) excceed maximum allowed pdu size(16384) on connection(5)
[  174.180157] ksmbd: cli req too short, len 162 not 252. cmd:1 mid:2
[  778.200646] ksmbd: kill command received
[  778.208419] ksmbd: kill command received
[  779.214831] ksmbd: ksmbd: witness protocol support removed
[  780.245932] ksmbd: Configuration subsystem initialized with 12 parameters
[  780.248147] ksmbd: ksmbd: CHANGE_NOTIFY subsystem initialised
[  780.249463] ksmbd: ksmbd: hook subsystem initialized (22 hook points)
[  780.250944] ksmbd: ksmbd: witness protocol support initialised
[  879.165630] ksmbd: kill command received
[  880.175764] ksmbd: ksmbd: witness protocol support removed
[  881.233529] ksmbd: Configuration subsystem initialized with 12 parameters
[  881.236168] ksmbd: ksmbd: CHANGE_NOTIFY subsystem initialised
[  881.237633] ksmbd: ksmbd: hook subsystem initialized (22 hook points)
[  881.239155] ksmbd: ksmbd: witness protocol support initialised
[  935.792987] ksmbd: kill command received
[  935.797331] ksmbd: ksmbd: witness protocol support removed
[  936.310124] ksmbd: Configuration subsystem initialized with 12 parameters
[  936.312563] ksmbd: ksmbd: CHANGE_NOTIFY subsystem initialised
[  936.313873] ksmbd: ksmbd: hook subsystem initialized (22 hook points)
[  936.315329] ksmbd: ksmbd: witness protocol support initialised
[  986.596805] ksmbd: kill command received
[  986.599936] ksmbd: ksmbd: witness protocol support removed
[  987.113221] ksmbd: Configuration subsystem initialized with 12 parameters
[  987.115592] ksmbd: ksmbd: CHANGE_NOTIFY subsystem initialised
[  987.116725] ksmbd: ksmbd: hook subsystem initialized (22 hook points)
[  987.118075] ksmbd: ksmbd: witness protocol support initialised
[ 1004.376807] ksmbd: PDU length(6424065) excceed maximum allowed pdu size(16384) on connection(5)
[ 1004.378364] ksmbd: SESSION_SETUP size mismatch: len=162 calc=252 sec_off=88 sec_len=164 struct2=25 flags=0x0 mid=2
[ 1004.380187] ksmbd: Invalid RFC1002 hdr bytes: 00 62 06 01
[ 1004.381186] ksmbd: cli req too short, len 162 not 252. cmd:1 mid:2
[ 1160.654034] ksmbd: kill command received
[ 1160.659031] ksmbd: ksmbd: witness protocol support removed
[ 1161.208718] ksmbd: Configuration subsystem initialized with 12 parameters
[ 1161.211796] ksmbd: ksmbd: CHANGE_NOTIFY subsystem initialised
[ 1161.213132] ksmbd: ksmbd: hook subsystem initialized (22 hook points)
[ 1161.214671] ksmbd: ksmbd: witness protocol support initialised
