[    0.000000] Linux version 6.18.13-arch1-1 (linux@archlinux) (gcc (GCC) 15.2.1 20260209, GNU ld (GNU Binutils) 2.46) #1 SMP PREEMPT_DYNAMIC Wed, 25 Feb 2026 23:12:35 +0000
[    0.000000] Command line: root=/dev/vda1 rw console=ttyS0,115200 loglevel=7
[    0.000000] BIOS-provided physical RAM map:
[    0.000000] BIOS-e820: [mem 0x0000000000000000-0x000000000009fbff] usable
[    0.000000] BIOS-e820: [mem 0x000000000009fc00-0x000000000009ffff] reserved
[    0.000000] BIOS-e820: [mem 0x00000000000f0000-0x00000000000fffff] reserved
[    0.000000] BIOS-e820: [mem 0x0000000000100000-0x000000007ffdcfff] usable
[    0.000000] BIOS-e820: [mem 0x000000007ffdd000-0x000000007fffffff] reserved
[    0.000000] BIOS-e820: [mem 0x00000000feffc000-0x00000000feffffff] reserved
[    0.000000] BIOS-e820: [mem 0x00000000fffc0000-0x00000000ffffffff] reserved
[    0.000000] NX (Execute Disable) protection: active
[    0.000000] APIC: Static calls initialized
[    0.000000] SMBIOS 2.8 present.
[    0.000000] DMI: QEMU Standard PC (i440FX + PIIX, 1996), BIOS Arch Linux 1.17.0-2-2 04/01/2014
[    0.000000] DMI: Memory slots populated: 1/1
[    0.000000] Hypervisor detected: KVM
[    0.000000] last_pfn = 0x7ffdd max_arch_pfn = 0x400000000
[    0.000000] kvm-clock: Using msrs 4b564d01 and 4b564d00
[    0.000001] kvm-clock: using sched offset of 349063593 cycles
[    0.000003] clocksource: kvm-clock: mask: 0xffffffffffffffff max_cycles: 0x1cd42e4dffb, max_idle_ns: 881590591483 ns
[    0.000006] tsc: Detected 3600.000 MHz processor
[    0.001170] last_pfn = 0x7ffdd max_arch_pfn = 0x400000000
[    0.001200] MTRR map: 4 entries (3 fixed + 1 variable; max 19), built from 8 variable MTRRs
[    0.001202] x86/PAT: Configuration [0-7]: WB  WC  UC- UC  WB  WP  UC- WT  
[    0.010373] found SMP MP-table at [mem 0x000f66b0-0x000f66bf]
[    0.010394] Using GB pages for direct mapping
[    0.010567] RAMDISK: [mem 0x7f508000-0x7ffcffff]
[    0.010660] ACPI: Early table checksum verification disabled
[    0.010664] ACPI: RSDP 0x00000000000F64E0 000014 (v00 BOCHS )
[    0.010669] ACPI: RSDT 0x000000007FFE239C 000034 (v01 BOCHS  BXPC     00000001 BXPC 00000001)
[    0.010676] ACPI: FACP 0x000000007FFE2248 000074 (v01 BOCHS  BXPC     00000001 BXPC 00000001)
[    0.010685] ACPI: DSDT 0x000000007FFE0040 002208 (v01 BOCHS  BXPC     00000001 BXPC 00000001)
[    0.010690] ACPI: FACS 0x000000007FFE0000 000040
[    0.010693] ACPI: APIC 0x000000007FFE22BC 000080 (v03 BOCHS  BXPC     00000001 BXPC 00000001)
[    0.010697] ACPI: HPET 0x000000007FFE233C 000038 (v01 BOCHS  BXPC     00000001 BXPC 00000001)
[    0.010701] ACPI: WAET 0x000000007FFE2374 000028 (v01 BOCHS  BXPC     00000001 BXPC 00000001)
[    0.010704] ACPI: Reserving FACP table memory at [mem 0x7ffe2248-0x7ffe22bb]
[    0.010706] ACPI: Reserving DSDT table memory at [mem 0x7ffe0040-0x7ffe2247]
[    0.010706] ACPI: Reserving FACS table memory at [mem 0x7ffe0000-0x7ffe003f]
[    0.010707] ACPI: Reserving APIC table memory at [mem 0x7ffe22bc-0x7ffe233b]
[    0.010708] ACPI: Reserving HPET table memory at [mem 0x7ffe233c-0x7ffe2373]
[    0.010709] ACPI: Reserving WAET table memory at [mem 0x7ffe2374-0x7ffe239b]
[    0.011229] No NUMA configuration found
[    0.011230] Faking a node at [mem 0x0000000000000000-0x000000007ffdcfff]
[    0.011240] NODE_DATA(0) allocated [mem 0x7f4dd280-0x7f507fff]
[    0.011816] Zone ranges:
[    0.011818]   DMA      [mem 0x0000000000001000-0x0000000000ffffff]
[    0.011820]   DMA32    [mem 0x0000000001000000-0x000000007ffdcfff]
[    0.011822]   Normal   empty
[    0.011823]   Device   empty
[    0.011824] Movable zone start for each node
[    0.011826] Early memory node ranges
[    0.011827]   node   0: [mem 0x0000000000001000-0x000000000009efff]
[    0.011828]   node   0: [mem 0x0000000000100000-0x000000007ffdcfff]
[    0.011830] Initmem setup node 0 [mem 0x0000000000001000-0x000000007ffdcfff]
[    0.011845] On node 0, zone DMA: 1 pages in unavailable ranges
[    0.012020] On node 0, zone DMA: 97 pages in unavailable ranges
[    0.036612] On node 0, zone DMA32: 35 pages in unavailable ranges
[    0.037404] ACPI: PM-Timer IO Port: 0x608
[    0.037424] ACPI: LAPIC_NMI (acpi_id[0xff] dfl dfl lint[0x1])
[    0.037462] IOAPIC[0]: apic_id 0, version 17, address 0xfec00000, GSI 0-23
[    0.037466] ACPI: INT_SRC_OVR (bus 0 bus_irq 0 global_irq 2 dfl dfl)
[    0.037468] ACPI: INT_SRC_OVR (bus 0 bus_irq 5 global_irq 5 high level)
[    0.037469] ACPI: INT_SRC_OVR (bus 0 bus_irq 9 global_irq 9 high level)
[    0.037470] ACPI: INT_SRC_OVR (bus 0 bus_irq 10 global_irq 10 high level)
[    0.037472] ACPI: INT_SRC_OVR (bus 0 bus_irq 11 global_irq 11 high level)
[    0.037477] ACPI: Using ACPI (MADT) for SMP configuration information
[    0.037479] ACPI: HPET id: 0x8086a201 base: 0xfed00000
[    0.037485] TSC deadline timer available
[    0.037492] CPU topo: Max. logical packages:   1
[    0.037493] CPU topo: Max. logical dies:       1
[    0.037493] CPU topo: Max. dies per package:   1
[    0.037500] CPU topo: Max. threads per core:   1
[    0.037501] CPU topo: Num. cores per package:     2
[    0.037502] CPU topo: Num. threads per package:   2
[    0.037502] CPU topo: Allowing 2 present CPUs plus 0 hotplug CPUs
[    0.037523] kvm-guest: APIC: eoi() replaced with kvm_guest_apic_eoi_write()
[    0.037536] kvm-guest: KVM setup pv remote TLB flush
[    0.037539] kvm-guest: setup PV sched yield
[    0.037547] PM: hibernation: Registered nosave memory: [mem 0x00000000-0x00000fff]
[    0.037549] PM: hibernation: Registered nosave memory: [mem 0x0009f000-0x000fffff]
[    0.037551] [mem 0x80000000-0xfeffbfff] available for PCI devices
[    0.037553] Booting paravirtualized kernel on KVM
[    0.037555] clocksource: refined-jiffies: mask: 0xffffffff max_cycles: 0xffffffff, max_idle_ns: 1910969940391419 ns
[    0.043695] setup_percpu: NR_CPUS:8192 nr_cpumask_bits:2 nr_cpu_ids:2 nr_node_ids:1
[    0.045055] percpu: Embedded 62 pages/cpu s217088 r8192 d28672 u1048576
[    0.045110] kvm-guest: PV spinlocks enabled
[    0.045113] PV qspinlock hash table entries: 256 (order: 0, 4096 bytes, linear)
[    0.045117] Kernel command line: root=/dev/vda1 rw console=ttyS0,115200 loglevel=7
[    0.045182] random: crng init done
[    0.045184] printk: log buffer data + meta data: 131072 + 458752 = 589824 bytes
[    0.046533] Dentry cache hash table entries: 262144 (order: 9, 2097152 bytes, linear)
[    0.047247] Inode-cache hash table entries: 131072 (order: 8, 1048576 bytes, linear)
[    0.047338] Fallback order for Node 0: 0 
[    0.047342] Built 1 zonelists, mobility grouping on.  Total pages: 524155
[    0.047343] Policy zone: DMA32
[    0.048893] mem auto-init: stack:all(zero), heap alloc:on, heap free:off
[    0.054171] SLUB: HWalign=64, Order=0-3, MinObjects=0, CPUs=2, Nodes=1
[    0.054203] Kernel/User page tables isolation: enabled
[    0.064828] ftrace: allocating 57060 entries in 224 pages
[    0.064832] ftrace: allocated 224 pages with 3 groups
[    0.065127] Dynamic Preempt: full
[    0.065183] rcu: Preemptible hierarchical RCU implementation.
[    0.065184] rcu: 	RCU restricting CPUs from NR_CPUS=8192 to nr_cpu_ids=2.
[    0.065185] rcu: 	RCU priority boosting: priority 1 delay 500 ms.
[    0.065186] 	Trampoline variant of Tasks RCU enabled.
[    0.065186] 	Rude variant of Tasks RCU enabled.
[    0.065187] 	Tracing variant of Tasks RCU enabled.
[    0.065187] rcu: RCU calculated value of scheduler-enlistment delay is 100 jiffies.
[    0.065188] rcu: Adjusting geometry for rcu_fanout_leaf=16, nr_cpu_ids=2
[    0.065194] RCU Tasks: Setting shift to 1 and lim to 1 rcu_task_cb_adjust=1 rcu_task_cpu_ids=2.
[    0.065196] RCU Tasks Rude: Setting shift to 1 and lim to 1 rcu_task_cb_adjust=1 rcu_task_cpu_ids=2.
[    0.065198] RCU Tasks Trace: Setting shift to 1 and lim to 1 rcu_task_cb_adjust=1 rcu_task_cpu_ids=2.
[    0.072765] NR_IRQS: 524544, nr_irqs: 440, preallocated irqs: 16
[    0.073034] rcu: srcu_init: Setting srcu_struct sizes based on contention.
[    0.073274] kfence: initialized - using 2097152 bytes for 255 objects at 0x(____ptrval____)-0x(____ptrval____)
[    0.092424] Console: colour VGA+ 80x25
[    0.092501] printk: legacy console [ttyS0] enabled
[    0.282545] ACPI: Core revision 20250807
[    0.283700] clocksource: hpet: mask: 0xffffffff max_cycles: 0xffffffff, max_idle_ns: 19112604467 ns
[    0.286029] APIC: Switch to symmetric I/O mode setup
[    0.287651] x2apic enabled
[    0.288790] APIC: Switched APIC routing to: physical x2apic
[    0.290378] kvm-guest: APIC: send_IPI_mask() replaced with kvm_send_ipi_mask()
[    0.292419] kvm-guest: APIC: send_IPI_mask_allbutself() replaced with kvm_send_ipi_mask_allbutself()
[    0.294962] kvm-guest: setup PV IPIs
[    0.297202] ..TIMER: vector=0x30 apic1=0 pin1=2 apic2=-1 pin2=-1
[    0.298918] clocksource: tsc-early: mask: 0xffffffffffffffff max_cycles: 0x33e452fbb2f, max_idle_ns: 440795236593 ns
[    0.301962] Calibrating delay loop (skipped) preset value.. 7200.00 BogoMIPS (lpj=3600000)
[    0.303099] x86/cpu: User Mode Instruction Prevention (UMIP) activated
[    0.304080] Last level iTLB entries: 4KB 0, 2MB 0, 4MB 0
[    0.304961] Last level dTLB entries: 4KB 0, 2MB 0, 4MB 0, 1GB 0
[    0.305974] mitigations: Enabled attack vectors: user_kernel, user_user, guest_host, guest_guest, SMT mitigations: auto
[    0.306961] Speculative Store Bypass: Mitigation: Speculative Store Bypass disabled via prctl
[    0.307961] SRBDS: Unknown: Dependent on hypervisor status
[    0.308960] Spectre V2 : Mitigation: IBRS
[    0.309959] RETBleed: Mitigation: IBRS
[    0.310959] MDS: Mitigation: Clear CPU buffers
[    0.311959] TAA: Mitigation: Clear CPU buffers
[    0.312959] MMIO Stale Data: Mitigation: Clear CPU buffers
[    0.313960] Spectre V1 : Mitigation: usercopy/swapgs barriers and __user pointer sanitization
[    0.314964] Spectre V2 : Spectre v2 / SpectreRSB: Filling RSB on context switch and VMEXIT
[    0.315964] Spectre V2 : mitigation: Enabling conditional Indirect Branch Prediction Barrier
[    0.316965] GDS: Unknown: Dependent on hypervisor status
[    0.317959] Spectre V2 : Spectre BHI mitigation: SW BHB clearing on syscall and VM exit
[    0.318975] x86/fpu: Supporting XSAVE feature 0x001: 'x87 floating point registers'
[    0.319959] x86/fpu: Supporting XSAVE feature 0x002: 'SSE registers'
[    0.320959] x86/fpu: Supporting XSAVE feature 0x004: 'AVX registers'
[    0.321959] x86/fpu: Supporting XSAVE feature 0x008: 'MPX bounds registers'
[    0.322961] x86/fpu: Supporting XSAVE feature 0x010: 'MPX CSR'
[    0.323962] x86/fpu: xstate_offset[2]:  576, xstate_sizes[2]:  256
[    0.324960] x86/fpu: xstate_offset[3]:  832, xstate_sizes[3]:   64
[    0.325959] x86/fpu: xstate_offset[4]:  896, xstate_sizes[4]:   64
[    0.327959] x86/fpu: Enabled xstate features 0x1f, context size is 960 bytes, using 'compacted' format.
[    0.363096] Freeing SMP alternatives memory: 56K
[    0.363962] pid_max: default: 32768 minimum: 301
[    0.365024] LSM: initializing lsm=capability,landlock,lockdown,yama,bpf
[    0.366047] landlock: Up and running.
[    0.366963] Yama: becoming mindful.
[    0.368166] LSM support for eBPF active
[    0.369017] Mount-cache hash table entries: 4096 (order: 3, 32768 bytes, linear)
[    0.369983] Mountpoint-cache hash table entries: 4096 (order: 3, 32768 bytes, linear)
[    0.372433] smpboot: CPU0: Intel(R) Core(TM) i7-7700 CPU @ 3.60GHz (family: 0x6, model: 0x9e, stepping: 0x9)
[    0.373473] Performance Events: Skylake events, full-width counters, Intel PMU driver.
[    0.373965] ... version:                   2
[    0.375005] ... bit width:                 48
[    0.375961] ... generic counters:          4
[    0.376960] ... generic bitmap:            000000000000000f
[    0.377961] ... fixed-purpose counters:    3
[    0.378960] ... fixed-purpose bitmap:      0000000000000007
[    0.379960] ... value mask:                0000ffffffffffff
[    0.380960] ... max period:                00007fffffffffff
[    0.381960] ... global_ctrl mask:          000000070000000f
[    0.383230] signal: max sigframe size: 2032
[    0.384048] rcu: Hierarchical SRCU implementation.
[    0.384961] rcu: 	Max phase no-delay instances is 400.
[    0.386152] Timer migration: 1 hierarchy levels; 8 children per group; 1 crossnode level
[    0.387407] smp: Bringing up secondary CPUs ...
[    0.388193] smpboot: x86: Booting SMP configuration:
[    0.388966] .... node  #0, CPUs:      #1
[    0.389090] smp: Brought up 1 node, 2 CPUs
[    0.390961] smpboot: Total of 2 processors activated (14400.00 BogoMIPS)
[    0.392134] Memory: 1985452K/2096620K available (20319K kernel code, 2939K rwdata, 16368K rodata, 4736K init, 4772K bss, 105892K reserved, 0K cma-reserved)
[    0.394072] devtmpfs: initialized
[    0.394998] x86/mm: Memory block size: 128MB
[    0.397027] clocksource: jiffies: mask: 0xffffffff max_cycles: 0xffffffff, max_idle_ns: 1911260446275000 ns
[    0.397983] posixtimers hash table entries: 1024 (order: 2, 16384 bytes, linear)
[    0.398996] futex hash table entries: 512 (32768 bytes on 1 NUMA nodes, total 32 KiB, linear).
[    0.400084] pinctrl core: initialized pinctrl subsystem
[    0.401187] PM: RTC time: 13:53:43, date: 2026-03-04
[    0.404299] NET: Registered PF_NETLINK/PF_ROUTE protocol family
[    0.405319] DMA: preallocated 256 KiB GFP_KERNEL pool for atomic allocations
[    0.405981] DMA: preallocated 256 KiB GFP_KERNEL|GFP_DMA pool for atomic allocations
[    0.407133] DMA: preallocated 256 KiB GFP_KERNEL|GFP_DMA32 pool for atomic allocations
[    0.407968] audit: initializing netlink subsys (disabled)
[    0.409126] thermal_sys: Registered thermal governor 'fair_share'
[    0.409128] thermal_sys: Registered thermal governor 'bang_bang'
[    0.409963] thermal_sys: Registered thermal governor 'step_wise'
[    0.409964] audit: type=2000 audit(1772632423.909:1): state=initialized audit_enabled=0 res=1
[    0.410961] thermal_sys: Registered thermal governor 'user_space'
[    0.412961] thermal_sys: Registered thermal governor 'power_allocator'
[    0.413976] cpuidle: using governor ladder
[    0.415972] cpuidle: using governor menu
[    0.417115] acpiphp: ACPI Hot Plug PCI Controller Driver version: 0.5
[    0.418236] PCI: Using configuration type 1 for base access
[    0.419150] kprobes: kprobe jump-optimization is enabled. All kprobes are optimized if possible.
[    0.422333] HugeTLB: registered 1.00 GiB page size, pre-allocated 0 pages
[    0.423967] HugeTLB: 16380 KiB vmemmap can be freed for a 1.00 GiB page
[    0.425962] HugeTLB: registered 2.00 MiB page size, pre-allocated 0 pages
[    0.427961] HugeTLB: 28 KiB vmemmap can be freed for a 2.00 MiB page
[    0.444425] raid6: skipped pq benchmark and selected avx2x4
[    0.444962] raid6: using avx2x2 recovery algorithm
[    0.448123] ACPI: Added _OSI(Module Device)
[    0.448962] ACPI: Added _OSI(Processor Device)
[    0.451962] ACPI: Added _OSI(Processor Aggregator Device)
[    0.456602] ACPI: 1 ACPI AML tables successfully acquired and loaded
[    0.460046] ACPI: Interpreter enabled
[    0.461985] ACPI: PM: (supports S0 S3 S4 S5)
[    0.463964] ACPI: Using IOAPIC for interrupt routing
[    0.465185] PCI: Using host bridge windows from ACPI; if necessary, use "pci=nocrs" and report a bug
[    0.467967] PCI: Using E820 reservations for host bridge windows
[    0.469113] ACPI: Enabled 2 GPEs in block 00 to 0F
[    0.472938] ACPI: PCI Root Bridge [PCI0] (domain 0000 [bus 00-ff])
[    0.472967] acpi PNP0A03:00: _OSC: OS supports [ASPM ClockPM Segments MSI EDR HPX-Type3]
[    0.473965] acpi PNP0A03:00: _OSC: not requesting OS control; OS requires [ExtendedConfig ASPM ClockPM MSI]
[    0.474985] acpi PNP0A03:00: fail to add MMCONFIG information, can't access extended configuration space under this bridge
[    0.476362] acpiphp: Slot [3] registered
[    0.476984] acpiphp: Slot [4] registered
[    0.477989] acpiphp: Slot [5] registered
[    0.479008] acpiphp: Slot [6] registered
[    0.479990] acpiphp: Slot [7] registered
[    0.480991] acpiphp: Slot [8] registered
[    0.481992] acpiphp: Slot [9] registered
[    0.482993] acpiphp: Slot [10] registered
[    0.483994] acpiphp: Slot [11] registered
[    0.484995] acpiphp: Slot [12] registered
[    0.485994] acpiphp: Slot [13] registered
[    0.487017] acpiphp: Slot [14] registered
[    0.487993] acpiphp: Slot [15] registered
[    0.489001] acpiphp: Slot [16] registered
[    0.489992] acpiphp: Slot [17] registered
[    0.490995] acpiphp: Slot [18] registered
[    0.491993] acpiphp: Slot [19] registered
[    0.492991] acpiphp: Slot [20] registered
[    0.493994] acpiphp: Slot [21] registered
[    0.495012] acpiphp: Slot [22] registered
[    0.495992] acpiphp: Slot [23] registered
[    0.496992] acpiphp: Slot [24] registered
[    0.497993] acpiphp: Slot [25] registered
[    0.499021] acpiphp: Slot [26] registered
[    0.499991] acpiphp: Slot [27] registered
[    0.500992] acpiphp: Slot [28] registered
[    0.502005] acpiphp: Slot [29] registered
[    0.502999] acpiphp: Slot [30] registered
[    0.503991] acpiphp: Slot [31] registered
[    0.504985] PCI host bridge to bus 0000:00
[    0.505966] pci_bus 0000:00: root bus resource [io  0x0000-0x0cf7 window]
[    0.506962] pci_bus 0000:00: root bus resource [io  0x0d00-0xffff window]
[    0.507962] pci_bus 0000:00: root bus resource [mem 0x000a0000-0x000bffff window]
[    0.508962] pci_bus 0000:00: root bus resource [mem 0x80000000-0xfebfffff window]
[    0.509975] pci_bus 0000:00: root bus resource [mem 0x100000000-0x17fffffff window]
[    0.510962] pci_bus 0000:00: root bus resource [bus 00-ff]
[    0.512052] pci 0000:00:00.0: [8086:1237] type 00 class 0x060000 conventional PCI endpoint
[    0.513911] pci 0000:00:01.0: [8086:7000] type 00 class 0x060100 conventional PCI endpoint
[    0.514951] pci 0000:00:01.1: [8086:7010] type 00 class 0x010180 conventional PCI endpoint
[    0.516035] pci 0000:00:01.1: BAR 4 [io  0xc0e0-0xc0ef]
[    0.517040] pci 0000:00:01.1: BAR 0 [io  0x01f0-0x01f7]: legacy IDE quirk
[    0.517962] pci 0000:00:01.1: BAR 1 [io  0x03f6]: legacy IDE quirk
[    0.518962] pci 0000:00:01.1: BAR 2 [io  0x0170-0x0177]: legacy IDE quirk
[    0.519962] pci 0000:00:01.1: BAR 3 [io  0x0376]: legacy IDE quirk
[    0.521313] pci 0000:00:01.3: [8086:7113] type 00 class 0x068000 conventional PCI endpoint
[    0.522680] pci 0000:00:01.3: quirk: [io  0x0600-0x063f] claimed by PIIX4 ACPI
[    0.522978] pci 0000:00:01.3: quirk: [io  0x0700-0x070f] claimed by PIIX4 SMB
[    0.524438] pci 0000:00:02.0: [1234:1111] type 00 class 0x030000 conventional PCI endpoint
[    0.527046] pci 0000:00:02.0: BAR 0 [mem 0xfd000000-0xfdffffff pref]
[    0.528022] pci 0000:00:02.0: BAR 2 [mem 0xfebd0000-0xfebd0fff]
[    0.529043] pci 0000:00:02.0: ROM [mem 0xfebc0000-0xfebcffff pref]
[    0.530211] pci 0000:00:02.0: Video device with shadowed ROM at [mem 0x000c0000-0x000dffff]
[    0.531942] pci 0000:00:03.0: [1af4:1009] type 00 class 0x000200 conventional PCI endpoint
[    0.533985] pci 0000:00:03.0: BAR 0 [io  0xc080-0xc0bf]
[    0.534979] pci 0000:00:03.0: BAR 1 [mem 0xfebd1000-0xfebd1fff]
[    0.536018] pci 0000:00:03.0: BAR 4 [mem 0xfe000000-0xfe003fff 64bit pref]
[    0.539312] pci 0000:00:04.0: [1af4:1000] type 00 class 0x020000 conventional PCI endpoint
[    0.541979] pci 0000:00:04.0: BAR 0 [io  0xc0c0-0xc0df]
[    0.542978] pci 0000:00:04.0: BAR 1 [mem 0xfebd2000-0xfebd2fff]
[    0.544022] pci 0000:00:04.0: BAR 4 [mem 0xfe004000-0xfe007fff 64bit pref]
[    0.544977] pci 0000:00:04.0: ROM [mem 0xfeb80000-0xfebbffff pref]
[    0.548500] pci 0000:00:05.0: [1af4:1001] type 00 class 0x010000 conventional PCI endpoint
[    0.551013] pci 0000:00:05.0: BAR 0 [io  0xc000-0xc07f]
[    0.551984] pci 0000:00:05.0: BAR 1 [mem 0xfebd3000-0xfebd3fff]
[    0.553021] pci 0000:00:05.0: BAR 4 [mem 0xfe008000-0xfe00bfff 64bit pref]
[    0.566594] ACPI: PCI: Interrupt link LNKA configured for IRQ 10
[    0.567158] ACPI: PCI: Interrupt link LNKB configured for IRQ 10
[    0.568139] ACPI: PCI: Interrupt link LNKC configured for IRQ 11
[    0.569171] ACPI: PCI: Interrupt link LNKD configured for IRQ 11
[    0.570064] ACPI: PCI: Interrupt link LNKS configured for IRQ 9
[    0.572002] iommu: Default domain type: Translated
[    0.572962] iommu: DMA domain TLB invalidation policy: lazy mode
[    0.575438] SCSI subsystem initialized
[    0.577117] ACPI: bus type USB registered
[    0.578022] usbcore: registered new interface driver usbfs
[    0.578980] usbcore: registered new interface driver hub
[    0.579988] usbcore: registered new device driver usb
[    0.581053] EDAC MC: Ver: 3.0.0
[    0.582591] NetLabel: Initializing
[    0.582957] NetLabel:  domain hash size = 128
[    0.584965] NetLabel:  protocols = UNLABELED CIPSOv4 CALIPSO
[    0.586003] NetLabel:  unlabeled traffic allowed by default
[    0.587973] mctp: management component transport protocol core
[    0.589969] NET: Registered PF_MCTP protocol family
[    0.591011] PCI: Using ACPI for IRQ routing
[    0.592959] pci 0000:00:02.0: vgaarb: setting as boot VGA device
[    0.592959] pci 0000:00:02.0: vgaarb: bridge control possible
[    0.592959] pci 0000:00:02.0: vgaarb: VGA device added: decodes=io+mem,owns=io+mem,locks=none
[    0.597964] vgaarb: loaded
[    0.599268] hpet0: at MMIO 0xfed00000, IRQs 2, 8, 0
[    0.599989] hpet0: 3 comparators, 64-bit 100.000000 MHz counter
[    0.606592] clocksource: Switched to clocksource kvm-clock
[    0.611578] VFS: Disk quotas dquot_6.6.0
[    0.615702] VFS: Dquot-cache hash table entries: 512 (order 0, 4096 bytes)
[    0.619701] pnp: PnP ACPI init
[    0.621149] pnp: PnP ACPI: found 6 devices
[    0.629189] clocksource: acpi_pm: mask: 0xffffff max_cycles: 0xffffff, max_idle_ns: 2085701024 ns
[    0.631796] NET: Registered PF_INET protocol family
[    0.633500] IP idents hash table entries: 32768 (order: 6, 262144 bytes, linear)
[    0.661410] tcp_listen_portaddr_hash hash table entries: 1024 (order: 2, 16384 bytes, linear)
[    0.664066] Table-perturb hash table entries: 65536 (order: 6, 262144 bytes, linear)
[    0.666386] TCP established hash table entries: 16384 (order: 5, 131072 bytes, linear)
[    0.669040] TCP bind hash table entries: 16384 (order: 7, 524288 bytes, linear)
[    0.671181] TCP: Hash tables configured (established 16384 bind 16384)
[    0.673341] MPTCP token hash table entries: 2048 (order: 4, 49152 bytes, linear)
[    0.675542] UDP hash table entries: 1024 (order: 4, 65536 bytes, linear)
[    0.677541] UDP-Lite hash table entries: 1024 (order: 4, 65536 bytes, linear)
[    0.679678] NET: Registered PF_UNIX/PF_LOCAL protocol family
[    0.681333] NET: Registered PF_XDP protocol family
[    0.682706] pci_bus 0000:00: resource 4 [io  0x0000-0x0cf7 window]
[    0.684570] pci_bus 0000:00: resource 5 [io  0x0d00-0xffff window]
[    0.686489] pci_bus 0000:00: resource 6 [mem 0x000a0000-0x000bffff window]
[    0.688537] pci_bus 0000:00: resource 7 [mem 0x80000000-0xfebfffff window]
[    0.690553] pci_bus 0000:00: resource 8 [mem 0x100000000-0x17fffffff window]
[    0.692707] pci 0000:00:01.0: PIIX3: Enabling Passive Release
[    0.694395] pci 0000:00:00.0: Limiting direct PCI/PCI transfers
[    0.696230] PCI: CLS 0 bytes, default 64
[    0.697562] clocksource: tsc: mask: 0xffffffffffffffff max_cycles: 0x33e452fbb2f, max_idle_ns: 440795236593 ns
[    0.698394] Trying to unpack rootfs image as initramfs...
[    0.731251] Initialise system trusted keyrings
[    0.732604] Key type blacklist registered
[    0.733835] workingset: timestamp_bits=36 max_order=19 bucket_order=0
[    0.736084] fuse: init (API version 7.45)
[    0.737386] integrity: Platform Keyring initialized
[    0.738770] integrity: Machine keyring initialized
[    0.756248] xor: automatically using best checksumming function   avx       
[    0.758292] Key type asymmetric registered
[    0.759543] Asymmetric key parser 'x509' registered
[    0.761044] Block layer SCSI generic (bsg) driver version 0.4 loaded (major 245)
[    0.763270] io scheduler mq-deadline registered
[    0.764556] io scheduler kyber registered
[    0.765712] io scheduler bfq registered
[    0.766946] ledtrig-cpu: registered to indicate activity on CPUs
[    0.768847] input: Power Button as /devices/LNXSYSTM:00/LNXPWRBN:00/input/input0
[    0.771068] ACPI: button: Power Button [PWRF]
[    0.773902] ACPI: \_SB_.LNKC: Enabled at IRQ 11
[    0.778392] ACPI: \_SB_.LNKD: Enabled at IRQ 10
[    0.783059] ACPI: \_SB_.LNKA: Enabled at IRQ 10
[    0.788323] Serial: 8250/16550 driver, 32 ports, IRQ sharing enabled
[    0.791471] 00:04: ttyS0 at I/O 0x3f8 (irq = 4, base_baud = 115200) is a 16550A
[    0.796946] Non-volatile memory driver v1.3
[    0.798264] Linux agpgart interface v0.103
[    0.799552] ACPI: bus type drm_connector registered
[    0.801647] virtio_blk virtio2: 2/0/0 default/read/poll queues
[    0.804760] virtio_blk virtio2: [vda] 25165824 512-byte logical blocks (12.9 GB/12.0 GiB)
[    0.809313]  vda: vda1
[    0.810335] usbcore: registered new interface driver usbserial_generic
[    0.814160] usbserial: USB Serial support registered for generic
[    0.815761] i8042: PNP: PS/2 Controller [PNP0303:KBD,PNP0f13:MOU] at 0x60,0x64 irq 1,12
[    0.818900] serio: i8042 KBD port at 0x60,0x64 irq 1
[    0.819015] Freeing initrd memory: 11040K
[    0.820332] serio: i8042 AUX port at 0x60,0x64 irq 12
[    0.822770] rtc_cmos 00:05: RTC can wake from S4
[    0.824615] input: AT Translated Set 2 keyboard as /devices/platform/i8042/serio0/input/input1
[    0.827382] rtc_cmos 00:05: registered as rtc0
[    0.828726] rtc_cmos 00:05: setting system clock to 2026-03-04T13:53:44 UTC (1772632424)
[    0.830994] rtc_cmos 00:05: alarms up to one day, y3k, 242 bytes nvram, hpet irqs
[    0.833665] intel_pstate: CPU model not supported
[    0.835078] hid: raw HID events driver (C) Jiri Kosina
[    0.836494] usbcore: registered new interface driver usbhid
[    0.837987] usbhid: USB HID core driver
[    0.839972] rust_binder: Loaded Rust Binder.
[    0.840069] drop_monitor: Initializing network drop monitor service
[    0.843153] NET: Registered PF_INET6 protocol family
[    0.845102] Segment Routing with IPv6
[    0.846085] RPL Segment Routing with IPv6
[    0.847164] In-situ OAM (IOAM) with IPv6
[    0.848202] NET: Registered PF_PACKET protocol family
[    0.849795] IPI shorthand broadcast: enabled
[    0.853358] sched_clock: Marking stable (632002661, 220915908)->(994901833, -141983264)
[    0.855615] registered taskstats version 1
[    0.857650] Loading compiled-in X.509 certificates
[    0.866483] Loaded X.509 cert 'Build time autogenerated kernel key: 4f282eb87851fdb04b530c5e67453df628afff93'
[    0.872770] zswap: loaded using pool zstd
[    0.873949] Demotion targets for Node 0: null
[    0.875376] Key type .fscrypt registered
[    0.876408] Key type fscrypt-provisioning registered
[    0.878111] Btrfs loaded, zoned=yes, fsverity=yes
[    0.879345] Key type big_key registered
[    0.880760] PM:   Magic number: 2:0:887
[    0.882999] RAS: Correctable Errors collector initialized.
[    0.890364] clk: Disabling unused clocks
[    0.891505] PM: genpd: Disabling unused power domains
[    0.895297] Freeing unused decrypted memory: 2028K
[    0.898511] Freeing unused kernel image (initmem) memory: 4736K
[    0.899829] Write protecting the kernel read-only data: 36864k
[    0.901730] Freeing unused kernel image (text/rodata gap) memory: 160K
[    0.903425] Freeing unused kernel image (rodata/data gap) memory: 16K
[    0.952188] x86/mm: Checked W+X mappings: passed, no W+X pages found.
[    0.953569] rodata_test: all tests were successful
[    0.954598] x86/mm: Checking user space page tables
[    1.001972] x86/mm: Checked W+X mappings: passed, no W+X pages found.
[    1.003373] Run /init as init process
P+q6E616D65\[    1.354832] systemd[1]: Successfully made /usr/ read-only.
[6n[32766;32766H[6n[!p]104\[0m[?7h[1G[0J[    1.690395] systemd[1]: systemd 259.2-1-arch running in system mode (+PAM +AUDIT -SELINUX +APPARMOR -IMA +IPE +SMACK +SECCOMP +GCRYPT +GNUTLS +OPENSSL +ACL +BLKID +CURL +ELFUTILS +FIDO2 +IDN2 -IDN +KMOD +LIBCRYPTSETUP +LIBCRYPTSETUP_PLUGINS +LIBFDISK +PCRE2 +PWQUALITY +P11KIT +QRENCODE +TPM2 +BZIP2 +LZ4 +XZ +ZLIB +ZSTD +BPF_FRAMEWORK +BTF +XKBCOMMON +UTMP -SYSVINIT +LIBARCHIVE)
[    1.696876] systemd[1]: Detected virtualization kvm.
[    1.698037] systemd[1]: Detected architecture x86-64.
[    1.699123] systemd[1]: Running in initrd.
[0;1;39mBooting initrd of [0m[38;2;23;147;209mArch Linux[0m[0;1;39m.[0m
[    1.702581] systemd[1]: Initializing machine ID from random generator.
]3008;start=b5f6fc0766d54adc8fc58b5cae6a7775;user=root;hostname=archlinux;machineid=b578bc8e3d2e411e8662549a31c2d3e7;bootid=e3a4d7db91444adaab514e6234711a31;pid=1;pidfdid=2;comm=systemd;type=boot\[    1.766629] systemd[1]: Queued start job for default target Initrd Default Target.
[    1.829228] systemd[1]: Expecting device /dev/vda1...
         Expecting device [0;1;39m/dev/vda1[0m...
[    1.831975] systemd[1]: Reached target Path Units.
[[0;32m  OK  [0m] Reached target [0;1;39mPath Units[0m.
[    1.834242] systemd[1]: Reached target Slice Units.
[[0;32m  OK  [0m] Reached target [0;1;39mSlice Units[0m.
[    1.836622] systemd[1]: Reached target Swaps.
[[0;32m  OK  [0m] Reached target [0;1;39mSwaps[0m.
[    1.838900] systemd[1]: Reached target Timer Units.
[[0;32m  OK  [0m] Reached target [0;1;39mTimer Units[0m.
[    1.841407] systemd[1]: Listening on Journal Socket (/dev/log).
[[0;32m  OK  [0m] Listening on [0;1;39mJournal Socket (/dev/log)[0m.
[    1.844427] systemd[1]: Listening on Journal Sockets.
[[0;32m  OK  [0m] Listening on [0;1;39mJournal Sockets[0m.
[    1.847135] systemd[1]: Listening on udev Control Socket.
[[0;32m  OK  [0m] Listening on [0;1;39mudev Control Socket[0m.
[    1.849810] systemd[1]: Listening on udev Kernel Socket.
[[0;32m  OK  [0m] Listening on [0;1;39mudev Kernel Socket[0m.
[    1.852424] systemd[1]: Reached target Socket Units.
[[0;32m  OK  [0m] Reached target [0;1;39mSocket Units[0m.
[    1.855047] systemd[1]: Create List of Static Device Nodes skipped, unmet condition check ConditionFileNotEmpty=/lib/modules/6.18.13-arch1-1/modules.devname
[    1.857940] systemd[1]: Early Battery Level Check skipped, unmet condition check ConditionDirectoryNotEmpty=/sys/class/power_supply
[    1.860330] systemd[1]: Display Boot-Time Emergency Messages In Full Screen skipped, unmet condition check ConditionVirtualization=no
[    1.868999] systemd[1]: Starting Journal Service...
         Starting [0;1;39mJournal Service[0m...
[    1.875202] systemd[1]: Starting Load Kernel Modules...
         Starting [0;1;39mLoad Kernel Modules[0m...
[    1.878966] systemd[1]: TPM PCR Barrier (initrd) skipped, unmet condition check ConditionSecurity=measured-uki
[    1.887138] systemd[1]: Starting Create Static Device Nodes in /dev...
         Starting [0;1;39mCreate Static Device Nodes in /dev[0m...
[    1.908110] systemd[1]: Starting Coldplug All udev Devices...
         Starting [0;1;39mColdplug All udev Devices[0m...
[    1.932735] systemd-journald[104]: Collecting audit messages is disabled.
[    1.935869] systemd[1]: Finished Create Static Device Nodes in /dev.
[[0;32m  OK  [0m] Finished [0;1;39mCreate Static Device Nodes in /dev[0m.
[    1.939710] systemd[1]: Reached target Preparation for Local File Systems.
[[0;32m  OK  [0m] Reached target [0;1;39mPreparation for Local File Systems[0m.
[    1.943310] systemd[1]: Reached target Local File Systems.
[[0;32m  OK  [0m] Reached target [0;1;39mLocal File Systems[0m.
[    1.954218] systemd[1]: Starting Rule-based Manager for Device Events and Files...
         Starting [0;1;39mRule-based Manager for Device Events and Files[0m...
[    2.003023] systemd[1]: Started Journal Service.
[[0;32m  OK  [0m] Started [0;1;39mJournal Service[0m.
[    2.008137] netfs: FS-Cache loaded
         Starting [0;1;39mCreate System Files and Directories[0m...
[    2.029703] 9pnet: Installing 9P2000 support
[[0;32m  OK  [0m] Started [0;1;39mRule-based Manager for Device Events and Files[0m.
[    2.060099] 9p: Installing v9fs 9p2000 file system support
[[0;32m  OK  [0m] Finished [0;1;39mCreate System Files and Directories[0m.
[[0;32m  OK  [0m] Finished [0;1;39mLoad Kernel Modules[0m.
[[0;32m  OK  [0m] Finished [0;1;39mColdplug All udev Devices[0m.
[[0;32m  OK  [0m] Reached target [0;1;39mSystem Initialization[0m.
[[0;32m  OK  [0m] Reached target [0;1;39mBasic System[0m.
[[0;32m  OK  [0m] Found device [0;1;39m/dev/vda1[0m.
[[0;32m  OK  [0m] Reached target [0;1;39mInitrd Root Device[0m.
         Starting [0;1;39mFile System Check on /dev/vda1[0m...
[    2.389740] Floppy drive(s): fd0 is 2.88M AMI BIOS
[    2.409259] scsi host0: ata_piix
[    2.412038] FDC 0 is a S82078B
[    2.415603] scsi host1: ata_piix
[    2.418733] ata1: PATA max MWDMA2 cmd 0x1f0 ctl 0x3f6 bmdma 0xc0e0 irq 14 lpm-pol 0
[    2.423514] bochs-drm 0000:00:02.0: vgaarb: deactivate vga console
[    2.424767] ata2: PATA max MWDMA2 cmd 0x170 ctl 0x376 bmdma 0xc0e8 irq 15 lpm-pol 0
[    2.440834] Console: switching to colour dummy device 80x25
[    2.445182] [drm] Found bochs VGA, ID 0xb0c5.
[    2.445185] [drm] Framebuffer size 16384 kB @ 0xfd000000, mmio @ 0xfebd0000.
[    2.445390] bochs-drm 0000:00:02.0: [drm] Registered 1 planes with drm panic
[    2.445398] [drm] Initialized bochs-drm 1.0.0 for 0000:00:02.0 on minor 0
         Starting [0;1;39mVirtual Console Setup[0m...
[    2.457961] fbcon: bochs-drmdrmfb (fb0) is primary device
[    2.471353] Console: switching to colour frame buffer device 160x50
[    2.477545] bochs-drm 0000:00:02.0: [drm] fb0: bochs-drmdrmfb frame buffer device
[[0;32m  OK  [0m] Stopped [0;1;39mVirtual Console Setup[0m.
         Starting [0;1;39mVirtual Console Setup[0m...
[[0;32m  OK  [0m] Finished [0;1;39mFile System Check on /dev/vda1[0m.
[[0;32m  OK  [0m] Finished [0;1;39mVirtual Console Setup[0m.
[    2.591162] ata2: found unknown device (class 0)
[    2.592984] ata2.00: ATAPI: QEMU DVD-ROM, 2.5+, max UDMA/100
[    2.595806] scsi 1:0:0:0: CD-ROM            QEMU     QEMU DVD-ROM     2.5+ PQ: 0 ANSI: 5
[    2.645435] sr 1:0:0:0: [sr0] scsi3-mmc drive: 4x/4x cd/rw xa/form2 tray
[    2.646800] cdrom: Uniform CD-ROM driver Revision: 3.20
         Mounting [0;1;39m/sysroot[0m...
[    2.984032] EXT4-fs (vda1): mounted filesystem ddfae1cc-629e-47f4-9008-261996ba3811 r/w with ordered data mode. Quota mode: none.
[[0;32m  OK  [0m] Mounted [0;1;39m/sysroot[0m.
[[0;32m  OK  [0m] Reached target [0;1;39mInitrd Root File System[0m.
         Starting [0;1;39mMountpoints Configured in the Real Root[0m...
[[0;32m  OK  [0m] Finished [0;1;39mMountpoints Configured in the Real Root[0m.
[[0;32m  OK  [0m] Reached target [0;1;39mInitrd File Systems[0m.
[[0;32m  OK  [0m] Reached target [0;1;39mInitrd Default Target[0m.
         Starting [0;1;39mCleaning Up and Shutting Down Daemons[0m...
[[0;32m  OK  [0m] Stopped target [0;1;39mInitrd Default Target[0m.
[[0;32m  OK  [0m] Stopped target [0;1;39mBasic System[0m.
[[0;32m  OK  [0m] Stopped target [0;1;39mInitrd Root Device[0m.
[[0;32m  OK  [0m] Stopped target [0;1;39mPath Units[0m.
[[0;32m  OK  [0m] Stopped target [0;1;39mSlice Units[0m.
[[0;32m  OK  [0m] Stopped target [0;1;39mSocket Units[0m.
[[0;32m  OK  [0m] Stopped target [0;1;39mSystem Initialization[0m.
[[0;32m  OK  [0m] Stopped target [0;1;39mSwaps[0m.
[[0;32m  OK  [0m] Stopped target [0;1;39mTimer Units[0m.
[[0;32m  OK  [0m] Stopped [0;1;39mLoad Kernel Modules[0m.
[[0;32m  OK  [0m] Stopped [0;1;39mCreate System Files and Directories[0m.
[[0;32m  OK  [0m] Stopped target [0;1;39mLocal File Systems[0m.
[[0;32m  OK  [0m] Stopped target [0;1;39mPreparation for Local File Systems[0m.
[[0;32m  OK  [0m] Stopped [0;1;39mColdplug All udev Devices[0m.
         Stopping [0;1;39mRule-based Manager for Device Events and Files[0m...
[[0;32m  OK  [0m] Stopped [0;1;39mVirtual Console Setup[0m.
[[0;32m  OK  [0m] Stopped [0;1;39mRule-based Manager for Device Events and Files[0m.
[[0;32m  OK  [0m] Finished [0;1;39mCleaning Up and Shutting Down Daemons[0m.
[[0;32m  OK  [0m] Closed [0;1;39mudev Control Socket[0m.
         Starting [0;1;39mCleanup udev Database[0m...
[[0;32m  OK  [0m] Stopped [0;1;39mCreate Static Device Nodes in /dev[0m.
[[0;32m  OK  [0m] Finished [0;1;39mCleanup udev Database[0m.
[[0;32m  OK  [0m] Reached target [0;1;39mSwitch Root[0m.
         Starting [0;1;39mSwitch Root[0m...
[    3.355147] systemd-journald[104]: Received SIGTERM from PID 1 (systemd).
P+q6E616D65\[6n[32766;32766H[6n[!p]104\[0m[?7h[1G[0J[    4.091794] systemd[1]: systemd 259.1-1-arch running in system mode (+PAM +AUDIT -SELINUX +APPARMOR -IMA +IPE +SMACK +SECCOMP +GCRYPT +GNUTLS +OPENSSL +ACL +BLKID +CURL +ELFUTILS +FIDO2 +IDN2 -IDN +KMOD +LIBCRYPTSETUP +LIBCRYPTSETUP_PLUGINS +LIBFDISK +PCRE2 +PWQUALITY +P11KIT +QRENCODE +TPM2 +BZIP2 +LZ4 +XZ +ZLIB +ZSTD +BPF_FRAMEWORK +BTF +XKBCOMMON +UTMP -SYSVINIT +LIBARCHIVE)
[    4.098409] systemd[1]: Detected virtualization kvm.
[    4.099740] systemd[1]: Detected architecture x86-64.

[0;1;39mWelcome to [0m[38;2;23;147;209mArch Linux[0m[0;1;39m![0m

[    4.104428] systemd[1]: Hostname set to <ksmbd-vm>.
]3008;start=1310cf7dce654e63bdc502dbf3088129;user=root;hostname=ksmbd-vm;machineid=0ab76daf18ce42b0b036a81eb53bdd79;bootid=e3a4d7db91444adaab514e6234711a31;pid=1;pidfdid=2;comm=systemd;type=boot\[    4.236210] systemd[1]: bpf-restrict-fs: LSM BPF program attached
[    4.293281] Guest personality initialized and is inactive
[    4.294520] VMCI host device registered (name=vmci, major=10, minor=260)
[    4.296178] Initialized host personality
[    4.304603] NET: Registered PF_VSOCK protocol family
[    4.544858] systemd[1]: initrd-switch-root.service: Deactivated successfully.
[    4.546606] systemd[1]: Stopped Switch Root.
[[0;32m  OK  [0m] Stopped [0;1;39mSwitch Root[0m.
[    4.550530] systemd[1]: systemd-journald.service: Scheduled restart job, restart counter is at 1.
[    4.552957] systemd[1]: Created slice Slice /system/dirmngr.
[[0;32m  OK  [0m] Created slice [0;1;39mSlice /system/dirmngr[0m.
[    4.556236] systemd[1]: Created slice Slice /system/getty.
[[0;32m  OK  [0m] Created slice [0;1;39mSlice /system/getty[0m.
[    4.559180] systemd[1]: Created slice Slice /system/gpg-agent.
[[0;32m  OK  [0m] Created slice [0;1;39mSlice /system/gpg-agent[0m.
[    4.562317] systemd[1]: Created slice Slice /system/gpg-agent-browser.
[[0;32m  OK  [0m] Created slice [0;1;39mSlice /system/gpg-agent-browser[0m.
[    4.566136] systemd[1]: Created slice Slice /system/gpg-agent-extra.
[[0;32m  OK  [0m] Created slice [0;1;39mSlice /system/gpg-agent-extra[0m.
[    4.569432] systemd[1]: Created slice Slice /system/gpg-agent-ssh.
[[0;32m  OK  [0m] Created slice [0;1;39mSlice /system/gpg-agent-ssh[0m.
[    4.573296] systemd[1]: Created slice Slice /system/keyboxd.
[[0;32m  OK  [0m] Created slice [0;1;39mSlice /system/keyboxd[0m.
[    4.576721] systemd[1]: Created slice Slice /system/modprobe.
[[0;32m  OK  [0m] Created slice [0;1;39mSlice /system/modprobe[0m.
[    4.579667] systemd[1]: Created slice Slice /system/serial-getty.
[[0;32m  OK  [0m] Created slice [0;1;39mSlice /system/serial-getty[0m.
[    4.582687] systemd[1]: Created slice User and Session Slice.
[[0;32m  OK  [0m] Created slice [0;1;39mUser and Session Slice[0m.
[    4.585960] systemd[1]: Started Dispatch Password Requests to Console Directory Watch.
[[0;32m  OK  [0m] Started [0;1;39mDispatch Password Requests to Console Directory Watch[0m.
[    4.589630] systemd[1]: Started Forward Password Requests to Wall Directory Watch.
[[0;32m  OK  [0m] Started [0;1;39mForward Password Requests to Wall Directory Watch[0m.
[    4.594890] systemd[1]: Set up automount Arbitrary Executable File Formats File System Automount Point.
[[0;32m  OK  [0m] Set up automount [0;1;39mArbitrary Executa…ormats File System Automount Point[0m.
[    4.600775] systemd[1]: Expecting device /dev/ttyS0...
         Expecting device [0;1;39m/dev/ttyS0[0m...
[    4.603092] systemd[1]: Reached target Local Encrypted Volumes.
[[0;32m  OK  [0m] Reached target [0;1;39mLocal Encrypted Volumes[0m.
[    4.605630] systemd[1]: Reached target Image Downloads.
[[0;32m  OK  [0m] Reached target [0;1;39mImage Downloads[0m.
[    4.608173] systemd[1]: Stopped target Switch Root.
[[0;32m  OK  [0m] Stopped target [0;1;39mSwitch Root[0m.
[    4.610374] systemd[1]: Stopped target Initrd File Systems.
[[0;32m  OK  [0m] Stopped target [0;1;39mInitrd File Systems[0m.
[    4.612854] systemd[1]: Stopped target Initrd Root File System.
[[0;32m  OK  [0m] Stopped target [0;1;39mInitrd Root File System[0m.
[    4.615522] systemd[1]: Reached target Local Integrity Protected Volumes.
[[0;32m  OK  [0m] Reached target [0;1;39mLocal Integrity Protected Volumes[0m.
[    4.618813] systemd[1]: Reached target Path Units.
[[0;32m  OK  [0m] Reached target [0;1;39mPath Units[0m.
[    4.621014] systemd[1]: Reached target Remote File Systems.
[[0;32m  OK  [0m] Reached target [0;1;39mRemote File Systems[0m.
[    4.623561] systemd[1]: Reached target Slice Units.
[[0;32m  OK  [0m] Reached target [0;1;39mSlice Units[0m.
[    4.625741] systemd[1]: Reached target Swaps.
[[0;32m  OK  [0m] Reached target [0;1;39mSwaps[0m.
[    4.627730] systemd[1]: Reached target Local Verity Protected Volumes.
[[0;32m  OK  [0m] Reached target [0;1;39mLocal Verity Protected Volumes[0m.
[    4.630669] systemd[1]: Listening on Device-mapper event daemon FIFOs.
[[0;32m  OK  [0m] Listening on [0;1;39mDevice-mapper event daemon FIFOs[0m.
[    4.635385] systemd[1]: Listening on Query the User Interactively for a Password.
[[0;32m  OK  [0m] Listening on [0;1;39mQuery the User Interactively for a Password[0m.
[    4.640774] systemd[1]: Listening on Process Core Dump Socket.
[[0;32m  OK  [0m] Listening on [0;1;39mProcess Core Dump Socket[0m.
[    4.644636] systemd[1]: Listening on Credential Encryption/Decryption.
[[0;32m  OK  [0m] Listening on [0;1;39mCredential Encryption/Decryption[0m.
[    4.649136] systemd[1]: Listening on Factory Reset Management.
[[0;32m  OK  [0m] Listening on [0;1;39mFactory Reset Management[0m.
[    4.654483] systemd[1]: Listening on Console Output Muting Service Socket.
[[0;32m  OK  [0m] Listening on [0;1;39mConsole Output Muting Service Socket[0m.
[    4.658612] systemd[1]: Listening on Network Management Resolve Hook Socket.
[[0;32m  OK  [0m] Listening on [0;1;39mNetwork Management Resolve Hook Socket[0m.
[    4.662466] systemd[1]: Listening on Network Management Varlink Socket.
[[0;32m  OK  [0m] Listening on [0;1;39mNetwork Management Varlink Socket[0m.
[    4.665594] systemd[1]: Listening on Network Management Netlink Socket.
[[0;32m  OK  [0m] Listening on [0;1;39mNetwork Management Netlink Socket[0m.
[    4.668681] systemd[1]: TPM PCR Measurements skipped, unmet condition check ConditionSecurity=measured-uki
[    4.670453] systemd[1]: Make TPM PCR Policy skipped, unmet condition check ConditionSecurity=measured-uki
[    4.673682] systemd[1]: Listening on Disk Repartitioning Service Socket.
[[0;32m  OK  [0m] Listening on [0;1;39mDisk Repartitioning Service Socket[0m.
[    4.676774] systemd[1]: Listening on Resolve Monitor Varlink Socket.
[[0;32m  OK  [0m] Listening on [0;1;39mResolve Monitor Varlink Socket[0m.
[    4.679812] systemd[1]: Listening on Resolve Service Varlink Socket.
[[0;32m  OK  [0m] Listening on [0;1;39mResolve Service Varlink Socket[0m.
[    4.682949] systemd[1]: Listening on udev Control Socket.
[[0;32m  OK  [0m] Listening on [0;1;39mudev Control Socket[0m.
[    4.685615] systemd[1]: Listening on udev Varlink Socket.
[[0;32m  OK  [0m] Listening on [0;1;39mudev Varlink Socket[0m.
[    4.688256] systemd[1]: Listening on User Database Manager Socket.
[[0;32m  OK  [0m] Listening on [0;1;39mUser Database Manager Socket[0m.
[    4.692239] systemd[1]: Mounting Huge Pages File System...
         Mounting [0;1;39mHuge Pages File System[0m...
[    4.696990] systemd[1]: Mounting POSIX Message Queue File System...
         Mounting [0;1;39mPOSIX Message Queue File System[0m...
[    4.702742] systemd[1]: Mounting Kernel Debug File System...
         Mounting [0;1;39mKernel Debug File System[0m...
[    4.706840] systemd[1]: Mounting Kernel Trace File System...
         Mounting [0;1;39mKernel Trace File System[0m...
[    4.714129] systemd[1]: Mounting Temporary Directory /tmp...
         Mounting [0;1;39mTemporary Directory /tmp[0m...
[    4.722739] systemd[1]: Starting Create List of Static Device Nodes...
         Starting [0;1;39mCreate List of Static Device Nodes[0m...
[    4.726072] systemd[1]: Load Kernel Module configfs skipped, unmet condition check ConditionKernelModuleLoaded=!configfs
[    4.738021] systemd[1]: Mounting Kernel Configuration File System...
         Mounting [0;1;39mKernel Configuration File System[0m...
[    4.741003] systemd[1]: Load Kernel Module drm skipped, unmet condition check ConditionKernelModuleLoaded=!drm
[    4.743217] systemd[1]: Load Kernel Module fuse skipped, unmet condition check ConditionKernelModuleLoaded=!fuse
[    4.760017] systemd[1]: Mounting FUSE Control File System...
         Mounting [0;1;39mFUSE Control File System[0m...
[    4.763259] systemd[1]: Clear Stale Hibernate Storage Info skipped, unmet condition check ConditionPathExists=/sys/firmware/efi/efivars/HibernateLocation-8cf2644b-4b0b-428f-9387-6d876050dc67
[    4.772181] systemd[1]: Starting Journal Service...
         Starting [0;1;39mJournal Service[0m...
[    4.776863] systemd[1]: Load Kernel Modules skipped, no trigger condition checks were met.
[    4.780075] systemd[1]: Starting Generate Network Units from Kernel Command Line...
         Starting [0;1;39mGenerate Network Units from Kernel Command Line[0m...
[    4.786003] systemd[1]: TPM PCR Machine ID Measurement skipped, unmet condition check ConditionSecurity=measured-uki
[    4.789128] systemd[1]: TPM NvPCR Product ID Measurement skipped, unmet condition check ConditionSecurity=measured-uki
[    4.793063] systemd[1]: Starting Remount Root and Kernel File Systems...
         Starting [0;1;39mRemount Root and Kernel File Systems[0m...
[    4.799043] systemd[1]: Starting Apply Kernel Variables...
         Starting [0;1;39mApply Kernel Variables[0m...
[    4.804281] systemd[1]: Early TPM SRK Setup skipped, unmet condition check ConditionSecurity=measured-uki
[    4.808716] systemd[1]: Starting Load udev Rules from Credentials...
         Starting [0;1;39mLoad udev Rules from Credentials[0m...
[    4.818222] systemd[1]: Starting Coldplug All udev Devices...
         Starting [0;1;39mColdplug All udev Devices[0m...
[    4.825339] EXT4-fs (vda1): re-mounted ddfae1cc-629e-47f4-9008-261996ba3811.
[    4.830885] systemd[1]: Mounted Huge Pages File System.
[    4.833163] systemd-journald[341]: Collecting audit messages is disabled.
[[0;32m  OK  [0m] Mounted [0;1;39mHuge Pages File System[0m.
[    4.841270] systemd[1]: Mounted POSIX Message Queue File System.
[[0;32m  OK  [0m] Mounted [0;1;39mPOSIX Message Queue File System[0m.
[    4.844797] systemd[1]: Started Journal Service.
[[0;32m  OK  [0m] Started [0;1;39mJournal Service[0m.
[[0;32m  OK  [0m] Mounted [0;1;39mKernel Debug File System[0m.
[[0;32m  OK  [0m] Mounted [0;1;39mKernel Trace File System[0m.
[[0;32m  OK  [0m] Mounted [0;1;39mTemporary Directory /tmp[0m.
[[0;32m  OK  [0m] Finished [0;1;39mCreate List of Static Device Nodes[0m.
[[0;32m  OK  [0m] Mounted [0;1;39mKernel Configuration File System[0m.
[[0;32m  OK  [0m] Mounted [0;1;39mFUSE Control File System[0m.
[[0;32m  OK  [0m] Finished [0;1;39mGenerate Network Units from Kernel Command Line[0m.
[[0;32m  OK  [0m] Finished [0;1;39mRemount Root and Kernel File Systems[0m.
[[0;32m  OK  [0m] Finished [0;1;39mApply Kernel Variables[0m.
[[0;32m  OK  [0m] Finished [0;1;39mLoad udev Rules from Credentials[0m.
[[0;32m  OK  [0m] Reached target [0;1;39mPreparation for Network[0m.
         Starting [0;1;39mFlush Journal to Persistent Storage[0m...
         Starting [0;1;39mLoad/Save OS Random Seed[0m...
         Starting [0;1;39mCreate Static Device Nodes in /dev gracefully[0m...
[    4.904163] systemd-journald[341]: Received client request to flush runtime journal.
         Starting [0;1;39mUser Database Manager[0m...
[[0;32m  OK  [0m] Finished [0;1;39mLoad/Save OS Random Seed[0m.
[[0;32m  OK  [0m] Started [0;1;39mUser Database Manager[0m.
[[0;32m  OK  [0m] Finished [0;1;39mFlush Journal to Persistent Storage[0m.
[[0;32m  OK  [0m] Finished [0;1;39mCreate Static Device Nodes in /dev gracefully[0m.
         Starting [0;1;39mNetwork Name Resolution[0m...
         Starting [0;1;39mCreate Static Device Nodes in /dev[0m...
[[0;32m  OK  [0m] Finished [0;1;39mColdplug All udev Devices[0m.
[[0;32m  OK  [0m] Finished [0;1;39mCreate Static Device Nodes in /dev[0m.
[[0;32m  OK  [0m] Reached target [0;1;39mPreparation for Local File Systems[0m.
         Starting [0;1;39mRule-based Manager for Device Events and Files[0m...
[[0;32m  OK  [0m] Started [0;1;39mNetwork Name Resolution[0m.
[[0;32m  OK  [0m] Reached target [0;1;39mHost and Network Name Lookups[0m.
[[0;32m  OK  [0m] Started [0;1;39mRule-based Manager for Device Events and Files[0m.
         Starting [0;1;39mNetwork Management[0m...
[    5.432838] cfg80211: Loading compiled-in X.509 certificates for regulatory database
[    5.440211] Loaded X.509 cert 'sforshee: 00b28ddf47aef9cea7'
[    5.441773] Loaded X.509 cert 'wens: 61c038651aabdcf94bd0ac7ff06c7248db18c600'
[    5.443440] faux_driver regulatory: Direct firmware load for regulatory.db failed with error -2
[    5.445165] cfg80211: failed to load regulatory.db
[    5.459194] virtio_net virtio1 ens4: renamed from eth0
[[0;32m  OK  [0m] Started [0;1;39mNetwork Management[0m.
[[0;32m  OK  [0m] Reached target [0;1;39mNetwork[0m.
         Starting [0;1;39mEnable Persistent Storage in systemd-networkd[0m...
         Mounting [0;1;39m/mnt/ksmbd[0m...
[[0;32m  OK  [0m] Reached target [0;1;39mLocal File Systems[0m.
[    5.561663] 9pnet: Limiting 'msize' to 512000 as this is the maximum supported by transport virtio
[[0;32m  OK  [0m] Listening on [0;1;39mBoot Entries Service Socket[0m.
[[0;32m  OK  [0m] Listening on [0;1;39mDisk Image Download Service Socket[0m.
[[0;32m  OK  [0m] Listening on [0;1;39mSystem Extension Image Management[0m.
         Starting [0;1;39mCreate System Files and Directories[0m...
         Starting [0;1;39mLoad JSON user/group Records from Credentials[0m...
[[0;32m  OK  [0m] Finished [0;1;39mEnable Persistent Storage in systemd-networkd[0m.
[[0;32m  OK  [0m] Mounted [0;1;39m/mnt/ksmbd[0m.
[[0;32m  OK  [0m] Finished [0;1;39mLoad JSON user/group Records from Credentials[0m.
[[0;32m  OK  [0m] Finished [0;1;39mCreate System Files and Directories[0m.
         Starting [0;1;39mRecord System Boot/Shutdown in UTMP[0m...
[[0;32m  OK  [0m] Finished [0;1;39mRecord System Boot/Shutdown in UTMP[0m.
[[0;32m  OK  [0m] Reached target [0;1;39mSystem Initialization[0m.[    5.840851] piix4_smbus 0000:00:01.3: SMBus Host Controller at 0x700, revision 0
[    5.842490] i2c i2c-0: Memory type 0x07 not supported yet, not instantiating SPD

[[0;32m  OK  [0m] Started [0;1;39mRefresh existing PGP keys of archlinux-keyring regularly[0m.
[[0;32m  OK  [0m] Started [0;1;39mDaily verification of password and group files[0m.
[[0;32m  OK  [0m] Started [0;1;39mDaily Cleanup of Temporary Directories[0m.
[[0;32m  OK  [0m] Reached target [0;1;39mTimer Units[0m.
[[0;32m  OK  [0m] Listening on [0;1;39mD-Bus System Message Bus Socket[0m.
[[0;32m  OK  [0m] Listening on [0;1;39mGnuPG network certifi…ent daemon for /etc/pacman.d/gnupg[0m.
[[0;32m  OK  [0m] Listening on [0;1;39mGnuPG cryptographic a… browsers) for /etc/pacman.d/gnupg[0m.
[[0;32m  OK  [0m] Listening on [0;1;39mGnuPG cryptographic a…estricted) for /etc/pacman.d/gnupg[0m.
[[0;32m  OK  [0m] Listening on [0;1;39mGnuPG cryptographic a…emulation) for /etc/pacman.d/gnupg[0m.
[[0;32m  OK  [0m] Listening on [0;1;39mGnuPG cryptographic a…rase cache for /etc/pacman.d/gnupg[0m.
[[0;32m  OK  [0m] Listening on [0;1;39mGnuPG public key mana…nt service for /etc/pacman.d/gnupg[0m.
[[0;32m  OK  [0m] Listening on [0;1;39mOpenSSH Server Socket…temd-ssh-generator, AF_UNIX Local)[0m.
[[0;32m  OK  [0m] Listening on [0;1;39mHostname Service Socket[0m.
[[0;32m  OK  [0m] Listening on [0;1;39mUser Login Management Varlink Socket[0m.
[[0;32m  OK  [0m] Listening on [0;1;39mVirtual Machine and C…tainer Registration Service Socket[0m.
[[0;32m  OK  [0m] Reached target [0;1;39mSocket Units[0m.
         Starting [0;1;39mD-Bus System Message Bus[0m...
[    5.915059] input: PC Speaker as /devices/platform/pcspkr/input/input3
[    5.919669] input: VirtualPS/2 VMware VMMouse as /devices/platform/i8042/serio1/input/input5
[    5.933216] input: VirtualPS/2 VMware VMMouse as /devices/platform/i8042/serio1/input/input4
[    5.938553] parport_pc 00:03: reported by Plug and Play ACPI
[    5.941896] parport0: PC-style at 0x378, irq 7 [PCSPP,TRISTATE]
[[0;32m  OK  [0m] Started [0;1;39mD-Bus System Message Bus[0m.
[[0;32m  OK  [0m] Reached target [0;1;39mBasic System[0m.
[[0;32m  OK  [0m] Listening on [0;1;39mLoad/Save RF Kill Switch Status /dev/rfkill Watch[0m.
         Starting [0;1;39mOpenSSH Daemon[0m...
[    5.988126] mousedev: PS/2 mouse device common for all mice
         Starting [0;1;39mUser Login Management[0m...
         Starting [0;1;39mPermit User Sessions[0m...
         Starting [0;1;39mVirtual Console Setup[0m...
[[0;32m  OK  [0m] Started [0;1;39mOpenSSH Daemon[0m.
[[0;32m  OK  [0m] Finished [0;1;39mPermit User Sessions[0m.
[[0;32m  OK  [0m] Reached target [0;1;39mSSH Access Available[0m.
[[0;32m  OK  [0m] Started [0;1;39mGetty on tty1[0m.
[    6.077139] RAPL PMU: API unit is 2^-32 Joules, 0 fixed counters, 10737418240 ms ovfl timer
[[0;32m  OK  [0m] Started [0;1;39mSerial Getty on ttyS0[0m.
[[0;32m  OK  [0m] Reached target [0;1;39mLogin Prompts[0m.
[[0;32m  OK  [0m] Stopped [0;1;39mVirtual Console Setup[0m.
[    6.106480] ppdev: user-space parallel port driver
         Starting [0;1;39mVirtual Console Setup[0m...
[[0;32m  OK  [0m] Started [0;1;39mUser Login Management[0m.
[[0;32m  OK  [0m] Reached target [0;1;39mMulti-User System[0m.
[[0;32m  OK  [0m] Reached target [0;1;39mGraphical Interface[0m.
[[0;32m  OK  [0m] Finished [0;1;39mVirtual Console Setup[0m.
[!p]104\[0m[?7h[1G[0J[6n[32766;32766H[6n[!p]104\[0m[?7h[1G[0J[6n[32766;32766H[6n]3008;start=4a757729948647deadeebd6db8f7180e;user=root;hostname=ksmbd-vm;machineid=0ab76daf18ce42b0b036a81eb53bdd79;bootid=e3a4d7db91444adaab514e6234711a31;pid=442;pidfdid=443;comm=(agetty);servicename=serial-getty@ttyS0.service;invocationid=10273432a5554d7cadcdae5e56a1fd86;type=service\P+q6E616D65\
Arch Linux 6.18.13-arch1-1 (ttyS0)

ksmbd-vm login: root (automatic login)

]3008;start=d3562b15092047a983d8c0a1cdef2754;user=root;hostname=ksmbd-vm;machineid=0ab76daf18ce42b0b036a81eb53bdd79;bootid=e3a4d7db91444adaab514e6234711a31;pid=442;pidfdid=443;comm=login;targetuser=root;sessionid=1;type=session\
  ╔══════════════════════════════════════════════╗
  ║         ksmbd Test VM                        ║
  ╠══════════════════════════════════════════════╣
  ║  /root/start-ksmbd.sh   - Start server      ║
  ║  /root/reload-ksmbd.sh  - Reload module      ║
  ║  /root/dev-info.sh      - Debug/analysis info║
  ║  /mnt/ksmbd/            - Shared source      ║
  ║  poweroff                - Shutdown VM        ║
  ╚══════════════════════════════════════════════╝

]3008;start=462ae679-8259-4b19-8cfb-5a1c479f3d37;machineid=0ab76daf18ce42b0b036a81eb53bdd79;user=root;hostname=ksmbd-vm;bootid=e3a4d7db-9144-4ada-ab51-4e6234711a31;pid=462;type=shell;cwd=/root\[?2004h[root@ksmbd-vm ~]# [   20.370639] ksmbd: loading out-of-tree module taints kernel.
[   20.372155] ksmbd: module verification failed: signature and/or required key missing - tainting kernel
[   20.411279] ksmbd: Configuration subsystem initialized with 17 parameters
[   20.421688] ksmbd: kernel provides md4, skipping built-in registration
[   20.423715] ksmbd: ksmbd: Fruit SMB extensions loaded
[   20.424830] ksmbd: ksmbd: CHANGE_NOTIFY subsystem initialised
[   20.426043] ksmbd: ksmbd: hook subsystem initialized (22 hook points)
[   20.427346] ksmbd: ksmbd: witness protocol support initialised
[   23.922083] ksmbd: connect success: accepted new connection
[   23.931527] ksmbd: RFC1002 hdr=00 00 00 e2 len=226 status=0
[   23.932735] ksmbd: PDU sig=fe 53 4d 42 pdu=226 req_running=0
[   23.933942] ksmbd: got SMB2 command
[   23.934692] ksmbd: no length check for command
[   23.935866] ksmbd: SMB2 data length 0 offset 0
[   23.936807] ksmbd: SMB2 len 100
[   23.937486] ksmbd: Unknown command 0 in credit charge validation, defaulting to 1
[   23.939019] ksmbd: credit_check: cmd=0 charge=1 calc=1 req_len=1 resp_len=0 total=1 out=0
[   23.940808] ksmbd: credit_check: lock_enter cmd=0 charge=1 total=1 out=0
[   23.942448] ksmbd: credit_check: lock_exit cmd=0 ret=0 total=1 out=1
[   23.943986] ksmbd: client requested dialect 0x311
[   23.944956] ksmbd: selected SMB 3.1.1 dialect
[   23.945861] ksmbd: conn->dialect 0x311
[   23.946667] ksmbd: Received negotiate request
[   23.947587] ksmbd: decoding 4 negotiate contexts
[   23.948519] ksmbd: deassemble SMB2_PREAUTH_INTEGRITY_CAPABILITIES context
[   23.950144] ksmbd: deassemble SMB2_ENCRYPTION_CAPABILITIES context
[   23.951396] ksmbd: Cipher ID = 0x4
[   23.952268] ksmbd: deassemble SMB2_SIGNING_CAPABILITIES context
[   23.953814] ksmbd: Signing Algorithm ID = 0x2
[   23.954729] ksmbd: deassemble SMB2_NETNAME_NEGOTIATE_CONTEXT_ID context
[   23.956201] ksmbd: NETNAME context name '127.0.0.1' != server name 'KSMBD-VM'
[   23.957716] ksmbd: negotiate: preauth after NEG_REQ: [0..15]=4941d000717febf322fe038f726abc52
[   23.959511] ksmbd: assemble SMB2_PREAUTH_INTEGRITY_CAPABILITIES context
[   23.960955] ksmbd: assemble SMB2_ENCRYPTION_CAPABILITIES context
[   23.962546] ksmbd: assemble SMB2_SIGNING_CAPABILITIES context
[   23.963807] ksmbd: negotiate context offset 224, count 3
[   23.964972] ksmbd: credit_rsp: dispatch cmd=0 total=1 out=1 granted_total=0
[   23.966506] ksmbd: credit_rsp: lock_enter cmd=0 charge=1 req=31 total=1 out=1 granted_total=0
[   23.968496] ksmbd: credit_rsp: lock_exit cmd=0 charge=1 req=31 granted=1 total=1 out=0 granted_total=1
[   23.970569] ksmbd: credits: requested[31] granted[1] total_granted[1]
[   23.971974] ksmbd: negotiate: preauth after NEG_RSP: [0..15]=18dd5031bcf613f804455f0fff5646b0 rsp_size=300
[   23.980001] ksmbd: RFC1002 hdr=00 00 00 a2 len=162 status=5
[   23.988582] ksmbd: PDU sig=fe 53 4d 42 pdu=162 req_running=0
[   23.989767] ksmbd: got SMB2 command
[   23.994149] ksmbd: SMB2 data length 74 offset 88
[   23.995274] ksmbd: SMB2 len 162
[   24.004027] ksmbd: Unknown command 1 in credit charge validation, defaulting to 1
[   24.007429] ksmbd: credit_check: cmd=1 charge=1 calc=1 req_len=1 resp_len=0 total=1 out=0
[   24.014778] ksmbd: credit_check: lock_enter cmd=1 charge=1 total=1 out=0
[   24.016111] ksmbd: credit_check: lock_exit cmd=1 ret=0 total=1 out=1
[   24.017386] ksmbd: Received smb2 session setup request
[   24.019910] ksmbd: preauth_hash BEFORE request: [0..15]=18dd5031bcf613f804455f0fff5646b0 msg_size=162
[   24.021679] ksmbd: preauth_hash AFTER  request: [0..15]=ebed23fbec47bb50cba38981daf4f4c0
[   24.023177] ksmbd: negotiate phase
[   24.023839] ksmbd: NTLMSSP SecurityBufferLength 148
[   24.024846] ksmbd: credit_rsp: dispatch cmd=1 total=1 out=1 granted_total=0
[   24.026270] ksmbd: credit_rsp: lock_enter cmd=1 charge=1 req=31 total=1 out=1 granted_total=0
[   24.027865] ksmbd: credit_rsp: lock_exit cmd=1 charge=1 req=31 granted=31 total=31 out=0 granted_total=31
[   24.029659] ksmbd: credits: requested[31] granted[31] total_granted[31]
[   24.031027] ksmbd: preauth_hash BEFORE response: [0..15]=ebed23fbec47bb50cba38981daf4f4c0 rsp_size=251 status=0xc0000016
[   24.033268] ksmbd: preauth_hash AFTER  response: [0..15]=b67d4b57469b5be7f392a6e969a2604b
[   24.035475] ksmbd: RFC1002 hdr=00 00 01 fa len=506 status=5
[   24.036688] ksmbd: PDU sig=fe 53 4d 42 pdu=506 req_running=0
[   24.037895] ksmbd: got SMB2 command
[   24.038667] ksmbd: SMB2 data length 418 offset 88
[   24.039674] ksmbd: SMB2 len 506
[   24.040357] ksmbd: Unknown command 1 in credit charge validation, defaulting to 1
[   24.041992] ksmbd: credit_check: cmd=1 charge=1 calc=1 req_len=1 resp_len=0 total=31 out=0
[   24.043818] ksmbd: credit_check: lock_enter cmd=1 charge=1 total=31 out=0
[   24.045119] ksmbd: credit_check: lock_exit cmd=1 ret=0 total=31 out=1
[   24.046349] ksmbd: Received smb2 session setup request
[   24.047647] ksmbd: preauth_hash BEFORE request: [0..15]=b67d4b57469b5be7f392a6e969a2604b msg_size=506
[   24.049781] ksmbd: preauth_hash AFTER  request: [0..15]=8e8b26128d9e969ffe2b0fb255848913
[   24.051613] ksmbd: authenticate phase
[   24.052586] ksmbd: session setup request for user testuser
[   24.054378] ksmbd: login_user returned: name='testuser' flags=0x1 anon=0 guest=0
[   24.056093] ksmbd: decode_ntlmssp_authenticate_blob dnameWORKGROUP
[   24.057715] ksmbd: generated encryption keys for session 1, cipher type 4
[   24.059344] ksmbd: generate_signingkey: sess_key[0..15]=afd326aa45a4b43d6cb5b11e68cd8374 label_len=14 ctx_len=64
[   24.062008] ksmbd: generate_signingkey: preauth[0..15]=8e8b26128d9e969ffe2b0fb255848913
[   24.063876] ksmbd: generated signing key for session 1: key[0..15]=02e7481d022df92de096a968d2502fb7
[   24.065854] ksmbd: credit_rsp: dispatch cmd=1 total=31 out=1 granted_total=0
[   24.067474] ksmbd: credit_rsp: lock_enter cmd=1 charge=1 req=1 total=31 out=1 granted_total=0
[   24.069375] ksmbd: credit_rsp: lock_exit cmd=1 charge=1 req=1 granted=1 total=31 out=0 granted_total=1
[   24.071447] ksmbd: credits: requested[1] granted[1] total_granted[31]
[   24.072944] ksmbd: smb3_set_sign_rsp: cmd=1 signing_key[0..15]=02e7481d022df92de096a968d2502fb7 algo=2
[   24.075068] ksmbd: preauth_hash BEFORE response: [0..15]=8e8b26128d9e969ffe2b0fb255848913 rsp_size=81 status=0x0
[   24.077318] ksmbd: preauth_hash AFTER  response: [0..15]=2ab6a5259d32a72a788506c4f114411e
[   24.079504] ksmbd: RFC1002 hdr=00 00 00 68 len=104 status=1
[   24.080857] ksmbd: PDU sig=fe 53 4d 42 pdu=104 req_running=0
[   24.082205] ksmbd: skip to check tree connect request
[   24.083396] ksmbd: got SMB2 command
[   24.084307] ksmbd: SMB2 data length 32 offset 72
[   24.085416] ksmbd: SMB2 len 104
[   24.086244] ksmbd: Unknown command 3 in credit charge validation, defaulting to 1
[   24.088051] ksmbd: credit_check: cmd=3 charge=1 calc=1 req_len=1 resp_len=0 total=31 out=0
[   24.089850] ksmbd: credit_check: lock_enter cmd=3 charge=1 total=31 out=0
[   24.091400] ksmbd: credit_check: lock_exit cmd=3 ret=0 total=31 out=1
[   24.094111] ksmbd: Received smb2 tree connect request
[   24.095203] ksmbd: tree connect request for tree test treename \\127.0.0.1\test
[   24.097234] ksmbd: tree_conn_connect returned: ret=0 tcon=00000000f6623b64
[   24.098737] ksmbd: MaximalAccess: perm_r=0 perm_w=0 perm_x=0 access=0x001f01ff
[   24.100510] ksmbd: tree connect final status.ret=0
[   24.101725] ksmbd: credit_rsp: dispatch cmd=3 total=31 out=1 granted_total=0
[   24.103311] ksmbd: credit_rsp: lock_enter cmd=3 charge=1 req=1 total=31 out=1 granted_total=0
[   24.105239] ksmbd: credit_rsp: lock_exit cmd=3 charge=1 req=1 granted=1 total=31 out=0 granted_total=1
[   24.107317] ksmbd: credits: requested[1] granted[1] total_granted[31]
[   24.108789] ksmbd: smb3_set_sign_rsp: cmd=3 signing_key[0..15]=02e7481d022df92de096a968d2502fb7 algo=2
[   24.111256] ksmbd: RFC1002 hdr=00 00 00 a4 len=164 status=1
[   24.112432] ksmbd: PDU sig=fe 53 4d 42 pdu=164 req_running=0
[   24.113757] ksmbd: got SMB2 command
[   24.114511] ksmbd: SMB2 data length 44 offset 120
[   24.115716] ksmbd: SMB2 len 164
[   24.116426] ksmbd: Unknown command 5 in credit charge validation, defaulting to 1
[   24.118169] ksmbd: credit_check: cmd=5 charge=1 calc=1 req_len=1 resp_len=0 total=31 out=0
[   24.120014] ksmbd: credit_check: lock_enter cmd=5 charge=1 total=31 out=0
[   24.121537] ksmbd: credit_check: lock_exit cmd=5 ret=0 total=31 out=1
[   24.123049] ksmbd: Received smb2 create request
[   24.124140] ksmbd: converted name = teststreams/stream.txt
[   24.133684] ksmbd: can not get linux path for teststreams/stream.txt, rc = -2
[   24.135325] ksmbd: Error response: c0000034
[   24.136277] ksmbd: Failed to process 5 [-9]
[   24.137242] ksmbd: credit_rsp: dispatch cmd=5 total=31 out=1 granted_total=0
[   24.138782] ksmbd: credit_rsp: lock_enter cmd=5 charge=1 req=1 total=31 out=1 granted_total=0
[   24.140712] ksmbd: credit_rsp: lock_exit cmd=5 charge=1 req=1 granted=1 total=31 out=0 granted_total=1
[   24.142858] ksmbd: credits: requested[1] granted[1] total_granted[31]
[   24.144631] ksmbd: RFC1002 hdr=00 00 00 8e len=142 status=1
[   24.145889] ksmbd: PDU sig=fe 53 4d 42 pdu=142 req_running=0
[   24.147189] ksmbd: got SMB2 command
[   24.148011] ksmbd: SMB2 data length 22 offset 120
[   24.149090] ksmbd: SMB2 len 142
[   24.149773] ksmbd: Unknown command 5 in credit charge validation, defaulting to 1
[   24.151381] ksmbd: credit_check: cmd=5 charge=1 calc=1 req_len=1 resp_len=0 total=31 out=0
[   24.153159] ksmbd: credit_check: lock_enter cmd=5 charge=1 total=31 out=0
[   24.154614] ksmbd: credit_check: lock_exit cmd=5 ret=0 total=31 out=1
[   24.156018] ksmbd: Received smb2 create request
[   24.157019] ksmbd: converted name = teststreams
[   24.158053] ksmbd: can not get linux path for teststreams, rc = -2
[   24.159379] ksmbd: Error response: c0000034
[   24.160322] ksmbd: Failed to process 5 [-9]
[   24.161269] ksmbd: credit_rsp: dispatch cmd=5 total=31 out=1 granted_total=0
[   24.162944] ksmbd: credit_rsp: lock_enter cmd=5 charge=1 req=1 total=31 out=1 granted_total=0
[   24.164506] ksmbd: credit_rsp: lock_exit cmd=5 charge=1 req=1 granted=1 total=31 out=0 granted_total=1
[   24.166237] ksmbd: credits: requested[1] granted[1] total_granted[31]
[   24.167747] ksmbd: RFC1002 hdr=00 00 00 8e len=142 status=1
[   24.168893] ksmbd: PDU sig=fe 53 4d 42 pdu=142 req_running=1
[   24.170038] ksmbd: got SMB2 command
[   24.170712] ksmbd: SMB2 data length 22 offset 120
[   24.171583] ksmbd: SMB2 len 142
[   24.172291] ksmbd: Unknown command 5 in credit charge validation, defaulting to 1
[   24.173786] ksmbd: credit_check: cmd=5 charge=1 calc=1 req_len=1 resp_len=0 total=31 out=0
[   24.175460] ksmbd: credit_check: lock_enter cmd=5 charge=1 total=31 out=0
[   24.176835] ksmbd: credit_check: lock_exit cmd=5 ret=0 total=31 out=1
[   24.178174] ksmbd: Received smb2 create request
[   24.179153] ksmbd: converted name = teststreams
[   24.180152] ksmbd: can not get linux path for teststreams, rc = -2
[   24.181416] ksmbd: Discard write access to a directory
[   24.182603] ksmbd: file does not exist, so creating
[   24.183624] ksmbd: creating directory
[   24.186471] ksmbd: inherit posix acl failed : -2
[   24.187434] ksmbd: Set posix acls
[   24.188161] ksmbd: credit_rsp: dispatch cmd=5 total=31 out=1 granted_total=0
[   24.189707] ksmbd: credit_rsp: lock_enter cmd=5 charge=1 req=1 total=31 out=1 granted_total=0
[   24.191295] ksmbd: credit_rsp: lock_exit cmd=5 charge=1 req=1 granted=1 total=31 out=0 granted_total=1
[   24.192933] ksmbd: credits: requested[1] granted[1] total_granted[31]
[   24.194377] ksmbd: RFC1002 hdr=00 00 00 ba len=186 status=1
[   24.195902] ksmbd: PDU sig=fe 53 4d 42 pdu=186 req_running=0
[   24.197650] ksmbd: got SMB2 command
[   24.198334] ksmbd: SMB2 data length 66 offset 120
[   24.199175] ksmbd: SMB2 len 186
[   24.199747] ksmbd: Unknown command 5 in credit charge validation, defaulting to 1
[   24.201166] ksmbd: credit_check: cmd=5 charge=1 calc=1 req_len=1 resp_len=0 total=31 out=0
[   24.202647] ksmbd: credit_check: lock_enter cmd=5 charge=1 total=31 out=0
[   24.203854] ksmbd: credit_check: lock_exit cmd=5 ret=0 total=31 out=1
[   24.205020] ksmbd: Received smb2 create request
[   24.205824] ksmbd: converted name = teststreams/stream.txt:Stream One
[   24.206997] ksmbd: Error response: c0000034
[   24.207736] ksmbd: Failed to process 5 [-9]
[   24.208486] ksmbd: credit_rsp: dispatch cmd=5 total=31 out=1 granted_total=0
[   24.209748] ksmbd: credit_rsp: lock_enter cmd=5 charge=1 req=1 total=31 out=1 granted_total=0
[   24.211262] ksmbd: credit_rsp: lock_exit cmd=5 charge=1 req=1 granted=1 total=31 out=0 granted_total=1
[   24.213014] ksmbd: credits: requested[1] granted[1] total_granted[31]
[   24.214488] ksmbd: RFC1002 hdr=00 00 00 a4 len=164 status=1
[   24.215619] ksmbd: PDU sig=fe 53 4d 42 pdu=164 req_running=0
[   24.216660] ksmbd: got SMB2 command
[   24.217422] ksmbd: SMB2 data length 44 offset 120
[   24.218597] ksmbd: SMB2 len 164
[   24.219320] ksmbd: Unknown command 5 in credit charge validation, defaulting to 1
[   24.220759] ksmbd: credit_check: cmd=5 charge=1 calc=1 req_len=1 resp_len=0 total=31 out=0
[   24.222313] ksmbd: credit_check: lock_enter cmd=5 charge=1 total=31 out=0
[   24.223619] ksmbd: credit_check: lock_exit cmd=5 ret=0 total=31 out=1
[   24.224854] ksmbd: Received smb2 create request
[   24.225773] ksmbd: converted name = teststreams/stream.txt
[   24.226866] ksmbd: can not get linux path for teststreams/stream.txt, rc = -2
[   24.228250] ksmbd: Error response: c0000034
[   24.229108] ksmbd: Failed to process 5 [-9]
[   24.229848] ksmbd: credit_rsp: dispatch cmd=5 total=31 out=1 granted_total=0
[   24.231388] ksmbd: credit_rsp: lock_enter cmd=5 charge=1 req=1 total=31 out=1 granted_total=0
[   24.233117] ksmbd: credit_rsp: lock_exit cmd=5 charge=1 req=1 granted=1 total=31 out=0 granted_total=1
[   24.234847] ksmbd: credits: requested[1] granted[1] total_granted[31]
[   24.236320] ksmbd: RFC1002 hdr=00 00 00 8e len=142 status=1
[   24.237417] ksmbd: PDU sig=fe 53 4d 42 pdu=142 req_running=0
[   24.238545] ksmbd: got SMB2 command
[   24.239277] ksmbd: SMB2 data length 22 offset 120
[   24.240224] ksmbd: SMB2 len 142
[   24.240798] ksmbd: Unknown command 5 in credit charge validation, defaulting to 1
[   24.242248] ksmbd: credit_check: cmd=5 charge=1 calc=1 req_len=1 resp_len=0 total=31 out=0
[   24.243794] ksmbd: credit_check: lock_enter cmd=5 charge=1 total=31 out=0
[   24.245081] ksmbd: credit_check: lock_exit cmd=5 ret=0 total=31 out=1
[   24.246320] ksmbd: Received smb2 create request
[   24.247275] ksmbd: converted name = teststreams
[   24.248189] ksmbd: open() argument is a directory: teststreams, 1040
[   24.249418] ksmbd: Error response: c00000ba
[   24.250290] ksmbd: Failed to process 5 [-5]
[   24.251130] ksmbd: credit_rsp: dispatch cmd=5 total=31 out=1 granted_total=0
[   24.252387] ksmbd: credit_rsp: lock_enter cmd=5 charge=1 req=1 total=31 out=1 granted_total=0
[   24.253890] ksmbd: credit_rsp: lock_exit cmd=5 charge=1 req=1 granted=1 total=31 out=0 granted_total=1
[   24.255555] ksmbd: credits: requested[1] granted[1] total_granted[31]
[   24.256895] ksmbd: RFC1002 hdr=00 00 00 8e len=142 status=1
[   24.257900] ksmbd: PDU sig=fe 53 4d 42 pdu=142 req_running=1
[   24.258928] ksmbd: got SMB2 command
[   24.259575] ksmbd: SMB2 data length 22 offset 120
[   24.260425] ksmbd: SMB2 len 142
[   24.261028] ksmbd: Unknown command 5 in credit charge validation, defaulting to 1
[   24.262520] ksmbd: credit_check: cmd=5 charge=1 calc=1 req_len=1 resp_len=0 total=31 out=0
[   24.264024] ksmbd: credit_check: lock_enter cmd=5 charge=1 total=31 out=0
[   24.265232] ksmbd: credit_check: lock_exit cmd=5 ret=0 total=31 out=1
[   24.266378] ksmbd: Received smb2 create request
[   24.267223] ksmbd: converted name = teststreams
[   24.268064] ksmbd: check permission using windows acl
[   24.268987] ksmbd: Discard write access to a directory
[   24.269892] ksmbd: Desired access mode does not permit FILE_DELETE
[   24.271023] ksmbd: Current mode: 0x7 Desired mode: 0x1
[   24.271935] ksmbd: credit_rsp: dispatch cmd=5 total=31 out=1 granted_total=0
[   24.273210] ksmbd: credit_rsp: lock_enter cmd=5 charge=1 req=1 total=31 out=1 granted_total=0
[   24.274718] ksmbd: credit_rsp: lock_exit cmd=5 charge=1 req=1 granted=1 total=31 out=0 granted_total=1
[   24.276372] ksmbd: credits: requested[1] granted[1] total_granted[31]
[   24.277715] ksmbd: RFC1002 hdr=00 00 00 69 len=105 status=1
[   24.278725] ksmbd: PDU sig=fe 53 4d 42 pdu=105 req_running=1
[   24.279823] ksmbd: got SMB2 command
[   24.280478] ksmbd: SMB2 data length 0 offset 104
[   24.281338] ksmbd: SMB2 len 105
[   24.281910] ksmbd: credit_check: cmd=16 charge=1 calc=1 req_len=65536 resp_len=0 total=31 out=0
[   24.283734] ksmbd: credit_check: lock_enter cmd=16 charge=1 total=31 out=0
[   24.285208] ksmbd: credit_check: lock_exit cmd=16 ret=0 total=31 out=1
[   24.286556] ksmbd: Received request smb2 query info request
[   24.287722] ksmbd: GOT SMB2_O_INFO_FILE
[   24.288547] ksmbd: system.posix_acl_access, len 23
[   24.289561] ksmbd: user.DOSATTRIB, len 14
[   24.290409] ksmbd: system.posix_acl_default, len 24
[   24.291440] ksmbd: credit_rsp: dispatch cmd=16 total=31 out=1 granted_total=0
[   24.292896] ksmbd: credit_rsp: lock_enter cmd=16 charge=1 req=1 total=31 out=1 granted_total=0
[   24.294947] ksmbd: credit_rsp: lock_exit cmd=16 charge=1 req=1 granted=1 total=31 out=0 granted_total=1
[   24.296976] ksmbd: credits: requested[1] granted[1] total_granted[31]
[   24.298761] ksmbd: RFC1002 hdr=00 00 00 62 len=98 status=1
[   24.299990] ksmbd: PDU sig=fe 53 4d 42 pdu=98 req_running=0
[   24.301813] ksmbd: got SMB2 command
[   24.302722] ksmbd: SMB2 data length 2 offset 96
[   24.303790] ksmbd: SMB2 len 98
[   24.304540] ksmbd: credit_check: cmd=14 charge=1 calc=1 req_len=65536 resp_len=0 total=31 out=0
[   24.306386] ksmbd: credit_check: lock_enter cmd=14 charge=1 total=31 out=0
[   24.307724] ksmbd: credit_check: lock_exit cmd=14 ret=0 total=31 out=1
[   24.308903] ksmbd: Received smb2 query directory request
[   24.309870] ksmbd: Search pattern is *
[   24.310578] ksmbd: info_level : 12, buf_len :65520, next_offset : 16, data_count : 16
[   24.312213] ksmbd: failed to load dos attribute in xattr
[   24.313169] ksmbd: fail to load dos attribute.
[   24.313966] ksmbd: info_level : 12, buf_len :65504, next_offset : 16, data_count : 32
[   24.315364] ksmbd: credit_rsp: dispatch cmd=14 total=31 out=1 granted_total=0
[   24.316741] ksmbd: credit_rsp: lock_enter cmd=14 charge=1 req=1 total=31 out=1 granted_total=0
[   24.318776] ksmbd: credit_rsp: lock_exit cmd=14 charge=1 req=1 granted=1 total=31 out=0 granted_total=1
[   24.320695] ksmbd: credits: requested[1] granted[1] total_granted[31]
[   24.322371] ksmbd: RFC1002 hdr=00 00 00 58 len=88 status=1
[   24.324724] ksmbd: PDU sig=fe 53 4d 42 pdu=88 req_running=0
[   24.326180] ksmbd: got SMB2 command
[   24.326814] ksmbd: SMB2 len 88
[   24.327432] ksmbd: Unknown command 6 in credit charge validation, defaulting to 1
[   24.328852] ksmbd: credit_check: cmd=6 charge=1 calc=1 req_len=1 resp_len=0 total=31 out=0
[   24.330581] ksmbd: credit_check: lock_enter cmd=6 charge=1 total=31 out=0
[   24.331968] ksmbd: credit_check: lock_exit cmd=6 ret=0 total=31 out=1
[   24.333286] ksmbd: Received smb2 close request
[   24.334195] ksmbd: volatile_id = 1
[   24.334867] ksmbd: credit_rsp: dispatch cmd=6 total=31 out=1 granted_total=0
[   24.336180] ksmbd: credit_rsp: lock_enter cmd=6 charge=1 req=1 total=31 out=1 granted_total=0
[   24.337839] ksmbd: credit_rsp: lock_exit cmd=6 charge=1 req=1 granted=1 total=31 out=0 granted_total=1
[   24.339619] ksmbd: credits: requested[1] granted[1] total_granted[31]
[   24.341026] ksmbd: RFC1002 hdr=00 00 00 8e len=142 status=1
[   24.342147] ksmbd: PDU sig=fe 53 4d 42 pdu=142 req_running=0
[   24.343211] ksmbd: got SMB2 command
[   24.343876] ksmbd: SMB2 data length 22 offset 120
[   24.344755] ksmbd: SMB2 len 142
[   24.345472] ksmbd: Unknown command 5 in credit charge validation, defaulting to 1
[   24.347068] ksmbd: credit_check: cmd=5 charge=1 calc=1 req_len=1 resp_len=0 total=31 out=0
[   24.348786] ksmbd: credit_check: lock_enter cmd=5 charge=1 total=31 out=0
[   24.350211] ksmbd: credit_check: lock_exit cmd=5 ret=0 total=31 out=1
[   24.351583] ksmbd: Received smb2 create request
[   24.352736] ksmbd: converted name = teststreams
[   24.353956] ksmbd: check permission using windows acl
[   24.355140] ksmbd: Discard write access to a directory
[   24.356298] ksmbd: credit_rsp: dispatch cmd=5 total=31 out=1 granted_total=0
[   24.357835] ksmbd: credit_rsp: lock_enter cmd=5 charge=1 req=1 total=31 out=1 granted_total=0
[   24.359634] ksmbd: credit_rsp: lock_exit cmd=5 charge=1 req=1 granted=1 total=31 out=0 granted_total=1
[   24.361565] ksmbd: credits: requested[1] granted[1] total_granted[31]
[   24.363441] ksmbd: RFC1002 hdr=00 00 00 58 len=88 status=1
[   24.364619] ksmbd: PDU sig=fe 53 4d 42 pdu=88 req_running=0
[   24.365792] ksmbd: got SMB2 command
[   24.366525] ksmbd: SMB2 len 88
[   24.367220] ksmbd: Unknown command 6 in credit charge validation, defaulting to 1
[   24.368811] ksmbd: credit_check: cmd=6 charge=1 calc=1 req_len=1 resp_len=0 total=31 out=0
[   24.370606] ksmbd: credit_check: lock_enter cmd=6 charge=1 total=31 out=0
[   24.372065] ksmbd: credit_check: lock_exit cmd=6 ret=0 total=31 out=1
[   24.373450] ksmbd: Received smb2 close request
[   24.374417] ksmbd: volatile_id = 2
[   24.375209] ksmbd: credit_rsp: dispatch cmd=6 total=31 out=1 granted_total=0
[   24.376716] ksmbd: credit_rsp: lock_enter cmd=6 charge=1 req=1 total=31 out=1 granted_total=0
[   24.378291] ksmbd: credit_rsp: lock_exit cmd=6 charge=1 req=1 granted=1 total=31 out=0 granted_total=1
[   24.379977] ksmbd: credits: requested[1] granted[1] total_granted[31]
[   24.381484] ksmbd: Wait for all pending requests(0)
[   24.382653] ksmbd: connect success: accepted new connection
[   24.385319] ksmbd: RFC1002 hdr=00 00 00 e2 len=226 status=0
[   24.386444] ksmbd: PDU sig=fe 53 4d 42 pdu=226 req_running=0
[   24.387519] ksmbd: got SMB2 command
[   24.388410] ksmbd: no length check for command
[   24.389273] ksmbd: SMB2 data length 0 offset 0
[   24.390141] ksmbd: SMB2 len 100
[   24.390723] ksmbd: Unknown command 0 in credit charge validation, defaulting to 1
[   24.392157] ksmbd: credit_check: cmd=0 charge=1 calc=1 req_len=1 resp_len=0 total=1 out=0
[   24.393653] ksmbd: credit_check: lock_enter cmd=0 charge=1 total=1 out=0
[   24.394904] ksmbd: credit_check: lock_exit cmd=0 ret=0 total=1 out=1
[   24.396132] ksmbd: client requested dialect 0x311
[   24.397027] ksmbd: selected SMB 3.1.1 dialect
[   24.397822] ksmbd: conn->dialect 0x311
[   24.398549] ksmbd: Received negotiate request
[   24.399376] ksmbd: decoding 4 negotiate contexts
[   24.400260] ksmbd: deassemble SMB2_PREAUTH_INTEGRITY_CAPABILITIES context
[   24.401497] ksmbd: deassemble SMB2_ENCRYPTION_CAPABILITIES context
[   24.402657] ksmbd: Cipher ID = 0x4
[   24.403317] ksmbd: deassemble SMB2_SIGNING_CAPABILITIES context
[   24.404418] ksmbd: Signing Algorithm ID = 0x2
[   24.405256] ksmbd: deassemble SMB2_NETNAME_NEGOTIATE_CONTEXT_ID context
[   24.406466] ksmbd: NETNAME context name '127.0.0.1' != server name 'KSMBD-VM'
[   24.407808] ksmbd: negotiate: preauth after NEG_REQ: [0..15]=d27ff2789faaf769f3d828e702d39117
[   24.409382] ksmbd: assemble SMB2_PREAUTH_INTEGRITY_CAPABILITIES context
[   24.410596] ksmbd: assemble SMB2_ENCRYPTION_CAPABILITIES context
[   24.411699] ksmbd: assemble SMB2_SIGNING_CAPABILITIES context
[   24.412773] ksmbd: negotiate context offset 224, count 3
[   24.413762] ksmbd: credit_rsp: dispatch cmd=0 total=1 out=1 granted_total=0
[   24.415170] ksmbd: credit_rsp: lock_enter cmd=0 charge=1 req=31 total=1 out=1 granted_total=0
[   24.416704] ksmbd: credit_rsp: lock_exit cmd=0 charge=1 req=31 granted=1 total=1 out=0 granted_total=1
[   24.418403] ksmbd: credits: requested[31] granted[1] total_granted[1]
[   24.419585] ksmbd: negotiate: preauth after NEG_RSP: [0..15]=80c39c241ec97b6bd6b17a76d2abd574 rsp_size=300
[   24.421636] ksmbd: RFC1002 hdr=00 00 00 a2 len=162 status=5
[   24.422682] ksmbd: PDU sig=fe 53 4d 42 pdu=162 req_running=0
[   24.423730] ksmbd: got SMB2 command
[   24.424406] ksmbd: SMB2 data length 74 offset 88
[   24.425284] ksmbd: SMB2 len 162
[   24.426126] ksmbd: Unknown command 1 in credit charge validation, defaulting to 1
[   24.427486] ksmbd: credit_check: cmd=1 charge=1 calc=1 req_len=1 resp_len=0 total=1 out=0
[   24.428995] ksmbd: credit_check: lock_enter cmd=1 charge=1 total=1 out=0
[   24.430217] ksmbd: credit_check: lock_exit cmd=1 ret=0 total=1 out=1
[   24.431375] ksmbd: Received smb2 session setup request
[   24.432342] ksmbd: preauth_hash BEFORE request: [0..15]=80c39c241ec97b6bd6b17a76d2abd574 msg_size=162
[   24.434065] ksmbd: preauth_hash AFTER  request: [0..15]=d0cf141a8e64494830319a313ea823a9
[   24.435566] ksmbd: negotiate phase
[   24.436345] ksmbd: NTLMSSP SecurityBufferLength 148
[   24.437356] ksmbd: credit_rsp: dispatch cmd=1 total=1 out=1 granted_total=0
[   24.438708] ksmbd: credit_rsp: lock_enter cmd=1 charge=1 req=31 total=1 out=1 granted_total=0
[   24.440361] ksmbd: credit_rsp: lock_exit cmd=1 charge=1 req=31 granted=31 total=31 out=0 granted_total=31
[   24.442257] ksmbd: credits: requested[31] granted[31] total_granted[31]
[   24.443443] ksmbd: preauth_hash BEFORE response: [0..15]=d0cf141a8e64494830319a313ea823a9 rsp_size=251 status=0xc0000016
[   24.445541] ksmbd: preauth_hash AFTER  response: [0..15]=bbf1c6b99f85092b5b525c717f327036
[   24.447316] ksmbd: RFC1002 hdr=00 00 01 fa len=506 status=5
[   24.448340] ksmbd: PDU sig=fe 53 4d 42 pdu=506 req_running=0
[   24.449370] ksmbd: got SMB2 command
[   24.450031] ksmbd: SMB2 data length 418 offset 88
[   24.450854] ksmbd: SMB2 len 506
[   24.451459] ksmbd: Unknown command 1 in credit charge validation, defaulting to 1
[   24.452781] ksmbd: credit_check: cmd=1 charge=1 calc=1 req_len=1 resp_len=0 total=31 out=0
[   24.454324] ksmbd: credit_check: lock_enter cmd=1 charge=1 total=31 out=0
[   24.455695] ksmbd: credit_check: lock_exit cmd=1 ret=0 total=31 out=1
[   24.457101] ksmbd: Received smb2 session setup request
[   24.458151] ksmbd: preauth_hash BEFORE request: [0..15]=bbf1c6b99f85092b5b525c717f327036 msg_size=506
[   24.460095] ksmbd: preauth_hash AFTER  request: [0..15]=bd9797da6b4246bdc265087beaab861a
[   24.461694] ksmbd: authenticate phase
[   24.462745] ksmbd: session setup request for user testuser
[   24.464022] ksmbd: login_user returned: name='testuser' flags=0x1 anon=0 guest=0
[   24.465386] ksmbd: decode_ntlmssp_authenticate_blob dnameWORKGROUP
[   24.466579] ksmbd: generated encryption keys for session 1, cipher type 4
[   24.467857] ksmbd: generate_signingkey: sess_key[0..15]=de3fdb63a5fe14ed48924f5c336094b5 label_len=14 ctx_len=64
[   24.469828] ksmbd: generate_signingkey: preauth[0..15]=bd9797da6b4246bdc265087beaab861a
[   24.471318] ksmbd: generated signing key for session 1: key[0..15]=0f2504e2c10ab27eed0f84403b76b548
[   24.472986] ksmbd: credit_rsp: dispatch cmd=1 total=31 out=1 granted_total=0
[   24.474287] ksmbd: credit_rsp: lock_enter cmd=1 charge=1 req=1 total=31 out=1 granted_total=0
[   24.475836] ksmbd: credit_rsp: lock_exit cmd=1 charge=1 req=1 granted=1 total=31 out=0 granted_total=1
[   24.477551] ksmbd: credits: requested[1] granted[1] total_granted[31]
[   24.478749] ksmbd: smb3_set_sign_rsp: cmd=1 signing_key[0..15]=0f2504e2c10ab27eed0f84403b76b548 algo=2
[   24.481157] ksmbd: preauth_hash BEFORE response: [0..15]=bd9797da6b4246bdc265087beaab861a rsp_size=81 status=0x0
[   24.483035] ksmbd: preauth_hash AFTER  response: [0..15]=7e02f953d83c01102b8d03f4a76a8e61
[   24.486811] ksmbd: RFC1002 hdr=00 00 00 68 len=104 status=1
[   24.487904] ksmbd: PDU sig=fe 53 4d 42 pdu=104 req_running=0
[   24.489034] ksmbd: skip to check tree connect request
[   24.489965] ksmbd: got SMB2 command
[   24.490599] ksmbd: SMB2 data length 32 offset 72
[   24.491464] ksmbd: SMB2 len 104
[   24.492103] ksmbd: Unknown command 3 in credit charge validation, defaulting to 1
[   24.493456] ksmbd: credit_check: cmd=3 charge=1 calc=1 req_len=1 resp_len=0 total=31 out=0
[   24.494999] ksmbd: credit_check: lock_enter cmd=3 charge=1 total=31 out=0
[   24.496239] ksmbd: credit_check: lock_exit cmd=3 ret=0 total=31 out=1
[   24.497435] ksmbd: Received smb2 tree connect request
[   24.498384] ksmbd: tree connect request for tree test treename \\127.0.0.1\test
[   24.502689] ksmbd: tree_conn_connect returned: ret=0 tcon=00000000605b2934
[   24.504072] ksmbd: MaximalAccess: perm_r=0 perm_w=0 perm_x=0 access=0x001f01ff
[   24.505482] ksmbd: tree connect final status.ret=0
[   24.506451] ksmbd: credit_rsp: dispatch cmd=3 total=31 out=1 granted_total=0
[   24.507846] ksmbd: credit_rsp: lock_enter cmd=3 charge=1 req=1 total=31 out=1 granted_total=0
[   24.509560] ksmbd: credit_rsp: lock_exit cmd=3 charge=1 req=1 granted=1 total=31 out=0 granted_total=1
[   24.511360] ksmbd: credits: requested[1] granted[1] total_granted[31]
[   24.512610] ksmbd: smb3_set_sign_rsp: cmd=3 signing_key[0..15]=0f2504e2c10ab27eed0f84403b76b548 algo=2
[   24.514712] ksmbd: RFC1002 hdr=00 00 00 a4 len=164 status=1
[   24.516063] ksmbd: PDU sig=fe 53 4d 42 pdu=164 req_running=0
[   24.517293] ksmbd: got SMB2 command
[   24.517977] ksmbd: SMB2 data length 44 offset 120
[   24.519248] ksmbd: SMB2 len 164
[   24.519946] ksmbd: Unknown command 5 in credit charge validation, defaulting to 1
[   24.521601] ksmbd: credit_check: cmd=5 charge=1 calc=1 req_len=1 resp_len=0 total=31 out=0
[   24.523338] ksmbd: credit_check: lock_enter cmd=5 charge=1 total=31 out=0
[   24.524702] ksmbd: credit_check: lock_exit cmd=5 ret=0 total=31 out=1
[   24.526026] ksmbd: Received smb2 create request
[   24.526985] ksmbd: converted name = teststreams/stream.txt
[   24.528106] ksmbd: can not get linux path for teststreams/stream.txt, rc = -2
[   24.529511] ksmbd: Error response: c0000034
[   24.530397] ksmbd: Failed to process 5 [-9]
[   24.531225] ksmbd: credit_rsp: dispatch cmd=5 total=31 out=1 granted_total=0
[   24.532597] ksmbd: credit_rsp: lock_enter cmd=5 charge=1 req=1 total=31 out=1 granted_total=0
[   24.534268] ksmbd: credit_rsp: lock_exit cmd=5 charge=1 req=1 granted=1 total=31 out=0 granted_total=1
[   24.536067] ksmbd: credits: requested[1] granted[1] total_granted[31]
[   24.537605] ksmbd: RFC1002 hdr=00 00 00 8e len=142 status=1
[   24.538718] ksmbd: PDU sig=fe 53 4d 42 pdu=142 req_running=0
[   24.539845] ksmbd: got SMB2 command
[   24.540579] ksmbd: SMB2 data length 22 offset 120
[   24.541499] ksmbd: SMB2 len 142
[   24.542131] ksmbd: Unknown command 5 in credit charge validation, defaulting to 1
[   24.543544] ksmbd: credit_check: cmd=5 charge=1 calc=1 req_len=1 resp_len=0 total=31 out=0
[   24.545080] ksmbd: credit_check: lock_enter cmd=5 charge=1 total=31 out=0
[   24.546458] ksmbd: credit_check: lock_exit cmd=5 ret=0 total=31 out=1
[   24.547689] ksmbd: Received smb2 create request
[   24.548574] ksmbd: converted name = teststreams
[   24.549476] ksmbd: can not get linux path for teststreams, rc = -2
[   24.550645] ksmbd: Error response: c0000034
[   24.551474] ksmbd: Failed to process 5 [-9]
[   24.552304] ksmbd: credit_rsp: dispatch cmd=5 total=31 out=1 granted_total=0
[   24.553617] ksmbd: credit_rsp: lock_enter cmd=5 charge=1 req=1 total=31 out=1 granted_total=0
[   24.555238] ksmbd: credit_rsp: lock_exit cmd=5 charge=1 req=1 granted=1 total=31 out=0 granted_total=1
[   24.556949] ksmbd: credits: requested[1] granted[1] total_granted[31]
[   24.558406] ksmbd: RFC1002 hdr=00 00 00 8e len=142 status=1
[   24.559452] ksmbd: PDU sig=fe 53 4d 42 pdu=142 req_running=0
[   24.560512] ksmbd: got SMB2 command
[   24.561206] ksmbd: SMB2 data length 22 offset 120
[   24.562102] ksmbd: SMB2 len 142
[   24.562672] ksmbd: Unknown command 5 in credit charge validation, defaulting to 1
[   24.564195] ksmbd: credit_check: cmd=5 charge=1 calc=1 req_len=1 resp_len=0 total=31 out=0
[   24.565691] ksmbd: credit_check: lock_enter cmd=5 charge=1 total=31 out=0
[   24.566938] ksmbd: credit_check: lock_exit cmd=5 ret=0 total=31 out=1
[   24.568137] ksmbd: Received smb2 create request
[   24.568977] ksmbd: converted name = teststreams
[   24.569812] ksmbd: can not get linux path for teststreams, rc = -2
[   24.570951] ksmbd: Discard write access to a directory
[   24.571875] ksmbd: file does not exist, so creating
[   24.572780] ksmbd: creating directory
[   24.573646] ksmbd: inherit posix acl failed : -2
[   24.574618] ksmbd: Set posix acls
[   24.575353] ksmbd: credit_rsp: dispatch cmd=5 total=31 out=1 granted_total=0
[   24.576660] ksmbd: credit_rsp: lock_enter cmd=5 charge=1 req=1 total=31 out=1 granted_total=0
[   24.578234] ksmbd: credit_rsp: lock_exit cmd=5 charge=1 req=1 granted=1 total=31 out=0 granted_total=1
[   24.579919] ksmbd: credits: requested[1] granted[1] total_granted[31]
[   24.581343] ksmbd: RFC1002 hdr=00 00 00 ba len=186 status=1
[   24.582390] ksmbd: PDU sig=fe 53 4d 42 pdu=186 req_running=0
[   24.583452] ksmbd: got SMB2 command
[   24.584125] ksmbd: SMB2 data length 66 offset 120
[   24.584993] ksmbd: SMB2 len 186
[   24.585570] ksmbd: Unknown command 5 in credit charge validation, defaulting to 1
[   24.586937] ksmbd: credit_check: cmd=5 charge=1 calc=1 req_len=1 resp_len=0 total=31 out=0
[   24.588443] ksmbd: credit_check: lock_enter cmd=5 charge=1 total=31 out=0
[   24.589655] ksmbd: credit_check: lock_exit cmd=5 ret=0 total=31 out=1
[   24.590826] ksmbd: Received smb2 create request
[   24.591660] ksmbd: converted name = teststreams/stream.txt:Stream One
[   24.592850] ksmbd: Error response: c0000034
[   24.593714] ksmbd: Failed to process 5 [-9]
[   24.594547] ksmbd: credit_rsp: dispatch cmd=5 total=31 out=1 granted_total=0
[   24.596018] ksmbd: credit_rsp: lock_enter cmd=5 charge=1 req=1 total=31 out=1 granted_total=0
[   24.597541] ksmbd: credit_rsp: lock_exit cmd=5 charge=1 req=1 granted=1 total=31 out=0 granted_total=1
[   24.599224] ksmbd: credits: requested[1] granted[1] total_granted[31]
[   24.600683] ksmbd: RFC1002 hdr=00 00 00 58 len=88 status=1
[   24.601853] ksmbd: PDU sig=fe 53 4d 42 pdu=88 req_running=0
[   24.603028] ksmbd: got SMB2 command
[   24.603877] ksmbd: SMB2 len 88
[   24.604789] ksmbd: Unknown command 6 in credit charge validation, defaulting to 1
[   24.606566] ksmbd: credit_check: cmd=6 charge=1 calc=1 req_len=1 resp_len=0 total=31 out=0
[   24.608461] ksmbd: credit_check: lock_enter cmd=6 charge=1 total=31 out=0
[   24.610090] ksmbd: credit_check: lock_exit cmd=6 ret=0 total=31 out=1
[   24.611570] ksmbd: Received smb2 close request
[   24.612627] ksmbd: volatile_id = 0
[   24.613443] ksmbd: credit_rsp: dispatch cmd=6 total=31 out=1 granted_total=0
[   24.615126] ksmbd: credit_rsp: lock_enter cmd=6 charge=1 req=1 total=31 out=1 granted_total=0
[   24.617086] ksmbd: credit_rsp: lock_exit cmd=6 charge=1 req=1 granted=1 total=31 out=0 granted_total=1
[   24.619185] ksmbd: credits: requested[1] granted[1] total_granted[31]
[   24.621019] ksmbd: RFC1002 hdr=00 00 00 8e len=142 status=1
[   24.622272] ksmbd: PDU sig=fe 53 4d 42 pdu=142 req_running=0
[   24.623474] ksmbd: got SMB2 command
[   24.624510] ksmbd: SMB2 data length 22 offset 120
[   24.625691] ksmbd: SMB2 len 142
[   24.626489] ksmbd: Unknown command 5 in credit charge validation, defaulting to 1
[   24.628117] ksmbd: credit_check: cmd=5 charge=1 calc=1 req_len=1 resp_len=0 total=31 out=0
[   24.629692] ksmbd: credit_check: lock_enter cmd=5 charge=1 total=31 out=0
[   24.631029] ksmbd: credit_check: lock_exit cmd=5 ret=0 total=31 out=1
[   24.632248] ksmbd: Received smb2 create request
[   24.633119] ksmbd: converted name = teststreams
[   24.634212] ksmbd: open() argument is a directory: teststreams, 1040
[   24.635413] ksmbd: Error response: c00000ba
[   24.636231] ksmbd: Failed to process 5 [-5]
[   24.637105] ksmbd: credit_rsp: dispatch cmd=5 total=31 out=1 granted_total=0
[   24.638589] ksmbd: credit_rsp: lock_enter cmd=5 charge=1 req=1 total=31 out=1 granted_total=0
[   24.640337] ksmbd: credit_rsp: lock_exit cmd=5 charge=1 req=1 granted=1 total=31 out=0 granted_total=1
[   24.642115] ksmbd: credits: requested[1] granted[1] total_granted[31]
[   24.643719] ksmbd: RFC1002 hdr=00 00 00 8e len=142 status=1
[   24.644867] ksmbd: PDU sig=fe 53 4d 42 pdu=142 req_running=0
[   24.646096] ksmbd: got SMB2 command
[   24.646766] ksmbd: SMB2 data length 22 offset 120
[   24.647658] ksmbd: SMB2 len 142
[   24.648248] ksmbd: Unknown command 5 in credit charge validation, defaulting to 1
[   24.649649] ksmbd: credit_check: cmd=5 charge=1 calc=1 req_len=1 resp_len=0 total=31 out=0
[   24.651201] ksmbd: credit_check: lock_enter cmd=5 charge=1 total=31 out=0
[   24.652460] ksmbd: credit_check: lock_exit cmd=5 ret=0 total=31 out=1
[   24.653747] ksmbd: Received smb2 create request
[   24.654704] ksmbd: converted name = teststreams
[   24.655587] ksmbd: check permission using windows acl
[   24.656670] ksmbd: Discard write access to a directory
[   24.657624] ksmbd: credit_rsp: dispatch cmd=5 total=31 out=1 granted_total=0
[   24.658882] ksmbd: credit_rsp: lock_enter cmd=5 charge=1 req=1 total=31 out=1 granted_total=0
[   24.660484] ksmbd: credit_rsp: lock_exit cmd=5 charge=1 req=1 granted=1 total=31 out=0 granted_total=1
[   24.662233] ksmbd: credits: requested[1] granted[1] total_granted[31]
[   24.664235] ksmbd: RFC1002 hdr=00 00 00 69 len=105 status=1
[   24.665312] ksmbd: PDU sig=fe 53 4d 42 pdu=105 req_running=0
[   24.666602] ksmbd: got SMB2 command
[   24.667404] ksmbd: SMB2 data length 0 offset 104
[   24.668394] ksmbd: SMB2 len 105
[   24.669152] ksmbd: credit_check: cmd=16 charge=1 calc=1 req_len=65536 resp_len=0 total=31 out=0
[   24.670836] ksmbd: credit_check: lock_enter cmd=16 charge=1 total=31 out=0
[   24.672205] ksmbd: credit_check: lock_exit cmd=16 ret=0 total=31 out=1
[   24.673499] ksmbd: Received request smb2 query info request
[   24.674651] ksmbd: GOT SMB2_O_INFO_FILE
[   24.675486] ksmbd: system.posix_acl_access, len 23
[   24.676488] ksmbd: user.DOSATTRIB, len 14
[   24.677374] ksmbd: system.posix_acl_default, len 24
[   24.678390] ksmbd: credit_rsp: dispatch cmd=16 total=31 out=1 granted_total=0
[   24.679825] ksmbd: credit_rsp: lock_enter cmd=16 charge=1 req=1 total=31 out=1 granted_total=0
[   24.681509] ksmbd: credit_rsp: lock_exit cmd=16 charge=1 req=1 granted=1 total=31 out=0 granted_total=1
[   24.683373] ksmbd: credits: requested[1] granted[1] total_granted[31]
[   24.685031] ksmbd: RFC1002 hdr=00 00 00 62 len=98 status=1
[   24.686064] ksmbd: PDU sig=fe 53 4d 42 pdu=98 req_running=0
[   24.689059] ksmbd: got SMB2 command
[   24.689726] ksmbd: SMB2 data length 2 offset 96
[   24.690601] ksmbd: SMB2 len 98
[   24.691219] ksmbd: credit_check: cmd=14 charge=1 calc=1 req_len=65536 resp_len=0 total=31 out=0
[   24.692813] ksmbd: credit_check: lock_enter cmd=14 charge=1 total=31 out=0
[   24.694119] ksmbd: credit_check: lock_exit cmd=14 ret=0 total=31 out=1
[   24.695329] ksmbd: Received smb2 query directory request
[   24.696335] ksmbd: Search pattern is *
[   24.697078] ksmbd: info_level : 12, buf_len :65520, next_offset : 16, data_count : 16
[   24.698623] ksmbd: failed to load dos attribute in xattr
[   24.699622] ksmbd: fail to load dos attribute.
[   24.700466] ksmbd: info_level : 12, buf_len :65504, next_offset : 16, data_count : 32
[   24.701931] ksmbd: credit_rsp: dispatch cmd=14 total=31 out=1 granted_total=0
[   24.703291] ksmbd: credit_rsp: lock_enter cmd=14 charge=1 req=1 total=31 out=1 granted_total=0
[   24.704877] ksmbd: credit_rsp: lock_exit cmd=14 charge=1 req=1 granted=1 total=31 out=0 granted_total=1
[   24.706633] ksmbd: credits: requested[1] granted[1] total_granted[31]
[   24.708443] ksmbd: RFC1002 hdr=00 00 00 58 len=88 status=1
[   24.709567] ksmbd: PDU sig=fe 53 4d 42 pdu=88 req_running=0
[   24.710732] ksmbd: got SMB2 command
[   24.711391] ksmbd: SMB2 len 88
[   24.712550] ksmbd: Unknown command 6 in credit charge validation, defaulting to 1
[   24.714069] ksmbd: credit_check: cmd=6 charge=1 calc=1 req_len=1 resp_len=0 total=31 out=0
[   24.715673] ksmbd: credit_check: lock_enter cmd=6 charge=1 total=31 out=0
[   24.716940] ksmbd: credit_check: lock_exit cmd=6 ret=0 total=31 out=1
[   24.718173] ksmbd: Received smb2 close request
[   24.719133] ksmbd: volatile_id = 1
[   24.719770] ksmbd: credit_rsp: dispatch cmd=6 total=31 out=1 granted_total=0
[   24.721140] ksmbd: credit_rsp: lock_enter cmd=6 charge=1 req=1 total=31 out=1 granted_total=0
[   24.722835] ksmbd: credit_rsp: lock_exit cmd=6 charge=1 req=1 granted=1 total=31 out=0 granted_total=1
[   24.724586] ksmbd: credits: requested[1] granted[1] total_granted[31]
[   24.726079] ksmbd: RFC1002 hdr=00 00 00 8e len=142 status=1
[   24.727161] ksmbd: PDU sig=fe 53 4d 42 pdu=142 req_running=0
[   24.728264] ksmbd: got SMB2 command
[   24.728991] ksmbd: SMB2 data length 22 offset 120
[   24.729993] ksmbd: SMB2 len 142
[   24.730600] ksmbd: Unknown command 5 in credit charge validation, defaulting to 1
[   24.732027] ksmbd: credit_check: cmd=5 charge=1 calc=1 req_len=1 resp_len=0 total=31 out=0
[   24.733579] ksmbd: credit_check: lock_enter cmd=5 charge=1 total=31 out=0
[   24.734860] ksmbd: credit_check: lock_exit cmd=5 ret=0 total=31 out=1
[   24.736099] ksmbd: Received smb2 create request
[   24.736935] ksmbd: converted name = teststreams
[   24.737838] ksmbd: check permission using windows acl
[   24.738807] ksmbd: Discard write access to a directory
