[    0.000000] Linux version 6.18.13-arch1-1 (linux@archlinux) (gcc (GCC) 15.2.1 20260209, GNU ld (GNU Binutils) 2.46) #1 SMP PREEMPT_DYNAMIC Wed, 25 Feb 2026 23:12:35 +0000
[    0.000000] Command line: root=/dev/vda1 rw console=ttyS0,115200 loglevel=7
[    0.000000] BIOS-provided physical RAM map:
[    0.000000] BIOS-e820: [mem 0x0000000000000000-0x000000000009fbff] usable
[    0.000000] BIOS-e820: [mem 0x000000000009fc00-0x000000000009ffff] reserved
[    0.000000] BIOS-e820: [mem 0x00000000000f0000-0x00000000000fffff] reserved
[    0.000000] BIOS-e820: [mem 0x0000000000100000-0x000000007ffdcfff] usable
[    0.000000] BIOS-e820: [mem 0x000000007ffdd000-0x000000007fffffff] reserved
[    0.000000] BIOS-e820: [mem 0x00000000feffc000-0x00000000feffffff] reserved
[    0.000000] BIOS-e820: [mem 0x00000000fffc0000-0x00000000ffffffff] reserved
[    0.000000] NX (Execute Disable) protection: active
[    0.000000] APIC: Static calls initialized
[    0.000000] SMBIOS 2.8 present.
[    0.000000] DMI: QEMU Standard PC (i440FX + PIIX, 1996), BIOS Arch Linux 1.17.0-2-2 04/01/2014
[    0.000000] DMI: Memory slots populated: 1/1
[    0.000000] Hypervisor detected: KVM
[    0.000000] last_pfn = 0x7ffdd max_arch_pfn = 0x400000000
[    0.000000] kvm-clock: Using msrs 4b564d01 and 4b564d00
[    0.000001] kvm-clock: using sched offset of 369035426 cycles
[    0.000003] clocksource: kvm-clock: mask: 0xffffffffffffffff max_cycles: 0x1cd42e4dffb, max_idle_ns: 881590591483 ns
[    0.000007] tsc: Detected 3600.000 MHz processor
[    0.001232] last_pfn = 0x7ffdd max_arch_pfn = 0x400000000
[    0.001262] MTRR map: 4 entries (3 fixed + 1 variable; max 19), built from 8 variable MTRRs
[    0.001265] x86/PAT: Configuration [0-7]: WB  WC  UC- UC  WB  WP  UC- WT  
[    0.010238] found SMP MP-table at [mem 0x000f66b0-0x000f66bf]
[    0.010257] Using GB pages for direct mapping
[    0.010345] RAMDISK: [mem 0x7f508000-0x7ffcffff]
[    0.010409] ACPI: Early table checksum verification disabled
[    0.010412] ACPI: RSDP 0x00000000000F64E0 000014 (v00 BOCHS )
[    0.010416] ACPI: RSDT 0x000000007FFE239C 000034 (v01 BOCHS  BXPC     00000001 BXPC 00000001)
[    0.010422] ACPI: FACP 0x000000007FFE2248 000074 (v01 BOCHS  BXPC     00000001 BXPC 00000001)
[    0.010428] ACPI: DSDT 0x000000007FFE0040 002208 (v01 BOCHS  BXPC     00000001 BXPC 00000001)
[    0.010432] ACPI: FACS 0x000000007FFE0000 000040
[    0.010435] ACPI: APIC 0x000000007FFE22BC 000080 (v03 BOCHS  BXPC     00000001 BXPC 00000001)
[    0.010438] ACPI: HPET 0x000000007FFE233C 000038 (v01 BOCHS  BXPC     00000001 BXPC 00000001)
[    0.010441] ACPI: WAET 0x000000007FFE2374 000028 (v01 BOCHS  BXPC     00000001 BXPC 00000001)
[    0.010443] ACPI: Reserving FACP table memory at [mem 0x7ffe2248-0x7ffe22bb]
[    0.010444] ACPI: Reserving DSDT table memory at [mem 0x7ffe0040-0x7ffe2247]
[    0.010445] ACPI: Reserving FACS table memory at [mem 0x7ffe0000-0x7ffe003f]
[    0.010446] ACPI: Reserving APIC table memory at [mem 0x7ffe22bc-0x7ffe233b]
[    0.010446] ACPI: Reserving HPET table memory at [mem 0x7ffe233c-0x7ffe2373]
[    0.010447] ACPI: Reserving WAET table memory at [mem 0x7ffe2374-0x7ffe239b]
[    0.010907] No NUMA configuration found
[    0.010909] Faking a node at [mem 0x0000000000000000-0x000000007ffdcfff]
[    0.010917] NODE_DATA(0) allocated [mem 0x7f4dd280-0x7f507fff]
[    0.011328] Zone ranges:
[    0.011329]   DMA      [mem 0x0000000000001000-0x0000000000ffffff]
[    0.011331]   DMA32    [mem 0x0000000001000000-0x000000007ffdcfff]
[    0.011332]   Normal   empty
[    0.011333]   Device   empty
[    0.011334] Movable zone start for each node
[    0.011336] Early memory node ranges
[    0.011336]   node   0: [mem 0x0000000000001000-0x000000000009efff]
[    0.011338]   node   0: [mem 0x0000000000100000-0x000000007ffdcfff]
[    0.011339] Initmem setup node 0 [mem 0x0000000000001000-0x000000007ffdcfff]
[    0.011352] On node 0, zone DMA: 1 pages in unavailable ranges
[    0.011488] On node 0, zone DMA: 97 pages in unavailable ranges
[    0.032202] On node 0, zone DMA32: 35 pages in unavailable ranges
[    0.032913] ACPI: PM-Timer IO Port: 0x608
[    0.032933] ACPI: LAPIC_NMI (acpi_id[0xff] dfl dfl lint[0x1])
[    0.032970] IOAPIC[0]: apic_id 0, version 17, address 0xfec00000, GSI 0-23
[    0.032975] ACPI: INT_SRC_OVR (bus 0 bus_irq 0 global_irq 2 dfl dfl)
[    0.032976] ACPI: INT_SRC_OVR (bus 0 bus_irq 5 global_irq 5 high level)
[    0.032978] ACPI: INT_SRC_OVR (bus 0 bus_irq 9 global_irq 9 high level)
[    0.032979] ACPI: INT_SRC_OVR (bus 0 bus_irq 10 global_irq 10 high level)
[    0.032980] ACPI: INT_SRC_OVR (bus 0 bus_irq 11 global_irq 11 high level)
[    0.032985] ACPI: Using ACPI (MADT) for SMP configuration information
[    0.032987] ACPI: HPET id: 0x8086a201 base: 0xfed00000
[    0.032992] TSC deadline timer available
[    0.032999] CPU topo: Max. logical packages:   1
[    0.033000] CPU topo: Max. logical dies:       1
[    0.033001] CPU topo: Max. dies per package:   1
[    0.033008] CPU topo: Max. threads per core:   1
[    0.033009] CPU topo: Num. cores per package:     2
[    0.033009] CPU topo: Num. threads per package:   2
[    0.033010] CPU topo: Allowing 2 present CPUs plus 0 hotplug CPUs
[    0.033031] kvm-guest: APIC: eoi() replaced with kvm_guest_apic_eoi_write()
[    0.033044] kvm-guest: KVM setup pv remote TLB flush
[    0.033047] kvm-guest: setup PV sched yield
[    0.033055] PM: hibernation: Registered nosave memory: [mem 0x00000000-0x00000fff]
[    0.033057] PM: hibernation: Registered nosave memory: [mem 0x0009f000-0x000fffff]
[    0.033059] [mem 0x80000000-0xfeffbfff] available for PCI devices
[    0.033060] Booting paravirtualized kernel on KVM
[    0.033062] clocksource: refined-jiffies: mask: 0xffffffff max_cycles: 0xffffffff, max_idle_ns: 1910969940391419 ns
[    0.039056] setup_percpu: NR_CPUS:8192 nr_cpumask_bits:2 nr_cpu_ids:2 nr_node_ids:1
[    0.040356] percpu: Embedded 62 pages/cpu s217088 r8192 d28672 u1048576
[    0.040397] kvm-guest: PV spinlocks enabled
[    0.040400] PV qspinlock hash table entries: 256 (order: 0, 4096 bytes, linear)
[    0.040403] Kernel command line: root=/dev/vda1 rw console=ttyS0,115200 loglevel=7
[    0.040459] random: crng init done
[    0.040460] printk: log buffer data + meta data: 131072 + 458752 = 589824 bytes
[    0.042000] Dentry cache hash table entries: 262144 (order: 9, 2097152 bytes, linear)
[    0.042643] Inode-cache hash table entries: 131072 (order: 8, 1048576 bytes, linear)
[    0.042732] Fallback order for Node 0: 0 
[    0.042736] Built 1 zonelists, mobility grouping on.  Total pages: 524155
[    0.042737] Policy zone: DMA32
[    0.044180] mem auto-init: stack:all(zero), heap alloc:on, heap free:off
[    0.050533] SLUB: HWalign=64, Order=0-3, MinObjects=0, CPUs=2, Nodes=1
[    0.050572] Kernel/User page tables isolation: enabled
[    0.061017] ftrace: allocating 57060 entries in 224 pages
[    0.061020] ftrace: allocated 224 pages with 3 groups
[    0.061252] Dynamic Preempt: full
[    0.061314] rcu: Preemptible hierarchical RCU implementation.
[    0.061315] rcu: 	RCU restricting CPUs from NR_CPUS=8192 to nr_cpu_ids=2.
[    0.061316] rcu: 	RCU priority boosting: priority 1 delay 500 ms.
[    0.061317] 	Trampoline variant of Tasks RCU enabled.
[    0.061317] 	Rude variant of Tasks RCU enabled.
[    0.061318] 	Tracing variant of Tasks RCU enabled.
[    0.061318] rcu: RCU calculated value of scheduler-enlistment delay is 100 jiffies.
[    0.061319] rcu: Adjusting geometry for rcu_fanout_leaf=16, nr_cpu_ids=2
[    0.061325] RCU Tasks: Setting shift to 1 and lim to 1 rcu_task_cb_adjust=1 rcu_task_cpu_ids=2.
[    0.061326] RCU Tasks Rude: Setting shift to 1 and lim to 1 rcu_task_cb_adjust=1 rcu_task_cpu_ids=2.
[    0.061327] RCU Tasks Trace: Setting shift to 1 and lim to 1 rcu_task_cb_adjust=1 rcu_task_cpu_ids=2.
[    0.068242] NR_IRQS: 524544, nr_irqs: 440, preallocated irqs: 16
[    0.068498] rcu: srcu_init: Setting srcu_struct sizes based on contention.
[    0.068721] kfence: initialized - using 2097152 bytes for 255 objects at 0x(____ptrval____)-0x(____ptrval____)
[    0.086757] Console: colour VGA+ 80x25
[    0.086819] printk: legacy console [ttyS0] enabled
[    0.270154] ACPI: Core revision 20250807
[    0.271542] clocksource: hpet: mask: 0xffffffff max_cycles: 0xffffffff, max_idle_ns: 19112604467 ns
[    0.274247] APIC: Switch to symmetric I/O mode setup
[    0.275928] x2apic enabled
[    0.277062] APIC: Switched APIC routing to: physical x2apic
[    0.278838] kvm-guest: APIC: send_IPI_mask() replaced with kvm_send_ipi_mask()
[    0.281038] kvm-guest: APIC: send_IPI_mask_allbutself() replaced with kvm_send_ipi_mask_allbutself()
[    0.283737] kvm-guest: setup PV IPIs
[    0.286002] ..TIMER: vector=0x30 apic1=0 pin1=2 apic2=-1 pin2=-1
[    0.287722] clocksource: tsc-early: mask: 0xffffffffffffffff max_cycles: 0x33e452fbb2f, max_idle_ns: 440795236593 ns
[    0.290703] Calibrating delay loop (skipped) preset value.. 7200.00 BogoMIPS (lpj=3600000)
[    0.291804] x86/cpu: User Mode Instruction Prevention (UMIP) activated
[    0.292796] Last level iTLB entries: 4KB 0, 2MB 0, 4MB 0
[    0.293700] Last level dTLB entries: 4KB 0, 2MB 0, 4MB 0, 1GB 0
[    0.294709] mitigations: Enabled attack vectors: user_kernel, user_user, guest_host, guest_guest, SMT mitigations: auto
[    0.295701] Speculative Store Bypass: Mitigation: Speculative Store Bypass disabled via prctl
[    0.296703] SRBDS: Unknown: Dependent on hypervisor status
[    0.297701] Spectre V2 : Mitigation: IBRS
[    0.298701] RETBleed: Mitigation: IBRS
[    0.299701] MDS: Mitigation: Clear CPU buffers
[    0.300700] TAA: Mitigation: Clear CPU buffers
[    0.301700] MMIO Stale Data: Mitigation: Clear CPU buffers
[    0.302700] Spectre V1 : Mitigation: usercopy/swapgs barriers and __user pointer sanitization
[    0.303702] Spectre V2 : Spectre v2 / SpectreRSB: Filling RSB on context switch and VMEXIT
[    0.304703] Spectre V2 : mitigation: Enabling conditional Indirect Branch Prediction Barrier
[    0.305705] GDS: Unknown: Dependent on hypervisor status
[    0.306701] Spectre V2 : Spectre BHI mitigation: SW BHB clearing on syscall and VM exit
[    0.307722] x86/fpu: Supporting XSAVE feature 0x001: 'x87 floating point registers'
[    0.308701] x86/fpu: Supporting XSAVE feature 0x002: 'SSE registers'
[    0.309700] x86/fpu: Supporting XSAVE feature 0x004: 'AVX registers'
[    0.310700] x86/fpu: Supporting XSAVE feature 0x008: 'MPX bounds registers'
[    0.311700] x86/fpu: Supporting XSAVE feature 0x010: 'MPX CSR'
[    0.312701] x86/fpu: xstate_offset[2]:  576, xstate_sizes[2]:  256
[    0.313700] x86/fpu: xstate_offset[3]:  832, xstate_sizes[3]:   64
[    0.314700] x86/fpu: xstate_offset[4]:  896, xstate_sizes[4]:   64
[    0.315700] x86/fpu: Enabled xstate features 0x1f, context size is 960 bytes, using 'compacted' format.
[    0.349344] Freeing SMP alternatives memory: 56K
[    0.349708] pid_max: default: 32768 minimum: 301
[    0.350761] LSM: initializing lsm=capability,landlock,lockdown,yama,bpf
[    0.351787] landlock: Up and running.
[    0.352706] Yama: becoming mindful.
[    0.353868] LSM support for eBPF active
[    0.354741] Mount-cache hash table entries: 4096 (order: 3, 32768 bytes, linear)
[    0.355720] Mountpoint-cache hash table entries: 4096 (order: 3, 32768 bytes, linear)
[    0.357266] smpboot: CPU0: Intel(R) Core(TM) i7-7700 CPU @ 3.60GHz (family: 0x6, model: 0x9e, stepping: 0x9)
[    0.358050] Performance Events: Skylake events, full-width counters, Intel PMU driver.
[    0.358709] ... version:                   2
[    0.359703] ... bit width:                 48
[    0.360703] ... generic counters:          4
[    0.361702] ... generic bitmap:            000000000000000f
[    0.362702] ... fixed-purpose counters:    3
[    0.363701] ... fixed-purpose bitmap:      0000000000000007
[    0.364702] ... value mask:                0000ffffffffffff
[    0.365701] ... max period:                00007fffffffffff
[    0.366701] ... global_ctrl mask:          000000070000000f
[    0.367872] signal: max sigframe size: 2032
[    0.368773] rcu: Hierarchical SRCU implementation.
[    0.369702] rcu: 	Max phase no-delay instances is 400.
[    0.370923] Timer migration: 1 hierarchy levels; 8 children per group; 1 crossnode level
[    0.372211] smp: Bringing up secondary CPUs ...
[    0.372950] smpboot: x86: Booting SMP configuration:
[    0.373708] .... node  #0, CPUs:      #1
[    0.373833] smp: Brought up 1 node, 2 CPUs
[    0.375705] smpboot: Total of 2 processors activated (14400.00 BogoMIPS)
[    0.376924] Memory: 1985452K/2096620K available (20319K kernel code, 2939K rwdata, 16368K rodata, 4736K init, 4772K bss, 105892K reserved, 0K cma-reserved)
[    0.377951] devtmpfs: initialized
[    0.378763] x86/mm: Memory block size: 128MB
[    0.380876] clocksource: jiffies: mask: 0xffffffff max_cycles: 0xffffffff, max_idle_ns: 1911260446275000 ns
[    0.381729] posixtimers hash table entries: 1024 (order: 2, 16384 bytes, linear)
[    0.382736] futex hash table entries: 512 (32768 bytes on 1 NUMA nodes, total 32 KiB, linear).
[    0.383801] pinctrl core: initialized pinctrl subsystem
[    0.384981] PM: RTC time: 14:10:33, date: 2026-03-04
[    0.387865] NET: Registered PF_NETLINK/PF_ROUTE protocol family
[    0.388958] DMA: preallocated 256 KiB GFP_KERNEL pool for atomic allocations
[    0.389720] DMA: preallocated 256 KiB GFP_KERNEL|GFP_DMA pool for atomic allocations
[    0.390843] DMA: preallocated 256 KiB GFP_KERNEL|GFP_DMA32 pool for atomic allocations
[    0.391708] audit: initializing netlink subsys (disabled)
[    0.392972] thermal_sys: Registered thermal governor 'fair_share'
[    0.392974] thermal_sys: Registered thermal governor 'bang_bang'
[    0.393703] thermal_sys: Registered thermal governor 'step_wise'
[    0.393702] audit: type=2000 audit(1772633434.246:1): state=initialized audit_enabled=0 res=1
[    0.394703] thermal_sys: Registered thermal governor 'user_space'
[    0.396702] thermal_sys: Registered thermal governor 'power_allocator'
[    0.397723] cpuidle: using governor ladder
[    0.399710] cpuidle: using governor menu
[    0.400840] acpiphp: ACPI Hot Plug PCI Controller Driver version: 0.5
[    0.401965] PCI: Using configuration type 1 for base access
[    0.402861] kprobes: kprobe jump-optimization is enabled. All kprobes are optimized if possible.
[    0.435366] HugeTLB: registered 1.00 GiB page size, pre-allocated 0 pages
[    0.435703] HugeTLB: 16380 KiB vmemmap can be freed for a 1.00 GiB page
[    0.437401] HugeTLB: registered 2.00 MiB page size, pre-allocated 0 pages
[    0.437703] HugeTLB: 28 KiB vmemmap can be freed for a 2.00 MiB page
[    0.443106] raid6: skipped pq benchmark and selected avx2x4
[    0.443704] raid6: using avx2x2 recovery algorithm
[    0.444835] ACPI: Added _OSI(Module Device)
[    0.445703] ACPI: Added _OSI(Processor Device)
[    0.446718] ACPI: Added _OSI(Processor Aggregator Device)
[    0.449383] ACPI: 1 ACPI AML tables successfully acquired and loaded
[    0.451812] ACPI: Interpreter enabled
[    0.452714] ACPI: PM: (supports S0 S3 S4 S5)
[    0.453703] ACPI: Using IOAPIC for interrupt routing
[    0.454827] PCI: Using host bridge windows from ACPI; if necessary, use "pci=nocrs" and report a bug
[    0.455704] PCI: Using E820 reservations for host bridge windows
[    0.456861] ACPI: Enabled 2 GPEs in block 00 to 0F
[    0.461428] ACPI: PCI Root Bridge [PCI0] (domain 0000 [bus 00-ff])
[    0.461707] acpi PNP0A03:00: _OSC: OS supports [ASPM ClockPM Segments MSI EDR HPX-Type3]
[    0.462703] acpi PNP0A03:00: _OSC: not requesting OS control; OS requires [ExtendedConfig ASPM ClockPM MSI]
[    0.463714] acpi PNP0A03:00: fail to add MMCONFIG information, can't access extended configuration space under this bridge
[    0.465201] acpiphp: Slot [3] registered
[    0.465729] acpiphp: Slot [4] registered
[    0.466729] acpiphp: Slot [5] registered
[    0.467737] acpiphp: Slot [6] registered
[    0.468727] acpiphp: Slot [7] registered
[    0.469734] acpiphp: Slot [8] registered
[    0.470735] acpiphp: Slot [9] registered
[    0.471727] acpiphp: Slot [10] registered
[    0.472727] acpiphp: Slot [11] registered
[    0.473727] acpiphp: Slot [12] registered
[    0.474734] acpiphp: Slot [13] registered
[    0.475727] acpiphp: Slot [14] registered
[    0.476730] acpiphp: Slot [15] registered
[    0.477727] acpiphp: Slot [16] registered
[    0.478728] acpiphp: Slot [17] registered
[    0.479726] acpiphp: Slot [18] registered
[    0.480727] acpiphp: Slot [19] registered
[    0.481729] acpiphp: Slot [20] registered
[    0.482734] acpiphp: Slot [21] registered
[    0.483736] acpiphp: Slot [22] registered
[    0.484727] acpiphp: Slot [23] registered
[    0.485727] acpiphp: Slot [24] registered
[    0.486727] acpiphp: Slot [25] registered
[    0.487726] acpiphp: Slot [26] registered
[    0.488726] acpiphp: Slot [27] registered
[    0.489743] acpiphp: Slot [28] registered
[    0.490735] acpiphp: Slot [29] registered
[    0.491727] acpiphp: Slot [30] registered
[    0.492729] acpiphp: Slot [31] registered
[    0.493722] PCI host bridge to bus 0000:00
[    0.494708] pci_bus 0000:00: root bus resource [io  0x0000-0x0cf7 window]
[    0.495703] pci_bus 0000:00: root bus resource [io  0x0d00-0xffff window]
[    0.496703] pci_bus 0000:00: root bus resource [mem 0x000a0000-0x000bffff window]
[    0.497703] pci_bus 0000:00: root bus resource [mem 0x80000000-0xfebfffff window]
[    0.498703] pci_bus 0000:00: root bus resource [mem 0x100000000-0x17fffffff window]
[    0.499703] pci_bus 0000:00: root bus resource [bus 00-ff]
[    0.500794] pci 0000:00:00.0: [8086:1237] type 00 class 0x060000 conventional PCI endpoint
[    0.502577] pci 0000:00:01.0: [8086:7000] type 00 class 0x060100 conventional PCI endpoint
[    0.503597] pci 0000:00:01.1: [8086:7010] type 00 class 0x010180 conventional PCI endpoint
[    0.504767] pci 0000:00:01.1: BAR 4 [io  0xc0e0-0xc0ef]
[    0.505766] pci 0000:00:01.1: BAR 0 [io  0x01f0-0x01f7]: legacy IDE quirk
[    0.506703] pci 0000:00:01.1: BAR 1 [io  0x03f6]: legacy IDE quirk
[    0.507703] pci 0000:00:01.1: BAR 2 [io  0x0170-0x0177]: legacy IDE quirk
[    0.508703] pci 0000:00:01.1: BAR 3 [io  0x0376]: legacy IDE quirk
[    0.510038] pci 0000:00:01.3: [8086:7113] type 00 class 0x068000 conventional PCI endpoint
[    0.511369] pci 0000:00:01.3: quirk: [io  0x0600-0x063f] claimed by PIIX4 ACPI
[    0.511719] pci 0000:00:01.3: quirk: [io  0x0700-0x070f] claimed by PIIX4 SMB
[    0.513172] pci 0000:00:02.0: [1234:1111] type 00 class 0x030000 conventional PCI endpoint
[    0.515804] pci 0000:00:02.0: BAR 0 [mem 0xfd000000-0xfdffffff pref]
[    0.516747] pci 0000:00:02.0: BAR 2 [mem 0xfebd0000-0xfebd0fff]
[    0.517761] pci 0000:00:02.0: ROM [mem 0xfebc0000-0xfebcffff pref]
[    0.518889] pci 0000:00:02.0: Video device with shadowed ROM at [mem 0x000c0000-0x000dffff]
[    0.520549] pci 0000:00:03.0: [1af4:1009] type 00 class 0x000200 conventional PCI endpoint
[    0.522711] pci 0000:00:03.0: BAR 0 [io  0xc080-0xc0bf]
[    0.523723] pci 0000:00:03.0: BAR 1 [mem 0xfebd1000-0xfebd1fff]
[    0.524753] pci 0000:00:03.0: BAR 4 [mem 0xfe000000-0xfe003fff 64bit pref]
[    0.527834] pci 0000:00:04.0: [1af4:1000] type 00 class 0x020000 conventional PCI endpoint
[    0.529719] pci 0000:00:04.0: BAR 0 [io  0xc0c0-0xc0df]
[    0.530720] pci 0000:00:04.0: BAR 1 [mem 0xfebd2000-0xfebd2fff]
[    0.531792] pci 0000:00:04.0: BAR 4 [mem 0xfe004000-0xfe007fff 64bit pref]
[    0.532721] pci 0000:00:04.0: ROM [mem 0xfeb80000-0xfebbffff pref]
[    0.535694] pci 0000:00:05.0: [1af4:1001] type 00 class 0x010000 conventional PCI endpoint
[    0.538543] pci 0000:00:05.0: BAR 0 [io  0xc000-0xc07f]
[    0.538717] pci 0000:00:05.0: BAR 1 [mem 0xfebd3000-0xfebd3fff]
[    0.539761] pci 0000:00:05.0: BAR 4 [mem 0xfe008000-0xfe00bfff 64bit pref]
[    0.551919] ACPI: PCI: Interrupt link LNKA configured for IRQ 10
[    0.552867] ACPI: PCI: Interrupt link LNKB configured for IRQ 10
[    0.553845] ACPI: PCI: Interrupt link LNKC configured for IRQ 11
[    0.554881] ACPI: PCI: Interrupt link LNKD configured for IRQ 11
[    0.555828] ACPI: PCI: Interrupt link LNKS configured for IRQ 9
[    0.557714] iommu: Default domain type: Translated
[    0.558703] iommu: DMA domain TLB invalidation policy: lazy mode
[    0.560073] SCSI subsystem initialized
[    0.561793] ACPI: bus type USB registered
[    0.562788] usbcore: registered new interface driver usbfs
[    0.563997] usbcore: registered new interface driver hub
[    0.564721] usbcore: registered new device driver usb
[    0.565763] EDAC MC: Ver: 3.0.0
[    0.567433] NetLabel: Initializing
[    0.568703] NetLabel:  domain hash size = 128
[    0.569702] NetLabel:  protocols = UNLABELED CIPSOv4 CALIPSO
[    0.571727] NetLabel:  unlabeled traffic allowed by default
[    0.572698] mctp: management component transport protocol core
[    0.572705] NET: Registered PF_MCTP protocol family
[    0.573698] PCI: Using ACPI for IRQ routing
[    0.576704] pci 0000:00:02.0: vgaarb: setting as boot VGA device
[    0.576704] pci 0000:00:02.0: vgaarb: bridge control possible
[    0.576704] pci 0000:00:02.0: vgaarb: VGA device added: decodes=io+mem,owns=io+mem,locks=none
[    0.581706] vgaarb: loaded
[    0.584008] hpet0: at MMIO 0xfed00000, IRQs 2, 8, 0
[    0.584731] hpet0: 3 comparators, 64-bit 100.000000 MHz counter
[    0.590032] clocksource: Switched to clocksource kvm-clock
[    0.592568] VFS: Disk quotas dquot_6.6.0
[    0.594491] VFS: Dquot-cache hash table entries: 512 (order 0, 4096 bytes)
[    0.597701] pnp: PnP ACPI init
[    0.600077] pnp: PnP ACPI: found 6 devices
[    0.611537] clocksource: acpi_pm: mask: 0xffffff max_cycles: 0xffffff, max_idle_ns: 2085701024 ns
[    0.614320] NET: Registered PF_INET protocol family
[    0.616249] IP idents hash table entries: 32768 (order: 6, 262144 bytes, linear)
[    0.649360] tcp_listen_portaddr_hash hash table entries: 1024 (order: 2, 16384 bytes, linear)
[    0.651896] Table-perturb hash table entries: 65536 (order: 6, 262144 bytes, linear)
[    0.654704] TCP established hash table entries: 16384 (order: 5, 131072 bytes, linear)
[    0.657666] TCP bind hash table entries: 16384 (order: 7, 524288 bytes, linear)
[    0.660157] TCP: Hash tables configured (established 16384 bind 16384)
[    0.662576] MPTCP token hash table entries: 2048 (order: 4, 49152 bytes, linear)
[    0.665560] UDP hash table entries: 1024 (order: 4, 65536 bytes, linear)
[    0.667735] UDP-Lite hash table entries: 1024 (order: 4, 65536 bytes, linear)
[    0.670166] NET: Registered PF_UNIX/PF_LOCAL protocol family
[    0.672044] NET: Registered PF_XDP protocol family
[    0.673590] pci_bus 0000:00: resource 4 [io  0x0000-0x0cf7 window]
[    0.675572] pci_bus 0000:00: resource 5 [io  0x0d00-0xffff window]
[    0.677536] pci_bus 0000:00: resource 6 [mem 0x000a0000-0x000bffff window]
[    0.679711] pci_bus 0000:00: resource 7 [mem 0x80000000-0xfebfffff window]
[    0.681965] pci_bus 0000:00: resource 8 [mem 0x100000000-0x17fffffff window]
[    0.684343] pci 0000:00:01.0: PIIX3: Enabling Passive Release
[    0.686226] pci 0000:00:00.0: Limiting direct PCI/PCI transfers
[    0.688250] PCI: CLS 0 bytes, default 64
[    0.689735] clocksource: tsc: mask: 0xffffffffffffffff max_cycles: 0x33e452fbb2f, max_idle_ns: 440795236593 ns
[    0.690761] Trying to unpack rootfs image as initramfs...
[    0.729105] Initialise system trusted keyrings
[    0.731230] Key type blacklist registered
[    0.734330] workingset: timestamp_bits=36 max_order=19 bucket_order=0
[    0.736708] fuse: init (API version 7.45)
[    0.738491] integrity: Platform Keyring initialized
[    0.740066] integrity: Machine keyring initialized
[    0.759034] xor: automatically using best checksumming function   avx       
[    0.761126] Key type asymmetric registered
[    0.762370] Asymmetric key parser 'x509' registered
[    0.763840] Block layer SCSI generic (bsg) driver version 0.4 loaded (major 245)
[    0.768271] io scheduler mq-deadline registered
[    0.769943] io scheduler kyber registered
[    0.771100] io scheduler bfq registered
[    0.772908] ledtrig-cpu: registered to indicate activity on CPUs
[    0.776153] input: Power Button as /devices/LNXSYSTM:00/LNXPWRBN:00/input/input0
[    0.779972] ACPI: button: Power Button [PWRF]
[    0.783524] ACPI: \_SB_.LNKC: Enabled at IRQ 11
[    0.789115] ACPI: \_SB_.LNKD: Enabled at IRQ 10
[    0.794825] ACPI: \_SB_.LNKA: Enabled at IRQ 10
[    0.804662] Serial: 8250/16550 driver, 32 ports, IRQ sharing enabled
[    0.807480] 00:04: ttyS0 at I/O 0x3f8 (irq = 4, base_baud = 115200) is a 16550A
[    0.812247] Non-volatile memory driver v1.3
[    0.813432] Linux agpgart interface v0.103
[    0.815447] ACPI: bus type drm_connector registered
[    0.817718] virtio_blk virtio2: 2/0/0 default/read/poll queues
[    0.818275] Freeing initrd memory: 11040K
[    0.822082] virtio_blk virtio2: [vda] 25165824 512-byte logical blocks (12.9 GB/12.0 GiB)
[    0.828250]  vda: vda1
[    0.829690] usbcore: registered new interface driver usbserial_generic
[    0.831982] usbserial: USB Serial support registered for generic
[    0.834141] i8042: PNP: PS/2 Controller [PNP0303:KBD,PNP0f13:MOU] at 0x60,0x64 irq 1,12
[    0.837115] serio: i8042 KBD port at 0x60,0x64 irq 1
[    0.838847] serio: i8042 AUX port at 0x60,0x64 irq 12
[    0.840310] rtc_cmos 00:05: RTC can wake from S4
[    0.842665] rtc_cmos 00:05: registered as rtc0
[    0.844133] input: AT Translated Set 2 keyboard as /devices/platform/i8042/serio0/input/input1
[    0.846834] rtc_cmos 00:05: setting system clock to 2026-03-04T14:10:34 UTC (1772633434)
[    0.848981] rtc_cmos 00:05: alarms up to one day, y3k, 242 bytes nvram, hpet irqs
[    0.851004] intel_pstate: CPU model not supported
[    0.852307] hid: raw HID events driver (C) Jiri Kosina
[    0.853636] usbcore: registered new interface driver usbhid
[    0.855090] usbhid: USB HID core driver
[    0.856122] rust_binder: Loaded Rust Binder.
[    0.856150] drop_monitor: Initializing network drop monitor service
[    0.859055] NET: Registered PF_INET6 protocol family
[    0.860838] Segment Routing with IPv6
[    0.861953] RPL Segment Routing with IPv6
[    0.863231] In-situ OAM (IOAM) with IPv6
[    0.864622] NET: Registered PF_PACKET protocol family
[    0.866251] IPI shorthand broadcast: enabled
[    0.871301] sched_clock: Marking stable (657007067, 214194823)->(1023514817, -152312927)
[    0.874446] registered taskstats version 1
[    0.877072] Loading compiled-in X.509 certificates
[    0.887995] Loaded X.509 cert 'Build time autogenerated kernel key: 4f282eb87851fdb04b530c5e67453df628afff93'
[    0.897306] zswap: loaded using pool zstd
[    0.898583] Demotion targets for Node 0: null
[    0.900219] Key type .fscrypt registered
[    0.901437] Key type fscrypt-provisioning registered
[    0.903554] Btrfs loaded, zoned=yes, fsverity=yes
[    0.905013] Key type big_key registered
[    0.906585] PM:   Magic number: 2:382:181
[    0.909230] RAS: Correctable Errors collector initialized.
[    0.917972] clk: Disabling unused clocks
[    0.919207] PM: genpd: Disabling unused power domains
[    0.924346] Freeing unused decrypted memory: 2028K
[    0.927905] Freeing unused kernel image (initmem) memory: 4736K
[    0.929308] Write protecting the kernel read-only data: 36864k
[    0.930850] Freeing unused kernel image (text/rodata gap) memory: 160K
[    0.932235] Freeing unused kernel image (rodata/data gap) memory: 16K
[    0.981942] x86/mm: Checked W+X mappings: passed, no W+X pages found.
[    0.983234] rodata_test: all tests were successful
[    0.984166] x86/mm: Checking user space page tables
[    1.026433] x86/mm: Checked W+X mappings: passed, no W+X pages found.
[    1.027740] Run /init as init process
P+q6E616D65\[    1.385619] systemd[1]: Successfully made /usr/ read-only.
[6n[32766;32766H[6n[!p]104\[0m[?7h[1G[0J[    1.722837] systemd[1]: systemd 259.2-1-arch running in system mode (+PAM +AUDIT -SELINUX +APPARMOR -IMA +IPE +SMACK +SECCOMP +GCRYPT +GNUTLS +OPENSSL +ACL +BLKID +CURL +ELFUTILS +FIDO2 +IDN2 -IDN +KMOD +LIBCRYPTSETUP +LIBCRYPTSETUP_PLUGINS +LIBFDISK +PCRE2 +PWQUALITY +P11KIT +QRENCODE +TPM2 +BZIP2 +LZ4 +XZ +ZLIB +ZSTD +BPF_FRAMEWORK +BTF +XKBCOMMON +UTMP -SYSVINIT +LIBARCHIVE)
[    1.728806] systemd[1]: Detected virtualization kvm.
[    1.729911] systemd[1]: Detected architecture x86-64.
[    1.730962] systemd[1]: Running in initrd.
[0;1;39mBooting initrd of [0m[38;2;23;147;209mArch Linux[0m[0;1;39m.[0m
[    1.733912] systemd[1]: Initializing machine ID from random generator.
]3008;start=0b264242ad434339976a8fbdba784aa9;user=root;hostname=archlinux;machineid=eeb1338e462b451080f791c7948c62b3;bootid=c210462bd4e444e89773d708bc88e041;pid=1;pidfdid=2;comm=systemd;type=boot\[    1.797244] systemd[1]: Queued start job for default target Initrd Default Target.
[    1.860239] systemd[1]: Expecting device /dev/vda1...
         Expecting device [0;1;39m/dev/vda1[0m...
[    1.862439] systemd[1]: Reached target Path Units.
[[0;32m  OK  [0m] Reached target [0;1;39mPath Units[0m.
[    1.865117] systemd[1]: Reached target Slice Units.
[[0;32m  OK  [0m] Reached target [0;1;39mSlice Units[0m.
[    1.867371] systemd[1]: Reached target Swaps.
[[0;32m  OK  [0m] Reached target [0;1;39mSwaps[0m.
[    1.869452] systemd[1]: Reached target Timer Units.
[[0;32m  OK  [0m] Reached target [0;1;39mTimer Units[0m.
[    1.872553] systemd[1]: Listening on Journal Socket (/dev/log).
[[0;32m  OK  [0m] Listening on [0;1;39mJournal Socket (/dev/log)[0m.
[    1.875397] systemd[1]: Listening on Journal Sockets.
[[0;32m  OK  [0m] Listening on [0;1;39mJournal Sockets[0m.
[    1.877751] systemd[1]: Listening on udev Control Socket.
[[0;32m  OK  [0m] Listening on [0;1;39mudev Control Socket[0m.
[    1.880104] systemd[1]: Listening on udev Kernel Socket.
[[0;32m  OK  [0m] Listening on [0;1;39mudev Kernel Socket[0m.
[    1.882471] systemd[1]: Reached target Socket Units.
[[0;32m  OK  [0m] Reached target [0;1;39mSocket Units[0m.
[    1.884707] systemd[1]: Create List of Static Device Nodes skipped, unmet condition check ConditionFileNotEmpty=/lib/modules/6.18.13-arch1-1/modules.devname
[    1.887397] systemd[1]: Early Battery Level Check skipped, unmet condition check ConditionDirectoryNotEmpty=/sys/class/power_supply
[    1.891678] systemd[1]: Display Boot-Time Emergency Messages In Full Screen skipped, unmet condition check ConditionVirtualization=no
[    1.901458] systemd[1]: Starting Journal Service...
         Starting [0;1;39mJournal Service[0m...
[    1.910444] systemd[1]: Starting Load Kernel Modules...
         Starting [0;1;39mLoad Kernel Modules[0m...
[    1.913469] systemd[1]: TPM PCR Barrier (initrd) skipped, unmet condition check ConditionSecurity=measured-uki
[    1.924547] systemd[1]: Starting Create Static Device Nodes in /dev...
         Starting [0;1;39mCreate Static Device Nodes in /dev[0m...
[    1.942019] systemd-journald[104]: Collecting audit messages is disabled.
[    1.946359] systemd[1]: Starting Coldplug All udev Devices...
         Starting [0;1;39mColdplug All udev Devices[0m...
[    1.975517] systemd[1]: Finished Create Static Device Nodes in /dev.
[[0;32m  OK  [0m] Finished [0;1;39mCreate Static Device Nodes in /dev[0m.
[    1.981918] systemd[1]: Reached target Preparation for Local File Systems.
[[0;32m  OK  [0m] Reached target [0;1;39mPreparation for Local File Systems[0m.
[    1.987283] systemd[1]: Reached target Local File Systems.
[[0;32m  OK  [0m] Reached target [0;1;39mLocal File Systems[0m.
[    1.999058] systemd[1]: Starting Rule-based Manager for Device Events and Files...
         Starting [0;1;39mRule-based Manager for Device Events and Files[0m...
[    2.019471] systemd[1]: Started Journal Service.
[[0;32m  OK  [0m] Started [0;1;39mJournal Service[0m.
         Starting [0;1;39mCreate System Files and Directories[0m...
[    2.041812] netfs: FS-Cache loaded
[    2.065242] 9pnet: Installing 9P2000 support
[[0;32m  OK  [0m] Started [0;1;39mRule-based Manager for Device Events and Files[0m.
[    2.101279] 9p: Installing v9fs 9p2000 file system support
[[0;32m  OK  [0m] Finished [0;1;39mCreate System Files and Directories[0m.
[[0;32m  OK  [0m] Finished [0;1;39mLoad Kernel Modules[0m.
[[0;32m  OK  [0m] Finished [0;1;39mColdplug All udev Devices[0m.
[[0;32m  OK  [0m] Reached target [0;1;39mSystem Initialization[0m.
[[0;32m  OK  [0m] Reached target [0;1;39mBasic System[0m.
[[0;32m  OK  [0m] Found device [0;1;39m/dev/vda1[0m.
[[0;32m  OK  [0m] Reached target [0;1;39mInitrd Root Device[0m.
         Starting [0;1;39mFile System Check on /dev/vda1[0m...
[    2.571318] bochs-drm 0000:00:02.0: vgaarb: deactivate vga console
[    2.577995] scsi host0: ata_piix
[    2.578286] scsi host1: ata_piix
[    2.578345] ata1: PATA max MWDMA2 cmd 0x1f0 ctl 0x3f6 bmdma 0xc0e0 irq 14 lpm-pol 0
[    2.578348] ata2: PATA max MWDMA2 cmd 0x170 ctl 0x376 bmdma 0xc0e8 irq 15 lpm-pol 0
[    2.591660] Floppy drive(s): fd0 is 2.88M AMI BIOS
[    2.607373] FDC 0 is a S82078B
[    2.626123] Console: switching to colour dummy device 80x25
[    2.653214] [drm] Found bochs VGA, ID 0xb0c5.
[    2.657307] [drm] Framebuffer size 16384 kB @ 0xfd000000, mmio @ 0xfebd0000.
[    2.659840] bochs-drm 0000:00:02.0: [drm] Registered 1 planes with drm panic
         Starting [0;1;39mVirtual Console Setup[0m...[    2.667909] [drm] Initialized bochs-drm 1.0.0 for 0000:00:02.0 on minor 0

[    2.684775] fbcon: bochs-drmdrmfb (fb0) is primary device
[    2.697407] Console: switching to colour frame buffer device 160x50
[    2.707060] bochs-drm 0000:00:02.0: [drm] fb0: bochs-drmdrmfb frame buffer device
[[0;32m  OK  [0m] Stopped [0;1;39mVirtual Console Setup[0m.
         Starting [0;1;39mVirtual Console Setup[0m...
[    2.731469] ata2: found unknown device (class 0)
[    2.734058] ata2.00: ATAPI: QEMU DVD-ROM, 2.5+, max UDMA/100
[[0;32m  OK  [0m] Stopped [0;1;39mVirtual Console Setup[0m.
[[0;32m  OK  [0m] Finished [0;1;39mFile System Check on /dev/vda1[0m.
[    2.749326] scsi 1:0:0:0: CD-ROM            QEMU     QEMU DVD-ROM     2.5+ PQ: 0 ANSI: 5
         Starting [0;1;39mVirtual Console Setup[0m...
[[0;32m  OK  [0m] Finished [0;1;39mVirtual Console Setup[0m.
[    2.817129] sr 1:0:0:0: [sr0] scsi3-mmc drive: 4x/4x cd/rw xa/form2 tray
[    2.818495] cdrom: Uniform CD-ROM driver Revision: 3.20
         Mounting [0;1;39m/sysroot[0m...
[    3.038849] EXT4-fs (vda1): mounted filesystem ddfae1cc-629e-47f4-9008-261996ba3811 r/w with ordered data mode. Quota mode: none.
[[0;32m  OK  [0m] Mounted [0;1;39m/sysroot[0m.
[[0;32m  OK  [0m] Reached target [0;1;39mInitrd Root File System[0m.
         Starting [0;1;39mMountpoints Configured in the Real Root[0m...
[[0;32m  OK  [0m] Finished [0;1;39mMountpoints Configured in the Real Root[0m.
[[0;32m  OK  [0m] Reached target [0;1;39mInitrd File Systems[0m.
[[0;32m  OK  [0m] Reached target [0;1;39mInitrd Default Target[0m.
         Starting [0;1;39mCleaning Up and Shutting Down Daemons[0m...
[[0;32m  OK  [0m] Stopped target [0;1;39mInitrd Default Target[0m.
[[0;32m  OK  [0m] Stopped target [0;1;39mBasic System[0m.
[[0;32m  OK  [0m] Stopped target [0;1;39mInitrd Root Device[0m.
[[0;32m  OK  [0m] Stopped target [0;1;39mPath Units[0m.
[[0;32m  OK  [0m] Stopped target [0;1;39mSlice Units[0m.
[[0;32m  OK  [0m] Stopped target [0;1;39mSocket Units[0m.
[[0;32m  OK  [0m] Stopped target [0;1;39mSystem Initialization[0m.
[[0;32m  OK  [0m] Stopped target [0;1;39mSwaps[0m.
[[0;32m  OK  [0m] Stopped target [0;1;39mTimer Units[0m.
[[0;32m  OK  [0m] Stopped [0;1;39mLoad Kernel Modules[0m.
[[0;32m  OK  [0m] Stopped [0;1;39mCreate System Files and Directories[0m.
[[0;32m  OK  [0m] Stopped target [0;1;39mLocal File Systems[0m.
[[0;32m  OK  [0m] Stopped target [0;1;39mPreparation for Local File Systems[0m.
[[0;32m  OK  [0m] Stopped [0;1;39mColdplug All udev Devices[0m.
         Stopping [0;1;39mRule-based Manager for Device Events and Files[0m...
[[0;32m  OK  [0m] Stopped [0;1;39mVirtual Console Setup[0m.
[[0;32m  OK  [0m] Stopped [0;1;39mRule-based Manager for Device Events and Files[0m.
[[0;32m  OK  [0m] Closed [0;1;39mudev Control Socket[0m.
         Starting [0;1;39mCleanup udev Database[0m...
[[0;32m  OK  [0m] Stopped [0;1;39mCreate Static Device Nodes in /dev[0m.
[[0;32m  OK  [0m] Finished [0;1;39mCleaning Up and Shutting Down Daemons[0m.
[[0;32m  OK  [0m] Finished [0;1;39mCleanup udev Database[0m.
[[0;32m  OK  [0m] Reached target [0;1;39mSwitch Root[0m.
         Starting [0;1;39mSwitch Root[0m...
[    3.446165] systemd-journald[104]: Received SIGTERM from PID 1 (systemd).
P+q6E616D65\[6n[32766;32766H[6n[!p]104\[0m[?7h[1G[0J[    4.161559] systemd[1]: systemd 259.1-1-arch running in system mode (+PAM +AUDIT -SELINUX +APPARMOR -IMA +IPE +SMACK +SECCOMP +GCRYPT +GNUTLS +OPENSSL +ACL +BLKID +CURL +ELFUTILS +FIDO2 +IDN2 -IDN +KMOD +LIBCRYPTSETUP +LIBCRYPTSETUP_PLUGINS +LIBFDISK +PCRE2 +PWQUALITY +P11KIT +QRENCODE +TPM2 +BZIP2 +LZ4 +XZ +ZLIB +ZSTD +BPF_FRAMEWORK +BTF +XKBCOMMON +UTMP -SYSVINIT +LIBARCHIVE)
[    4.167468] systemd[1]: Detected virtualization kvm.
[    4.168403] systemd[1]: Detected architecture x86-64.

[0;1;39mWelcome to [0m[38;2;23;147;209mArch Linux[0m[0;1;39m![0m

[    4.172816] systemd[1]: Hostname set to <ksmbd-vm>.
]3008;start=d0fb4bbc79a9469ab21f7ea598167815;user=root;hostname=ksmbd-vm;machineid=0ab76daf18ce42b0b036a81eb53bdd79;bootid=c210462bd4e444e89773d708bc88e041;pid=1;pidfdid=2;comm=systemd;type=boot\[    4.294438] systemd[1]: bpf-restrict-fs: LSM BPF program attached
[    4.362153] Guest personality initialized and is inactive
[    4.363347] VMCI host device registered (name=vmci, major=10, minor=260)
[    4.364678] Initialized host personality
[    4.371986] NET: Registered PF_VSOCK protocol family
[    4.659626] systemd[1]: initrd-switch-root.service: Deactivated successfully.
[    4.661168] systemd[1]: Stopped Switch Root.
[[0;32m  OK  [0m] Stopped [0;1;39mSwitch Root[0m.
[    4.664262] systemd[1]: systemd-journald.service: Scheduled restart job, restart counter is at 1.
[    4.666674] systemd[1]: Created slice Slice /system/dirmngr.
[[0;32m  OK  [0m] Created slice [0;1;39mSlice /system/dirmngr[0m.
[    4.669724] systemd[1]: Created slice Slice /system/getty.
[[0;32m  OK  [0m] Created slice [0;1;39mSlice /system/getty[0m.
[    4.672709] systemd[1]: Created slice Slice /system/gpg-agent.
[[0;32m  OK  [0m] Created slice [0;1;39mSlice /system/gpg-agent[0m.
[    4.675811] systemd[1]: Created slice Slice /system/gpg-agent-browser.
[[0;32m  OK  [0m] Created slice [0;1;39mSlice /system/gpg-agent-browser[0m.
[    4.679277] systemd[1]: Created slice Slice /system/gpg-agent-extra.
[[0;32m  OK  [0m] Created slice [0;1;39mSlice /system/gpg-agent-extra[0m.
[    4.682563] systemd[1]: Created slice Slice /system/gpg-agent-ssh.
[[0;32m  OK  [0m] Created slice [0;1;39mSlice /system/gpg-agent-ssh[0m.
[    4.685795] systemd[1]: Created slice Slice /system/keyboxd.
[[0;32m  OK  [0m] Created slice [0;1;39mSlice /system/keyboxd[0m.
[    4.688858] systemd[1]: Created slice Slice /system/modprobe.
[[0;32m  OK  [0m] Created slice [0;1;39mSlice /system/modprobe[0m.
[    4.691930] systemd[1]: Created slice Slice /system/serial-getty.
[[0;32m  OK  [0m] Created slice [0;1;39mSlice /system/serial-getty[0m.
[    4.694972] systemd[1]: Created slice User and Session Slice.
[[0;32m  OK  [0m] Created slice [0;1;39mUser and Session Slice[0m.
[    4.698337] systemd[1]: Started Dispatch Password Requests to Console Directory Watch.
[[0;32m  OK  [0m] Started [0;1;39mDispatch Password Requests to Console Directory Watch[0m.
[    4.702585] systemd[1]: Started Forward Password Requests to Wall Directory Watch.
[[0;32m  OK  [0m] Started [0;1;39mForward Password Requests to Wall Directory Watch[0m.
[    4.706780] systemd[1]: Set up automount Arbitrary Executable File Formats File System Automount Point.
[[0;32m  OK  [0m] Set up automount [0;1;39mArbitrary Executa…ormats File System Automount Point[0m.
[    4.710902] systemd[1]: Expecting device /dev/ttyS0...
         Expecting device [0;1;39m/dev/ttyS0[0m...
[    4.713161] systemd[1]: Reached target Local Encrypted Volumes.
[[0;32m  OK  [0m] Reached target [0;1;39mLocal Encrypted Volumes[0m.
[    4.716682] systemd[1]: Reached target Image Downloads.
[[0;32m  OK  [0m] Reached target [0;1;39mImage Downloads[0m.
[    4.720629] systemd[1]: Stopped target Switch Root.
[[0;32m  OK  [0m] Stopped target [0;1;39mSwitch Root[0m.
[    4.724277] systemd[1]: Stopped target Initrd File Systems.
[[0;32m  OK  [0m] Stopped target [0;1;39mInitrd File Systems[0m.
[    4.727313] systemd[1]: Stopped target Initrd Root File System.
[[0;32m  OK  [0m] Stopped target [0;1;39mInitrd Root File System[0m.
[    4.730035] systemd[1]: Reached target Local Integrity Protected Volumes.
[[0;32m  OK  [0m] Reached target [0;1;39mLocal Integrity Protected Volumes[0m.
[    4.733249] systemd[1]: Reached target Path Units.
[[0;32m  OK  [0m] Reached target [0;1;39mPath Units[0m.
[    4.735473] systemd[1]: Reached target Remote File Systems.
[[0;32m  OK  [0m] Reached target [0;1;39mRemote File Systems[0m.
[    4.738173] systemd[1]: Reached target Slice Units.
[[0;32m  OK  [0m] Reached target [0;1;39mSlice Units[0m.
[    4.741231] systemd[1]: Reached target Swaps.
[[0;32m  OK  [0m] Reached target [0;1;39mSwaps[0m.
[    4.743987] systemd[1]: Reached target Local Verity Protected Volumes.
[[0;32m  OK  [0m] Reached target [0;1;39mLocal Verity Protected Volumes[0m.
[    4.746973] systemd[1]: Listening on Device-mapper event daemon FIFOs.
[[0;32m  OK  [0m] Listening on [0;1;39mDevice-mapper event daemon FIFOs[0m.
[    4.751620] systemd[1]: Listening on Query the User Interactively for a Password.
[[0;32m  OK  [0m] Listening on [0;1;39mQuery the User Interactively for a Password[0m.
[    4.757287] systemd[1]: Listening on Process Core Dump Socket.
[[0;32m  OK  [0m] Listening on [0;1;39mProcess Core Dump Socket[0m.
[    4.762738] systemd[1]: Listening on Credential Encryption/Decryption.
[[0;32m  OK  [0m] Listening on [0;1;39mCredential Encryption/Decryption[0m.
[    4.767888] systemd[1]: Listening on Factory Reset Management.
[[0;32m  OK  [0m] Listening on [0;1;39mFactory Reset Management[0m.
[    4.774773] systemd[1]: Listening on Console Output Muting Service Socket.
[[0;32m  OK  [0m] Listening on [0;1;39mConsole Output Muting Service Socket[0m.
[    4.779150] systemd[1]: Listening on Network Management Resolve Hook Socket.
[[0;32m  OK  [0m] Listening on [0;1;39mNetwork Management Resolve Hook Socket[0m.
[    4.784724] systemd[1]: Listening on Network Management Varlink Socket.
[[0;32m  OK  [0m] Listening on [0;1;39mNetwork Management Varlink Socket[0m.
[    4.788585] systemd[1]: Listening on Network Management Netlink Socket.
[[0;32m  OK  [0m] Listening on [0;1;39mNetwork Management Netlink Socket[0m.
[    4.791646] systemd[1]: TPM PCR Measurements skipped, unmet condition check ConditionSecurity=measured-uki
[    4.793367] systemd[1]: Make TPM PCR Policy skipped, unmet condition check ConditionSecurity=measured-uki
[    4.796400] systemd[1]: Listening on Disk Repartitioning Service Socket.
[[0;32m  OK  [0m] Listening on [0;1;39mDisk Repartitioning Service Socket[0m.
[    4.800713] systemd[1]: Listening on Resolve Monitor Varlink Socket.
[[0;32m  OK  [0m] Listening on [0;1;39mResolve Monitor Varlink Socket[0m.
[    4.804492] systemd[1]: Listening on Resolve Service Varlink Socket.
[[0;32m  OK  [0m] Listening on [0;1;39mResolve Service Varlink Socket[0m.
[    4.808288] systemd[1]: Listening on udev Control Socket.
[[0;32m  OK  [0m] Listening on [0;1;39mudev Control Socket[0m.
[    4.811328] systemd[1]: Listening on udev Varlink Socket.
[[0;32m  OK  [0m] Listening on [0;1;39mudev Varlink Socket[0m.
[    4.814334] systemd[1]: Listening on User Database Manager Socket.
[[0;32m  OK  [0m] Listening on [0;1;39mUser Database Manager Socket[0m.
[    4.820056] systemd[1]: Mounting Huge Pages File System...
         Mounting [0;1;39mHuge Pages File System[0m...
[    4.825275] systemd[1]: Mounting POSIX Message Queue File System...
         Mounting [0;1;39mPOSIX Message Queue File System[0m...
[    4.828894] systemd[1]: Mounting Kernel Debug File System...
         Mounting [0;1;39mKernel Debug File System[0m...
[    4.844598] systemd[1]: Mounting Kernel Trace File System...
         Mounting [0;1;39mKernel Trace File System[0m...
[    4.853613] systemd[1]: Mounting Temporary Directory /tmp...
         Mounting [0;1;39mTemporary Directory /tmp[0m...
[    4.857785] systemd[1]: Starting Create List of Static Device Nodes...
         Starting [0;1;39mCreate List of Static Device Nodes[0m...
[    4.867404] systemd[1]: Load Kernel Module configfs skipped, unmet condition check ConditionKernelModuleLoaded=!configfs
[    4.877427] systemd[1]: Mounting Kernel Configuration File System...
         Mounting [0;1;39mKernel Configuration File System[0m...
[    4.880146] systemd[1]: Load Kernel Module drm skipped, unmet condition check ConditionKernelModuleLoaded=!drm
[    4.882341] systemd[1]: Load Kernel Module fuse skipped, unmet condition check ConditionKernelModuleLoaded=!fuse
[    4.886134] systemd[1]: Mounting FUSE Control File System...
         Mounting [0;1;39mFUSE Control File System[0m...
[    4.888713] systemd[1]: Clear Stale Hibernate Storage Info skipped, unmet condition check ConditionPathExists=/sys/firmware/efi/efivars/HibernateLocation-8cf2644b-4b0b-428f-9387-6d876050dc67
[    4.897444] systemd[1]: Starting Journal Service...
         Starting [0;1;39mJournal Service[0m...
[    4.900977] systemd[1]: Load Kernel Modules skipped, no trigger condition checks were met.
[    4.904014] systemd[1]: Starting Generate Network Units from Kernel Command Line...
         Starting [0;1;39mGenerate Network Units from Kernel Command Line[0m...
[    4.909935] systemd[1]: TPM PCR Machine ID Measurement skipped, unmet condition check ConditionSecurity=measured-uki
[    4.913100] systemd[1]: TPM NvPCR Product ID Measurement skipped, unmet condition check ConditionSecurity=measured-uki
[    4.917215] systemd[1]: Starting Remount Root and Kernel File Systems...
         Starting [0;1;39mRemount Root and Kernel File Systems[0m...
[    4.928405] systemd[1]: Starting Apply Kernel Variables...
         Starting [0;1;39mApply Kernel Variables[0m...
[    4.937403] systemd[1]: Early TPM SRK Setup skipped, unmet condition check ConditionSecurity=measured-uki
[    4.941879] systemd[1]: Starting Load udev Rules from Credentials...
         Starting [0;1;39mLoad udev Rules from Credentials[0m...
[    4.954645] systemd-journald[346]: Collecting audit messages is disabled.
[    4.955386] systemd[1]: Starting Coldplug All udev Devices...
[    4.961400] EXT4-fs (vda1): re-mounted ddfae1cc-629e-47f4-9008-261996ba3811.
         Starting [0;1;39mColdplug All udev Devices[0m...
[    4.975634] systemd[1]: Mounted Huge Pages File System.
[[0;32m  OK  [0m] Mounted [0;1;39mHuge Pages File System[0m.
[    4.983490] systemd[1]: Started Journal Service.
[[0;32m  OK  [0m] Started [0;1;39mJournal Service[0m.
[[0;32m  OK  [0m] Mounted [0;1;39mPOSIX Message Queue File System[0m.
[[0;32m  OK  [0m] Mounted [0;1;39mKernel Debug File System[0m.
[[0;32m  OK  [0m] Mounted [0;1;39mKernel Trace File System[0m.
[[0;32m  OK  [0m] Mounted [0;1;39mTemporary Directory /tmp[0m.
[[0;32m  OK  [0m] Finished [0;1;39mCreate List of Static Device Nodes[0m.
[[0;32m  OK  [0m] Mounted [0;1;39mKernel Configuration File System[0m.
[[0;32m  OK  [0m] Mounted [0;1;39mFUSE Control File System[0m.
[[0;32m  OK  [0m] Finished [0;1;39mGenerate Network Units from Kernel Command Line[0m.
[[0;32m  OK  [0m] Finished [0;1;39mRemount Root and Kernel File Systems[0m.
[[0;32m  OK  [0m] Finished [0;1;39mApply Kernel Variables[0m.
[[0;32m  OK  [0m] Finished [0;1;39mLoad udev Rules from Credentials[0m.
[[0;32m  OK  [0m] Reached target [0;1;39mPreparation for Network[0m.
         Starting [0;1;39mFlush Journal to Persistent Storage[0m...
         Starting [0;1;39mLoad/Save OS Random Seed[0m...
         Starting [0;1;39mCreate Static Device Nodes in /dev gracefully[0m...
[    5.065638] systemd-journald[346]: Received client request to flush runtime journal.
[    5.085468] systemd-journald[346]: File /var/log/journal/0ab76daf18ce42b0b036a81eb53bdd79/system.journal corrupted or uncleanly shut down, renaming and replacing.
         Starting [0;1;39mUser Database Manager[0m...
[[0;32m  OK  [0m] Started [0;1;39mUser Database Manager[0m.
[[0;32m  OK  [0m] Finished [0;1;39mLoad/Save OS Random Seed[0m.
[[0;32m  OK  [0m] Finished [0;1;39mCreate Static Device Nodes in /dev gracefully[0m.
         Starting [0;1;39mNetwork Name Resolution[0m...
         Starting [0;1;39mCreate Static Device Nodes in /dev[0m...
[[0;32m  OK  [0m] Finished [0;1;39mFlush Journal to Persistent Storage[0m.
[[0;32m  OK  [0m] Finished [0;1;39mCreate Static Device Nodes in /dev[0m.
[[0;32m  OK  [0m] Reached target [0;1;39mPreparation for Local File Systems[0m.
         Starting [0;1;39mRule-based Manager for Device Events and Files[0m...
[[0;32m  OK  [0m] Finished [0;1;39mColdplug All udev Devices[0m.
[[0;32m  OK  [0m] Started [0;1;39mNetwork Name Resolution[0m.
[[0;32m  OK  [0m] Reached target [0;1;39mHost and Network Name Lookups[0m.
[[0;32m  OK  [0m] Started [0;1;39mRule-based Manager for Device Events and Files[0m.
         Starting [0;1;39mNetwork Management[0m...
         Mounting [0;1;39m/mnt/ksmbd[0m...
[[0;32m  OK  [0m] Reached target [0;1;39mLocal File Systems[0m.
[[0;32m  OK  [0m] Listening on [0;1;39mBoot Entries Service Socket[0m.
[[0;32m  OK  [0m] Listening on [0;1;39mDisk Image Download Service Socket[0m.
[[0;32m  OK  [0m] Listening on [0;1;39mSystem Extension Image Management[0m.
         Starting [0;1;39mCreate System Files and Directories[0m...
         Starting [0;1;39mLoad JSON user/group Records from Credentials[0m...
[    5.776190] 9pnet: Limiting 'msize' to 512000 as this is the maximum supported by transport virtio
[    5.782571] virtio_net virtio1 ens4: renamed from eth0
[[0;32m  OK  [0m] Finished [0;1;39mLoad JSON user/group Records from Credentials[0m.
[[0;32m  OK  [0m] Mounted [0;1;39m/mnt/ksmbd[0m.
[    5.932750] cfg80211: Loading compiled-in X.509 certificates for regulatory database
[    5.956483] Loaded X.509 cert 'sforshee: 00b28ddf47aef9cea7'
[    5.964828] Loaded X.509 cert 'wens: 61c038651aabdcf94bd0ac7ff06c7248db18c600'
[    5.968398] faux_driver regulatory: Direct firmware load for regulatory.db failed with error -2
[    5.973621] cfg80211: failed to load regulatory.db
[[0;32m  OK  [0m] Started [0;1;39mNetwork Management[0m.
[[0;32m  OK  [0m] Reached target [0;1;39mNetwork[0m.
         Starting [0;1;39mEnable Persistent Storage in systemd-networkd[0m...
[[0;32m  OK  [0m] Finished [0;1;39mCreate System Files and Directories[0m.
         Starting [0;1;39mRecord System Boot/Shutdown in UTMP[0m...
[[0;32m  OK  [0m] Finished [0;1;39mEnable Persistent Storage in systemd-networkd[0m.
[[0;32m  OK  [0m] Finished [0;1;39mRecord System Boot/Shutdown in UTMP[0m.
[[0;32m  OK  [0m] Reached target [0;1;39mSystem Initialization[0m.
[[0;32m  OK  [0m] Started [0;1;39mRefresh existing PGP keys of archlinux-keyring regularly[0m.
[[0;32m  OK  [0m] Started [0;1;39mDaily verification of password and group files[0m.
[[0;32m  OK  [0m] Started [0;1;39mDaily Cleanup of Temporary Directories[0m.
[[0;32m  OK  [0m] Reached target [0;1;39mTimer Units[0m.
[[0;32m  OK  [0m] Listening on [0;1;39mD-Bus System Message Bus Socket[0m.
[[0;32m  OK  [0m] Listening on [0;1;39mGnuPG network certifi…ent daemon for /etc/pacman.d/gnupg[0m.
[[0;32m  OK  [0m] Listening on [0;1;39mGnuPG cryptographic a… browsers) for /etc/pacman.d/gnupg[0m.
[[0;32m  OK  [0m] Listening on [0;1;39mGnuPG cryptographic a…estricted) for /etc/pacman.d/gnupg[0m.
[[0;32m  OK  [0m] Listening on [0;1;39mGnuPG cryptographic a…emulation) for /etc/pacman.d/gnupg[0m.
[[0;32m  OK  [0m] Listening on [0;1;39mGnuPG cryptographic a…rase cache for /etc/pacman.d/gnupg[0m.
[[0;32m  OK  [0m] Listening on [0;1;39mGnuPG public key mana…nt service for /etc/pacman.d/gnupg[0m.
[[0;32m  OK  [0m] Listening on [0;1;39mOpenSSH Server Socket…temd-ssh-generator, AF_UNIX Local)[0m.
[[0;32m  OK  [0m] Listening on [0;1;39mHostname Service Socket[0m.
[[0;32m  OK  [0m] Listening on [0;1;39mUser Login Management Varlink Socket[0m.
[[0;32m  OK  [0m] Listening on [0;1;39mVirtual Machine and C…tainer Registration Service Socket[0m.
[[0;32m  OK  [0m] Reached target [0;1;39mSocket Units[0m.
         Starting [0;1;39mD-Bus System Message Bus[0m...
[[0;32m  OK  [0m] Started [0;1;39mD-Bus System Message Bus[0m.
[    6.315541] parport_pc 00:03: reported by Plug and Play ACPI
[    6.317136] parport0: PC-style at 0x378, irq 7 [PCSPP,TRISTATE]
[[0;32m  OK  [0m] Reached target [0;1;39mBasic System[0m.
         Starting [0;1;39mOpenSSH Daemon[0m...
         Starting [0;1;39mUser Login Management[0m...
         Starting [0;1;39mPermit User Sessions[0m...
[    6.389623] input: PC Speaker as /devices/platform/pcspkr/input/input3
[[0;32m  OK  [0m] Finished [0;1;39mPermit User Sessions[0m.
[[0;32m  OK  [0m] Started [0;1;39mGetty on tty1[0m.
[[0;32m  OK  [0m] Started [0;1;39mSerial Getty on ttyS0[0m.
[[0;32m  OK  [0m] Reached target [0;1;39mLogin Prompts[0m.
[    6.451384] piix4_smbus 0000:00:01.3: SMBus Host Controller at 0x700, revision 0
[    6.461637] i2c i2c-0: Memory type 0x07 not supported yet, not instantiating SPD
[[0;32m  OK  [0m] Started [0;1;39mOpenSSH Daemon[0m.
[[0;32m  OK  [0m] Reached target [0;1;39mSSH Access Available[0m.
[[0;32m  OK  [0m] Started [0;1;39mUser Login Management[0m.
[[0;32m  OK  [0m] Reached target [0;1;39mMulti-User System[0m.
[[0;32m  OK  [0m] Reached target [0;1;39mGraphical Interface[0m.
[!p]104\[0m[?7h[1G[0J[6n[32766;32766H[6n[    6.519395] input: VirtualPS/2 VMware VMMouse as /devices/platform/i8042/serio1/input/input5
[    6.524187] input: VirtualPS/2 VMware VMMouse as /devices/platform/i8042/serio1/input/input4
[    6.577235] ppdev: user-space parallel port driver
[    6.596744] RAPL PMU: API unit is 2^-32 Joules, 0 fixed counters, 10737418240 ms ovfl timer
[    6.616159] mousedev: PS/2 mouse device common for all mice
[!p]104\[0m[?7h[1G[0J[6n[32766;32766H[6n]3008;start=3343b88bd32c4dd98c56482c5abf42a0;user=root;hostname=ksmbd-vm;machineid=0ab76daf18ce42b0b036a81eb53bdd79;bootid=c210462bd4e444e89773d708bc88e041;pid=434;pidfdid=435;comm=(agetty);servicename=serial-getty@ttyS0.service;invocationid=a89226f20b0840a48a6778f62ebbd8d1;type=service\P+q6E616D65\
Arch Linux 6.18.13-arch1-1 (ttyS0)

ksmbd-vm login: root (automatic login)

]3008;start=829c622134a742ce890ff297a9d9c774;user=root;hostname=ksmbd-vm;machineid=0ab76daf18ce42b0b036a81eb53bdd79;bootid=c210462bd4e444e89773d708bc88e041;pid=434;pidfdid=435;comm=login;targetuser=root;sessionid=1;type=session\
  ╔══════════════════════════════════════════════╗
  ║         ksmbd Test VM                        ║
  ╠══════════════════════════════════════════════╣
  ║  /root/start-ksmbd.sh   - Start server      ║
  ║  /root/reload-ksmbd.sh  - Reload module      ║
  ║  /root/dev-info.sh      - Debug/analysis info║
  ║  /mnt/ksmbd/            - Shared source      ║
  ║  poweroff                - Shutdown VM        ║
  ╚══════════════════════════════════════════════╝

]3008;start=09130c83-cd17-4cd4-ba26-58742918199c;machineid=0ab76daf18ce42b0b036a81eb53bdd79;user=root;hostname=ksmbd-vm;bootid=c210462b-d4e4-44e8-9773-d708bc88e041;pid=466;type=shell;cwd=/root\[?2004h[root@ksmbd-vm ~]# [  218.590571] ksmbd: loading out-of-tree module taints kernel.
[  218.591636] ksmbd: module verification failed: signature and/or required key missing - tainting kernel
[  218.618206] ksmbd: Configuration subsystem initialized with 17 parameters
[  218.626273] ksmbd: kernel provides md4, skipping built-in registration
[  218.629284] ksmbd: ksmbd: Fruit SMB extensions loaded
[  218.630276] ksmbd: ksmbd: CHANGE_NOTIFY subsystem initialised
[  218.631376] ksmbd: ksmbd: hook subsystem initialized (22 hook points)
[  218.632619] ksmbd: ksmbd: witness protocol support initialised
[  311.649697] ksmbd: ksmbd: witness protocol support removed
[  312.111258] ksmbd: ksmbd: Fruit SMB extensions unloaded
[  312.676794] ksmbd: Configuration subsystem initialized with 17 parameters
[  312.679268] ksmbd: kernel provides md4, skipping built-in registration
[  312.682319] ksmbd: ksmbd: Fruit SMB extensions loaded
[  312.683755] ksmbd: ksmbd: CHANGE_NOTIFY subsystem initialised
[  312.685143] ksmbd: ksmbd: hook subsystem initialized (22 hook points)
[  312.687126] ksmbd: ksmbd: witness protocol support initialised
[  328.742213] ksmbd: ksmbd: witness protocol support removed
[  329.241291] ksmbd: ksmbd: Fruit SMB extensions unloaded
[  329.761001] ksmbd: Configuration subsystem initialized with 17 parameters
[  329.762424] ksmbd: kernel provides md4, skipping built-in registration
[  329.765644] ksmbd: ksmbd: Fruit SMB extensions loaded
[  329.767091] ksmbd: ksmbd: CHANGE_NOTIFY subsystem initialised
[  329.768298] ksmbd: ksmbd: hook subsystem initialized (22 hook points)
[  329.769830] ksmbd: ksmbd: witness protocol support initialised
[  337.880978] ksmbd: ksmbd: witness protocol support removed
[  338.369237] ksmbd: ksmbd: Fruit SMB extensions unloaded
[  338.821086] ksmbd: Configuration subsystem initialized with 17 parameters
[  338.822366] ksmbd: kernel provides md4, skipping built-in registration
[  338.824434] ksmbd: ksmbd: Fruit SMB extensions loaded
[  338.825529] ksmbd: ksmbd: CHANGE_NOTIFY subsystem initialised
[  338.826751] ksmbd: ksmbd: hook subsystem initialized (22 hook points)
[  338.828164] ksmbd: ksmbd: witness protocol support initialised
[  346.644582] ksmbd: ksmbd: witness protocol support removed
[  347.118323] ksmbd: ksmbd: Fruit SMB extensions unloaded
[  347.566985] ksmbd: Configuration subsystem initialized with 17 parameters
[  347.568441] ksmbd: kernel provides md4, skipping built-in registration
[  347.570638] ksmbd: ksmbd: Fruit SMB extensions loaded
[  347.571600] ksmbd: ksmbd: CHANGE_NOTIFY subsystem initialised
[  347.572741] ksmbd: ksmbd: hook subsystem initialized (22 hook points)
[  347.573976] ksmbd: ksmbd: witness protocol support initialised
[  352.872810] ksmbd: durable reconnect v2: client GUID mismatch
[  352.878073] ksmbd: durable reconnect v2: client GUID mismatch
[  352.880600] ksmbd: durable reconnect v2: client GUID mismatch
[  407.803265] ksmbd: ksmbd: cmd 0x5 handler took 37799 ms (pid=114)
[  407.805735] ksmbd: ksmbd: handle_ksmbd_work took 37801 ms
[  411.899285] ksmbd: ksmbd: cmd 0x5 handler took 38886 ms (pid=119)
[  411.900544] ksmbd: Failed to send message: -108
[  411.903532] ksmbd: ksmbd: handle_ksmbd_work took 38890 ms
[  415.747208] ksmbd: ksmbd: witness protocol support removed
[  416.211491] =============================================================================
[  416.213016] BUG ksmbd_file_cache (Tainted: G           OE      ): Objects remaining on __kmem_cache_shutdown()
[  416.214800] -----------------------------------------------------------------------------
[  416.214800] 
[  416.216602] Object 0x000000003d7cff64 @offset=5184
[  416.217539] Slab 0x00000000b5a16e9d objects=14 used=1 fp=0x000000005a905888 flags=0xfffffc0000240(workingset|head|node=0|zone=1|lastcpupid=0x1fffff)
[  416.220412] Disabling lock debugging due to kernel taint
[  416.221491] ------------[ cut here ]------------
[  416.222461] WARNING: CPU: 1 PID: 1103 at mm/slub.c:1257 __slab_err+0x19/0x20
[  416.223783] Modules linked in: ksmbd(OE-) nls_utf8 md4 lz4_compress libdes tcp_diag inet_diag intel_rapl_msr intel_rapl_common intel_uncore_frequency_common intel_pmc_core pmt_telemetry pmt_discovery pmt_class intel_pmc_ssram_telemetry intel_vsec kvm_intel kvm irqbypass polyval_clmulni ghash_clmulni_intel joydev aesni_intel mousedev rapl ppdev psmouse i2c_piix4 i2c_smbus pcspkr parport_pc parport mac_hid cfg80211 rfkill nfnetlink vsock_loopback vmw_vsock_virtio_transport_common vmw_vsock_vmci_transport vsock vmw_vmci qemu_fw_cfg sr_mod cdrom ata_generic pata_acpi intel_agp floppy intel_gtt bochs ata_piix serio_raw 9pnet_virtio 9p 9pnet virtio_net netfs net_failover failover
[  416.223837] Unloaded tainted modules: ksmbd(OE):4 [last unloaded: ksmbd(OE)]
[  416.235485] CPU: 1 UID: 0 PID: 1103 Comm: rmmod Tainted: G    B      OE       6.18.13-arch1-1 #1 PREEMPT(full)  37d84e5c59d38b1e3c61214631c6e0356ae9b977
[  416.238037] Tainted: [B]=BAD_PAGE, [O]=OOT_MODULE, [E]=UNSIGNED_MODULE
[  416.239424] Hardware name: QEMU Standard PC (i440FX + PIIX, 1996), BIOS Arch Linux 1.17.0-2-2 04/01/2014
[  416.241356] RIP: 0010:__slab_err+0x19/0x20
[  416.242216] Code: 00 90 90 90 90 90 90 90 90 90 90 90 90 90 90 90 90 0f 1f 44 00 00 e8 76 ff ff ff be 01 00 00 00 bf 05 00 00 00 e8 17 bd 12 00 <0f> 0b c3 cc cc cc cc 90 90 90 90 90 90 90 90 90 90 90 90 90 90 90
[  416.245867] RSP: 0018:ffffd3e6023f3a30 EFLAGS: 00010086
[  416.246849] RAX: 0000000000000000 RBX: ffff8bd7c249fc00 RCX: 0000000000000027
[  416.248184] RDX: 0000000000000005 RSI: 0000000000000001 RDI: ffff8bd83d31d000
[  416.249514] RBP: dead000000000122 R08: 0000000000000000 R09: 00000000ffffefff
[  416.250854] R10: ffffffff99061440 R11: ffffd3e6023f38c0 R12: dead000000000100
[  416.252185] R13: ffff8bd7c2496500 R14: ffffd3e6023f3a58 R15: fffff9124015a300
[  416.253510] FS:  00007f265d4e9740(0000) GS:ffff8bd8a35ee000(0000) knlGS:0000000000000000
[  416.255062] CS:  0010 DS: 0000 ES: 0000 CR0: 0000000080050033
[  416.256199] CR2: 000055b2a7a38658 CR3: 0000000003d58003 CR4: 0000000000372ef0
[  416.257651] Call Trace:
[  416.258197]  <TASK>
[  416.258594]  __kmem_cache_shutdown.cold+0x132/0x137
[  416.259536]  kmem_cache_destroy+0x50/0x160
[  416.260354]  ksmbd_exit_file_cache+0x15/0x30 [ksmbd 5e1dde76d0ade98a7bf9502d1f4702ca0c1df4b0]
[  416.262179]  ksmbd_server_exit+0x9c/0x950 [ksmbd 5e1dde76d0ade98a7bf9502d1f4702ca0c1df4b0]
[  416.263872]  __do_sys_delete_module+0x1b2/0x310
[  416.264854]  do_syscall_64+0x81/0x7f0
[  416.265620]  ? module_attr_show+0x20/0x40
[  416.266463]  ? seq_read_iter+0x214/0x490
[  416.267296]  ? mod_memcg_lruvec_state+0xc5/0x1f0
[  416.268261]  ? __account_obj_stock+0x193/0x1f0
[  416.269245]  ? refill_obj_stock+0x12e/0x240
[  416.270184]  ? __memcg_slab_free_hook+0xf4/0x140
[  416.271130]  ? refill_obj_stock+0x12e/0x240
[  416.271978]  ? __memcg_slab_free_hook+0xf4/0x140
[  416.272985]  ? kmem_cache_free+0x549/0x5d0
[  416.273873]  ? __x64_sys_close+0x3d/0x80
[  416.274713]  ? __x64_sys_close+0x3d/0x80
[  416.275601]  ? do_syscall_64+0x81/0x7f0
[  416.276442]  ? ksys_read+0x73/0xf0
[  416.277206]  ? do_syscall_64+0x81/0x7f0
[  416.278041]  ? count_memcg_events+0xc2/0x190
[  416.278980]  ? handle_mm_fault+0x1d7/0x2d0
[  416.279862]  ? do_user_addr_fault+0x21a/0x690
[  416.280804]  ? clear_bhb_loop+0x50/0xa0
[  416.281616]  ? clear_bhb_loop+0x50/0xa0
[  416.282478]  ? clear_bhb_loop+0x50/0xa0
[  416.283340]  entry_SYSCALL_64_after_hwframe+0x76/0x7e
[  416.284439] RIP: 0033:0x7f265cd29fdb
[  416.285266] Code: 73 01 c3 48 8b 0d 35 bd 0c 00 f7 d8 64 89 01 48 83 c8 ff c3 66 2e 0f 1f 84 00 00 00 00 00 90 f3 0f 1e fa b8 b0 00 00 00 0f 05 <48> 3d 01 f0 ff ff 73 01 c3 48 8b 0d 05 bd 0c 00 f7 d8 64 89 01 48
[  416.289177] RSP: 002b:00007ffea0e71da8 EFLAGS: 00000206 ORIG_RAX: 00000000000000b0
[  416.290792] RAX: ffffffffffffffda RBX: 000055c515fab4c0 RCX: 00007f265cd29fdb
[  416.292316] RDX: 0000000000000003 RSI: 0000000000000800 RDI: 000055c515fab520
[  416.293801] RBP: 00007ffea0e71dd0 R08: 0000000000000000 R09: 0000000000000000
[  416.295270] R10: 0000000000000000 R11: 0000000000000206 R12: 0000000000000000
[  416.296728] R13: 0000000000000000 R14: 00007ffea0e72030 R15: 00007ffea0e72038
[  416.298223]  </TASK>
[  416.298688] ---[ end trace 0000000000000000 ]---
[  416.299711] ------------[ cut here ]------------
[  416.300780] kmem_cache_destroy ksmbd_file_cache: Slab cache still has objects when called from ksmbd_exit_file_cache+0x15/0x30 [ksmbd]
[  416.300860] WARNING: CPU: 1 PID: 1103 at mm/slab_common.c:531 kmem_cache_destroy+0x14f/0x160
[  416.305137] Modules linked in: ksmbd(OE-) nls_utf8 md4 lz4_compress libdes tcp_diag inet_diag intel_rapl_msr intel_rapl_common intel_uncore_frequency_common intel_pmc_core pmt_telemetry pmt_discovery pmt_class intel_pmc_ssram_telemetry intel_vsec kvm_intel kvm irqbypass polyval_clmulni ghash_clmulni_intel joydev aesni_intel mousedev rapl ppdev psmouse i2c_piix4 i2c_smbus pcspkr parport_pc parport mac_hid cfg80211 rfkill nfnetlink vsock_loopback vmw_vsock_virtio_transport_common vmw_vsock_vmci_transport vsock vmw_vmci qemu_fw_cfg sr_mod cdrom ata_generic pata_acpi intel_agp floppy intel_gtt bochs ata_piix serio_raw 9pnet_virtio 9p 9pnet virtio_net netfs net_failover failover
[  416.305208] Unloaded tainted modules: ksmbd(OE):4 [last unloaded: ksmbd(OE)]
[  416.318598] CPU: 1 UID: 0 PID: 1103 Comm: rmmod Tainted: G    B   W  OE       6.18.13-arch1-1 #1 PREEMPT(full)  37d84e5c59d38b1e3c61214631c6e0356ae9b977
[  416.321344] Tainted: [B]=BAD_PAGE, [W]=WARN, [O]=OOT_MODULE, [E]=UNSIGNED_MODULE
[  416.322656] Hardware name: QEMU Standard PC (i440FX + PIIX, 1996), BIOS Arch Linux 1.17.0-2-2 04/01/2014
[  416.324344] RIP: 0010:kmem_cache_destroy+0x14f/0x160
[  416.325254] Code: 00 85 ed 74 92 eb b1 e8 cf b9 de ff eb 8f 48 8b 53 68 48 8b 4c 24 10 48 c7 c6 10 1e 09 98 48 c7 c7 18 1b 7a 98 e8 61 89 d1 ff <0f> 0b e9 04 ff ff ff c3 cc cc cc cc 0f 1f 44 00 00 90 90 90 90 90
[  416.328715] RSP: 0018:ffffd3e6023f3aa8 EFLAGS: 00010246
[  416.329672] RAX: 0000000000000000 RBX: ffff8bd7c249fc00 RCX: 0000000000000027
[  416.330977] RDX: ffff8bd83d31d008 RSI: 0000000000000001 RDI: ffff8bd83d31d000
[  416.332285] RBP: 0000000000000001 R08: 0000000000000000 R09: 00000000ffffefff
[  416.333611] R10: ffffffff99061440 R11: ffffd3e6023f3940 R12: ffffd3e6023f3f48
[  416.334964] R13: 00000000000000b0 R14: 0000000000000800 R15: 0000000000000000
[  416.336304] FS:  00007f265d4e9740(0000) GS:ffff8bd8a35ee000(0000) knlGS:0000000000000000
[  416.337779] CS:  0010 DS: 0000 ES: 0000 CR0: 0000000080050033
[  416.338857] CR2: 000055b2a7a38658 CR3: 0000000003d58003 CR4: 0000000000372ef0
[  416.340169] Call Trace:
[  416.340706]  <TASK>
[  416.341132]  ksmbd_exit_file_cache+0x15/0x30 [ksmbd 5e1dde76d0ade98a7bf9502d1f4702ca0c1df4b0]
[  416.342995]  ksmbd_server_exit+0x9c/0x950 [ksmbd 5e1dde76d0ade98a7bf9502d1f4702ca0c1df4b0]
[  416.344658]  __do_sys_delete_module+0x1b2/0x310
[  416.345513]  do_syscall_64+0x81/0x7f0
[  416.346225]  ? module_attr_show+0x20/0x40
[  416.346970]  ? seq_read_iter+0x214/0x490
[  416.347698]  ? mod_memcg_lruvec_state+0xc5/0x1f0
[  416.348563]  ? __account_obj_stock+0x193/0x1f0
[  416.349417]  ? refill_obj_stock+0x12e/0x240
[  416.350212]  ? __memcg_slab_free_hook+0xf4/0x140
[  416.351070]  ? refill_obj_stock+0x12e/0x240
[  416.351872]  ? __memcg_slab_free_hook+0xf4/0x140
[  416.352721]  ? kmem_cache_free+0x549/0x5d0
[  416.353488]  ? __x64_sys_close+0x3d/0x80
[  416.354254]  ? __x64_sys_close+0x3d/0x80
[  416.355023]  ? do_syscall_64+0x81/0x7f0
[  416.355776]  ? ksys_read+0x73/0xf0
[  416.356443]  ? do_syscall_64+0x81/0x7f0
[  416.357508]  ? count_memcg_events+0xc2/0x190
[  416.358585]  ? handle_mm_fault+0x1d7/0x2d0
[  416.359502]  ? do_user_addr_fault+0x21a/0x690
[  416.360527]  ? clear_bhb_loop+0x50/0xa0
[  416.361366]  ? clear_bhb_loop+0x50/0xa0
[  416.362169]  ? clear_bhb_loop+0x50/0xa0
[  416.363033]  entry_SYSCALL_64_after_hwframe+0x76/0x7e
[  416.363969] RIP: 0033:0x7f265cd29fdb
[  416.364634] Code: 73 01 c3 48 8b 0d 35 bd 0c 00 f7 d8 64 89 01 48 83 c8 ff c3 66 2e 0f 1f 84 00 00 00 00 00 90 f3 0f 1e fa b8 b0 00 00 00 0f 05 <48> 3d 01 f0 ff ff 73 01 c3 48 8b 0d 05 bd 0c 00 f7 d8 64 89 01 48
[  416.367991] RSP: 002b:00007ffea0e71da8 EFLAGS: 00000206 ORIG_RAX: 00000000000000b0
[  416.369372] RAX: ffffffffffffffda RBX: 000055c515fab4c0 RCX: 00007f265cd29fdb
[  416.370718] RDX: 0000000000000003 RSI: 0000000000000800 RDI: 000055c515fab520
[  416.372218] RBP: 00007ffea0e71dd0 R08: 0000000000000000 R09: 0000000000000000
[  416.373691] R10: 0000000000000000 R11: 0000000000000206 R12: 0000000000000000
[  416.375351] R13: 0000000000000000 R14: 00007ffea0e72030 R15: 00007ffea0e72038
[  416.376970]  </TASK>
[  416.377473] ---[ end trace 0000000000000000 ]---
[  416.384234] ksmbd: ksmbd: Fruit SMB extensions unloaded
[  416.785027] ksmbd: Configuration subsystem initialized with 17 parameters
[  416.786433] ksmbd: kernel provides md4, skipping built-in registration
[  416.788763] ksmbd: ksmbd: Fruit SMB extensions loaded
[  416.789911] ksmbd: ksmbd: CHANGE_NOTIFY subsystem initialised
[  416.791017] ksmbd: ksmbd: hook subsystem initialized (22 hook points)
[  416.792301] ksmbd: ksmbd: witness protocol support initialised
[  427.062637] ksmbd: no right to delete : 0x1ff
[  432.703531] ksmbd: ksmbd: witness protocol support removed
[  433.185234] ksmbd: ksmbd: Fruit SMB extensions unloaded
[  433.637817] ksmbd: Configuration subsystem initialized with 17 parameters
[  433.639089] ksmbd: kernel provides md4, skipping built-in registration
[  433.640825] ksmbd: ksmbd: Fruit SMB extensions loaded
[  433.642107] ksmbd: ksmbd: CHANGE_NOTIFY subsystem initialised
[  433.643317] ksmbd: ksmbd: hook subsystem initialized (22 hook points)
[  433.644490] ksmbd: ksmbd: witness protocol support initialised
[  441.416847] ksmbd: ksmbd: witness protocol support removed
[  441.876243] ksmbd: ksmbd: Fruit SMB extensions unloaded
[  442.293591] ksmbd: Configuration subsystem initialized with 17 parameters
[  442.294976] ksmbd: kernel provides md4, skipping built-in registration
[  442.296856] ksmbd: ksmbd: Fruit SMB extensions loaded
[  442.298238] ksmbd: ksmbd: CHANGE_NOTIFY subsystem initialised
[  442.299393] ksmbd: ksmbd: hook subsystem initialized (22 hook points)
[  442.300688] ksmbd: ksmbd: witness protocol support initialised
[  450.118974] ksmbd: ksmbd: witness protocol support removed
[  450.567250] ksmbd: ksmbd: Fruit SMB extensions unloaded
[  450.977463] ksmbd: Configuration subsystem initialized with 17 parameters
[  450.978804] ksmbd: kernel provides md4, skipping built-in registration
[  450.980834] ksmbd: ksmbd: Fruit SMB extensions loaded
[  450.981956] ksmbd: ksmbd: CHANGE_NOTIFY subsystem initialised
[  450.983223] ksmbd: ksmbd: hook subsystem initialized (22 hook points)
[  450.984405] ksmbd: ksmbd: witness protocol support initialised
[  458.801286] ksmbd: ksmbd: witness protocol support removed
[  459.251302] ksmbd: ksmbd: Fruit SMB extensions unloaded
[  459.665934] ksmbd: Configuration subsystem initialized with 17 parameters
[  459.667340] ksmbd: kernel provides md4, skipping built-in registration
[  459.669661] ksmbd: ksmbd: Fruit SMB extensions loaded
[  459.670742] ksmbd: ksmbd: CHANGE_NOTIFY subsystem initialised
[  459.672043] ksmbd: ksmbd: hook subsystem initialized (22 hook points)
[  459.673416] ksmbd: ksmbd: witness protocol support initialised
[  467.514606] ksmbd: ksmbd: witness protocol support removed
[  467.995230] ksmbd: ksmbd: Fruit SMB extensions unloaded
[  468.408022] ksmbd: Configuration subsystem initialized with 17 parameters
[  468.409282] ksmbd: kernel provides md4, skipping built-in registration
[  468.411095] ksmbd: ksmbd: Fruit SMB extensions loaded
[  468.412040] ksmbd: ksmbd: CHANGE_NOTIFY subsystem initialised
[  468.413079] ksmbd: ksmbd: hook subsystem initialized (22 hook points)
[  468.414232] ksmbd: ksmbd: witness protocol support initialised
[  473.663709] ksmbd: can't change a file to a directory
[  473.681726] ksmbd: Mode is not valid : 0x1
[  476.232745] ksmbd: ksmbd: witness protocol support removed
[  476.717355] ksmbd: ksmbd: Fruit SMB extensions unloaded
[  477.126510] ksmbd: Configuration subsystem initialized with 17 parameters
[  477.127910] ksmbd: kernel provides md4, skipping built-in registration
[  477.129957] ksmbd: ksmbd: Fruit SMB extensions loaded
[  477.131108] ksmbd: ksmbd: CHANGE_NOTIFY subsystem initialised
[  477.132322] ksmbd: ksmbd: hook subsystem initialized (22 hook points)
[  477.133645] ksmbd: ksmbd: witness protocol support initialised
[  485.113538] ksmbd: ksmbd: witness protocol support removed
[  485.594239] ksmbd: ksmbd: Fruit SMB extensions unloaded
[  485.990011] ksmbd: Configuration subsystem initialized with 17 parameters
[  485.991247] ksmbd: kernel provides md4, skipping built-in registration
[  485.993083] ksmbd: ksmbd: Fruit SMB extensions loaded
[  485.994328] ksmbd: ksmbd: CHANGE_NOTIFY subsystem initialised
[  485.995574] ksmbd: ksmbd: hook subsystem initialized (22 hook points)
[  485.996882] ksmbd: ksmbd: witness protocol support initialised
[  491.237364] ksmbd: Invalid tid 3
[  493.820993] ksmbd: ksmbd: witness protocol support removed
[  494.269253] ksmbd: ksmbd: Fruit SMB extensions unloaded
[  494.680215] ksmbd: Configuration subsystem initialized with 17 parameters
[  494.681474] ksmbd: kernel provides md4, skipping built-in registration
[  494.683540] ksmbd: ksmbd: Fruit SMB extensions loaded
[  494.685323] ksmbd: ksmbd: CHANGE_NOTIFY subsystem initialised
[  494.686406] ksmbd: ksmbd: hook subsystem initialized (22 hook points)
[  494.687657] ksmbd: ksmbd: witness protocol support initialised
[ 1939.209743] ksmbd: ksmbd: witness protocol support removed
[ 1939.681281] ksmbd: ksmbd: Fruit SMB extensions unloaded
[ 1941.626186] ksmbd: Configuration subsystem initialized with 17 parameters
[ 1941.627991] ksmbd: kernel provides md4, skipping built-in registration
[ 1941.631564] ksmbd: ksmbd: Fruit SMB extensions loaded
[ 1941.632768] ksmbd: ksmbd: CHANGE_NOTIFY subsystem initialised
[ 1941.634354] ksmbd: ksmbd: hook subsystem initialized (22 hook points)
[ 1941.636135] ksmbd: ksmbd: witness protocol support initialised
[ 2518.950993] ksmbd: ksmbd: witness protocol support removed
[ 2519.437254] ksmbd: ksmbd: Fruit SMB extensions unloaded
[ 2520.122697] ksmbd: Configuration subsystem initialized with 17 parameters
[ 2520.124062] ksmbd: kernel provides md4, skipping built-in registration
[ 2520.127437] ksmbd: ksmbd: Fruit SMB extensions loaded
[ 2520.128484] ksmbd: ksmbd: CHANGE_NOTIFY subsystem initialised
[ 2520.129858] ksmbd: ksmbd: hook subsystem initialized (22 hook points)
[ 2520.132165] ksmbd: ksmbd: witness protocol support initialised
[ 2525.484873] ksmbd: DEBUG CREATE name='chartest' opts=0x1040 disp=0x1
[ 2525.489326] ksmbd: DEBUG dds=0 fp=0 stream=0000000000000000 name=chartest opts=0x1040
[ 2525.492586] ksmbd: DEBUG CREATE name='chartest' opts=0x1 disp=0x2
[ 2525.494488] ksmbd: DEBUG dds=0 fp=0 stream=0000000000000000 name=chartest opts=0x1
[ 2525.497799] ksmbd: DEBUG CREATE name='chartest/ä' opts=0x0 disp=0x2
[ 2525.499732] ksmbd: DEBUG dds=0 fp=0 stream=0000000000000000 name=chartest/ä opts=0x0
[ 2525.502969] ksmbd: DEBUG CREATE name='chartest/ä' opts=0x0 disp=0x2
[ 2525.504972] ksmbd: DEBUG dds=0 fp=0 stream=0000000000000000 name=chartest/ä opts=0x0
[ 2525.507882] ksmbd: DEBUG CREATE name='chartest' opts=0x1040 disp=0x1
[ 2525.509854] ksmbd: DEBUG dds=0 fp=1 stream=0000000000000000 name=chartest opts=0x1040
[ 2525.512029] ksmbd: DEBUG CREATE name='chartest' opts=0x1 disp=0x1
[ 2525.513739] ksmbd: DEBUG dds=0 fp=1 stream=0000000000000000 name=chartest opts=0x1
[ 2525.517986] ksmbd: DEBUG CREATE name='chartest/ä' opts=0x1040 disp=0x1
[ 2525.519915] ksmbd: DEBUG dds=0 fp=1 stream=0000000000000000 name=chartest/ä opts=0x1040
[ 2525.523717] ksmbd: DEBUG CREATE name='chartest/ä' opts=0x1040 disp=0x1
[ 2525.526474] ksmbd: DEBUG dds=0 fp=1 stream=0000000000000000 name=chartest/ä opts=0x1040
[ 2525.531325] ksmbd: DEBUG CREATE name='chartest/ä' opts=0x1040 disp=0x1
[ 2525.533053] ksmbd: DEBUG dds=0 fp=0 stream=0000000000000000 name=chartest/ä opts=0x1040
[ 2525.535467] ksmbd: DEBUG CREATE name='chartest/ä' opts=0x1040 disp=0x1
[ 2525.537443] ksmbd: DEBUG dds=0 fp=0 stream=0000000000000000 name=chartest/ä opts=0x1040
[ 2525.540100] ksmbd: DEBUG CREATE name='chartest' opts=0x1001 disp=0x1
[ 2525.542030] ksmbd: DEBUG dds=0 fp=1 stream=0000000000000000 name=chartest opts=0x1001
[ 2525.547983] ksmbd: DEBUG CREATE name='chartest' opts=0x1040 disp=0x1
[ 2525.549874] ksmbd: DEBUG dds=0 fp=0 stream=0000000000000000 name=chartest opts=0x1040
[ 2525.552569] ksmbd: DEBUG CREATE name='chartest' opts=0x1 disp=0x2
[ 2525.554470] ksmbd: DEBUG dds=0 fp=0 stream=0000000000000000 name=chartest opts=0x1
[ 2525.557032] ksmbd: DEBUG CREATE name='chartest/̈' opts=0x0 disp=0x2
[ 2525.559508] ksmbd: DEBUG dds=0 fp=0 stream=0000000000000000 name=chartest/̈ opts=0x0
[ 2525.562799] ksmbd: DEBUG CREATE name='chartest/̈̈' opts=0x0 disp=0x2
[ 2525.564340] ksmbd: DEBUG dds=0 fp=0 stream=0000000000000000 name=chartest/̈̈ opts=0x0
[ 2525.567474] ksmbd: DEBUG CREATE name='chartest' opts=0x1040 disp=0x1
[ 2525.568900] ksmbd: DEBUG dds=0 fp=1 stream=0000000000000000 name=chartest opts=0x1040
[ 2525.571503] ksmbd: DEBUG CREATE name='chartest' opts=0x1 disp=0x1
[ 2525.573338] ksmbd: DEBUG dds=0 fp=1 stream=0000000000000000 name=chartest opts=0x1
[ 2525.577594] ksmbd: DEBUG CREATE name='chartest/̈' opts=0x1040 disp=0x1
[ 2525.579354] ksmbd: DEBUG dds=0 fp=1 stream=0000000000000000 name=chartest/̈ opts=0x1040
[ 2525.583812] ksmbd: DEBUG CREATE name='chartest/̈̈' opts=0x1040 disp=0x1
[ 2525.585469] ksmbd: DEBUG dds=0 fp=1 stream=0000000000000000 name=chartest/̈̈ opts=0x1040
[ 2525.590302] ksmbd: DEBUG CREATE name='chartest/̈' opts=0x1040 disp=0x1
[ 2525.592097] ksmbd: DEBUG dds=0 fp=0 stream=0000000000000000 name=chartest/̈ opts=0x1040
[ 2525.594960] ksmbd: DEBUG CREATE name='chartest/̈̈' opts=0x1040 disp=0x1
[ 2525.596894] ksmbd: DEBUG dds=0 fp=0 stream=0000000000000000 name=chartest/̈̈ opts=0x1040
[ 2525.600582] ksmbd: DEBUG CREATE name='chartest' opts=0x1001 disp=0x1
[ 2525.602188] ksmbd: DEBUG dds=0 fp=1 stream=0000000000000000 name=chartest opts=0x1001
[ 2525.608975] ksmbd: DEBUG CREATE name='chartest' opts=0x1040 disp=0x1
[ 2525.611397] ksmbd: DEBUG dds=0 fp=0 stream=0000000000000000 name=chartest opts=0x1040
[ 2525.614041] ksmbd: DEBUG CREATE name='chartest' opts=0x1 disp=0x2
[ 2525.615996] ksmbd: DEBUG dds=0 fp=0 stream=0000000000000000 name=chartest opts=0x1
[ 2525.619028] ksmbd: DEBUG CREATE name='chartest' opts=0x1040 disp=0x1
[ 2525.620830] ksmbd: DEBUG dds=0 fp=1 stream=0000000000000000 name=chartest opts=0x1040
[ 2525.623531] ksmbd: DEBUG CREATE name='chartest' opts=0x1 disp=0x1
[ 2525.625310] ksmbd: DEBUG dds=0 fp=1 stream=0000000000000000 name=chartest opts=0x1
[ 2525.630968] ksmbd: DEBUG CREATE name='chartest' opts=0x1001 disp=0x1
[ 2525.632698] ksmbd: DEBUG dds=0 fp=1 stream=0000000000000000 name=chartest opts=0x1001
[ 2525.638755] ksmbd: DEBUG CREATE name='chartest' opts=0x1040 disp=0x1
[ 2525.640614] ksmbd: DEBUG dds=0 fp=0 stream=0000000000000000 name=chartest opts=0x1040
[ 2525.643171] ksmbd: DEBUG CREATE name='chartest' opts=0x1 disp=0x2
[ 2525.645444] ksmbd: DEBUG dds=0 fp=0 stream=0000000000000000 name=chartest opts=0x1
[ 2525.648731] ksmbd: DEBUG CREATE name='chartest/a' opts=0x0 disp=0x2
[ 2525.650438] ksmbd: DEBUG dds=0 fp=0 stream=0000000000000000 name=chartest/a opts=0x0
[ 2525.653623] ksmbd: DEBUG CREATE name='chartest/ａ' opts=0x0 disp=0x2
[ 2525.655305] ksmbd: DEBUG dds=0 fp=0 stream=0000000000000000 name=chartest/ａ opts=0x0
[ 2525.658035] ksmbd: DEBUG CREATE name='chartest/Ａ' opts=0x0 disp=0x2
[ 2525.659762] ksmbd: DEBUG dds=0 fp=1 stream=0000000000000000 name=chartest/ａ opts=0x0
[ 2525.662488] ksmbd: DEBUG CREATE name='chartest' opts=0x1040 disp=0x1
[ 2525.664450] ksmbd: DEBUG dds=0 fp=1 stream=0000000000000000 name=chartest opts=0x1040
[ 2525.666816] ksmbd: DEBUG CREATE name='chartest' opts=0x1 disp=0x1
[ 2525.668695] ksmbd: DEBUG dds=0 fp=1 stream=0000000000000000 name=chartest opts=0x1
[ 2525.673494] ksmbd: DEBUG CREATE name='chartest/a' opts=0x1040 disp=0x1
[ 2525.675745] ksmbd: DEBUG dds=0 fp=1 stream=0000000000000000 name=chartest/a opts=0x1040
[ 2525.678989] ksmbd: DEBUG CREATE name='chartest/ａ' opts=0x1040 disp=0x1
[ 2525.680795] ksmbd: DEBUG dds=0 fp=1 stream=0000000000000000 name=chartest/ａ opts=0x1040
[ 2525.696091] ksmbd: DEBUG CREATE name='chartest/a' opts=0x1040 disp=0x1
[ 2525.704437] ksmbd: DEBUG dds=0 fp=0 stream=0000000000000000 name=chartest/a opts=0x1040
[ 2525.707318] ksmbd: DEBUG CREATE name='chartest/ａ' opts=0x1040 disp=0x1
[ 2525.709140] ksmbd: DEBUG dds=0 fp=0 stream=0000000000000000 name=chartest/ａ opts=0x1040
[ 2525.711904] ksmbd: DEBUG CREATE name='chartest' opts=0x1001 disp=0x1
[ 2525.713624] ksmbd: DEBUG dds=0 fp=1 stream=0000000000000000 name=chartest opts=0x1001
[ 2528.467166] ksmbd: ksmbd: witness protocol support removed
[ 2528.943616] ksmbd: ksmbd: Fruit SMB extensions unloaded
[ 2529.413663] ksmbd: Configuration subsystem initialized with 17 parameters
[ 2529.414881] ksmbd: kernel provides md4, skipping built-in registration
[ 2529.416979] ksmbd: ksmbd: Fruit SMB extensions loaded
[ 2529.418041] ksmbd: ksmbd: CHANGE_NOTIFY subsystem initialised
[ 2529.419303] ksmbd: ksmbd: hook subsystem initialized (22 hook points)
[ 2529.420633] ksmbd: ksmbd: witness protocol support initialised
[ 2534.690274] ksmbd: DEBUG CREATE name='compound_async_flush_close' opts=0x1040 disp=0x1
[ 2534.694496] ksmbd: DEBUG dds=0 fp=0 stream=0000000000000000 name=compound_async_flush_close opts=0x1040
[ 2534.699177] ksmbd: DEBUG CREATE name='compound_async_flush_close' opts=0x0 disp=0x3
[ 2534.701509] ksmbd: DEBUG dds=0 fp=0 stream=0000000000000000 name=compound_async_flush_close opts=0x0
[ 2534.731357] ksmbd: DEBUG CREATE name='compound_async_flush_close' opts=0x1040 disp=0x1
[ 2534.734590] ksmbd: DEBUG dds=0 fp=1 stream=0000000000000000 name=compound_async_flush_close opts=0x1040
[ 2535.741050] ksmbd: DEBUG CREATE name='compound_async_flush_close' opts=0x1040 disp=0x1
[ 2535.745652] ksmbd: DEBUG dds=0 fp=0 stream=0000000000000000 name=compound_async_flush_close opts=0x1040
[ 2536.747733] ksmbd: DEBUG CREATE name='compound_async_flush_close' opts=0x1040 disp=0x1
[ 2536.749378] ksmbd: DEBUG dds=0 fp=0 stream=0000000000000000 name=compound_async_flush_close opts=0x1040
[ 2536.751571] ksmbd: DEBUG CREATE name='compound_async_flush_close' opts=0x1040 disp=0x1
[ 2536.753400] ksmbd: DEBUG dds=0 fp=0 stream=0000000000000000 name=compound_async_flush_close opts=0x1040
[ 2536.757886] ksmbd: DEBUG CREATE name='compound_async_flush_flush' opts=0x1040 disp=0x1
[ 2536.759383] ksmbd: DEBUG dds=0 fp=0 stream=0000000000000000 name=compound_async_flush_flush opts=0x1040
[ 2536.761380] ksmbd: DEBUG CREATE name='compound_async_flush_flush' opts=0x0 disp=0x3
[ 2536.762887] ksmbd: DEBUG dds=0 fp=0 stream=0000000000000000 name=compound_async_flush_flush opts=0x0
[ 2536.786776] ksmbd: DEBUG CREATE name='compound_async_flush_flush' opts=0x1040 disp=0x1
[ 2536.789024] ksmbd: DEBUG dds=0 fp=1 stream=0000000000000000 name=compound_async_flush_flush opts=0x1040
[ 2537.792079] ksmbd: DEBUG CREATE name='compound_async_flush_flush' opts=0x1040 disp=0x1
[ 2537.795322] ksmbd: DEBUG dds=0 fp=0 stream=0000000000000000 name=compound_async_flush_flush opts=0x1040
[ 2538.800656] ksmbd: DEBUG CREATE name='compound_async_flush_flush' opts=0x1040 disp=0x1
[ 2538.804581] ksmbd: DEBUG dds=0 fp=0 stream=0000000000000000 name=compound_async_flush_flush opts=0x1040
[ 2538.807064] ksmbd: DEBUG CREATE name='compound_async_flush_flush' opts=0x1040 disp=0x1
[ 2538.808802] ksmbd: DEBUG dds=0 fp=0 stream=0000000000000000 name=compound_async_flush_flush opts=0x1040
[ 2538.813519] ksmbd: DEBUG CREATE name='compound_async_write_write' opts=0x1040 disp=0x1
[ 2538.815153] ksmbd: DEBUG dds=0 fp=0 stream=0000000000000000 name=compound_async_write_write opts=0x1040
[ 2538.817952] ksmbd: DEBUG CREATE name='compound_async_write_write' opts=0x0 disp=0x3
[ 2538.819704] ksmbd: DEBUG dds=0 fp=0 stream=0000000000000000 name=compound_async_write_write opts=0x0
[ 2538.823477] ksmbd: DEBUG CREATE name='compound_async_write_write' opts=0x1040 disp=0x1
[ 2538.825090] ksmbd: DEBUG dds=0 fp=1 stream=0000000000000000 name=compound_async_write_write opts=0x1040
[ 2538.830268] ksmbd: DEBUG CREATE name='compound_async_read_read' opts=0x1040 disp=0x1
[ 2538.831911] ksmbd: DEBUG dds=0 fp=0 stream=0000000000000000 name=compound_async_read_read opts=0x1040
[ 2538.834454] ksmbd: DEBUG CREATE name='compound_async_read_read' opts=0x0 disp=0x3
[ 2538.835969] ksmbd: DEBUG dds=0 fp=0 stream=0000000000000000 name=compound_async_read_read opts=0x0
[ 2538.840300] ksmbd: DEBUG CREATE name='compound_async_read_read' opts=0x1040 disp=0x1
[ 2538.842034] ksmbd: DEBUG dds=0 fp=1 stream=0000000000000000 name=compound_async_read_read opts=0x1040
[ 2538.849944] ksmbd: DEBUG CREATE name='test_create_lease_break_async.dat' opts=0x1040 disp=0x1
[ 2538.851716] ksmbd: DEBUG dds=0 fp=0 stream=0000000000000000 name=test_create_lease_break_async.dat opts=0x1040
[ 2538.854141] ksmbd: DEBUG CREATE name='test_create_lease_break_async.dat' opts=0x200064 disp=0x3
[ 2538.856296] ksmbd: DEBUG dds=0 fp=0 stream=0000000000000000 name=test_create_lease_break_async.dat opts=0x200064
[ 2538.858983] ksmbd: DEBUG CREATE name='test_create_lease_break_async.dat' opts=0x200064 disp=0x3
[ 2538.861018] ksmbd: DEBUG dds=0 fp=1 stream=0000000000000000 name=test_create_lease_break_async.dat opts=0x200064
[ 2538.864491] ksmbd: DEBUG CREATE name='test_create_lease_break_async.dat' opts=0x1040 disp=0x1
[ 2538.866341] ksmbd: DEBUG dds=0 fp=1 stream=0000000000000000 name=test_create_lease_break_async.dat opts=0x1040
[ 2538.875424] ksmbd: DEBUG CREATE name='test_compound_getinfo_middle.dat' opts=0x1040 disp=0x1
[ 2538.877297] ksmbd: DEBUG dds=0 fp=0 stream=0000000000000000 name=test_compound_getinfo_middle.dat opts=0x1040
[ 2538.879724] ksmbd: DEBUG CREATE name='test_compound_getinfo_middle.dat' opts=0x200064 disp=0x3
[ 2538.881759] ksmbd: DEBUG dds=0 fp=0 stream=0000000000000000 name=test_compound_getinfo_middle.dat opts=0x200064
[ 2538.884832] ksmbd: DEBUG CREATE name='test_compound_getinfo_middle.dat' opts=0x200064 disp=0x3
[ 2538.886905] ksmbd: DEBUG dds=0 fp=1 stream=0000000000000000 name=test_compound_getinfo_middle.dat opts=0x200064
[ 2538.889972] ksmbd: DEBUG CREATE name='test_compound_getinfo_middle.dat' opts=0x1040 disp=0x1
[ 2538.891773] ksmbd: DEBUG dds=0 fp=1 stream=0000000000000000 name=test_compound_getinfo_middle.dat opts=0x1040
[ 2538.899921] ksmbd: DEBUG CREATE name='test_rename_non_compound_no_async.dat' opts=0x1040 disp=0x1
[ 2538.901775] ksmbd: DEBUG dds=0 fp=0 stream=0000000000000000 name=test_rename_non_compound_no_async.dat opts=0x1040
[ 2538.904596] ksmbd: DEBUG CREATE name='test_rename_non_compound_no_async.dat' opts=0x1040 disp=0x1
[ 2538.906387] ksmbd: DEBUG dds=0 fp=0 stream=0000000000000000 name=test_rename_non_compound_no_async.dat opts=0x1040
[ 2538.908787] ksmbd: DEBUG CREATE name='test_rename_non_compound_no_async.dat' opts=0x200064 disp=0x3
[ 2538.910828] ksmbd: DEBUG dds=0 fp=0 stream=0000000000000000 name=test_rename_non_compound_no_async.dat opts=0x200064
[ 2538.913387] ksmbd: DEBUG CREATE name='test_rename_non_compound_no_async.dat' opts=0x200064 disp=0x3
[ 2538.915294] ksmbd: DEBUG dds=0 fp=1 stream=0000000000000000 name=test_rename_non_compound_no_async.dat opts=0x200064
[ 2539.919816] ksmbd: DEBUG CREATE name='test_rename_non_compound_no_async.dat' opts=0x1040 disp=0x1
[ 2539.921714] ksmbd: DEBUG dds=0 fp=1 stream=0000000000000000 name=test_rename_non_compound_no_async.dat opts=0x1040
[ 2539.924326] ksmbd: DEBUG CREATE name='test_rename_non_compound_no_async.dat' opts=0x1040 disp=0x1
[ 2539.926496] ksmbd: DEBUG dds=0 fp=0 stream=0000000000000000 name=test_rename_non_compound_no_async.dat opts=0x1040
[ 2539.935712] ksmbd: DEBUG CREATE name='test_rename_non_compound_no_async_src.dat' opts=0x1040 disp=0x1
[ 2539.937980] ksmbd: DEBUG dds=0 fp=0 stream=0000000000000000 name=test_rename_non_compound_no_async_src.dat opts=0x1040
[ 2539.941550] ksmbd: DEBUG CREATE name='test_rename_non_compound_no_async_dst.dat' opts=0x1040 disp=0x1
[ 2539.943695] ksmbd: DEBUG dds=0 fp=0 stream=0000000000000000 name=test_rename_non_compound_no_async_dst.dat opts=0x1040
[ 2539.948390] ksmbd: DEBUG CREATE name='test_rename_non_compound_no_async_src.dat' opts=0x200064 disp=0x3
[ 2539.950949] ksmbd: DEBUG dds=0 fp=0 stream=0000000000000000 name=test_rename_non_compound_no_async_src.dat opts=0x200064
[ 2539.954412] ksmbd: DEBUG CREATE name='test_rename_non_compound_no_async_src.dat' opts=0x200064 disp=0x3
[ 2539.956901] ksmbd: DEBUG dds=0 fp=1 stream=0000000000000000 name=test_rename_non_compound_no_async_src.dat opts=0x200064
[ 2540.962763] ksmbd: DEBUG CREATE name='test_rename_non_compound_no_async_src.dat' opts=0x1040 disp=0x1
[ 2540.964685] ksmbd: DEBUG dds=0 fp=0 stream=0000000000000000 name=test_rename_non_compound_no_async_src.dat opts=0x1040
[ 2540.967064] ksmbd: DEBUG CREATE name='test_rename_non_compound_no_async_dst.dat' opts=0x1040 disp=0x1
[ 2540.968912] ksmbd: DEBUG dds=0 fp=1 stream=0000000000000000 name=test_rename_non_compound_no_async_dst.dat opts=0x1040
[ 2540.976525] ksmbd: DEBUG CREATE name='test_compound_rename_last_src.dat' opts=0x1040 disp=0x1
[ 2540.978362] ksmbd: DEBUG dds=0 fp=0 stream=0000000000000000 name=test_compound_rename_last_src.dat opts=0x1040
[ 2540.980690] ksmbd: DEBUG CREATE name='test_compound_rename_last_dst.dat' opts=0x1040 disp=0x1
[ 2540.982424] ksmbd: DEBUG dds=0 fp=0 stream=0000000000000000 name=test_compound_rename_last_dst.dat opts=0x1040
[ 2540.984607] ksmbd: DEBUG CREATE name='test_compound_rename_last_src.dat' opts=0x200064 disp=0x3
[ 2540.986375] ksmbd: DEBUG dds=0 fp=0 stream=0000000000000000 name=test_compound_rename_last_src.dat opts=0x200064
[ 2540.989373] ksmbd: DEBUG CREATE name='test_compound_rename_last_src.dat' opts=0x200064 disp=0x3
[ 2540.991091] ksmbd: DEBUG dds=0 fp=1 stream=0000000000000000 name=test_compound_rename_last_src.dat opts=0x200064
[ 2541.995072] ksmbd: DEBUG CREATE name='test_compound_rename_last_src.dat' opts=0x1040 disp=0x1
[ 2541.997218] ksmbd: DEBUG dds=0 fp=0 stream=0000000000000000 name=test_compound_rename_last_src.dat opts=0x1040
[ 2542.001233] ksmbd: DEBUG CREATE name='test_compound_rename_last_dst.dat' opts=0x1040 disp=0x1
[ 2542.002949] ksmbd: DEBUG dds=0 fp=1 stream=0000000000000000 name=test_compound_rename_last_dst.dat opts=0x1040
[ 2542.015946] ksmbd: DEBUG CREATE name='test_compound_rename_middle_src.dat' opts=0x1040 disp=0x1
[ 2542.018008] ksmbd: DEBUG dds=0 fp=0 stream=0000000000000000 name=test_compound_rename_middle_src.dat opts=0x1040
[ 2542.020736] ksmbd: DEBUG CREATE name='test_compound_rename_middle_dst.dat' opts=0x1040 disp=0x1
[ 2542.022857] ksmbd: DEBUG dds=0 fp=0 stream=0000000000000000 name=test_compound_rename_middle_dst.dat opts=0x1040
[ 2542.025463] ksmbd: DEBUG CREATE name='test_compound_rename_middle_src.dat' opts=0x200064 disp=0x3
[ 2542.027970] ksmbd: DEBUG dds=0 fp=0 stream=0000000000000000 name=test_compound_rename_middle_src.dat opts=0x200064
[ 2542.031403] ksmbd: DEBUG CREATE name='test_compound_rename_middle_src.dat' opts=0x200064 disp=0x3
[ 2542.033398] ksmbd: DEBUG dds=0 fp=1 stream=0000000000000000 name=test_compound_rename_middle_src.dat opts=0x200064
[ 2543.031953] ksmbd: DEBUG CREATE name='test_compound_rename_middle_src.dat' opts=0x1040 disp=0x1
[ 2543.033611] ksmbd: DEBUG dds=0 fp=0 stream=0000000000000000 name=test_compound_rename_middle_src.dat opts=0x1040
[ 2543.037272] ksmbd: DEBUG CREATE name='test_compound_rename_middle_dst.dat' opts=0x1040 disp=0x1
[ 2543.039407] ksmbd: DEBUG dds=0 fp=1 stream=0000000000000000 name=test_compound_rename_middle_dst.dat opts=0x1040
[ 2545.796435] ksmbd: ksmbd: witness protocol support removed
[ 2546.312242] ksmbd: ksmbd: Fruit SMB extensions unloaded
[ 2546.898376] ksmbd: Configuration subsystem initialized with 17 parameters
[ 2546.899785] ksmbd: kernel provides md4, skipping built-in registration
[ 2546.902755] ksmbd: ksmbd: Fruit SMB extensions loaded
[ 2546.903826] ksmbd: ksmbd: CHANGE_NOTIFY subsystem initialised
[ 2546.905054] ksmbd: ksmbd: hook subsystem initialized (22 hook points)
[ 2546.906438] ksmbd: ksmbd: witness protocol support initialised
[ 2552.169415] ksmbd: DEBUG CREATE name='single_req_credits_granted.dat' opts=0x1040 disp=0x1
[ 2552.172165] ksmbd: DEBUG dds=0 fp=0 stream=0000000000000000 name=single_req_credits_granted.dat opts=0x1040
[ 2552.177260] ksmbd: DEBUG CREATE name='single_req_credits_granted.dat' opts=0x0 disp=0x3
[ 2552.178878] ksmbd: DEBUG dds=0 fp=0 stream=0000000000000000 name=single_req_credits_granted.dat opts=0x0
[ 2552.182003] ksmbd: DEBUG CREATE name='single_req_credits_granted.dat' opts=0x1040 disp=0x1
[ 2552.183839] ksmbd: DEBUG dds=0 fp=1 stream=0000000000000000 name=single_req_credits_granted.dat opts=0x1040
[ 2552.188990] ksmbd: DEBUG CREATE name='skipped_mid.dat' opts=0x1040 disp=0x1
[ 2552.190586] ksmbd: DEBUG dds=0 fp=0 stream=0000000000000000 name=skipped_mid.dat opts=0x1040
[ 2552.195675] ksmbd: DEBUG CREATE name='skipped_mid.dat' opts=0x0 disp=0x3
[ 2552.197135] ksmbd: DEBUG dds=0 fp=0 stream=0000000000000000 name=skipped_mid.dat opts=0x0
[ 2553.890565] ksmbd: DEBUG CREATE name='skipped_mid.dat' opts=0x1040 disp=0x1
[ 2553.892064] ksmbd: DEBUG dds=0 fp=1 stream=0000000000000000 name=skipped_mid.dat opts=0x1040
[ 2553.928271] ksmbd: DEBUG CREATE name='test_max_async_credits' opts=0x1040 disp=0x1
[ 2553.930070] ksmbd: DEBUG dds=0 fp=0 stream=0000000000000000 name=test_max_async_credits opts=0x1040
[ 2553.932415] ksmbd: DEBUG CREATE name='test_max_async_credits' opts=0x1 disp=0x3
[ 2553.934514] ksmbd: DEBUG dds=0 fp=0 stream=0000000000000000 name=test_max_async_credits opts=0x1
[ 2553.936977] ksmbd: DEBUG CREATE name='test_max_async_credits' opts=0x1 disp=0x1
[ 2553.938704] ksmbd: DEBUG dds=0 fp=1 stream=0000000000000000 name=test_max_async_credits opts=0x1
[ 2553.940978] ksmbd: DEBUG CREATE name='test_max_async_credits' opts=0x1 disp=0x1
[ 2553.942638] ksmbd: DEBUG dds=0 fp=1 stream=0000000000000000 name=test_max_async_credits opts=0x1
[ 2553.944899] ksmbd: DEBUG CREATE name='test_max_async_credits' opts=0x1 disp=0x1
[ 2553.946634] ksmbd: DEBUG dds=0 fp=1 stream=0000000000000000 name=test_max_async_credits opts=0x1
[ 2553.948884] ksmbd: DEBUG CREATE name='test_max_async_credits' opts=0x1 disp=0x1
[ 2553.950636] ksmbd: DEBUG dds=0 fp=1 stream=0000000000000000 name=test_max_async_credits opts=0x1
[ 2553.952671] ksmbd: DEBUG CREATE name='test_max_async_credits' opts=0x1 disp=0x1
[ 2553.954405] ksmbd: DEBUG dds=0 fp=1 stream=0000000000000000 name=test_max_async_credits opts=0x1
[ 2553.956467] ksmbd: DEBUG CREATE name='test_max_async_credits' opts=0x1 disp=0x1
[ 2553.958133] ksmbd: DEBUG dds=0 fp=1 stream=0000000000000000 name=test_max_async_credits opts=0x1
[ 2553.960333] ksmbd: DEBUG CREATE name='test_max_async_credits' opts=0x1 disp=0x1
[ 2553.961885] ksmbd: DEBUG dds=0 fp=1 stream=0000000000000000 name=test_max_async_credits opts=0x1
[ 2553.965304] ksmbd: DEBUG CREATE name='test_max_async_credits' opts=0x1 disp=0x1
[ 2553.966810] ksmbd: DEBUG dds=0 fp=1 stream=0000000000000000 name=test_max_async_credits opts=0x1
[ 2553.969822] ksmbd: DEBUG CREATE name='test_max_async_credits' opts=0x1 disp=0x1
[ 2553.973028] ksmbd: DEBUG dds=0 fp=1 stream=0000000000000000 name=test_max_async_credits opts=0x1
[ 2553.978395] ksmbd: DEBUG CREATE name='test_max_async_credits' opts=0x1 disp=0x1
[ 2553.979995] ksmbd: DEBUG dds=0 fp=1 stream=0000000000000000 name=test_max_async_credits opts=0x1
[ 2553.982105] ksmbd: DEBUG CREATE name='test_max_async_credits' opts=0x1 disp=0x1
[ 2553.983730] ksmbd: DEBUG dds=0 fp=1 stream=0000000000000000 name=test_max_async_credits opts=0x1
[ 2553.986930] ksmbd: DEBUG CREATE name='test_max_async_credits' opts=0x1 disp=0x1
[ 2553.988555] ksmbd: DEBUG dds=0 fp=1 stream=0000000000000000 name=test_max_async_credits opts=0x1
[ 2553.990824] ksmbd: DEBUG CREATE name='test_max_async_credits' opts=0x1 disp=0x1
[ 2553.992391] ksmbd: DEBUG dds=0 fp=1 stream=0000000000000000 name=test_max_async_credits opts=0x1
[ 2553.995673] ksmbd: DEBUG CREATE name='test_max_async_credits' opts=0x1 disp=0x1
[ 2553.997213] ksmbd: DEBUG dds=0 fp=1 stream=0000000000000000 name=test_max_async_credits opts=0x1
[ 2553.999821] ksmbd: DEBUG CREATE name='test_max_async_credits' opts=0x1 disp=0x1
[ 2554.003079] ksmbd: DEBUG dds=0 fp=1 stream=0000000000000000 name=test_max_async_credits opts=0x1
[ 2554.009333] ksmbd: DEBUG CREATE name='test_max_async_credits' opts=0x1 disp=0x1
[ 2554.010874] ksmbd: DEBUG dds=0 fp=1 stream=0000000000000000 name=test_max_async_credits opts=0x1
[ 2554.013261] ksmbd: DEBUG CREATE name='test_max_async_credits' opts=0x1 disp=0x1
[ 2554.014925] ksmbd: DEBUG dds=0 fp=1 stream=0000000000000000 name=test_max_async_credits opts=0x1
[ 2554.018238] ksmbd: DEBUG CREATE name='test_max_async_credits' opts=0x1 disp=0x1
[ 2554.020378] ksmbd: DEBUG dds=0 fp=1 stream=0000000000000000 name=test_max_async_credits opts=0x1
[ 2554.022545] ksmbd: DEBUG CREATE name='test_max_async_credits' opts=0x1 disp=0x1
[ 2554.024606] ksmbd: DEBUG dds=0 fp=1 stream=0000000000000000 name=test_max_async_credits opts=0x1
[ 2554.027074] ksmbd: DEBUG CREATE name='test_max_async_credits' opts=0x1 disp=0x1
[ 2554.028624] ksmbd: DEBUG dds=0 fp=1 stream=0000000000000000 name=test_max_async_credits opts=0x1
[ 2554.034695] ksmbd: DEBUG CREATE name='test_max_async_credits' opts=0x1 disp=0x1
[ 2554.037257] ksmbd: DEBUG dds=0 fp=1 stream=0000000000000000 name=test_max_async_credits opts=0x1
[ 2554.040687] ksmbd: DEBUG CREATE name='test_max_async_credits' opts=0x1 disp=0x1
[ 2554.043426] ksmbd: DEBUG dds=0 fp=1 stream=0000000000000000 name=test_max_async_credits opts=0x1
