[    0.000000] Linux version 6.18.13-arch1-1 (linux@archlinux) (gcc (GCC) 15.2.1 20260209, GNU ld (GNU Binutils) 2.46) #1 SMP PREEMPT_DYNAMIC Wed, 25 Feb 2026 23:12:35 +0000
[    0.000000] Command line: root=/dev/vda1 rw console=ttyS0,115200 loglevel=7
[    0.000000] BIOS-provided physical RAM map:
[    0.000000] BIOS-e820: [mem 0x0000000000000000-0x000000000009fbff] usable
[    0.000000] BIOS-e820: [mem 0x000000000009fc00-0x000000000009ffff] reserved
[    0.000000] BIOS-e820: [mem 0x00000000000f0000-0x00000000000fffff] reserved
[    0.000000] BIOS-e820: [mem 0x0000000000100000-0x000000007ffdcfff] usable
[    0.000000] BIOS-e820: [mem 0x000000007ffdd000-0x000000007fffffff] reserved
[    0.000000] BIOS-e820: [mem 0x00000000feffc000-0x00000000feffffff] reserved
[    0.000000] BIOS-e820: [mem 0x00000000fffc0000-0x00000000ffffffff] reserved
[    0.000000] NX (Execute Disable) protection: active
[    0.000000] APIC: Static calls initialized
[    0.000000] SMBIOS 2.8 present.
[    0.000000] DMI: QEMU Standard PC (i440FX + PIIX, 1996), BIOS Arch Linux 1.17.0-2-2 04/01/2014
[    0.000000] DMI: Memory slots populated: 1/1
[    0.000000] Hypervisor detected: KVM
[    0.000000] last_pfn = 0x7ffdd max_arch_pfn = 0x400000000
[    0.000000] kvm-clock: Using msrs 4b564d01 and 4b564d00
[    0.000001] kvm-clock: using sched offset of 344950637 cycles
[    0.000002] clocksource: kvm-clock: mask: 0xffffffffffffffff max_cycles: 0x1cd42e4dffb, max_idle_ns: 881590591483 ns
[    0.000006] tsc: Detected 3600.000 MHz processor
[    0.000725] last_pfn = 0x7ffdd max_arch_pfn = 0x400000000
[    0.000755] MTRR map: 4 entries (3 fixed + 1 variable; max 19), built from 8 variable MTRRs
[    0.000757] x86/PAT: Configuration [0-7]: WB  WC  UC- UC  WB  WP  UC- WT  
[    0.009483] found SMP MP-table at [mem 0x000f66b0-0x000f66bf]
[    0.009501] Using GB pages for direct mapping
[    0.009613] RAMDISK: [mem 0x7f508000-0x7ffcffff]
[    0.009674] ACPI: Early table checksum verification disabled
[    0.009677] ACPI: RSDP 0x00000000000F64E0 000014 (v00 BOCHS )
[    0.009682] ACPI: RSDT 0x000000007FFE239C 000034 (v01 BOCHS  BXPC     00000001 BXPC 00000001)
[    0.009687] ACPI: FACP 0x000000007FFE2248 000074 (v01 BOCHS  BXPC     00000001 BXPC 00000001)
[    0.009694] ACPI: DSDT 0x000000007FFE0040 002208 (v01 BOCHS  BXPC     00000001 BXPC 00000001)
[    0.009697] ACPI: FACS 0x000000007FFE0000 000040
[    0.009700] ACPI: APIC 0x000000007FFE22BC 000080 (v03 BOCHS  BXPC     00000001 BXPC 00000001)
[    0.009703] ACPI: HPET 0x000000007FFE233C 000038 (v01 BOCHS  BXPC     00000001 BXPC 00000001)
[    0.009706] ACPI: WAET 0x000000007FFE2374 000028 (v01 BOCHS  BXPC     00000001 BXPC 00000001)
[    0.009721] ACPI: Reserving FACP table memory at [mem 0x7ffe2248-0x7ffe22bb]
[    0.009722] ACPI: Reserving DSDT table memory at [mem 0x7ffe0040-0x7ffe2247]
[    0.009723] ACPI: Reserving FACS table memory at [mem 0x7ffe0000-0x7ffe003f]
[    0.009723] ACPI: Reserving APIC table memory at [mem 0x7ffe22bc-0x7ffe233b]
[    0.009724] ACPI: Reserving HPET table memory at [mem 0x7ffe233c-0x7ffe2373]
[    0.009724] ACPI: Reserving WAET table memory at [mem 0x7ffe2374-0x7ffe239b]
[    0.010229] No NUMA configuration found
[    0.010230] Faking a node at [mem 0x0000000000000000-0x000000007ffdcfff]
[    0.010237] NODE_DATA(0) allocated [mem 0x7f4dd280-0x7f507fff]
[    0.010499] Zone ranges:
[    0.010500]   DMA      [mem 0x0000000000001000-0x0000000000ffffff]
[    0.010501]   DMA32    [mem 0x0000000001000000-0x000000007ffdcfff]
[    0.010515]   Normal   empty
[    0.010516]   Device   empty
[    0.010517] Movable zone start for each node
[    0.010518] Early memory node ranges
[    0.010519]   node   0: [mem 0x0000000000001000-0x000000000009efff]
[    0.010520]   node   0: [mem 0x0000000000100000-0x000000007ffdcfff]
[    0.010521] Initmem setup node 0 [mem 0x0000000000001000-0x000000007ffdcfff]
[    0.010532] On node 0, zone DMA: 1 pages in unavailable ranges
[    0.010660] On node 0, zone DMA: 97 pages in unavailable ranges
[    0.030597] On node 0, zone DMA32: 35 pages in unavailable ranges
[    0.031316] ACPI: PM-Timer IO Port: 0x608
[    0.031334] ACPI: LAPIC_NMI (acpi_id[0xff] dfl dfl lint[0x1])
[    0.031368] IOAPIC[0]: apic_id 0, version 17, address 0xfec00000, GSI 0-23
[    0.031372] ACPI: INT_SRC_OVR (bus 0 bus_irq 0 global_irq 2 dfl dfl)
[    0.031374] ACPI: INT_SRC_OVR (bus 0 bus_irq 5 global_irq 5 high level)
[    0.031375] ACPI: INT_SRC_OVR (bus 0 bus_irq 9 global_irq 9 high level)
[    0.031376] ACPI: INT_SRC_OVR (bus 0 bus_irq 10 global_irq 10 high level)
[    0.031377] ACPI: INT_SRC_OVR (bus 0 bus_irq 11 global_irq 11 high level)
[    0.031382] ACPI: Using ACPI (MADT) for SMP configuration information
[    0.031384] ACPI: HPET id: 0x8086a201 base: 0xfed00000
[    0.031388] TSC deadline timer available
[    0.031395] CPU topo: Max. logical packages:   1
[    0.031396] CPU topo: Max. logical dies:       1
[    0.031397] CPU topo: Max. dies per package:   1
[    0.031403] CPU topo: Max. threads per core:   1
[    0.031404] CPU topo: Num. cores per package:     2
[    0.031404] CPU topo: Num. threads per package:   2
[    0.031405] CPU topo: Allowing 2 present CPUs plus 0 hotplug CPUs
[    0.031425] kvm-guest: APIC: eoi() replaced with kvm_guest_apic_eoi_write()
[    0.031440] kvm-guest: KVM setup pv remote TLB flush
[    0.031444] kvm-guest: setup PV sched yield
[    0.031450] PM: hibernation: Registered nosave memory: [mem 0x00000000-0x00000fff]
[    0.031452] PM: hibernation: Registered nosave memory: [mem 0x0009f000-0x000fffff]
[    0.031453] [mem 0x80000000-0xfeffbfff] available for PCI devices
[    0.031454] Booting paravirtualized kernel on KVM
[    0.031456] clocksource: refined-jiffies: mask: 0xffffffff max_cycles: 0xffffffff, max_idle_ns: 1910969940391419 ns
[    0.037091] setup_percpu: NR_CPUS:8192 nr_cpumask_bits:2 nr_cpu_ids:2 nr_node_ids:1
[    0.038322] percpu: Embedded 62 pages/cpu s217088 r8192 d28672 u1048576
[    0.038372] kvm-guest: PV spinlocks enabled
[    0.038374] PV qspinlock hash table entries: 256 (order: 0, 4096 bytes, linear)
[    0.038377] Kernel command line: root=/dev/vda1 rw console=ttyS0,115200 loglevel=7
[    0.038439] random: crng init done
[    0.038440] printk: log buffer data + meta data: 131072 + 458752 = 589824 bytes
[    0.039807] Dentry cache hash table entries: 262144 (order: 9, 2097152 bytes, linear)
[    0.040553] Inode-cache hash table entries: 131072 (order: 8, 1048576 bytes, linear)
[    0.040662] Fallback order for Node 0: 0 
[    0.040666] Built 1 zonelists, mobility grouping on.  Total pages: 524155
[    0.040668] Policy zone: DMA32
[    0.042254] mem auto-init: stack:all(zero), heap alloc:on, heap free:off
[    0.046958] SLUB: HWalign=64, Order=0-3, MinObjects=0, CPUs=2, Nodes=1
[    0.046985] Kernel/User page tables isolation: enabled
[    0.056001] ftrace: allocating 57060 entries in 224 pages
[    0.056004] ftrace: allocated 224 pages with 3 groups
[    0.056235] Dynamic Preempt: full
[    0.056276] rcu: Preemptible hierarchical RCU implementation.
[    0.056277] rcu: 	RCU restricting CPUs from NR_CPUS=8192 to nr_cpu_ids=2.
[    0.056277] rcu: 	RCU priority boosting: priority 1 delay 500 ms.
[    0.056278] 	Trampoline variant of Tasks RCU enabled.
[    0.056279] 	Rude variant of Tasks RCU enabled.
[    0.056279] 	Tracing variant of Tasks RCU enabled.
[    0.056280] rcu: RCU calculated value of scheduler-enlistment delay is 100 jiffies.
[    0.056280] rcu: Adjusting geometry for rcu_fanout_leaf=16, nr_cpu_ids=2
[    0.056285] RCU Tasks: Setting shift to 1 and lim to 1 rcu_task_cb_adjust=1 rcu_task_cpu_ids=2.
[    0.056286] RCU Tasks Rude: Setting shift to 1 and lim to 1 rcu_task_cb_adjust=1 rcu_task_cpu_ids=2.
[    0.056287] RCU Tasks Trace: Setting shift to 1 and lim to 1 rcu_task_cb_adjust=1 rcu_task_cpu_ids=2.
[    0.061882] NR_IRQS: 524544, nr_irqs: 440, preallocated irqs: 16
[    0.062112] rcu: srcu_init: Setting srcu_struct sizes based on contention.
[    0.062318] kfence: initialized - using 2097152 bytes for 255 objects at 0x(____ptrval____)-0x(____ptrval____)
[    0.080314] Console: colour VGA+ 80x25
[    0.080385] printk: legacy console [ttyS0] enabled
[    0.271396] ACPI: Core revision 20250807
[    0.272583] clocksource: hpet: mask: 0xffffffff max_cycles: 0xffffffff, max_idle_ns: 19112604467 ns
[    0.275046] APIC: Switch to symmetric I/O mode setup
[    0.276499] x2apic enabled
[    0.277463] APIC: Switched APIC routing to: physical x2apic
[    0.278854] kvm-guest: APIC: send_IPI_mask() replaced with kvm_send_ipi_mask()
[    0.280647] kvm-guest: APIC: send_IPI_mask_allbutself() replaced with kvm_send_ipi_mask_allbutself()
[    0.283088] kvm-guest: setup PV IPIs
[    0.284989] ..TIMER: vector=0x30 apic1=0 pin1=2 apic2=-1 pin2=-1
[    0.286569] clocksource: tsc-early: mask: 0xffffffffffffffff max_cycles: 0x33e452fbb2f, max_idle_ns: 440795236593 ns
[    0.289356] Calibrating delay loop (skipped) preset value.. 7200.00 BogoMIPS (lpj=3600000)
[    0.290457] x86/cpu: User Mode Instruction Prevention (UMIP) activated
[    0.291445] Last level iTLB entries: 4KB 0, 2MB 0, 4MB 0
[    0.292354] Last level dTLB entries: 4KB 0, 2MB 0, 4MB 0, 1GB 0
[    0.293363] mitigations: Enabled attack vectors: user_kernel, user_user, guest_host, guest_guest, SMT mitigations: auto
[    0.294356] Speculative Store Bypass: Mitigation: Speculative Store Bypass disabled via prctl
[    0.295355] SRBDS: Unknown: Dependent on hypervisor status
[    0.296355] Spectre V2 : Mitigation: IBRS
[    0.297354] RETBleed: Mitigation: IBRS
[    0.298354] MDS: Mitigation: Clear CPU buffers
[    0.299354] TAA: Mitigation: Clear CPU buffers
[    0.300354] MMIO Stale Data: Mitigation: Clear CPU buffers
[    0.301354] Spectre V1 : Mitigation: usercopy/swapgs barriers and __user pointer sanitization
[    0.302356] Spectre V2 : Spectre v2 / SpectreRSB: Filling RSB on context switch and VMEXIT
[    0.303357] Spectre V2 : mitigation: Enabling conditional Indirect Branch Prediction Barrier
[    0.304362] GDS: Unknown: Dependent on hypervisor status
[    0.305355] Spectre V2 : Spectre BHI mitigation: SW BHB clearing on syscall and VM exit
[    0.306370] x86/fpu: Supporting XSAVE feature 0x001: 'x87 floating point registers'
[    0.307354] x86/fpu: Supporting XSAVE feature 0x002: 'SSE registers'
[    0.308354] x86/fpu: Supporting XSAVE feature 0x004: 'AVX registers'
[    0.309355] x86/fpu: Supporting XSAVE feature 0x008: 'MPX bounds registers'
[    0.310355] x86/fpu: Supporting XSAVE feature 0x010: 'MPX CSR'
[    0.311355] x86/fpu: xstate_offset[2]:  576, xstate_sizes[2]:  256
[    0.312354] x86/fpu: xstate_offset[3]:  832, xstate_sizes[3]:   64
[    0.313355] x86/fpu: xstate_offset[4]:  896, xstate_sizes[4]:   64
[    0.314354] x86/fpu: Enabled xstate features 0x1f, context size is 960 bytes, using 'compacted' format.
[    0.345710] Freeing SMP alternatives memory: 56K
[    0.346358] pid_max: default: 32768 minimum: 301
[    0.347401] LSM: initializing lsm=capability,landlock,lockdown,yama,bpf
[    0.348422] landlock: Up and running.
[    0.349356] Yama: becoming mindful.
[    0.350516] LSM support for eBPF active
[    0.351392] Mount-cache hash table entries: 4096 (order: 3, 32768 bytes, linear)
[    0.352376] Mountpoint-cache hash table entries: 4096 (order: 3, 32768 bytes, linear)
[    0.354535] smpboot: CPU0: Intel(R) Core(TM) i7-7700 CPU @ 3.60GHz (family: 0x6, model: 0x9e, stepping: 0x9)
[    0.355712] Performance Events: Skylake events, full-width counters, Intel PMU driver.
[    0.356358] ... version:                   2
[    0.357356] ... bit width:                 48
[    0.358355] ... generic counters:          4
[    0.359355] ... generic bitmap:            000000000000000f
[    0.360357] ... fixed-purpose counters:    3
[    0.361355] ... fixed-purpose bitmap:      0000000000000007
[    0.362356] ... value mask:                0000ffffffffffff
[    0.363356] ... max period:                00007fffffffffff
[    0.364355] ... global_ctrl mask:          000000070000000f
[    0.365546] signal: max sigframe size: 2032
[    0.366430] rcu: Hierarchical SRCU implementation.
[    0.367356] rcu: 	Max phase no-delay instances is 400.
[    0.368497] Timer migration: 1 hierarchy levels; 8 children per group; 1 crossnode level
[    0.369771] smp: Bringing up secondary CPUs ...
[    0.370663] smpboot: x86: Booting SMP configuration:
[    0.371364] .... node  #0, CPUs:      #1
[    0.371521] smp: Brought up 1 node, 2 CPUs
[    0.373362] smpboot: Total of 2 processors activated (14400.00 BogoMIPS)
[    0.374537] Memory: 1985452K/2096620K available (20319K kernel code, 2939K rwdata, 16368K rodata, 4736K init, 4772K bss, 105892K reserved, 0K cma-reserved)
[    0.375521] devtmpfs: initialized
[    0.376400] x86/mm: Memory block size: 128MB
[    0.377796] clocksource: jiffies: mask: 0xffffffff max_cycles: 0xffffffff, max_idle_ns: 1911260446275000 ns
[    0.378379] posixtimers hash table entries: 1024 (order: 2, 16384 bytes, linear)
[    0.379384] futex hash table entries: 512 (32768 bytes on 1 NUMA nodes, total 32 KiB, linear).
[    0.380439] pinctrl core: initialized pinctrl subsystem
[    0.381532] PM: RTC time: 01:26:08, date: 2026-03-04
[    0.384054] NET: Registered PF_NETLINK/PF_ROUTE protocol family
[    0.384642] DMA: preallocated 256 KiB GFP_KERNEL pool for atomic allocations
[    0.385374] DMA: preallocated 256 KiB GFP_KERNEL|GFP_DMA pool for atomic allocations
[    0.386493] DMA: preallocated 256 KiB GFP_KERNEL|GFP_DMA32 pool for atomic allocations
[    0.387364] audit: initializing netlink subsys (disabled)
[    0.388417] audit: type=2000 audit(1772587569.439:1): state=initialized audit_enabled=0 res=1
[    0.388642] thermal_sys: Registered thermal governor 'fair_share'
[    0.389358] thermal_sys: Registered thermal governor 'bang_bang'
[    0.390355] thermal_sys: Registered thermal governor 'step_wise'
[    0.391355] thermal_sys: Registered thermal governor 'user_space'
[    0.392356] thermal_sys: Registered thermal governor 'power_allocator'
[    0.393371] cpuidle: using governor ladder
[    0.395360] cpuidle: using governor menu
[    0.396454] acpiphp: ACPI Hot Plug PCI Controller Driver version: 0.5
[    0.397578] PCI: Using configuration type 1 for base access
[    0.398480] kprobes: kprobe jump-optimization is enabled. All kprobes are optimized if possible.
[    0.405402] HugeTLB: registered 1.00 GiB page size, pre-allocated 0 pages
[    0.406357] HugeTLB: 16380 KiB vmemmap can be freed for a 1.00 GiB page
[    0.409357] HugeTLB: registered 2.00 MiB page size, pre-allocated 0 pages
[    0.410356] HugeTLB: 28 KiB vmemmap can be freed for a 2.00 MiB page
[    0.420703] raid6: skipped pq benchmark and selected avx2x4
[    0.422365] raid6: using avx2x2 recovery algorithm
[    0.424484] ACPI: Added _OSI(Module Device)
[    0.425356] ACPI: Added _OSI(Processor Device)
[    0.426356] ACPI: Added _OSI(Processor Aggregator Device)
[    0.429834] ACPI: 1 ACPI AML tables successfully acquired and loaded
[    0.433526] ACPI: Interpreter enabled
[    0.434369] ACPI: PM: (supports S0 S3 S4 S5)
[    0.435356] ACPI: Using IOAPIC for interrupt routing
[    0.436476] PCI: Using host bridge windows from ACPI; if necessary, use "pci=nocrs" and report a bug
[    0.438356] PCI: Using E820 reservations for host bridge windows
[    0.440475] ACPI: Enabled 2 GPEs in block 00 to 0F
[    0.444396] ACPI: PCI Root Bridge [PCI0] (domain 0000 [bus 00-ff])
[    0.446361] acpi PNP0A03:00: _OSC: OS supports [ASPM ClockPM Segments MSI EDR HPX-Type3]
[    0.448357] acpi PNP0A03:00: _OSC: not requesting OS control; OS requires [ExtendedConfig ASPM ClockPM MSI]
[    0.450368] acpi PNP0A03:00: fail to add MMCONFIG information, can't access extended configuration space under this bridge
[    0.453838] acpiphp: Slot [3] registered
[    0.454390] acpiphp: Slot [4] registered
[    0.455391] acpiphp: Slot [5] registered
[    0.456364] acpiphp: Slot [6] registered
[    0.457330] acpiphp: Slot [7] registered
[    0.458396] acpiphp: Slot [8] registered
[    0.459387] acpiphp: Slot [9] registered
[    0.460380] acpiphp: Slot [10] registered
[    0.461399] acpiphp: Slot [11] registered
[    0.462378] acpiphp: Slot [12] registered
[    0.463384] acpiphp: Slot [13] registered
[    0.464404] acpiphp: Slot [14] registered
[    0.466383] acpiphp: Slot [15] registered
[    0.467379] acpiphp: Slot [16] registered
[    0.468389] acpiphp: Slot [17] registered
[    0.469397] acpiphp: Slot [18] registered
[    0.470394] acpiphp: Slot [19] registered
[    0.471378] acpiphp: Slot [20] registered
[    0.472390] acpiphp: Slot [21] registered
[    0.473381] acpiphp: Slot [22] registered
[    0.474380] acpiphp: Slot [23] registered
[    0.475377] acpiphp: Slot [24] registered
[    0.476377] acpiphp: Slot [25] registered
[    0.477384] acpiphp: Slot [26] registered
[    0.478377] acpiphp: Slot [27] registered
[    0.479377] acpiphp: Slot [28] registered
[    0.480377] acpiphp: Slot [29] registered
[    0.481392] acpiphp: Slot [30] registered
[    0.482377] acpiphp: Slot [31] registered
[    0.483392] PCI host bridge to bus 0000:00
[    0.484376] pci_bus 0000:00: root bus resource [io  0x0000-0x0cf7 window]
[    0.486359] pci_bus 0000:00: root bus resource [io  0x0d00-0xffff window]
[    0.488360] pci_bus 0000:00: root bus resource [mem 0x000a0000-0x000bffff window]
[    0.490357] pci_bus 0000:00: root bus resource [mem 0x80000000-0xfebfffff window]
[    0.492361] pci_bus 0000:00: root bus resource [mem 0x100000000-0x17fffffff window]
[    0.494358] pci_bus 0000:00: root bus resource [bus 00-ff]
[    0.495438] pci 0000:00:00.0: [8086:1237] type 00 class 0x060000 conventional PCI endpoint
[    0.499316] pci 0000:00:01.0: [8086:7000] type 00 class 0x060100 conventional PCI endpoint
[    0.502283] pci 0000:00:01.1: [8086:7010] type 00 class 0x010180 conventional PCI endpoint
[    0.505449] pci 0000:00:01.1: BAR 4 [io  0xc0e0-0xc0ef]
[    0.507438] pci 0000:00:01.1: BAR 0 [io  0x01f0-0x01f7]: legacy IDE quirk
[    0.508356] pci 0000:00:01.1: BAR 1 [io  0x03f6]: legacy IDE quirk
[    0.510356] pci 0000:00:01.1: BAR 2 [io  0x0170-0x0177]: legacy IDE quirk
[    0.512369] pci 0000:00:01.1: BAR 3 [io  0x0376]: legacy IDE quirk
[    0.514720] pci 0000:00:01.3: [8086:7113] type 00 class 0x068000 conventional PCI endpoint
[    0.517010] pci 0000:00:01.3: quirk: [io  0x0600-0x063f] claimed by PIIX4 ACPI
[    0.519374] pci 0000:00:01.3: quirk: [io  0x0700-0x070f] claimed by PIIX4 SMB
[    0.521764] pci 0000:00:02.0: [1234:1111] type 00 class 0x030000 conventional PCI endpoint
[    0.537428] pci 0000:00:02.0: BAR 0 [mem 0xfd000000-0xfdffffff pref]
[    0.539390] pci 0000:00:02.0: BAR 2 [mem 0xfebd0000-0xfebd0fff]
[    0.540404] pci 0000:00:02.0: ROM [mem 0xfebc0000-0xfebcffff pref]
[    0.542540] pci 0000:00:02.0: Video device with shadowed ROM at [mem 0x000c0000-0x000dffff]
[    0.545308] pci 0000:00:03.0: [1af4:1009] type 00 class 0x000200 conventional PCI endpoint
[    0.550377] pci 0000:00:03.0: BAR 0 [io  0xc080-0xc0bf]
[    0.551371] pci 0000:00:03.0: BAR 1 [mem 0xfebd1000-0xfebd1fff]
[    0.553420] pci 0000:00:03.0: BAR 4 [mem 0xfe000000-0xfe003fff 64bit pref]
[    0.558405] pci 0000:00:04.0: [1af4:1000] type 00 class 0x020000 conventional PCI endpoint
[    0.562377] pci 0000:00:04.0: BAR 0 [io  0xc0c0-0xc0df]
[    0.563378] pci 0000:00:04.0: BAR 1 [mem 0xfebd2000-0xfebd2fff]
[    0.565409] pci 0000:00:04.0: BAR 4 [mem 0xfe004000-0xfe007fff 64bit pref]
[    0.567377] pci 0000:00:04.0: ROM [mem 0xfeb80000-0xfebbffff pref]
[    0.570392] pci 0000:00:05.0: [1af4:1001] type 00 class 0x010000 conventional PCI endpoint
[    0.579379] pci 0000:00:05.0: BAR 0 [io  0xc000-0xc07f]
[    0.581376] pci 0000:00:05.0: BAR 1 [mem 0xfebd3000-0xfebd3fff]
[    0.583428] pci 0000:00:05.0: BAR 4 [mem 0xfe008000-0xfe00bfff 64bit pref]
[    0.598127] ACPI: PCI: Interrupt link LNKA configured for IRQ 10
[    0.599567] ACPI: PCI: Interrupt link LNKB configured for IRQ 10
[    0.601573] ACPI: PCI: Interrupt link LNKC configured for IRQ 11
[    0.603512] ACPI: PCI: Interrupt link LNKD configured for IRQ 11
[    0.605433] ACPI: PCI: Interrupt link LNKS configured for IRQ 9
[    0.607419] iommu: Default domain type: Translated
[    0.609367] iommu: DMA domain TLB invalidation policy: lazy mode
[    0.611822] SCSI subsystem initialized
[    0.612433] ACPI: bus type USB registered
[    0.614411] usbcore: registered new interface driver usbfs
[    0.615370] usbcore: registered new interface driver hub
[    0.616369] usbcore: registered new device driver usb
[    0.618418] EDAC MC: Ver: 3.0.0
[    0.620360] NetLabel: Initializing
[    0.621195] NetLabel:  domain hash size = 128
[    0.622356] NetLabel:  protocols = UNLABELED CIPSOv4 CALIPSO
[    0.623385] NetLabel:  unlabeled traffic allowed by default
[    0.624363] mctp: management component transport protocol core
[    0.626361] NET: Registered PF_MCTP protocol family
[    0.627400] PCI: Using ACPI for IRQ routing
[    0.629465] pci 0000:00:02.0: vgaarb: setting as boot VGA device
[    0.630352] pci 0000:00:02.0: vgaarb: bridge control possible
[    0.630352] pci 0000:00:02.0: vgaarb: VGA device added: decodes=io+mem,owns=io+mem,locks=none
[    0.634358] vgaarb: loaded
[    0.635536] hpet0: at MMIO 0xfed00000, IRQs 2, 8, 0
[    0.636356] hpet0: 3 comparators, 64-bit 100.000000 MHz counter
[    0.641561] clocksource: Switched to clocksource kvm-clock
[    0.644374] VFS: Disk quotas dquot_6.6.0
[    0.645483] VFS: Dquot-cache hash table entries: 512 (order 0, 4096 bytes)
[    0.647520] pnp: PnP ACPI init
[    0.648765] pnp: PnP ACPI: found 6 devices
[    0.656815] clocksource: acpi_pm: mask: 0xffffff max_cycles: 0xffffff, max_idle_ns: 2085701024 ns
[    0.660435] NET: Registered PF_INET protocol family
[    0.662362] IP idents hash table entries: 32768 (order: 6, 262144 bytes, linear)
[    0.684247] tcp_listen_portaddr_hash hash table entries: 1024 (order: 2, 16384 bytes, linear)
[    0.687099] Table-perturb hash table entries: 65536 (order: 6, 262144 bytes, linear)
[    0.689337] TCP established hash table entries: 16384 (order: 5, 131072 bytes, linear)
[    0.691729] TCP bind hash table entries: 16384 (order: 7, 524288 bytes, linear)
[    0.693899] TCP: Hash tables configured (established 16384 bind 16384)
[    0.695798] MPTCP token hash table entries: 2048 (order: 4, 49152 bytes, linear)
[    0.697844] UDP hash table entries: 1024 (order: 4, 65536 bytes, linear)
[    0.699647] UDP-Lite hash table entries: 1024 (order: 4, 65536 bytes, linear)
[    0.702977] NET: Registered PF_UNIX/PF_LOCAL protocol family
[    0.704465] NET: Registered PF_XDP protocol family
[    0.705718] pci_bus 0000:00: resource 4 [io  0x0000-0x0cf7 window]
[    0.707440] pci_bus 0000:00: resource 5 [io  0x0d00-0xffff window]
[    0.709204] pci_bus 0000:00: resource 6 [mem 0x000a0000-0x000bffff window]
[    0.711170] pci_bus 0000:00: resource 7 [mem 0x80000000-0xfebfffff window]
[    0.713099] pci_bus 0000:00: resource 8 [mem 0x100000000-0x17fffffff window]
[    0.714955] pci 0000:00:01.0: PIIX3: Enabling Passive Release
[    0.716406] pci 0000:00:00.0: Limiting direct PCI/PCI transfers
[    0.717994] PCI: CLS 0 bytes, default 64
[    0.719148] clocksource: tsc: mask: 0xffffffffffffffff max_cycles: 0x33e452fbb2f, max_idle_ns: 440795236593 ns
[    0.719208] Trying to unpack rootfs image as initramfs...
[    0.749857] Initialise system trusted keyrings
[    0.751023] Key type blacklist registered
[    0.752168] workingset: timestamp_bits=36 max_order=19 bucket_order=0
[    0.754266] fuse: init (API version 7.45)
[    0.755438] integrity: Platform Keyring initialized
[    0.756698] integrity: Machine keyring initialized
[    0.768417] xor: automatically using best checksumming function   avx       
[    0.770247] Key type asymmetric registered
[    0.771270] Asymmetric key parser 'x509' registered
[    0.772531] Block layer SCSI generic (bsg) driver version 0.4 loaded (major 245)
[    0.774482] io scheduler mq-deadline registered
[    0.775640] io scheduler kyber registered
[    0.776703] io scheduler bfq registered
[    0.777932] ledtrig-cpu: registered to indicate activity on CPUs
[    0.780372] input: Power Button as /devices/LNXSYSTM:00/LNXPWRBN:00/input/input0
[    0.786307] ACPI: button: Power Button [PWRF]
[    0.789758] ACPI: \_SB_.LNKC: Enabled at IRQ 11
[    0.794530] ACPI: \_SB_.LNKD: Enabled at IRQ 10
[    0.798980] ACPI: \_SB_.LNKA: Enabled at IRQ 10
[    0.802586] Serial: 8250/16550 driver, 32 ports, IRQ sharing enabled
[    0.804937] 00:04: ttyS0 at I/O 0x3f8 (irq = 4, base_baud = 115200) is a 16550A
[    0.809830] Non-volatile memory driver v1.3
[    0.810084] Freeing initrd memory: 11040K
[    0.811079] Linux agpgart interface v0.103
[    0.811139] ACPI: bus type drm_connector registered
[    0.815401] virtio_blk virtio2: 2/0/0 default/read/poll queues
[    0.818380] virtio_blk virtio2: [vda] 25165824 512-byte logical blocks (12.9 GB/12.0 GiB)
[    0.824455]  vda: vda1
[    0.825462] usbcore: registered new interface driver usbserial_generic
[    0.827121] usbserial: USB Serial support registered for generic
[    0.828755] i8042: PNP: PS/2 Controller [PNP0303:KBD,PNP0f13:MOU] at 0x60,0x64 irq 1,12
[    0.832022] serio: i8042 KBD port at 0x60,0x64 irq 1
[    0.833325] serio: i8042 AUX port at 0x60,0x64 irq 12
[    0.835033] input: AT Translated Set 2 keyboard as /devices/platform/i8042/serio0/input/input1
[    0.837462] rtc_cmos 00:05: RTC can wake from S4
[    0.839462] rtc_cmos 00:05: registered as rtc0
[    0.840731] rtc_cmos 00:05: setting system clock to 2026-03-04T01:26:09 UTC (1772587569)
[    0.842880] rtc_cmos 00:05: alarms up to one day, y3k, 242 bytes nvram, hpet irqs
[    0.844876] intel_pstate: CPU model not supported
[    0.846410] hid: raw HID events driver (C) Jiri Kosina
[    0.847721] usbcore: registered new interface driver usbhid
[    0.849104] usbhid: USB HID core driver
[    0.850164] rust_binder: Loaded Rust Binder.
[    0.850189] drop_monitor: Initializing network drop monitor service
[    0.853063] NET: Registered PF_INET6 protocol family
[    0.854931] Segment Routing with IPv6
[    0.855911] RPL Segment Routing with IPv6
[    0.856975] In-situ OAM (IOAM) with IPv6
[    0.858008] NET: Registered PF_PACKET protocol family
[    0.859706] IPI shorthand broadcast: enabled
[    0.863345] sched_clock: Marking stable (643006278, 220234455)->(924102452, -60861719)
[    0.865778] registered taskstats version 1
[    0.867188] Loading compiled-in X.509 certificates
[    0.874721] Loaded X.509 cert 'Build time autogenerated kernel key: 4f282eb87851fdb04b530c5e67453df628afff93'
[    0.881124] zswap: loaded using pool zstd
[    0.882302] Demotion targets for Node 0: null
[    0.883739] Key type .fscrypt registered
[    0.884830] Key type fscrypt-provisioning registered
[    0.886534] Btrfs loaded, zoned=yes, fsverity=yes
[    0.887806] Key type big_key registered
[    0.889169] PM:   Magic number: 2:757:406
[    0.891396] RAS: Correctable Errors collector initialized.
[    0.898409] clk: Disabling unused clocks
[    0.899516] PM: genpd: Disabling unused power domains
[    0.903369] Freeing unused decrypted memory: 2028K
[    0.906908] Freeing unused kernel image (initmem) memory: 4736K
[    0.908348] Write protecting the kernel read-only data: 36864k
[    0.909819] Freeing unused kernel image (text/rodata gap) memory: 160K
[    0.911013] Freeing unused kernel image (rodata/data gap) memory: 16K
[    0.951965] x86/mm: Checked W+X mappings: passed, no W+X pages found.
[    0.953163] rodata_test: all tests were successful
[    0.954047] x86/mm: Checking user space page tables
[    0.993923] x86/mm: Checked W+X mappings: passed, no W+X pages found.
[    0.995343] Run /init as init process
P+q6E616D65\[    1.349885] systemd[1]: Successfully made /usr/ read-only.
[6n[32766;32766H[6n[!p]104\[0m[?7h[1G[0J[    1.685267] systemd[1]: systemd 259.2-1-arch running in system mode (+PAM +AUDIT -SELINUX +APPARMOR -IMA +IPE +SMACK +SECCOMP +GCRYPT +GNUTLS +OPENSSL +ACL +BLKID +CURL +ELFUTILS +FIDO2 +IDN2 -IDN +KMOD +LIBCRYPTSETUP +LIBCRYPTSETUP_PLUGINS +LIBFDISK +PCRE2 +PWQUALITY +P11KIT +QRENCODE +TPM2 +BZIP2 +LZ4 +XZ +ZLIB +ZSTD +BPF_FRAMEWORK +BTF +XKBCOMMON +UTMP -SYSVINIT +LIBARCHIVE)
[    1.691509] systemd[1]: Detected virtualization kvm.
[    1.692652] systemd[1]: Detected architecture x86-64.
[    1.693594] systemd[1]: Running in initrd.
[0;1;39mBooting initrd of [0m[38;2;23;147;209mArch Linux[0m[0;1;39m.[0m
[    1.696680] systemd[1]: Initializing machine ID from random generator.
]3008;start=bc27121a974140bbb795569edf706253;user=root;hostname=archlinux;machineid=53dea5f705654ede977544bb6913310d;bootid=af8e193b157b4b18a24195b8523a629c;pid=1;pidfdid=2;comm=systemd;type=boot\[    1.752962] systemd[1]: Queued start job for default target Initrd Default Target.
[    1.817661] systemd[1]: Expecting device /dev/vda1...
         Expecting device [0;1;39m/dev/vda1[0m...
[    1.819936] systemd[1]: Reached target Path Units.
[[0;32m  OK  [0m] Reached target [0;1;39mPath Units[0m.
[    1.822550] systemd[1]: Reached target Slice Units.
[[0;32m  OK  [0m] Reached target [0;1;39mSlice Units[0m.
[    1.824890] systemd[1]: Reached target Swaps.
[[0;32m  OK  [0m] Reached target [0;1;39mSwaps[0m.
[    1.827094] systemd[1]: Reached target Timer Units.
[[0;32m  OK  [0m] Reached target [0;1;39mTimer Units[0m.
[    1.829514] systemd[1]: Listening on Journal Socket (/dev/log).
[[0;32m  OK  [0m] Listening on [0;1;39mJournal Socket (/dev/log)[0m.
[    1.832350] systemd[1]: Listening on Journal Sockets.
[[0;32m  OK  [0m] Listening on [0;1;39mJournal Sockets[0m.
[    1.834804] systemd[1]: Listening on udev Control Socket.
[[0;32m  OK  [0m] Listening on [0;1;39mudev Control Socket[0m.
[    1.837551] systemd[1]: Listening on udev Kernel Socket.
[[0;32m  OK  [0m] Listening on [0;1;39mudev Kernel Socket[0m.
[    1.839999] systemd[1]: Reached target Socket Units.
[[0;32m  OK  [0m] Reached target [0;1;39mSocket Units[0m.
[    1.842348] systemd[1]: Create List of Static Device Nodes skipped, unmet condition check ConditionFileNotEmpty=/lib/modules/6.18.13-arch1-1/modules.devname
[    1.845097] systemd[1]: Early Battery Level Check skipped, unmet condition check ConditionDirectoryNotEmpty=/sys/class/power_supply
[    1.847377] systemd[1]: Display Boot-Time Emergency Messages In Full Screen skipped, unmet condition check ConditionVirtualization=no
[    1.856736] systemd[1]: Starting Journal Service...
         Starting [0;1;39mJournal Service[0m...
[    1.862289] systemd[1]: Starting Load Kernel Modules...
         Startin[    1.864393] systemd[1]: TPM PCR Barrier (initrd) skipped, unmet condition check ConditionSecurity=measured-uki
g [0;1;39mLoad Kernel Modules[0m...
[    1.870622] systemd[1]: Starting Create Static Device Nodes in /dev...
         Starting [0;1;39mCreate Static Device Nodes in /dev[0m...
[    1.882370] systemd[1]: Starting Coldplug All udev Devices...
         Starting [0;1;39mColdplug All udev Devices[0m...
[    1.908338] systemd-journald[104]: Collecting audit messages is disabled.
[    1.913640] systemd[1]: Finished Create Static Device Nodes in /dev.
[[0;32m  OK  [0m] Finished [0;1;39mCreate Static Device Nodes in /dev[0m.
[    1.917812] systemd[1]: Reached target Preparation for Local File Systems.
[[0;32m  OK  [0m] Reached target [0;1;39mPreparation for Local File Systems[0m.
[    1.924144] systemd[1]: Reached target Local File Systems.
[[0;32m  OK  [0m] Reached target [0;1;39mLocal File Systems[0m.
[    1.935950] systemd[1]: Starting Rule-based Manager for Device Events and Files...
         Starting [0;1;39mRule-based Manager for Device Events and Files[0m...
[    1.976915] systemd[1]: Started Journal Service.
[[0;32m  OK  [0m] Started [0;1;39mJournal Service[0m.
[    1.993500] netfs: FS-Cache loaded
         Starting [0;1;39mCreate System Files and Directories[0m...
[    2.025476] 9pnet: Installing 9P2000 support
[[0;32m  OK  [0m] Finished [0;1;39mCreate System Files and Directories[0m.
[[0;32m  OK  [0m] Started [0;1;39mRule-based Manager for Device Events and Files[0m.
[    2.057476] 9p: Installing v9fs 9p2000 file system support
[[0;32m  OK  [0m] Finished [0;1;39mLoad Kernel Modules[0m.
[[0;32m  OK  [0m] Finished [0;1;39mColdplug All udev Devices[0m.
[[0;32m  OK  [0m] Reached target [0;1;39mSystem Initialization[0m.
[[0;32m  OK  [0m] Reached target [0;1;39mBasic System[0m.
[[0;32m  OK  [0m] Found device [0;1;39m/dev/vda1[0m.
[[0;32m  OK  [0m] Reached target [0;1;39mInitrd Root Device[0m.
         Starting [0;1;39mFile System Check on /dev/vda1[0m...
[    2.320869] Floppy drive(s): fd0 is 2.88M AMI BIOS
[    2.336669] FDC 0 is a S82078B
[    2.343324] scsi host0: ata_piix
[    2.346317] bochs-drm 0000:00:02.0: vgaarb: deactivate vga console
[    2.348030] scsi host1: ata_piix
[    2.348855] ata1: PATA max MWDMA2 cmd 0x1f0 ctl 0x3f6 bmdma 0xc0e0 irq 14 lpm-pol 0
[    2.354259] ata2: PATA max MWDMA2 cmd 0x170 ctl 0x376 bmdma 0xc0e8 irq 15 lpm-pol 0
[    2.358036] Console: switching to colour dummy device 80x25
[    2.361280] [drm] Found bochs VGA, ID 0xb0c5.
[    2.362309] [drm] Framebuffer size 16384 kB @ 0xfd000000, mmio @ 0xfebd0000.
[    2.364121] bochs-drm 0000:00:02.0: [drm] Registered 1 planes with drm panic
[    2.366308] [drm] Initialized bochs-drm 1.0.0 for 0000:00:02.0 on minor 0
[    2.394808] fbcon: bochs-drmdrmfb (fb0) is primary device
[    2.408787] Console: switching to colour frame buffer device 160x50
[    2.417157] bochs-drm 0000:00:02.0: [drm] fb0: bochs-drmdrmfb frame buffer device
         Starting [0;1;39mVirtual Console Setup[0m...
[[0;32m  OK  [0m] Stopped [0;1;39mVirtual Console Setup[0m.
         Starting [0;1;39mVirtual Console Setup[0m...
[[0;32m  OK  [0m] Stopped [0;1;39mVirtual Console Setup[0m.
         Starting [0;1;39mVirtual Console Setup[0m...
[[0;32m  OK  [0m] Finished [0;1;39mFile System Check on /dev/vda1[0m.
[[0;32m  OK  [0m] Finished [0;1;39mVirtual Console Setup[0m.
[    2.507698] ata2: found unknown device (class 0)
[    2.509440] ata2.00: ATAPI: QEMU DVD-ROM, 2.5+, max UDMA/100
[    2.518245] scsi 1:0:0:0: CD-ROM            QEMU     QEMU DVD-ROM     2.5+ PQ: 0 ANSI: 5
[    2.571072] sr 1:0:0:0: [sr0] scsi3-mmc drive: 4x/4x cd/rw xa/form2 tray
[    2.572456] cdrom: Uniform CD-ROM driver Revision: 3.20
         Mounting [0;1;39m/sysroot[0m...
[    2.974078] EXT4-fs (vda1): mounted filesystem ddfae1cc-629e-47f4-9008-261996ba3811 r/w with ordered data mode. Quota mode: none.
[[0;32m  OK  [0m] Mounted [0;1;39m/sysroot[0m.
[[0;32m  OK  [0m] Reached target [0;1;39mInitrd Root File System[0m.
         Starting [0;1;39mMountpoints Configured in the Real Root[0m...
[[0;32m  OK  [0m] Finished [0;1;39mMountpoints Configured in the Real Root[0m.
[[0;32m  OK  [0m] Reached target [0;1;39mInitrd File Systems[0m.
[[0;32m  OK  [0m] Reached target [0;1;39mInitrd Default Target[0m.
         Starting [0;1;39mCleaning Up and Shutting Down Daemons[0m...
[[0;32m  OK  [0m] Stopped target [0;1;39mInitrd Default Target[0m.
[[0;32m  OK  [0m] Stopped target [0;1;39mBasic System[0m.
[[0;32m  OK  [0m] Stopped target [0;1;39mInitrd Root Device[0m.
[[0;32m  OK  [0m] Stopped target [0;1;39mPath Units[0m.
[[0;32m  OK  [0m] Stopped target [0;1;39mSlice Units[0m.
[[0;32m  OK  [0m] Stopped target [0;1;39mSocket Units[0m.
[[0;32m  OK  [0m] Stopped target [0;1;39mSystem Initialization[0m.
[[0;32m  OK  [0m] Stopped target [0;1;39mSwaps[0m.
[[0;32m  OK  [0m] Stopped target [0;1;39mTimer Units[0m.
[[0;32m  OK  [0m] Stopped [0;1;39mLoad Kernel Modules[0m.
[[0;32m  OK  [0m] Stopped [0;1;39mCreate System Files and Directories[0m.
[[0;32m  OK  [0m] Stopped target [0;1;39mLocal File Systems[0m.
[[0;32m  OK  [0m] Stopped target [0;1;39mPreparation for Local File Systems[0m.
[[0;32m  OK  [0m] Stopped [0;1;39mColdplug All udev Devices[0m.
         Stopping [0;1;39mRule-based Manager for Device Events and Files[0m...
[[0;32m  OK  [0m] Stopped [0;1;39mVirtual Console Setup[0m.
[[0;32m  OK  [0m] Finished [0;1;39mCleaning Up and Shutting Down Daemons[0m.
[[0;32m  OK  [0m] Stopped [0;1;39mRule-based Manager for Device Events and Files[0m.
[[0;32m  OK  [0m] Closed [0;1;39mudev Control Socket[0m.
         Starting [0;1;39mCleanup udev Database[0m...
[[0;32m  OK  [0m] Stopped [0;1;39mCreate Static Device Nodes in /dev[0m.
[[0;32m  OK  [0m] Finished [0;1;39mCleanup udev Database[0m.
[[0;32m  OK  [0m] Reached target [0;1;39mSwitch Root[0m.
         Starting [0;1;39mSwitch Root[0m...
[    3.479745] systemd-journald[104]: Received SIGTERM from PID 1 (systemd).
P+q6E616D65\[    3.884258] NET: Registered PF_VSOCK protocol family
[6n[32766;32766H[6n[!p]104\[0m[?7h[1G[0J[    4.233985] systemd[1]: systemd 259.2-1-arch running in system mode (+PAM +AUDIT -SELINUX +APPARMOR -IMA +IPE +SMACK +SECCOMP +GCRYPT +GNUTLS +OPENSSL +ACL +BLKID +CURL +ELFUTILS +FIDO2 +IDN2 -IDN +KMOD +LIBCRYPTSETUP +LIBCRYPTSETUP_PLUGINS +LIBFDISK +PCRE2 +PWQUALITY +P11KIT +QRENCODE +TPM2 +BZIP2 +LZ4 +XZ +ZLIB +ZSTD +BPF_FRAMEWORK +BTF +XKBCOMMON +UTMP -SYSVINIT +LIBARCHIVE)
[    4.240497] systemd[1]: Detected virtualization kvm.
[    4.241568] systemd[1]: Detected architecture x86-64.

[0;1;39mWelcome to [0m[38;2;23;147;209mArch Linux[0m[0;1;39m![0m

[    4.246828] systemd[1]: Hostname set to <ksmbd-vm>.
]3008;start=54d85490a6754ac19febcc171b34e7bc;user=root;hostname=ksmbd-vm;machineid=0ab76daf18ce42b0b036a81eb53bdd79;bootid=af8e193b157b4b18a24195b8523a629c;pid=1;pidfdid=2;comm=systemd;type=boot\[    4.387398] systemd[1]: bpf-restrict-fs: LSM BPF program attached
[    4.687062] systemd[1]: initrd-switch-root.service: Deactivated successfully.
[    4.688898] systemd[1]: Stopped Switch Root.
[[0;32m  OK  [0m] Stopped [0;1;39mSwitch Root[0m.
[    4.692159] systemd[1]: systemd-journald.service: Scheduled restart job, restart counter is at 1.
[    4.694978] systemd[1]: Created slice Slice /system/dirmngr.
[[0;32m  OK  [0m] Created slice [0;1;39mSlice /system/dirmngr[0m.
[    4.698131] systemd[1]: Created slice Slice /system/getty.
[[0;32m  OK  [0m] Created slice [0;1;39mSlice /system/getty[0m.
[    4.701419] systemd[1]: Created slice Slice /system/gpg-agent.
[[0;32m  OK  [0m] Created slice [0;1;39mSlice /system/gpg-agent[0m.
[    4.704890] systemd[1]: Created slice Slice /system/gpg-agent-browser.
[[0;32m  OK  [0m] Created slice [0;1;39mSlice /system/gpg-agent-browser[0m.
[    4.708597] systemd[1]: Created slice Slice /system/gpg-agent-extra.
[[0;32m  OK  [0m] Created slice [0;1;39mSlice /system/gpg-agent-extra[0m.
[    4.711876] systemd[1]: Created slice Slice /system/gpg-agent-ssh.
[[0;32m  OK  [0m] Created slice [0;1;39mSlice /system/gpg-agent-ssh[0m.
[    4.715136] systemd[1]: Created slice Slice /system/keyboxd.
[[0;32m  OK  [0m] Created slice [0;1;39mSlice /system/keyboxd[0m.
[    4.718215] systemd[1]: Created slice Slice /system/modprobe.
[[0;32m  OK  [0m] Created slice [0;1;39mSlice /system/modprobe[0m.
[    4.721748] systemd[1]: Created slice Slice /system/serial-getty.
[[0;32m  OK  [0m] Created slice [0;1;39mSlice /system/serial-getty[0m.
[    4.725034] systemd[1]: Created slice User and Session Slice.
[[0;32m  OK  [0m] Created slice [0;1;39mUser and Session Slice[0m.
[    4.727799] systemd[1]: Started Dispatch Password Requests to Console Directory Watch.
[[0;32m  OK  [0m] Started [0;1;39mDispatch Password Requests to Console Directory Watch[0m.
[    4.731377] systemd[1]: Started Forward Password Requests to Wall Directory Watch.
[[0;32m  OK  [0m] Started [0;1;39mForward Password Requests to Wall Directory Watch[0m.
[    4.735162] systemd[1]: Set up automount Arbitrary Executable File Formats File System Automount Point.
[[0;32m  OK  [0m] Set up automount [0;1;39mArbitrary Executa…ormats File System Automount Point[0m.
[    4.739326] systemd[1]: Expecting device /dev/ttyS0...
         Expecting device [0;1;39m/dev/ttyS0[0m...
[    4.741535] systemd[1]: Reached target Local Encrypted Volumes.
[[0;32m  OK  [0m] Reached target [0;1;39mLocal Encrypted Volumes[0m.
[    4.744127] systemd[1]: Reached target Image Downloads.
[[0;32m  OK  [0m] Reached target [0;1;39mImage Downloads[0m.
[    4.746499] systemd[1]: Stopped target Switch Root.
[[0;32m  OK  [0m] Stopped target [0;1;39mSwitch Root[0m.
[    4.748836] systemd[1]: Stopped target Initrd File Systems.
[[0;32m  OK  [0m] Stopped target [0;1;39mInitrd File Systems[0m.
[    4.751848] systemd[1]: Stopped target Initrd Root File System.
[[0;32m  OK  [0m] Stopped target [0;1;39mInitrd Root File System[0m.
[    4.754490] systemd[1]: Reached target Local Integrity Protected Volumes.
[[0;32m  OK  [0m] Reached target [0;1;39mLocal Integrity Protected Volumes[0m.
[    4.757586] systemd[1]: Reached target Path Units.
[[0;32m  OK  [0m] Reached target [0;1;39mPath Units[0m.
[    4.759986] systemd[1]: Reached target Remote File Systems.
[[0;32m  OK  [0m] Reached target [0;1;39mRemote File Systems[0m.
[    4.762707] systemd[1]: Reached target Slice Units.
[[0;32m  OK  [0m] Reached target [0;1;39mSlice Units[0m.
[    4.765123] systemd[1]: Reached target Swaps.
[[0;32m  OK  [0m] Reached target [0;1;39mSwaps[0m.
[    4.767381] systemd[1]: Reached target Local Verity Protected Volumes.
[[0;32m  OK  [0m] Reached target [0;1;39mLocal Verity Protected Volumes[0m.
[    4.770794] systemd[1]: Listening on Device-mapper event daemon FIFOs.
[[0;32m  OK  [0m] Listening on [0;1;39mDevice-mapper event daemon FIFOs[0m.
[    4.776217] systemd[1]: Listening on Query the User Interactively for a Password.
[[0;32m  OK  [0m] Listening on [0;1;39mQuery the User Interactively for a Password[0m.
[    4.782109] systemd[1]: Listening on Process Core Dump Socket.
[[0;32m  OK  [0m] Listening on [0;1;39mProcess Core Dump Socket[0m.
[    4.786573] systemd[1]: Listening on Credential Encryption/Decryption.
[[0;32m  OK  [0m] Listening on [0;1;39mCredential Encryption/Decryption[0m.
[    4.792210] systemd[1]: Listening on Factory Reset Management.
[[0;32m  OK  [0m] Listening on [0;1;39mFactory Reset Management[0m.
[    4.797201] systemd[1]: Listening on Console Output Muting Service Socket.
[[0;32m  OK  [0m] Listening on [0;1;39mConsole Output Muting Service Socket[0m.
[    4.800438] systemd[1]: Listening on Network Management Resolve Hook Socket.
[[0;32m  OK  [0m] Listening on [0;1;39mNetwork Management Resolve Hook Socket[0m.
[    4.804730] systemd[1]: Listening on Network Management Varlink Socket.
[[0;32m  OK  [0m] Listening on [0;1;39mNetwork Management Varlink Socket[0m.
[    4.808134] systemd[1]: Listening on Network Management Netlink Socket.
[[0;32m  OK  [0m] Listening on [0;1;39mNetwork Management Netlink Socket[0m.
[    4.811133] systemd[1]: TPM PCR Measurements skipped, unmet condition check ConditionSecurity=measured-uki
[    4.812918] systemd[1]: Make TPM PCR Policy skipped, unmet condition check ConditionSecurity=measured-uki
[    4.815730] systemd[1]: Listening on Disk Repartitioning Service Socket.
[[0;32m  OK  [0m] Listening on [0;1;39mDisk Repartitioning Service Socket[0m.
[    4.818890] systemd[1]: Listening on Resolve Monitor Varlink Socket.
[[0;32m  OK  [0m] Listening on [0;1;39mResolve Monitor Varlink Socket[0m.
[    4.821700] systemd[1]: Listening on Resolve Service Varlink Socket.
[[0;32m  OK  [0m] Listening on [0;1;39mResolve Service Varlink Socket[0m.
[    4.824622] systemd[1]: Listening on udev Control Socket.
[[0;32m  OK  [0m] Listening on [0;1;39mudev Control Socket[0m.
[    4.827679] systemd[1]: Listening on udev Varlink Socket.
[[0;32m  OK  [0m] Listening on [0;1;39mudev Varlink Socket[0m.
[    4.830287] systemd[1]: Listening on User Database Manager Socket.
[[0;32m  OK  [0m] Listening on [0;1;39mUser Database Manager Socket[0m.
[    4.834022] systemd[1]: Mounting Huge Pages File System...
         Mounting [0;1;39mHuge Pages File System[0m...
[    4.837151] systemd[1]: Mounting POSIX Message Queue File System...
         Mounting [0;1;39mPOSIX Message Queue File System[0m..[    4.839334] systemd[1]: Mounting Kernel Debug File System...
.
         Mounting [0;1;39mKernel Debug File System[0m...
[    4.847044] systemd[1]: Mounting Kernel Trace File System...
         Mounting [0;1;39mKernel Trace File System[0m...
[    4.854270] systemd[1]: Mounting Temporary Directory /tmp...
         Mounting [0;1;39mTemporary Directory /tmp[0m...
[    4.858850] systemd[1]: Starting Create List of Static Device Nodes...
         Starting [0;1;39mCreate List of Static Device Nodes[0m...
[    4.863862] systemd[1]: Load Kernel Module configfs skipped, unmet condition check ConditionKernelModuleLoaded=!configfs
[    4.877425] systemd[1]: Mounting Kernel Configuration File System...
         Mounting [0;1;39mKernel Configuration File System[0m...
[    4.881291] systemd[1]: Load Kernel Module drm skipped, unmet condition check ConditionKernelModuleLoaded=!drm
[    4.883513] systemd[1]: Load Kernel Module fuse skipped, unmet condition check ConditionKernelModuleLoaded=!fuse
[    4.899394] systemd[1]: Mounting FUSE Control File System...
         Mounting [0;1;39mFUSE Control File System[0m...
[    4.902363] systemd[1]: Clear Stale Hibernate Storage Info skipped, unmet condition check ConditionPathExists=/sys/firmware/efi/efivars/HibernateLocation-8cf2644b-4b0b-428f-9387-6d876050dc67
[    4.909372] systemd[1]: Starting Journal Service...
         Starting [0;1;39mJournal Service[0m...
[    4.912525] systemd[1]: Load Kernel Modules skipped, no trigger condition checks were met.
[    4.917353] systemd[1]: Starting Generate Network Units from Kernel Command Line...
         Starting [0;1;39mGenerate Network Units from Kernel Command Line[0m...
[    4.920926] systemd[1]: TPM PCR Machine ID Measurement skipped, unmet condition check ConditionSecurity=measured-uki
[    4.923362] systemd[1]: TPM NvPCR Product ID Measurement skipped, unmet condition check ConditionSecurity=measured-uki
[    4.927365] systemd[1]: Starting Remount Root and Kernel File Systems...
         Starting [0;1;39mRemount Root and Kernel File Systems[0m...
[    4.936432] systemd[1]: Starting Apply Kernel Variables...
         Starting [0;1;39mApply Kernel Variables[0m...
[    4.943515] systemd[1]: Early TPM SRK Setup skipped, unmet condition check ConditionSecurity=measured-uki
[    4.948817] systemd[1]: Starting Load udev Rules from Credentials...
[    4.950704] systemd-journald[345]: Collecting audit messages is disabled.
         Starting [0;1;39mLoad udev Rules from Credentials[0m...
[    4.955391] EXT4-fs (vda1): re-mounted ddfae1cc-629e-47f4-9008-261996ba3811.
[    4.958995] systemd[1]: Starting Coldplug All udev Devices...
         Starting [0;1;39mColdplug All udev Devices[0m...
[    4.970604] systemd[1]: Started Journal Service.
[[0;32m  OK  [0m] Started [0;1;39mJournal Service[0m.
[[0;32m  OK  [0m] Mounted [0;1;39mHuge Pages File System[0m.
[[0;32m  OK  [0m] Mounted [0;1;39mPOSIX Message Queue File System[0m.
[[0;32m  OK  [0m] Mounted [0;1;39mKernel Debug File System[0m.
[[0;32m  OK  [0m] Mounted [0;1;39mKernel Trace File System[0m.
[[0;32m  OK  [0m] Mounted [0;1;39mTemporary Directory /tmp[0m.
[[0;32m  OK  [0m] Finished [0;1;39mCreate List of Static Device Nodes[0m.
[[0;32m  OK  [0m] Mounted [0;1;39mKernel Configuration File System[0m.
[[0;32m  OK  [0m] Mounted [0;1;39mFUSE Control File System[0m.
[[0;32m  OK  [0m] Finished [0;1;39mGenerate Network Units from Kernel Command Line[0m.
[[0;32m  OK  [0m] Finished [0;1;39mRemount Root and Kernel File Systems[0m.
[[0;32m  OK  [0m] Finished [0;1;39mApply Kernel Variables[0m.
[[0;32m  OK  [0m] Finished [0;1;39mLoad udev Rules from Credentials[0m.
[[0;32m  OK  [0m] Reached target [0;1;39mPreparation for Network[0m.
         Starting [0;1;39mFlush Journal to Persistent Storage[0m...
         Starting [0;1;39mLoad/Save OS Random Seed[0m...
         Starting [0;1;39mCreate Static Device Nodes in /dev gracefully[0m...
[    5.034437] systemd-journald[345]: Received client request to flush runtime journal.
[    5.045177] systemd-journald[345]: File /var/log/journal/0ab76daf18ce42b0b036a81eb53bdd79/system.journal corrupted or uncleanly shut down, renaming and replacing.
         Starting [0;1;39mUser Database Manager[0m...
[[0;32m  OK  [0m] Started [0;1;39mUser Database Manager[0m.
[[0;32m  OK  [0m] Finished [0;1;39mLoad/Save OS Random Seed[0m.
[[0;32m  OK  [0m] Finished [0;1;39mFlush Journal to Persistent Storage[0m.
[[0;32m  OK  [0m] Finished [0;1;39mCreate Static Device Nodes in /dev gracefully[0m.
         Starting [0;1;39mNetwork Name Resolution[0m...
         Starting [0;1;39mCreate Static Device Nodes in /dev[0m...
[[0;32m  OK  [0m] Finished [0;1;39mCreate Static Device Nodes in /dev[0m.
[[0;32m  OK  [0m] Reached target [0;1;39mPreparation for Local File Systems[0m.
         Starting [0;1;39mRule-based Manager for Device Events and Files[0m...
[[0;32m  OK  [0m] Finished [0;1;39mColdplug All udev Devices[0m.
[[0;32m  OK  [0m] Started [0;1;39mNetwork Name Resolution[0m.
[[0;32m  OK  [0m] Reached target [0;1;39mHost and Network Name Lookups[0m.
[[0;32m  OK  [0m] Started [0;1;39mRule-based Manager for Device Events and Files[0m.
         Starting [0;1;39mNetwork Management[0m...
[    5.477003] cfg80211: Loading compiled-in X.509 certificates for regulatory database
[    5.484348] Loaded X.509 cert 'sforshee: 00b28ddf47aef9cea7'
[    5.485588] Loaded X.509 cert 'wens: 61c038651aabdcf94bd0ac7ff06c7248db18c600'
[    5.487166] faux_driver regulatory: Direct firmware load for regulatory.db failed with error -2
[    5.490938] cfg80211: failed to load regulatory.db
[[0;32m  OK  [0m] Started [0;1;39mNetwork Management[0m.
[[0;32m  OK  [0m] Reached target [0;1;39mNetwork[0m.
         Starting [0;1;39mEnable Persistent Storage in systemd-networkd[0m...
[    5.562408] virtio_net virtio1 ens4: renamed from eth0
[[0;32m  OK  [0m] Finished [0;1;39mEnable Persistent Storage in systemd-networkd[0m.
         Mounting [0;1;39m/mnt/ksmbd[0m...
[[0;32m  OK  [0m] Reached target [0;1;39mLocal File Systems[0m.
[[0;32m  OK  [0m] Listening on [0;1;39mBoot Entries Service Socket[0m.
[[0;32m  OK  [0m] Listening on [0;1;39mDisk Image Download Service Socket[0m.
[[0;32m  OK  [0m] Listening on [0;1;39mSystem Extension Image Management[0m.
         Starting [0;1;39mCreate System Files and Directories[0m...[    5.724259] 9pnet: Limiting 'msize' to 512000 as this is the maximum supported by transport virtio

         Starting [0;1;39mLoad JSON user/group Records from Credentials[0m...
[[0;32m  OK  [0m] Mounted [0;1;39m/mnt/ksmbd[0m.
[[0;32m  OK  [0m] Finished [0;1;39mLoad JSON user/group Records from Credentials[0m.
[    5.777790] input: PC Speaker as /devices/platform/pcspkr/input/input3
[    5.787312] input: VirtualPS/2 VMware VMMouse as /devices/platform/i8042/serio1/input/input5
[    5.790284] input: VirtualPS/2 VMware VMMouse as /devices/platform/i8042/serio1/input/input4
[[0;32m  OK  [0m] Listening on [0;1;39mLoad/Save RF Kill Switch Status /dev/rfkill Watch[0m.
[    5.887832] piix4_smbus 0000:00:01.3: SMBus Host Controller at 0x700, revision 0
[[0;32m  OK  [0m] Finished [0;1;39mCreate System Files and Directories[0m.
         Starting [0;1;39mRecord System Boot/Shutdown in UTMP[0m...
[    5.901988] i2c i2c-0: Memory type 0x07 not supported yet, not instantiating SPD
[    5.926990] parport_pc 00:03: reported by Plug and Play ACPI
         Starting [0;1;39mVirtual Console Setup[0m...
[    5.938155] parport0: PC-style at 0x378, irq 7 [PCSPP,TRISTATE]
[[0;32m  OK  [0m] Finished [0;1;39mRecord System Boot/Shutdown in UTMP[0m.
[    5.942891] mousedev: PS/2 mouse device common for all mice
[[0;32m  OK  [0m] Finished [0;1;39mVirtual Console Setup[0m.
[[0;32m  OK  [0m] Reached target [0;1;39mSystem Initialization[0m.
[[0;32m  OK  [0m] Started [0;1;39mRefresh existing PGP keys of archlinux-keyring regularly[0m.
[[0;32m  OK  [0m] Started [0;1;39mDaily verification of password and group files[0m.
[[0;32m  OK  [0m] Started [0;1;39mDaily Cleanup of Temporary Directories[0m.
[[0;32m  OK  [0m] Reached target [0;1;39mTimer Units[0m.
[[0;32m  OK  [[    5.982913] RAPL PMU: API unit is 2^-32 Joules, 0 fixed counters, 10737418240 ms ovfl timer
0m] Listening on [0;1;39mD-Bus System Message Bus Socket[0m.
[[0;32m  OK  [0m] Listening on [0;1;39mGnuPG network certifi…ent daemon for /etc/pacman.d/gnupg[0m.
[[0;32m  OK  [0m] Listening on [0;1;39mGnuPG cryptographic a… browsers) for /etc/pacman.d/gnupg[0m.
[[0;32m  OK  [0m] Listening on [0;1;39mGnuPG cryptographic a…estricted) for /etc/pacman.d/gnupg[0m.
[[0;32m  OK  [0m] Listening on [0;1;39mGnuPG cryptographic a…emulation) for /etc/pacman.d/gnupg[0m.
[[0;32m  OK  [0m] Listening on [0;1;39mGnuPG cryptographic a…rase cache for /etc/pacman.d/gnupg[0m.
[[0;32m  OK  [0m] Listening on [0;1;39mGnuPG public key mana…nt service for /etc/pacman.d/gnupg[0m.
[[0;32m  OK  [0m] Listening on [0;1;39mOpenSSH Server Socket…temd-ssh-generator, AF_UNIX Local)[0m.
         Starting [0;1;39mOpenSSH Server Socket (systemd-ssh-generator, AF_VSOCK)[0m...
[[0;32m  OK  [0m] Listening on [0;1;39mHostname Service Socket[0m.
[[0;32m  OK  [0m] Listening on [0;1;39mUser Login Management Varlink Socket[0m.
[[0;32m  OK  [0m] Listening on [0;1;39mVirtual Machine and C…tainer Registration Service Socket[0m.
         Starting [0;1;39mD-Bus System Message Bus[0m...
[[0;32m  OK  [0m] Listening on [0;1;39mOpenSSH Server Socket (systemd-ssh-generator, AF_VSOCK)[0m.
[[0;32m  OK  [0m] Reached target [0;1;39mSocket Units[0m.
[[0;32m  OK  [0m] Started [0;1;39mD-Bus System Message Bus[0m.
[[0;32m  OK  [0m] Reached target [0;1;39mBasic System[0m.
         Starting [0;1;39mOpenSSH Daemon[0m...
[    6.142195] ppdev: user-space parallel port driver
         Starting [0;1;39mUser Login Management[0m...
         Starting [0;1;39mPermit User Sessions[0m...
[[0;32m  OK  [0m] Started [0;1;39mOpenSSH Daemon[0m.
[[0;32m  OK  [0m] Finished [0;1;39mPermit User Sessions[0m.
[[0;32m  OK  [0m] Reached target [0;1;39mSSH Access Available[0m.
[[0;32m  OK  [0m] Started [0;1;39mGetty on tty1[0m.
[[0;32m  OK  [0m] Started [0;1;39mSerial Getty on ttyS0[0m.
[[0;32m  OK  [0m] Reached target [0;1;39mLogin Prompts[0m.
[[0;32m  OK  [0m] Started [0;1;39mUser Login Management[0m.
[[0;32m  OK  [0m] Reached target [0;1;39mMulti-User System[0m.
[[0;32m  OK  [0m] Reached target [0;1;39mGraphical Interface[0m.
[!p]104\[0m[?7h[1G[0J[6n[32766;32766H[6n[!p]104\[0m[?7h[1G[0J[6n[32766;32766H[6n]3008;start=91b0d3b72bf74ff19957c072b529c7ee;user=root;hostname=ksmbd-vm;machineid=0ab76daf18ce42b0b036a81eb53bdd79;bootid=af8e193b157b4b18a24195b8523a629c;pid=449;pidfdid=450;comm=(agetty);servicename=serial-getty@ttyS0.service;invocationid=ac21e3e4960240edba45ab0383d977b9;type=service\P+q6E616D65\
Arch Linux 6.18.13-arch1-1 (ttyS0)

Try contacting this VM's SSH server via 'ssh vsock%4294967295' from host.

ksmbd-vm login: root (automatic login)

]3008;start=7e38d1337faf46169f392adcd373dc7e;user=root;hostname=ksmbd-vm;machineid=0ab76daf18ce42b0b036a81eb53bdd79;bootid=af8e193b157b4b18a24195b8523a629c;pid=449;pidfdid=450;comm=login;targetuser=root;sessionid=1;type=session\
  ╔══════════════════════════════════════════════╗
  ║         ksmbd Test VM                        ║
  ╠══════════════════════════════════════════════╣
  ║  /root/start-ksmbd.sh   - Start server      ║
  ║  /root/reload-ksmbd.sh  - Reload module      ║
  ║  /root/dev-info.sh      - Debug/analysis info║
  ║  /mnt/ksmbd/            - Shared source      ║
  ║  poweroff                - Shutdown VM        ║
  ╚══════════════════════════════════════════════╝

]3008;start=8efaa3b9-8463-42f9-8885-a195ea523634;machineid=0ab76daf18ce42b0b036a81eb53bdd79;user=root;hostname=ksmbd-vm;bootid=af8e193b-157b-4b18-a241-95b8523a629c;pid=00000000000000000466;type=shell;cwd=/root\[?2004h[root@ksmbd-vm ~]# [   23.327270] ksmbd: loading out-of-tree module taints kernel.
[   23.328360] ksmbd: module verification failed: signature and/or required key missing - tainting kernel
[   23.355994] ksmbd: Configuration subsystem initialized with 12 parameters
[   23.364792] ksmbd: kernel provides md4, skipping built-in registration
[   23.368070] ksmbd: ksmbd: Fruit SMB extensions loaded
[   23.369070] ksmbd: ksmbd: CHANGE_NOTIFY subsystem initialised
[   23.370122] ksmbd: ksmbd: hook subsystem initialized (22 hook points)
[   23.371304] ksmbd: ksmbd: witness protocol support initialised
[   25.464619] ksmbd: connect success: accepted new connection
[   25.471331] ksmbd: RFC1002 hdr=00 00 00 e2 len=226 status=0
[   25.472480] ksmbd: PDU sig=fe 53 4d 42 pdu=226 req_running=0
[   25.473619] ksmbd: got SMB2 command
[   25.474275] ksmbd: no length check for command
[   25.475066] ksmbd: SMB2 data length 0 offset 0
[   25.475993] ksmbd: SMB2 len 100
[   25.476633] ksmbd: Unknown command 0 in credit charge validation, defaulting to 1
[   25.478066] ksmbd: credit_check: cmd=0 charge=1 calc=1 req_len=1 resp_len=0 total=1 out=0
[   25.479590] ksmbd: credit_check: lock_enter cmd=0 charge=1 total=1 out=0
[   25.480884] ksmbd: credit_check: lock_exit cmd=0 ret=0 total=1 out=1
[   25.482109] ksmbd: client requested dialect 0x311
[   25.483003] ksmbd: selected SMB 3.1.1 dialect
[   25.483989] ksmbd: conn->dialect 0x311
[   25.484796] ksmbd: Received negotiate request
[   25.485844] ksmbd: decoding 4 negotiate contexts
[   25.486693] ksmbd: deassemble SMB2_PREAUTH_INTEGRITY_CAPABILITIES context
[   25.487887] ksmbd: deassemble SMB2_ENCRYPTION_CAPABILITIES context
[   25.489196] ksmbd: Cipher ID = 0x4
[   25.489948] ksmbd: deassemble SMB2_SIGNING_CAPABILITIES context
[   25.491292] ksmbd: Signing Algorithm ID = 0x2
[   25.492253] ksmbd: deassemble SMB2_NETNAME_NEGOTIATE_CONTEXT_ID context
[   25.493593] ksmbd: NETNAME context name '127.0.0.1' != server name 'KSMBD-VM'
[   25.495247] ksmbd: assemble SMB2_PREAUTH_INTEGRITY_CAPABILITIES context
[   25.496697] ksmbd: assemble SMB2_ENCRYPTION_CAPABILITIES context
[   25.498027] ksmbd: assemble SMB2_SIGNING_CAPABILITIES context
[   25.499316] ksmbd: negotiate context offset 224, count 3
[   25.500446] ksmbd: credit_rsp: dispatch cmd=0 total=1 out=1 granted_total=0
[   25.501883] ksmbd: credit_rsp: lock_enter cmd=0 charge=1 req=31 total=1 out=1 granted_total=0
[   25.503691] ksmbd: credit_rsp: lock_exit cmd=0 charge=1 req=31 granted=1 total=1 out=0 granted_total=1
[   25.505645] ksmbd: credits: requested[31] granted[1] total_granted[1]
[   25.511143] ksmbd: RFC1002 hdr=00 00 00 a2 len=162 status=5
[   25.512774] ksmbd: PDU sig=fe 53 4d 42 pdu=162 req_running=0
[   25.514456] ksmbd: got SMB2 command
[   25.515446] ksmbd: SMB2 data length 74 offset 88
[   25.516737] ksmbd: SMB2 len 162
[   25.517853] ksmbd: Unknown command 1 in credit charge validation, defaulting to 1
[   25.519483] ksmbd: credit_check: cmd=1 charge=1 calc=1 req_len=1 resp_len=0 total=1 out=0
[   25.521006] ksmbd: credit_check: lock_enter cmd=1 charge=1 total=1 out=0
[   25.522267] ksmbd: credit_check: lock_exit cmd=1 ret=0 total=1 out=1
[   25.523452] ksmbd: Received smb2 session setup request
[   25.524616] ksmbd: negotiate phase
[   25.525838] ksmbd: NTLMSSP SecurityBufferLength 148
[   25.527001] ksmbd: credit_rsp: dispatch cmd=1 total=1 out=1 granted_total=0
[   25.529150] ksmbd: credit_rsp: lock_enter cmd=1 charge=1 req=31 total=1 out=1 granted_total=0
[   25.531318] ksmbd: credit_rsp: lock_exit cmd=1 charge=1 req=31 granted=31 total=31 out=0 granted_total=31
[   25.533121] ksmbd: credits: requested[31] granted[31] total_granted[31]
[   25.534717] ksmbd: RFC1002 hdr=00 00 01 fa len=506 status=5
[   25.535840] ksmbd: PDU sig=fe 53 4d 42 pdu=506 req_running=0
[   25.536939] ksmbd: got SMB2 command
[   25.537605] ksmbd: SMB2 data length 418 offset 88
[   25.538506] ksmbd: SMB2 len 506
[   25.539115] ksmbd: Unknown command 1 in credit charge validation, defaulting to 1
[   25.540574] ksmbd: credit_check: cmd=1 charge=1 calc=1 req_len=1 resp_len=0 total=31 out=0
[   25.542408] ksmbd: credit_check: lock_enter cmd=1 charge=1 total=31 out=0
[   25.543799] ksmbd: credit_check: lock_exit cmd=1 ret=0 total=31 out=1
[   25.545250] ksmbd: Received smb2 session setup request
[   25.546508] ksmbd: authenticate phase
[   25.547616] ksmbd: session setup request for user testuser
[   25.549472] ksmbd: decode_ntlmssp_authenticate_blob dnameWORKGROUP
[   25.550779] ksmbd: generated encryption keys for session 1, cipher type 4
[   25.552410] ksmbd: generated signing key for session 1
[   25.553587] ksmbd: credit_rsp: dispatch cmd=1 total=31 out=1 granted_total=0
[   25.555150] ksmbd: credit_rsp: lock_enter cmd=1 charge=1 req=1 total=31 out=1 granted_total=0
[   25.557089] ksmbd: credit_rsp: lock_exit cmd=1 charge=1 req=1 granted=1 total=31 out=0 granted_total=1
[   25.559212] ksmbd: credits: requested[1] granted[1] total_granted[31]
[   25.561130] ksmbd: RFC1002 hdr=00 00 00 68 len=104 status=1
[   25.562711] ksmbd: PDU sig=fe 53 4d 42 pdu=104 req_running=0
[   25.563881] ksmbd: skip to check tree connect request
[   25.564870] ksmbd: got SMB2 command
[   25.565552] ksmbd: SMB2 data length 32 offset 72
[   25.566439] ksmbd: SMB2 len 104
[   25.567005] ksmbd: Unknown command 3 in credit charge validation, defaulting to 1
[   25.568376] ksmbd: credit_check: cmd=3 charge=1 calc=1 req_len=1 resp_len=0 total=31 out=0
[   25.569845] ksmbd: credit_check: lock_enter cmd=3 charge=1 total=31 out=0
[   25.571068] ksmbd: credit_check: lock_exit cmd=3 ret=0 total=31 out=1
[   25.572329] ksmbd: Received smb2 tree connect request
[   25.573450] ksmbd: tree connect request for tree test treename \\127.0.0.1\test
[   25.575714] ksmbd: MaximalAccess: perm_r=0 perm_w=0 perm_x=0 access=0x001f01ff
[   25.576998] ksmbd: credit_rsp: dispatch cmd=3 total=31 out=1 granted_total=0
[   25.578272] ksmbd: credit_rsp: lock_enter cmd=3 charge=1 req=1 total=31 out=1 granted_total=0
[   25.579790] ksmbd: credit_rsp: lock_exit cmd=3 charge=1 req=1 granted=1 total=31 out=0 granted_total=1
[   25.581443] ksmbd: credits: requested[1] granted[1] total_granted[31]
[   25.582818] ksmbd: RFC1002 hdr=00 00 00 8a len=138 status=1
[   25.583804] ksmbd: PDU sig=fe 53 4d 42 pdu=138 req_running=0
[   25.584850] ksmbd: got SMB2 command
[   25.585522] ksmbd: SMB2 data length 18 offset 120
[   25.586396] ksmbd: SMB2 len 138
[   25.586955] ksmbd: Unknown command 5 in credit charge validation, defaulting to 1
[   25.588279] ksmbd: credit_check: cmd=5 charge=1 calc=1 req_len=1 resp_len=0 total=31 out=0
[   25.589710] ksmbd: credit_check: lock_enter cmd=5 charge=1 total=31 out=0
[   25.590923] ksmbd: credit_check: lock_exit cmd=5 ret=0 total=31 out=1
[   25.592073] ksmbd: Received smb2 create request
[   25.592907] ksmbd: converted name = test9.dat
[   25.594920] ksmbd: credit_rsp: dispatch cmd=5 total=31 out=1 granted_total=0
[   25.596177] ksmbd: credit_rsp: lock_enter cmd=5 charge=1 req=1 total=31 out=1 granted_total=0
[   25.597693] ksmbd: credit_rsp: lock_exit cmd=5 charge=1 req=1 granted=1 total=31 out=0 granted_total=1
[   25.599377] ksmbd: credits: requested[1] granted[1] total_granted[31]
[   25.600874] ksmbd: RFC1002 hdr=00 00 00 58 len=88 status=1
[   25.602017] ksmbd: PDU sig=fe 53 4d 42 pdu=88 req_running=0
[   25.603322] ksmbd: got SMB2 command
[   25.603970] ksmbd: SMB2 len 88
[   25.604637] ksmbd: Unknown command 6 in credit charge validation, defaulting to 1
[   25.606187] ksmbd: credit_check: cmd=6 charge=1 calc=1 req_len=1 resp_len=0 total=31 out=0
[   25.607702] ksmbd: credit_check: lock_enter cmd=6 charge=1 total=31 out=0
[   25.609001] ksmbd: credit_check: lock_exit cmd=6 ret=0 total=31 out=1
[   25.610263] ksmbd: Received smb2 close request
[   25.611068] ksmbd: volatile_id = 0
[   25.611914] ksmbd: credit_rsp: dispatch cmd=6 total=31 out=1 granted_total=0
[   25.613339] ksmbd: credit_rsp: lock_enter cmd=6 charge=1 req=1 total=31 out=1 granted_total=0
[   25.615017] ksmbd: credit_rsp: lock_exit cmd=6 charge=1 req=1 granted=1 total=31 out=0 granted_total=1
[   25.616829] ksmbd: credits: requested[1] granted[1] total_granted[31]
[   25.618371] ksmbd: RFC1002 hdr=00 00 00 8a len=138 status=1
[   25.619400] ksmbd: PDU sig=fe 53 4d 42 pdu=138 req_running=0
[   25.620466] ksmbd: got SMB2 command
[   25.621148] ksmbd: SMB2 data length 18 offset 120
[   25.621994] ksmbd: SMB2 len 138
[   25.622673] ksmbd: Unknown command 5 in credit charge validation, defaulting to 1
[   25.624717] ksmbd: credit_check: cmd=5 charge=1 calc=1 req_len=1 resp_len=0 total=31 out=0
[   25.626805] ksmbd: credit_check: lock_enter cmd=5 charge=1 total=31 out=0
[   25.628507] ksmbd: credit_check: lock_exit cmd=5 ret=0 total=31 out=1
[   25.630137] ksmbd: Received smb2 create request
[   25.631370] ksmbd: converted name = test9.dat
[   25.632498] ksmbd: can not get linux path for test9.dat, rc = -2
[   25.634120] ksmbd: file does not exist, so creating
[   25.635353] ksmbd: creating regular file
[   25.636415] ksmbd: inherit posix acl failed : -2
[   25.637564] ksmbd: Set posix acls
[   25.638421] ksmbd: mode: 7, access flags now 0x1f01bf
[   25.639648] ksmbd: mode: 7, access flags now 0x1f01bf
[   25.640901] ksmbd: mode: 7, access flags now 0x1f01bf
[   25.642276] ksmbd: credit_rsp: dispatch cmd=5 total=31 out=1 granted_total=0
[   25.643988] ksmbd: credit_rsp: lock_enter cmd=5 charge=1 req=1 total=31 out=1 granted_total=0
[   25.646073] ksmbd: credit_rsp: lock_exit cmd=5 charge=1 req=1 granted=1 total=31 out=0 granted_total=1
[   25.648291] ksmbd: credits: requested[1] granted[1] total_granted[31]
[   25.650182] ksmbd: RFC1002 hdr=00 00 00 8a len=138 status=1
[   25.651628] ksmbd: PDU sig=fe 53 4d 42 pdu=138 req_running=0
[   25.653034] ksmbd: got SMB2 command
[   25.653921] ksmbd: SMB2 data length 18 offset 120
[   25.655104] ksmbd: SMB2 len 138
[   25.655960] ksmbd: Unknown command 5 in credit charge validation, defaulting to 1
[   25.657845] ksmbd: credit_check: cmd=5 charge=1 calc=1 req_len=1 resp_len=0 total=31 out=0
[   25.659887] ksmbd: credit_check: lock_enter cmd=5 charge=1 total=31 out=0
[   25.661551] ksmbd: credit_check: lock_exit cmd=5 ret=0 total=31 out=1
[   25.663111] ksmbd: Received smb2 create request
[   25.664288] ksmbd: converted name = test9.dat
[   25.665407] ksmbd: check permission using windows acl
[   25.666687] ksmbd: credit_rsp: dispatch cmd=5 total=31 out=1 granted_total=0
[   25.668401] ksmbd: credit_rsp: lock_enter cmd=5 charge=1 req=1 total=31 out=1 granted_total=0
[   25.670466] ksmbd: credit_rsp: lock_exit cmd=5 charge=1 req=1 granted=1 total=31 out=0 granted_total=1
[   25.672725] ksmbd: credits: requested[1] granted[1] total_granted[31]
[   25.674726] ksmbd: RFC1002 hdr=00 01 00 70 len=65648 status=1
[   25.676557] ksmbd: PDU sig=fe 53 4d 42 pdu=65648 req_running=0
[   25.677991] ksmbd: got SMB2 command
[   25.678904] ksmbd: SMB2 data length 65536 offset 112
[   25.680164] ksmbd: SMB2 len 65648
[   25.681005] ksmbd: credit_check: cmd=9 charge=1 calc=1 req_len=65536 resp_len=0 total=31 out=0
[   25.683201] ksmbd: credit_check: lock_enter cmd=9 charge=1 total=31 out=0
[   25.684869] ksmbd: credit_check: lock_exit cmd=9 ret=0 total=31 out=1
[   25.686449] ksmbd: Received smb2 write request
[   25.687577] ksmbd: flags 0
[   25.688287] ksmbd: filename test9.dat, offset 0, len 65536
[   25.689665] ksmbd: unexpected oplock(0x0)
[   25.690655] ksmbd: unexpected oplock(0x0)
[   25.691746] ksmbd: credit_rsp: dispatch cmd=9 total=31 out=1 granted_total=0
[   25.693478] ksmbd: credit_rsp: lock_enter cmd=9 charge=1 req=1 total=31 out=1 granted_total=0
[   25.695543] ksmbd: credit_rsp: lock_exit cmd=9 charge=1 req=1 granted=1 total=31 out=0 granted_total=1
[   25.697784] ksmbd: credits: requested[1] granted[1] total_granted[31]
[   25.699742] ksmbd: RFC1002 hdr=00 00 00 69 len=105 status=1
[   25.701175] ksmbd: PDU sig=fe 53 4d 42 pdu=105 req_running=0
[   25.702732] ksmbd: got SMB2 command
[   25.703628] ksmbd: SMB2 data length 0 offset 104
[   25.704799] ksmbd: SMB2 len 105
[   25.705603] ksmbd: credit_check: cmd=16 charge=1 calc=1 req_len=65536 resp_len=0 total=31 out=0
[   25.707637] ksmbd: credit_check: lock_enter cmd=16 charge=1 total=31 out=0
[   25.709302] ksmbd: credit_check: lock_exit cmd=16 ret=0 total=31 out=1
[   25.710886] ksmbd: Received request smb2 query info request
[   25.712261] ksmbd: GOT SMB2_O_INFO_FILE
[   25.713220] ksmbd: filename = \test9.dat
[   25.714229] ksmbd: credit_rsp: dispatch cmd=16 total=31 out=1 granted_total=0
[   25.715989] ksmbd: credit_rsp: lock_enter cmd=16 charge=1 req=1 total=31 out=1 granted_total=0
[   25.718144] ksmbd: credit_rsp: lock_exit cmd=16 charge=1 req=1 granted=1 total=31 out=0 granted_total=1
[   25.720428] ksmbd: credits: requested[1] granted[1] total_granted[31]
[   25.722271] ksmbd: RFC1002 hdr=00 00 00 69 len=105 status=1
[   25.723636] ksmbd: PDU sig=fe 53 4d 42 pdu=105 req_running=0
[   25.725049] ksmbd: got SMB2 command
[   25.725942] ksmbd: SMB2 data length 0 offset 104
[   25.727072] ksmbd: SMB2 len 105
[   25.727912] ksmbd: credit_check: cmd=16 charge=1 calc=1 req_len=65536 resp_len=0 total=31 out=0
[   25.730000] ksmbd: credit_check: lock_enter cmd=16 charge=1 total=31 out=0
[   25.731603] ksmbd: credit_check: lock_exit cmd=16 ret=0 total=31 out=1
[   25.733216] ksmbd: Received request smb2 query info request
[   25.734547] ksmbd: GOT SMB2_O_INFO_FILE
[   25.735511] ksmbd: credit_rsp: dispatch cmd=16 total=31 out=1 granted_total=0
[   25.737295] ksmbd: credit_rsp: lock_enter cmd=16 charge=1 req=1 total=31 out=1 granted_total=0
[   25.739352] ksmbd: credit_rsp: lock_exit cmd=16 charge=1 req=1 granted=1 total=31 out=0 granted_total=1
[   25.741609] ksmbd: credits: requested[1] granted[1] total_granted[31]
[   25.743361] ksmbd: RFC1002 hdr=00 00 00 69 len=105 status=1
[   25.744742] ksmbd: PDU sig=fe 53 4d 42 pdu=105 req_running=0
[   25.746318] ksmbd: got SMB2 command
[   25.747218] ksmbd: SMB2 data length 0 offset 104
[   25.748398] ksmbd: SMB2 len 105
[   25.749222] ksmbd: credit_check: cmd=16 charge=1 calc=1 req_len=65536 resp_len=0 total=31 out=0
[   25.751287] ksmbd: credit_check: lock_enter cmd=16 charge=1 total=31 out=0
[   25.752962] ksmbd: credit_check: lock_exit cmd=16 ret=0 total=31 out=1
[   25.754493] ksmbd: Received request smb2 query info request
[   25.755856] ksmbd: GOT SMB2_O_INFO_FILE
[   25.756835] ksmbd: system.posix_acl_access, len 23
[   25.758022] ksmbd: user.DOSATTRIB, len 14
[   25.759042] ksmbd: security.NTACL, len 14
[   25.760062] ksmbd: credit_rsp: dispatch cmd=16 total=31 out=1 granted_total=0
[   25.762039] ksmbd: credit_rsp: lock_enter cmd=16 charge=1 req=1 total=31 out=1 granted_total=0
[   25.764164] ksmbd: credit_rsp: lock_exit cmd=16 charge=1 req=1 granted=1 total=31 out=0 granted_total=1
[   25.766479] ksmbd: credits: requested[1] granted[1] total_granted[31]
[   25.768278] ksmbd: RFC1002 hdr=00 00 00 69 len=105 status=1
[   25.769639] ksmbd: PDU sig=fe 53 4d 42 pdu=105 req_running=0
[   25.771068] ksmbd: got SMB2 command
[   25.771952] ksmbd: SMB2 data length 0 offset 104
[   25.773102] ksmbd: SMB2 len 105
[   25.773941] ksmbd: credit_check: cmd=16 charge=1 calc=1 req_len=65536 resp_len=0 total=31 out=0
[   25.776026] ksmbd: credit_check: lock_enter cmd=16 charge=1 total=31 out=0
[   25.777700] ksmbd: credit_check: lock_exit cmd=16 ret=0 total=31 out=1
[   25.779302] ksmbd: Received request smb2 query info request
[   25.780690] ksmbd: GOT SMB2_O_INFO_FILE
[   25.781656] ksmbd: system.posix_acl_access, len 23
[   25.782846] ksmbd: user.DOSATTRIB, len 14
[   25.783847] ksmbd: security.NTACL, len 14
[   25.784859] ksmbd: credit_rsp: dispatch cmd=16 total=31 out=1 granted_total=0
[   25.786738] ksmbd: credit_rsp: lock_enter cmd=16 charge=1 req=1 total=31 out=1 granted_total=0
[   25.788895] ksmbd: credit_rsp: lock_exit cmd=16 charge=1 req=1 granted=1 total=31 out=0 granted_total=1
[   25.791212] ksmbd: credits: requested[1] granted[1] total_granted[31]
[   25.793175] ksmbd: RFC1002 hdr=00 01 00 70 len=65648 status=1
[   25.794800] ksmbd: PDU sig=fe 53 4d 42 pdu=65648 req_running=0
[   25.796280] ksmbd: got SMB2 command
[   25.797135] ksmbd: SMB2 data length 65536 offset 112
[   25.798364] ksmbd: SMB2 len 65648
[   25.799116] ksmbd: credit_check: cmd=9 charge=1 calc=1 req_len=65536 resp_len=0 total=31 out=0
[   25.800868] ksmbd: credit_check: lock_enter cmd=9 charge=1 total=31 out=0
[   25.802210] ksmbd: credit_check: lock_exit cmd=9 ret=0 total=31 out=1
[   25.803461] ksmbd: Received smb2 write request
[   25.804347] ksmbd: flags 0
[   25.804931] ksmbd: filename test9.dat, offset 0, len 65536
[   25.806020] ksmbd: unexpected oplock(0x0)
[   25.806832] ksmbd: unexpected oplock(0x0)
[   25.807674] ksmbd: credit_rsp: dispatch cmd=9 total=31 out=1 granted_total=0
[   25.809309] ksmbd: credit_rsp: lock_enter cmd=9 charge=1 req=1 total=31 out=1 granted_total=0
[   25.811381] ksmbd: credit_rsp: lock_exit cmd=9 charge=1 req=1 granted=1 total=31 out=0 granted_total=1
[   25.813661] ksmbd: credits: requested[1] granted[1] total_granted[31]
[   25.815437] ksmbd: RFC1002 hdr=00 00 00 69 len=105 status=1
[   25.816816] ksmbd: PDU sig=fe 53 4d 42 pdu=105 req_running=0
[   25.818410] ksmbd: got SMB2 command
[   25.819304] ksmbd: SMB2 data length 0 offset 104
[   25.820446] ksmbd: SMB2 len 105
[   25.821255] ksmbd: credit_check: cmd=16 charge=1 calc=1 req_len=65536 resp_len=0 total=31 out=0
[   25.823315] ksmbd: credit_check: lock_enter cmd=16 charge=1 total=31 out=0
[   25.824978] ksmbd: credit_check: lock_exit cmd=16 ret=0 total=31 out=1
[   25.826591] ksmbd: Received request smb2 query info request
[   25.828003] ksmbd: GOT SMB2_O_INFO_FILE
[   25.828985] ksmbd: filename = \test9.dat
[   25.829993] ksmbd: credit_rsp: dispatch cmd=16 total=31 out=1 granted_total=0
[   25.831754] ksmbd: credit_rsp: lock_enter cmd=16 charge=1 req=1 total=31 out=1 granted_total=0
[   25.833875] ksmbd: credit_rsp: lock_exit cmd=16 charge=1 req=1 granted=1 total=31 out=0 granted_total=1
[   25.836193] ksmbd: credits: requested[1] granted[1] total_granted[31]
[   25.837731] ksmbd: RFC1002 hdr=00 00 00 69 len=105 status=1
[   25.839177] ksmbd: PDU sig=fe 53 4d 42 pdu=105 req_running=0
[   25.840596] ksmbd: got SMB2 command
[   25.841477] ksmbd: SMB2 data length 0 offset 104
[   25.842626] ksmbd: SMB2 len 105
[   25.843440] ksmbd: credit_check: cmd=16 charge=1 calc=1 req_len=65536 resp_len=0 total=31 out=0
[   25.845524] ksmbd: credit_check: lock_enter cmd=16 charge=1 total=31 out=0
[   25.847248] ksmbd: credit_check: lock_exit cmd=16 ret=0 total=31 out=1
[   25.848910] ksmbd: Received request smb2 query info request
[   25.850363] ksmbd: GOT SMB2_O_INFO_FILE
[   25.851384] ksmbd: credit_rsp: dispatch cmd=16 total=31 out=1 granted_total=0
[   25.853195] ksmbd: credit_rsp: lock_enter cmd=16 charge=1 req=1 total=31 out=1 granted_total=0
[   25.855332] ksmbd: credit_rsp: lock_exit cmd=16 charge=1 req=1 granted=1 total=31 out=0 granted_total=1
[   25.857607] ksmbd: credits: requested[1] granted[1] total_granted[31]
[   25.859525] ksmbd: RFC1002 hdr=00 00 00 69 len=105 status=1
[   25.860953] ksmbd: PDU sig=fe 53 4d 42 pdu=105 req_running=0
[   25.864764] ksmbd: got SMB2 command
[   25.865658] ksmbd: SMB2 data length 0 offset 104
[   25.866815] ksmbd: SMB2 len 105
[   25.867625] ksmbd: credit_check: cmd=16 charge=1 calc=1 req_len=65536 resp_len=0 total=31 out=0
[   25.869678] ksmbd: credit_check: lock_enter cmd=16 charge=1 total=31 out=0
[   25.871417] ksmbd: credit_check: lock_exit cmd=16 ret=0 total=31 out=1
[   25.872988] ksmbd: Received request smb2 query info request
[   25.874440] ksmbd: GOT SMB2_O_INFO_FILE
[   25.875457] ksmbd: system.posix_acl_access, len 23
[   25.876673] ksmbd: user.DOSATTRIB, len 14
[   25.877682] ksmbd: security.NTACL, len 14
[   25.878684] ksmbd: credit_rsp: dispatch cmd=16 total=31 out=1 granted_total=0
[   25.880423] ksmbd: credit_rsp: lock_enter cmd=16 charge=1 req=1 total=31 out=1 granted_total=0
[   25.882327] ksmbd: credit_rsp: lock_exit cmd=16 charge=1 req=1 granted=1 total=31 out=0 granted_total=1
[   25.884083] ksmbd: credits: requested[1] granted[1] total_granted[31]
[   25.885526] ksmbd: RFC1002 hdr=00 00 00 69 len=105 status=1
[   25.886584] ksmbd: PDU sig=fe 53 4d 42 pdu=105 req_running=0
[   25.887654] ksmbd: got SMB2 command
[   25.888380] ksmbd: SMB2 data length 0 offset 104
[   25.889273] ksmbd: SMB2 len 105
[   25.889867] ksmbd: credit_check: cmd=16 charge=1 calc=1 req_len=65536 resp_len=0 total=31 out=0
[   25.891505] ksmbd: credit_check: lock_enter cmd=16 charge=1 total=31 out=0
[   25.892989] ksmbd: credit_check: lock_exit cmd=16 ret=0 total=31 out=1
[   25.894263] ksmbd: Received request smb2 query info request
[   25.895344] ksmbd: GOT SMB2_O_INFO_FILE
[   25.896120] ksmbd: system.posix_acl_access, len 23
[   25.897024] ksmbd: user.DOSATTRIB, len 14
[   25.897807] ksmbd: security.NTACL, len 14
[   25.898592] ksmbd: credit_rsp: dispatch cmd=16 total=31 out=1 granted_total=0
[   25.899964] ksmbd: credit_rsp: lock_enter cmd=16 charge=1 req=1 total=31 out=1 granted_total=0
[   25.901569] ksmbd: credit_rsp: lock_exit cmd=16 charge=1 req=1 granted=1 total=31 out=0 granted_total=1
[   25.903298] ksmbd: credits: requested[1] granted[1] total_granted[31]
[   25.904684] ksmbd: RFC1002 hdr=00 00 00 58 len=88 status=1
[   25.905724] ksmbd: PDU sig=fe 53 4d 42 pdu=88 req_running=0
[   25.906790] ksmbd: got SMB2 command
[   25.907455] ksmbd: SMB2 len 88
[   25.908086] ksmbd: Unknown command 7 in credit charge validation, defaulting to 1
[   25.909859] ksmbd: credit_check: cmd=7 charge=1 calc=1 req_len=1 resp_len=0 total=31 out=0
[   25.911378] ksmbd: credit_check: lock_enter cmd=7 charge=1 total=31 out=0
[   25.912645] ksmbd: credit_check: lock_exit cmd=7 ret=0 total=31 out=1
[   25.913836] ksmbd: Received smb2 flush request(fid : 1)
[   25.942182] ksmbd: credit_rsp: dispatch cmd=7 total=31 out=1 granted_total=0
[   25.943489] ksmbd: credit_rsp: lock_enter cmd=7 charge=1 req=1 total=31 out=1 granted_total=0
[   25.945023] ksmbd: credit_rsp: lock_exit cmd=7 charge=1 req=1 granted=1 total=31 out=0 granted_total=1
[   25.946704] ksmbd: credits: requested[1] granted[1] total_granted[31]
[   25.948317] ksmbd: RFC1002 hdr=00 00 00 71 len=113 status=1
[   25.949365] ksmbd: PDU sig=fe 53 4d 42 pdu=113 req_running=0
[   25.950437] ksmbd: got SMB2 command
[   25.951146] ksmbd: SMB2 data length 0 offset 112
[   25.952014] ksmbd: SMB2 len 113
[   25.952627] ksmbd: credit_check: cmd=8 charge=1 calc=1 req_len=65536 resp_len=0 total=31 out=0
[   25.954276] ksmbd: credit_check: lock_enter cmd=8 charge=1 total=31 out=0
[   25.955513] ksmbd: credit_check: lock_exit cmd=8 ret=0 total=31 out=1
[   25.956924] ksmbd: Received smb2 read request
[   25.957934] ksmbd: filename test9.dat, offset 0, len 65536
[   25.959327] ksmbd: zero-copy nbytes 65536, offset 0
[   25.960503] ksmbd: credit_rsp: dispatch cmd=8 total=31 out=1 granted_total=0
[   25.962218] ksmbd: credit_rsp: lock_enter cmd=8 charge=1 req=1 total=31 out=1 granted_total=0
[   25.964259] ksmbd: credit_rsp: lock_exit cmd=8 charge=1 req=1 granted=1 total=31 out=0 granted_total=1
[   25.966498] ksmbd: credits: requested[1] granted[1] total_granted[31]
[   25.968831] ksmbd: RFC1002 hdr=00 00 00 58 len=88 status=1
[   25.970192] ksmbd: PDU sig=fe 53 4d 42 pdu=88 req_running=0
[   25.971581] ksmbd: got SMB2 command
[   25.972466] ksmbd: SMB2 len 88
[   25.973276] ksmbd: Unknown command 6 in credit charge validation, defaulting to 1
[   25.974944] ksmbd: credit_check: cmd=6 charge=1 calc=1 req_len=1 resp_len=0 total=31 out=0
[   25.976449] ksmbd: credit_check: lock_enter cmd=6 charge=1 total=31 out=0
[   25.977717] ksmbd: credit_check: lock_exit cmd=6 ret=0 total=31 out=1
[   25.978920] ksmbd: Received smb2 close request
[   25.979798] ksmbd: volatile_id = 1
[   25.980451] ksmbd: credit_rsp: dispatch cmd=6 total=31 out=1 granted_total=0
[   25.981762] ksmbd: credit_rsp: lock_enter cmd=6 charge=1 req=1 total=31 out=1 granted_total=0
[   25.983347] ksmbd: credit_rsp: lock_exit cmd=6 charge=1 req=1 granted=1 total=31 out=0 granted_total=1
[   25.985031] ksmbd: credits: requested[1] granted[1] total_granted[31]
[   25.986476] ksmbd: RFC1002 hdr=00 00 00 58 len=88 status=1
[   25.987495] ksmbd: PDU sig=fe 53 4d 42 pdu=88 req_running=0
[   25.988618] ksmbd: got SMB2 command
[   25.989284] ksmbd: SMB2 len 88
[   25.989831] ksmbd: Unknown command 6 in credit charge validation, defaulting to 1
[   25.991349] ksmbd: credit_check: cmd=6 charge=1 calc=1 req_len=1 resp_len=0 total=31 out=0
[   25.992815] ksmbd: credit_check: lock_enter cmd=6 charge=1 total=31 out=0
[   25.994041] ksmbd: credit_check: lock_exit cmd=6 ret=0 total=31 out=1
[   25.995311] ksmbd: Received smb2 close request
[   25.996126] ksmbd: volatile_id = 2
[   25.996816] ksmbd: credit_rsp: dispatch cmd=6 total=31 out=1 granted_total=0
[   25.998070] ksmbd: credit_rsp: lock_enter cmd=6 charge=1 req=1 total=31 out=1 granted_total=0
[   25.999708] ksmbd: credit_rsp: lock_exit cmd=6 charge=1 req=1 granted=1 total=31 out=0 granted_total=1
[   26.001399] ksmbd: credits: requested[1] granted[1] total_granted[31]
[   26.002748] ksmbd: RFC1002 hdr=00 00 00 58 len=88 status=1
[   26.003798] ksmbd: PDU sig=fe 53 4d 42 pdu=88 req_running=0
[   26.004807] ksmbd: got SMB2 command
[   26.005484] ksmbd: SMB2 len 88
[   26.006069] ksmbd: Unknown command 6 in credit charge validation, defaulting to 1
[   26.007458] ksmbd: credit_check: cmd=6 charge=1 calc=1 req_len=1 resp_len=0 total=31 out=0
[   26.008977] ksmbd: credit_check: lock_enter cmd=6 charge=1 total=31 out=0
[   26.010222] ksmbd: credit_check: lock_exit cmd=6 ret=0 total=31 out=1
[   26.011384] ksmbd: Received smb2 close request
[   26.012225] ksmbd: volatile_id = 1
[   26.012865] ksmbd: Failed to process 6 [-22]
[   26.013679] ksmbd: credit_rsp: dispatch cmd=6 total=31 out=1 granted_total=0
[   26.014952] ksmbd: credit_rsp: lock_enter cmd=6 charge=1 req=1 total=31 out=1 granted_total=0
[   26.016471] ksmbd: credit_rsp: lock_exit cmd=6 charge=1 req=1 granted=1 total=31 out=0 granted_total=1
[   26.018355] ksmbd: credits: requested[1] granted[1] total_granted[31]
[   26.019792] ksmbd: RFC1002 hdr=00 00 00 44 len=68 status=1
[   26.020804] ksmbd: PDU sig=fe 53 4d 42 pdu=68 req_running=0
[   26.021871] ksmbd: got SMB2 command
[   26.022534] ksmbd: SMB2 len 68
[   26.023127] ksmbd: Unknown command 4 in credit charge validation, defaulting to 1
[   26.024658] ksmbd: credit_check: cmd=4 charge=1 calc=1 req_len=1 resp_len=0 total=31 out=0
[   26.026435] ksmbd: credit_check: lock_enter cmd=4 charge=1 total=31 out=0
[   26.027706] ksmbd: credit_check: lock_exit cmd=4 ret=0 total=31 out=1
[   26.028862] ksmbd: Received smb2 tree disconnect request
[   26.029946] ksmbd: credit_rsp: dispatch cmd=4 total=31 out=1 granted_total=0
[   26.031238] ksmbd: credit_rsp: lock_enter cmd=4 charge=1 req=1 total=31 out=1 granted_total=0
[   26.032829] ksmbd: credit_rsp: lock_exit cmd=4 charge=1 req=1 granted=1 total=31 out=0 granted_total=1
[   26.034739] ksmbd: credits: requested[1] granted[1] total_granted[31]
[   26.036226] ksmbd: RFC1002 hdr=00 00 00 44 len=68 status=1
[   26.037329] ksmbd: PDU sig=fe 53 4d 42 pdu=68 req_running=0
[   26.038530] ksmbd: NO tree connected
[   26.039415] ksmbd: RFC1002 hdr=00 00 00 44 len=68 status=1
[   26.040522] ksmbd: PDU sig=fe 53 4d 42 pdu=68 req_running=0
[   26.041664] ksmbd: skip to check tree connect request
[   26.042683] ksmbd: got SMB2 command
[   26.043425] ksmbd: SMB2 len 68
[   26.044074] ksmbd: Unknown command 2 in credit charge validation, defaulting to 1
[   26.045569] ksmbd: credit_check: cmd=2 charge=1 calc=1 req_len=1 resp_len=0 total=31 out=0
[   26.047263] ksmbd: credit_check: lock_enter cmd=2 charge=1 total=31 out=0
[   26.048685] ksmbd: credit_check: lock_exit cmd=2 ret=0 total=31 out=1
[   26.050028] ksmbd: Received smb2 session logoff request
[   26.051133] ksmbd: credit_rsp: dispatch cmd=2 total=31 out=1 granted_total=0
[   26.052660] ksmbd: credit_rsp: lock_enter cmd=2 charge=1 req=2 total=31 out=1 granted_total=0
[   26.054407] ksmbd: credit_rsp: lock_exit cmd=2 charge=1 req=2 granted=2 total=32 out=0 granted_total=2
[   26.056342] ksmbd: credits: requested[2] granted[2] total_granted[32]
[   26.057894] ksmbd: RFC1002 hdr=00 00 00 44 len=68 status=5
[   26.059279] ksmbd: PDU sig=fe 53 4d 42 pdu=68 req_running=0
[   26.060828] ksmbd: RFC1002 hdr=00 00 00 44 len=68 status=5
[   26.062165] ksmbd: PDU sig=fe 53 4d 42 pdu=68 req_running=0
[   26.063623] ksmbd: got SMB2 command
[   26.064515] ksmbd: SMB2 len 68
[   26.065295] ksmbd: Unknown command 13 in credit charge validation, defaulting to 1
[   26.067176] ksmbd: credit_check: cmd=13 charge=1 calc=1 req_len=1 resp_len=0 total=32 out=0
[   26.069245] ksmbd: credit_check: lock_enter cmd=13 charge=1 total=32 out=0
[   26.070926] ksmbd: credit_check: lock_exit cmd=13 ret=0 total=32 out=1
[   26.072560] ksmbd: Received smb2 echo request
[   26.073695] ksmbd: credit_rsp: dispatch cmd=13 total=32 out=1 granted_total=0
[   26.075577] ksmbd: credit_rsp: lock_enter cmd=13 charge=1 req=2 total=32 out=1 granted_total=0
[   26.077775] ksmbd: credit_rsp: lock_exit cmd=13 charge=1 req=2 granted=2 total=33 out=0 granted_total=2
[   26.080035] ksmbd: credits: requested[2] granted[2] total_granted[33]
[   26.081916] ksmbd: Wait for all pending requests(0)
[  127.778491] ksmbd: netdev-down event: netdev(lo) is going down
[  127.779665] ksmbd: releasing socket
[  127.780421] ksmbd: netdev-down event: netdev(ens4) is going down
[  127.781742] ksmbd: releasing socket
[  130.798640] ksmbd: ksmbd: witness protocol support removed
[  131.002296] ksmbd: VSS backend 'generic' unregistered
[  131.003384] ksmbd: VSS backend 'zfs' unregistered
[  131.004390] ksmbd: VSS backend 'btrfs' unregistered
[  131.272283] ksmbd: ksmbd: Fruit SMB extensions unloaded
[  132.337845] ksmbd: Configuration subsystem initialized with 12 parameters
[  132.339319] ksmbd: kernel provides md4, skipping built-in registration
[  132.341413] ksmbd: ksmbd: Fruit SMB extensions loaded
[  132.342544] ksmbd: ksmbd: CHANGE_NOTIFY subsystem initialised
[  132.343775] ksmbd: ksmbd: hook subsystem initialized (22 hook points)
[  132.345174] ksmbd: ksmbd: witness protocol support initialised
[  150.578499] ksmbd: connect success: accepted new connection
[  150.580073] ksmbd: RFC1002 hdr=00 00 00 e2 len=226 status=0
[  150.581289] ksmbd: PDU sig=fe 53 4d 42 pdu=226 req_running=0
[  150.582486] ksmbd: got SMB2 command
[  150.583191] ksmbd: no length check for command
[  150.584098] ksmbd: SMB2 data length 0 offset 0
[  150.585005] ksmbd: SMB2 len 100
[  150.585681] ksmbd: Unknown command 0 in credit charge validation, defaulting to 1
[  150.587199] ksmbd: credit_check: cmd=0 charge=1 calc=1 req_len=1 resp_len=0 total=1 out=0
[  150.588909] ksmbd: credit_check: lock_enter cmd=0 charge=1 total=1 out=0
[  150.590108] ksmbd: credit_check: lock_exit cmd=0 ret=0 total=1 out=1
[  150.591270] ksmbd: client requested dialect 0x311
[  150.592130] ksmbd: selected SMB 3.1.1 dialect
[  150.592976] ksmbd: conn->dialect 0x311
[  150.593686] ksmbd: Received negotiate request
[  150.594528] ksmbd: decoding 4 negotiate contexts
[  150.595403] ksmbd: deassemble SMB2_PREAUTH_INTEGRITY_CAPABILITIES context
[  150.596663] ksmbd: deassemble SMB2_ENCRYPTION_CAPABILITIES context
[  150.597782] ksmbd: Cipher ID = 0x4
[  150.598407] ksmbd: deassemble SMB2_SIGNING_CAPABILITIES context
[  150.599534] ksmbd: Signing Algorithm ID = 0x2
[  150.600361] ksmbd: deassemble SMB2_NETNAME_NEGOTIATE_CONTEXT_ID context
[  150.601594] ksmbd: NETNAME context name '127.0.0.1' != server name 'KSMBD-VM'
[  150.602928] ksmbd: assemble SMB2_PREAUTH_INTEGRITY_CAPABILITIES context
[  150.604239] ksmbd: assemble SMB2_ENCRYPTION_CAPABILITIES context
[  150.605380] ksmbd: assemble SMB2_SIGNING_CAPABILITIES context
[  150.606459] ksmbd: negotiate context offset 224, count 3
[  150.607463] ksmbd: credit_rsp: dispatch cmd=0 total=1 out=1 granted_total=0
[  150.608744] ksmbd: credit_rsp: lock_enter cmd=0 charge=1 req=31 total=1 out=1 granted_total=0
[  150.610318] ksmbd: credit_rsp: lock_exit cmd=0 charge=1 req=31 granted=1 total=1 out=0 granted_total=1
[  150.612060] ksmbd: credits: requested[31] granted[1] total_granted[1]
[  150.615993] ksmbd: RFC1002 hdr=00 00 00 a2 len=162 status=5
[  150.617218] ksmbd: PDU sig=fe 53 4d 42 pdu=162 req_running=0
[  150.618474] ksmbd: got SMB2 command
[  150.619251] ksmbd: SMB2 data length 74 offset 88
[  150.620269] ksmbd: SMB2 len 162
[  150.620967] ksmbd: Unknown command 1 in credit charge validation, defaulting to 1
[  150.622590] ksmbd: credit_check: cmd=1 charge=1 calc=1 req_len=1 resp_len=0 total=1 out=0
[  150.624304] ksmbd: credit_check: lock_enter cmd=1 charge=1 total=1 out=0
[  150.625675] ksmbd: credit_check: lock_exit cmd=1 ret=0 total=1 out=1
[  150.626980] ksmbd: Received smb2 session setup request
[  150.628077] ksmbd: negotiate phase
[  150.628823] ksmbd: NTLMSSP SecurityBufferLength 148
[  150.629859] ksmbd: credit_rsp: dispatch cmd=1 total=1 out=1 granted_total=0
[  150.631151] ksmbd: credit_rsp: lock_enter cmd=1 charge=1 req=31 total=1 out=1 granted_total=0
[  150.632689] ksmbd: credit_rsp: lock_exit cmd=1 charge=1 req=31 granted=31 total=31 out=0 granted_total=31
[  150.634566] ksmbd: credits: requested[31] granted[31] total_granted[31]
[  150.636045] ksmbd: RFC1002 hdr=00 00 02 02 len=514 status=5
[  150.637042] ksmbd: PDU sig=fe 53 4d 42 pdu=514 req_running=0
[  150.638098] ksmbd: got SMB2 command
[  150.638753] ksmbd: SMB2 data length 426 offset 88
[  150.639607] ksmbd: SMB2 len 514
[  150.640185] ksmbd: Unknown command 1 in credit charge validation, defaulting to 1
[  150.641492] ksmbd: credit_check: cmd=1 charge=1 calc=1 req_len=1 resp_len=0 total=31 out=0
[  150.642959] ksmbd: credit_check: lock_enter cmd=1 charge=1 total=31 out=0
[  150.644172] ksmbd: credit_check: lock_exit cmd=1 ret=0 total=31 out=1
[  150.645329] ksmbd: Received smb2 session setup request
[  150.646262] ksmbd: authenticate phase
[  150.646934] ksmbd: session setup request for user testuser
[  150.648168] ksmbd: decode_ntlmssp_authenticate_blob dnameWORKGROUP
[  150.649287] ksmbd: generated encryption keys for session 1, cipher type 4
[  150.650490] ksmbd: generated signing key for session 1
[  150.651415] ksmbd: credit_rsp: dispatch cmd=1 total=31 out=1 granted_total=0
[  150.652656] ksmbd: credit_rsp: lock_enter cmd=1 charge=1 req=1 total=31 out=1 granted_total=0
[  150.654207] ksmbd: credit_rsp: lock_exit cmd=1 charge=1 req=1 granted=1 total=31 out=0 granted_total=1
[  150.655845] ksmbd: credits: requested[1] granted[1] total_granted[31]
[  150.657226] ksmbd: RFC1002 hdr=00 00 00 68 len=104 status=1
[  150.658226] ksmbd: PDU sig=fe 53 4d 42 pdu=104 req_running=0
[  150.659267] ksmbd: skip to check tree connect request
[  150.660166] ksmbd: got SMB2 command
[  150.660815] ksmbd: SMB2 data length 32 offset 72
[  150.661676] ksmbd: SMB2 len 104
[  150.662292] ksmbd: Unknown command 3 in credit charge validation, defaulting to 1
[  150.663604] ksmbd: credit_check: cmd=3 charge=1 calc=1 req_len=1 resp_len=0 total=31 out=0
[  150.665265] ksmbd: credit_check: lock_enter cmd=3 charge=1 total=31 out=0
[  150.666665] ksmbd: credit_check: lock_exit cmd=3 ret=0 total=31 out=1
[  150.668090] ksmbd: Received smb2 tree connect request
[  150.669160] ksmbd: tree connect request for tree test treename \\127.0.0.1\test
[  150.670904] ksmbd: MaximalAccess: perm_r=0 perm_w=0 perm_x=0 access=0x001f01ff
[  150.672479] ksmbd: credit_rsp: dispatch cmd=3 total=31 out=1 granted_total=0
[  150.674072] ksmbd: credit_rsp: lock_enter cmd=3 charge=1 req=1 total=31 out=1 granted_total=0
[  150.675960] ksmbd: credit_rsp: lock_exit cmd=3 charge=1 req=1 granted=1 total=31 out=0 granted_total=1
[  150.678061] ksmbd: credits: requested[1] granted[1] total_granted[31]
[  150.679701] ksmbd: RFC1002 hdr=00 00 00 92 len=146 status=1
[  150.680996] ksmbd: PDU sig=fe 53 4d 42 pdu=146 req_running=0
[  150.682265] ksmbd: got SMB2 command
[  150.683047] ksmbd: SMB2 data length 26 offset 120
[  150.684081] ksmbd: SMB2 len 146
[  150.684818] ksmbd: Unknown command 5 in credit charge validation, defaulting to 1
[  150.686369] ksmbd: credit_check: cmd=5 charge=1 calc=1 req_len=1 resp_len=0 total=31 out=0
[  150.688057] ksmbd: credit_check: lock_enter cmd=5 charge=1 total=31 out=0
[  150.689494] ksmbd: credit_check: lock_exit cmd=5 ret=0 total=31 out=1
[  150.690892] ksmbd: Received smb2 create request
[  150.691864] ksmbd: converted name = testfsctl.dat
[  150.693058] ksmbd: credit_rsp: dispatch cmd=5 total=31 out=1 granted_total=0
[  150.694590] ksmbd: credit_rsp: lock_enter cmd=5 charge=1 req=1 total=31 out=1 granted_total=0
[  150.696445] ksmbd: credit_rsp: lock_exit cmd=5 charge=1 req=1 granted=1 total=31 out=0 granted_total=1
[  150.698440] ksmbd: credits: requested[1] granted[1] total_granted[31]
[  150.699953] ksmbd: RFC1002 hdr=00 00 00 58 len=88 status=1
[  150.701175] ksmbd: PDU sig=fe 53 4d 42 pdu=88 req_running=0
[  150.702415] ksmbd: got SMB2 command
[  150.703181] ksmbd: SMB2 len 88
[  150.703849] ksmbd: Unknown command 6 in credit charge validation, defaulting to 1
[  150.705470] ksmbd: credit_check: cmd=6 charge=1 calc=1 req_len=1 resp_len=0 total=31 out=0
[  150.707298] ksmbd: credit_check: lock_enter cmd=6 charge=1 total=31 out=0
[  150.708744] ksmbd: credit_check: lock_exit cmd=6 ret=0 total=31 out=1
[  150.710164] ksmbd: Received smb2 close request
[  150.711114] ksmbd: volatile_id = 0
[  150.711897] ksmbd: credit_rsp: dispatch cmd=6 total=31 out=1 granted_total=0
[  150.713428] ksmbd: credit_rsp: lock_enter cmd=6 charge=1 req=1 total=31 out=1 granted_total=0
[  150.714946] ksmbd: credit_rsp: lock_exit cmd=6 charge=1 req=1 granted=1 total=31 out=0 granted_total=1
[  150.716553] ksmbd: credits: requested[1] granted[1] total_granted[31]
[  150.717839] ksmbd: RFC1002 hdr=00 00 00 92 len=146 status=1
[  150.718844] ksmbd: PDU sig=fe 53 4d 42 pdu=146 req_running=0
[  150.719986] ksmbd: got SMB2 command
[  150.720626] ksmbd: SMB2 data length 26 offset 120
[  150.721518] ksmbd: SMB2 len 146
[  150.722102] ksmbd: Unknown command 5 in credit charge validation, defaulting to 1
[  150.723435] ksmbd: credit_check: cmd=5 charge=1 calc=1 req_len=1 resp_len=0 total=31 out=0
[  150.724928] ksmbd: credit_check: lock_enter cmd=5 charge=1 total=31 out=0
[  150.726136] ksmbd: credit_check: lock_exit cmd=5 ret=0 total=31 out=1
[  150.727276] ksmbd: Received smb2 create request
[  150.728115] ksmbd: converted name = testfsctl.dat
[  150.728988] ksmbd: can not get linux path for testfsctl.dat, rc = -2
[  150.730160] ksmbd: file does not exist, so creating
[  150.731058] ksmbd: creating regular file
[  150.731953] ksmbd: inherit posix acl failed : -2
[  150.732959] ksmbd: Set posix acls
[  150.733618] ksmbd: mode: 7, access flags now 0x1f01bf
[  150.734579] ksmbd: mode: 7, access flags now 0x1f01bf
[  150.735653] ksmbd: mode: 7, access flags now 0x1f01bf
[  150.736665] ksmbd: credit_rsp: dispatch cmd=5 total=31 out=1 granted_total=0
[  150.737971] ksmbd: credit_rsp: lock_enter cmd=5 charge=1 req=1 total=31 out=1 granted_total=0
[  150.739532] ksmbd: credit_rsp: lock_exit cmd=5 charge=1 req=1 granted=1 total=31 out=0 granted_total=1
[  150.741201] ksmbd: credits: requested[1] granted[1] total_granted[31]
[  150.742528] ksmbd: RFC1002 hdr=00 00 10 70 len=4208 status=1
[  150.743566] ksmbd: PDU sig=fe 53 4d 42 pdu=4208 req_running=0
[  150.744640] ksmbd: got SMB2 command
[  150.745327] ksmbd: SMB2 data length 4096 offset 112
[  150.746282] ksmbd: SMB2 len 4208
[  150.746909] ksmbd: credit_check: cmd=9 charge=1 calc=1 req_len=4096 resp_len=0 total=31 out=0
[  150.748595] ksmbd: credit_check: lock_enter cmd=9 charge=1 total=31 out=0
[  150.749866] ksmbd: credit_check: lock_exit cmd=9 ret=0 total=31 out=1
[  150.751061] ksmbd: Received smb2 write request
[  150.751934] ksmbd: flags 0
[  150.752468] ksmbd: filename testfsctl.dat, offset 0, len 4096
[  150.753562] ksmbd: unexpected oplock(0x0)
[  150.754365] ksmbd: credit_rsp: dispatch cmd=9 total=31 out=1 granted_total=0
[  150.755677] ksmbd: credit_rsp: lock_enter cmd=9 charge=1 req=1 total=31 out=1 granted_total=0
[  150.757290] ksmbd: credit_rsp: lock_exit cmd=9 charge=1 req=1 granted=1 total=31 out=0 granted_total=1
[  150.759005] ksmbd: credits: requested[1] granted[1] total_granted[31]
[  150.760291] ksmbd: RFC1002 hdr=00 00 00 94 len=148 status=1
[  150.761297] ksmbd: PDU sig=fe 53 4d 42 pdu=148 req_running=0
[  150.762360] ksmbd: got SMB2 command
[  150.763028] ksmbd: SMB2 data length 28 offset 120
[  150.764146] ksmbd: SMB2 len 148
[  150.764729] ksmbd: Unknown command 5 in credit charge validation, defaulting to 1
[  150.766215] ksmbd: credit_check: cmd=5 charge=1 calc=1 req_len=1 resp_len=0 total=31 out=0
[  150.767706] ksmbd: credit_check: lock_enter cmd=5 charge=1 total=31 out=0
[  150.768973] ksmbd: credit_check: lock_exit cmd=5 ret=0 total=31 out=1
[  150.770162] ksmbd: Received smb2 create request
[  150.771023] ksmbd: converted name = testfsctl2.dat
[  150.772079] ksmbd: credit_rsp: dispatch cmd=5 total=31 out=1 granted_total=0
[  150.773345] ksmbd: credit_rsp: lock_enter cmd=5 charge=1 req=1 total=31 out=1 granted_total=0
[  150.774899] ksmbd: credit_rsp: lock_exit cmd=5 charge=1 req=1 granted=1 total=31 out=0 granted_total=1
[  150.776551] ksmbd: credits: requested[1] granted[1] total_granted[31]
[  150.777830] ksmbd: RFC1002 hdr=00 00 00 58 len=88 status=1
