[    0.000000] Linux version 6.18.9-arch1-2 (linux@archlinux) (gcc (GCC) 15.2.1 20260209, GNU ld (GNU Binutils) 2.46) #1 SMP PREEMPT_DYNAMIC Mon, 09 Feb 2026 17:16:33 +0000
[    0.000000] Command line: root=/dev/vda1 rw console=ttyS0,115200 loglevel=7
[    0.000000] BIOS-provided physical RAM map:
[    0.000000] BIOS-e820: [mem 0x0000000000000000-0x000000000009fbff] usable
[    0.000000] BIOS-e820: [mem 0x000000000009fc00-0x000000000009ffff] reserved
[    0.000000] BIOS-e820: [mem 0x00000000000f0000-0x00000000000fffff] reserved
[    0.000000] BIOS-e820: [mem 0x0000000000100000-0x000000007ffdcfff] usable
[    0.000000] BIOS-e820: [mem 0x000000007ffdd000-0x000000007fffffff] reserved
[    0.000000] BIOS-e820: [mem 0x00000000feffc000-0x00000000feffffff] reserved
[    0.000000] BIOS-e820: [mem 0x00000000fffc0000-0x00000000ffffffff] reserved
[    0.000000] NX (Execute Disable) protection: active
[    0.000000] APIC: Static calls initialized
[    0.000000] SMBIOS 2.8 present.
[    0.000000] DMI: QEMU Standard PC (i440FX + PIIX, 1996), BIOS Arch Linux 1.17.0-2-2 04/01/2014
[    0.000000] DMI: Memory slots populated: 1/1
[    0.000000] Hypervisor detected: KVM
[    0.000000] last_pfn = 0x7ffdd max_arch_pfn = 0x400000000
[    0.000000] kvm-clock: Using msrs 4b564d01 and 4b564d00
[    0.000001] kvm-clock: using sched offset of 213772838 cycles
[    0.000002] clocksource: kvm-clock: mask: 0xffffffffffffffff max_cycles: 0x1cd42e4dffb, max_idle_ns: 881590591483 ns
[    0.000005] tsc: Detected 3600.000 MHz processor
[    0.000592] last_pfn = 0x7ffdd max_arch_pfn = 0x400000000
[    0.000619] MTRR map: 4 entries (3 fixed + 1 variable; max 19), built from 8 variable MTRRs
[    0.000621] x86/PAT: Configuration [0-7]: WB  WC  UC- UC  WB  WP  UC- WT  
[    0.007534] found SMP MP-table at [mem 0x000f66b0-0x000f66bf]
[    0.007547] Using GB pages for direct mapping
[    0.007639] RAMDISK: [mem 0x7f32e000-0x7ffcffff]
[    0.007658] ACPI: Early table checksum verification disabled
[    0.007661] ACPI: RSDP 0x00000000000F64E0 000014 (v00 BOCHS )
[    0.007665] ACPI: RSDT 0x000000007FFE239C 000034 (v01 BOCHS  BXPC     00000001 BXPC 00000001)
[    0.007669] ACPI: FACP 0x000000007FFE2248 000074 (v01 BOCHS  BXPC     00000001 BXPC 00000001)
[    0.007674] ACPI: DSDT 0x000000007FFE0040 002208 (v01 BOCHS  BXPC     00000001 BXPC 00000001)
[    0.007677] ACPI: FACS 0x000000007FFE0000 000040
[    0.007680] ACPI: APIC 0x000000007FFE22BC 000080 (v03 BOCHS  BXPC     00000001 BXPC 00000001)
[    0.007683] ACPI: HPET 0x000000007FFE233C 000038 (v01 BOCHS  BXPC     00000001 BXPC 00000001)
[    0.007686] ACPI: WAET 0x000000007FFE2374 000028 (v01 BOCHS  BXPC     00000001 BXPC 00000001)
[    0.007688] ACPI: Reserving FACP table memory at [mem 0x7ffe2248-0x7ffe22bb]
[    0.007689] ACPI: Reserving DSDT table memory at [mem 0x7ffe0040-0x7ffe2247]
[    0.007689] ACPI: Reserving FACS table memory at [mem 0x7ffe0000-0x7ffe003f]
[    0.007690] ACPI: Reserving APIC table memory at [mem 0x7ffe22bc-0x7ffe233b]
[    0.007690] ACPI: Reserving HPET table memory at [mem 0x7ffe233c-0x7ffe2373]
[    0.007691] ACPI: Reserving WAET table memory at [mem 0x7ffe2374-0x7ffe239b]
[    0.008111] No NUMA configuration found
[    0.008112] Faking a node at [mem 0x0000000000000000-0x000000007ffdcfff]
[    0.008118] NODE_DATA(0) allocated [mem 0x7f303280-0x7f32dfff]
[    0.008259] Zone ranges:
[    0.008259]   DMA      [mem 0x0000000000001000-0x0000000000ffffff]
[    0.008260]   DMA32    [mem 0x0000000001000000-0x000000007ffdcfff]
[    0.008261]   Normal   empty
[    0.008262]   Device   empty
[    0.008263] Movable zone start for each node
[    0.008264] Early memory node ranges
[    0.008264]   node   0: [mem 0x0000000000001000-0x000000000009efff]
[    0.008265]   node   0: [mem 0x0000000000100000-0x000000007ffdcfff]
[    0.008266] Initmem setup node 0 [mem 0x0000000000001000-0x000000007ffdcfff]
[    0.008364] On node 0, zone DMA: 1 pages in unavailable ranges
[    0.008376] On node 0, zone DMA: 97 pages in unavailable ranges
[    0.011567] On node 0, zone DMA32: 35 pages in unavailable ranges
[    0.012304] ACPI: PM-Timer IO Port: 0x608
[    0.012319] ACPI: LAPIC_NMI (acpi_id[0xff] dfl dfl lint[0x1])
[    0.012368] IOAPIC[0]: apic_id 0, version 17, address 0xfec00000, GSI 0-23
[    0.012372] ACPI: INT_SRC_OVR (bus 0 bus_irq 0 global_irq 2 dfl dfl)
[    0.012373] ACPI: INT_SRC_OVR (bus 0 bus_irq 5 global_irq 5 high level)
[    0.012374] ACPI: INT_SRC_OVR (bus 0 bus_irq 9 global_irq 9 high level)
[    0.012374] ACPI: INT_SRC_OVR (bus 0 bus_irq 10 global_irq 10 high level)
[    0.012375] ACPI: INT_SRC_OVR (bus 0 bus_irq 11 global_irq 11 high level)
[    0.012379] ACPI: Using ACPI (MADT) for SMP configuration information
[    0.012380] ACPI: HPET id: 0x8086a201 base: 0xfed00000
[    0.012385] TSC deadline timer available
[    0.012389] CPU topo: Max. logical packages:   1
[    0.012389] CPU topo: Max. logical dies:       1
[    0.012390] CPU topo: Max. dies per package:   1
[    0.012406] CPU topo: Max. threads per core:   1
[    0.012406] CPU topo: Num. cores per package:     2
[    0.012407] CPU topo: Num. threads per package:   2
[    0.012407] CPU topo: Allowing 2 present CPUs plus 0 hotplug CPUs
[    0.012426] kvm-guest: APIC: eoi() replaced with kvm_guest_apic_eoi_write()
[    0.012440] kvm-guest: KVM setup pv remote TLB flush
[    0.012444] kvm-guest: setup PV sched yield
[    0.012450] PM: hibernation: Registered nosave memory: [mem 0x00000000-0x00000fff]
[    0.012452] PM: hibernation: Registered nosave memory: [mem 0x0009f000-0x000fffff]
[    0.012454] [mem 0x80000000-0xfeffbfff] available for PCI devices
[    0.012455] Booting paravirtualized kernel on KVM
[    0.012457] clocksource: refined-jiffies: mask: 0xffffffff max_cycles: 0xffffffff, max_idle_ns: 1910969940391419 ns
[    0.017615] setup_percpu: NR_CPUS:8192 nr_cpumask_bits:2 nr_cpu_ids:2 nr_node_ids:1
[    0.017798] percpu: Embedded 62 pages/cpu s217088 r8192 d28672 u1048576
[    0.017841] kvm-guest: PV spinlocks enabled
[    0.017856] PV qspinlock hash table entries: 256 (order: 0, 4096 bytes, linear)
[    0.017858] Kernel command line: root=/dev/vda1 rw console=ttyS0,115200 loglevel=7
[    0.017903] random: crng init done
[    0.017903] printk: log buffer data + meta data: 131072 + 458752 = 589824 bytes
[    0.018063] Dentry cache hash table entries: 262144 (order: 9, 2097152 bytes, linear)
[    0.018131] Inode-cache hash table entries: 131072 (order: 8, 1048576 bytes, linear)
[    0.018182] Fallback order for Node 0: 0 
[    0.018184] Built 1 zonelists, mobility grouping on.  Total pages: 524155
[    0.018185] Policy zone: DMA32
[    0.018366] mem auto-init: stack:all(zero), heap alloc:on, heap free:off
[    0.022092] SLUB: HWalign=64, Order=0-3, MinObjects=0, CPUs=2, Nodes=1
[    0.022105] Kernel/User page tables isolation: enabled
[    0.029484] ftrace: allocating 57056 entries in 224 pages
[    0.029486] ftrace: allocated 224 pages with 3 groups
[    0.029543] Dynamic Preempt: full
[    0.029647] rcu: Preemptible hierarchical RCU implementation.
[    0.029648] rcu: 	RCU restricting CPUs from NR_CPUS=8192 to nr_cpu_ids=2.
[    0.029649] rcu: 	RCU priority boosting: priority 1 delay 500 ms.
[    0.029649] 	Trampoline variant of Tasks RCU enabled.
[    0.029650] 	Rude variant of Tasks RCU enabled.
[    0.029650] 	Tracing variant of Tasks RCU enabled.
[    0.029651] rcu: RCU calculated value of scheduler-enlistment delay is 100 jiffies.
[    0.029651] rcu: Adjusting geometry for rcu_fanout_leaf=16, nr_cpu_ids=2
[    0.029655] RCU Tasks: Setting shift to 1 and lim to 1 rcu_task_cb_adjust=1 rcu_task_cpu_ids=2.
[    0.029656] RCU Tasks Rude: Setting shift to 1 and lim to 1 rcu_task_cb_adjust=1 rcu_task_cpu_ids=2.
[    0.029657] RCU Tasks Trace: Setting shift to 1 and lim to 1 rcu_task_cb_adjust=1 rcu_task_cpu_ids=2.
[    0.033949] NR_IRQS: 524544, nr_irqs: 440, preallocated irqs: 16
[    0.034142] rcu: srcu_init: Setting srcu_struct sizes based on contention.
[    0.034260] kfence: initialized - using 2097152 bytes for 255 objects at 0x(____ptrval____)-0x(____ptrval____)
[    0.050707] Console: colour VGA+ 80x25
[    0.050761] printk: legacy console [ttyS0] enabled
[    0.215905] ACPI: Core revision 20250807
[    0.216988] clocksource: hpet: mask: 0xffffffff max_cycles: 0xffffffff, max_idle_ns: 19112604467 ns
[    0.219241] APIC: Switch to symmetric I/O mode setup
[    0.220637] x2apic enabled
[    0.221603] APIC: Switched APIC routing to: physical x2apic
[    0.223016] kvm-guest: APIC: send_IPI_mask() replaced with kvm_send_ipi_mask()
[    0.224773] kvm-guest: APIC: send_IPI_mask_allbutself() replaced with kvm_send_ipi_mask_allbutself()
[    0.226964] kvm-guest: setup PV IPIs
[    0.228867] ..TIMER: vector=0x30 apic1=0 pin1=2 apic2=-1 pin2=-1
[    0.230374] clocksource: tsc-early: mask: 0xffffffffffffffff max_cycles: 0x33e452fbb2f, max_idle_ns: 440795236593 ns
[    0.232894] Calibrating delay loop (skipped) preset value.. 7200.00 BogoMIPS (lpj=3600000)
[    0.233993] x86/cpu: User Mode Instruction Prevention (UMIP) activated
[    0.234949] Last level iTLB entries: 4KB 0, 2MB 0, 4MB 0
[    0.235893] Last level dTLB entries: 4KB 0, 2MB 0, 4MB 0, 1GB 0
[    0.236901] mitigations: Enabled attack vectors: user_kernel, user_user, guest_host, guest_guest, SMT mitigations: auto
[    0.237894] Speculative Store Bypass: Mitigation: Speculative Store Bypass disabled via prctl
[    0.238893] SRBDS: Unknown: Dependent on hypervisor status
[    0.239894] Spectre V2 : Mitigation: IBRS
[    0.240893] RETBleed: Mitigation: IBRS
[    0.241893] MDS: Mitigation: Clear CPU buffers
[    0.242893] TAA: Mitigation: Clear CPU buffers
[    0.243893] MMIO Stale Data: Mitigation: Clear CPU buffers
[    0.244893] Spectre V1 : Mitigation: usercopy/swapgs barriers and __user pointer sanitization
[    0.245895] Spectre V2 : Spectre v2 / SpectreRSB: Filling RSB on context switch and VMEXIT
[    0.246894] Spectre V2 : mitigation: Enabling conditional Indirect Branch Prediction Barrier
[    0.247898] GDS: Unknown: Dependent on hypervisor status
[    0.248893] Spectre V2 : Spectre BHI mitigation: SW BHB clearing on syscall and VM exit
[    0.249907] x86/fpu: Supporting XSAVE feature 0x001: 'x87 floating point registers'
[    0.250893] x86/fpu: Supporting XSAVE feature 0x002: 'SSE registers'
[    0.251893] x86/fpu: Supporting XSAVE feature 0x004: 'AVX registers'
[    0.252893] x86/fpu: Supporting XSAVE feature 0x008: 'MPX bounds registers'
[    0.253893] x86/fpu: Supporting XSAVE feature 0x010: 'MPX CSR'
[    0.254894] x86/fpu: xstate_offset[2]:  576, xstate_sizes[2]:  256
[    0.255893] x86/fpu: xstate_offset[3]:  832, xstate_sizes[3]:   64
[    0.256893] x86/fpu: xstate_offset[4]:  896, xstate_sizes[4]:   64
[    0.257893] x86/fpu: Enabled xstate features 0x1f, context size is 960 bytes, using 'compacted' format.
[    0.288032] Freeing SMP alternatives memory: 56K
[    0.288894] pid_max: default: 32768 minimum: 301
[    0.289922] LSM: initializing lsm=capability,landlock,lockdown,yama,bpf
[    0.290949] landlock: Up and running.
[    0.291895] Yama: becoming mindful.
[    0.293046] LSM support for eBPF active
[    0.293910] Mount-cache hash table entries: 4096 (order: 3, 32768 bytes, linear)
[    0.294894] Mountpoint-cache hash table entries: 4096 (order: 3, 32768 bytes, linear)
[    0.296173] smpboot: CPU0: Intel(R) Core(TM) i7-7700 CPU @ 3.60GHz (family: 0x6, model: 0x9e, stepping: 0x9)
[    0.297080] Performance Events: Skylake events, full-width counters, Intel PMU driver.
[    0.297896] ... version:                   2
[    0.298890] ... bit width:                 48
[    0.298894] ... generic counters:          4
[    0.299880] ... generic bitmap:            000000000000000f
[    0.299894] ... fixed-purpose counters:    3
[    0.300894] ... fixed-purpose bitmap:      0000000000000007
[    0.301894] ... value mask:                0000ffffffffffff
[    0.302894] ... max period:                00007fffffffffff
[    0.303894] ... global_ctrl mask:          000000070000000f
[    0.304999] signal: max sigframe size: 2032
[    0.305919] rcu: Hierarchical SRCU implementation.
[    0.306894] rcu: 	Max phase no-delay instances is 400.
[    0.307945] Timer migration: 1 hierarchy levels; 8 children per group; 1 crossnode level
[    0.309203] smp: Bringing up secondary CPUs ...
[    0.310069] smpboot: x86: Booting SMP configuration:
[    0.310899] .... node  #0, CPUs:      #1
[    0.311022] smp: Brought up 1 node, 2 CPUs
[    0.312836] smpboot: Total of 2 processors activated (14400.00 BogoMIPS)
[    0.313091] Memory: 1983556K/2096620K available (20315K kernel code, 2939K rwdata, 16372K rodata, 4732K init, 4776K bss, 107792K reserved, 0K cma-reserved)
[    0.313985] devtmpfs: initialized
[    0.314928] x86/mm: Memory block size: 128MB
[    0.316186] clocksource: jiffies: mask: 0xffffffff max_cycles: 0xffffffff, max_idle_ns: 1911260446275000 ns
[    0.316899] posixtimers hash table entries: 1024 (order: 2, 16384 bytes, linear)
[    0.317902] futex hash table entries: 512 (32768 bytes on 1 NUMA nodes, total 32 KiB, linear).
[    0.318941] pinctrl core: initialized pinctrl subsystem
[    0.320047] PM: RTC time: 11:45:47, date: 2026-02-28
[    0.321424] NET: Registered PF_NETLINK/PF_ROUTE protocol family
[    0.322079] DMA: preallocated 256 KiB GFP_KERNEL pool for atomic allocations
[    0.322908] DMA: preallocated 256 KiB GFP_KERNEL|GFP_DMA pool for atomic allocations
[    0.323903] DMA: preallocated 256 KiB GFP_KERNEL|GFP_DMA32 pool for atomic allocations
[    0.324899] audit: initializing netlink subsys (disabled)
[    0.325918] audit: type=2000 audit(1772279147.754:1): state=initialized audit_enabled=0 res=1
[    0.325977] thermal_sys: Registered thermal governor 'fair_share'
[    0.326894] thermal_sys: Registered thermal governor 'bang_bang'
[    0.327895] thermal_sys: Registered thermal governor 'step_wise'
[    0.328894] thermal_sys: Registered thermal governor 'user_space'
[    0.329894] thermal_sys: Registered thermal governor 'power_allocator'
[    0.330904] cpuidle: using governor ladder
[    0.332857] cpuidle: using governor menu
[    0.332978] acpiphp: ACPI Hot Plug PCI Controller Driver version: 0.5
[    0.334041] PCI: Using configuration type 1 for base access
[    0.334993] kprobes: kprobe jump-optimization is enabled. All kprobes are optimized if possible.
[    0.341911] HugeTLB: registered 1.00 GiB page size, pre-allocated 0 pages
[    0.342894] HugeTLB: 16380 KiB vmemmap can be freed for a 1.00 GiB page
[    0.345895] HugeTLB: registered 2.00 MiB page size, pre-allocated 0 pages
[    0.346894] HugeTLB: 28 KiB vmemmap can be freed for a 2.00 MiB page
[    0.354227] raid6: skipped pq benchmark and selected avx2x4
[    0.354896] raid6: using avx2x2 recovery algorithm
[    0.356962] ACPI: Added _OSI(Module Device)
[    0.357895] ACPI: Added _OSI(Processor Device)
[    0.358895] ACPI: Added _OSI(Processor Aggregator Device)
[    0.360927] ACPI: 1 ACPI AML tables successfully acquired and loaded
[    0.364027] ACPI: Interpreter enabled
[    0.364905] ACPI: PM: (supports S0 S3 S4 S5)
[    0.367140] ACPI: Using IOAPIC for interrupt routing
[    0.367999] PCI: Using host bridge windows from ACPI; if necessary, use "pci=nocrs" and report a bug
[    0.368894] PCI: Using E820 reservations for host bridge windows
[    0.369991] ACPI: Enabled 2 GPEs in block 00 to 0F
[    0.373376] ACPI: PCI Root Bridge [PCI0] (domain 0000 [bus 00-ff])
[    0.373898] acpi PNP0A03:00: _OSC: OS supports [ASPM ClockPM Segments MSI EDR HPX-Type3]
[    0.374895] acpi PNP0A03:00: _OSC: not requesting OS control; OS requires [ExtendedConfig ASPM ClockPM MSI]
[    0.375902] acpi PNP0A03:00: fail to add MMCONFIG information, can't access extended configuration space under this bridge
[    0.377205] acpiphp: Slot [3] registered
[    0.377922] acpiphp: Slot [4] registered
[    0.378860] acpiphp: Slot [5] registered
[    0.378917] acpiphp: Slot [6] registered
[    0.379864] acpiphp: Slot [7] registered
[    0.379917] acpiphp: Slot [8] registered
[    0.380862] acpiphp: Slot [9] registered
[    0.380915] acpiphp: Slot [10] registered
[    0.381888] acpiphp: Slot [11] registered
[    0.381915] acpiphp: Slot [12] registered
[    0.382902] acpiphp: Slot [13] registered
[    0.383897] acpiphp: Slot [14] registered
[    0.384886] acpiphp: Slot [15] registered
[    0.384916] acpiphp: Slot [16] registered
[    0.385915] acpiphp: Slot [17] registered
[    0.386904] acpiphp: Slot [18] registered
[    0.387900] acpiphp: Slot [19] registered
[    0.388896] acpiphp: Slot [20] registered
[    0.389885] acpiphp: Slot [21] registered
[    0.389915] acpiphp: Slot [22] registered
[    0.390877] acpiphp: Slot [23] registered
[    0.390915] acpiphp: Slot [24] registered
[    0.391879] acpiphp: Slot [25] registered
[    0.391916] acpiphp: Slot [26] registered
[    0.392878] acpiphp: Slot [27] registered
[    0.392915] acpiphp: Slot [28] registered
[    0.393880] acpiphp: Slot [29] registered
[    0.393915] acpiphp: Slot [30] registered
[    0.394879] acpiphp: Slot [31] registered
[    0.394927] PCI host bridge to bus 0000:00
[    0.395874] pci_bus 0000:00: root bus resource [io  0x0000-0x0cf7 window]
[    0.395895] pci_bus 0000:00: root bus resource [io  0x0d00-0xffff window]
[    0.396895] pci_bus 0000:00: root bus resource [mem 0x000a0000-0x000bffff window]
[    0.397895] pci_bus 0000:00: root bus resource [mem 0x80000000-0xfebfffff window]
[    0.398895] pci_bus 0000:00: root bus resource [mem 0x100000000-0x17fffffff window]
[    0.399895] pci_bus 0000:00: root bus resource [bus 00-ff]
[    0.400996] pci 0000:00:00.0: [8086:1237] type 00 class 0x060000 conventional PCI endpoint
[    0.402652] pci 0000:00:01.0: [8086:7000] type 00 class 0x060100 conventional PCI endpoint
[    0.403707] pci 0000:00:01.1: [8086:7010] type 00 class 0x010180 conventional PCI endpoint
[    0.404814] pci 0000:00:01.1: BAR 4 [io  0xc0e0-0xc0ef]
[    0.404954] pci 0000:00:01.1: BAR 0 [io  0x01f0-0x01f7]: legacy IDE quirk
[    0.405895] pci 0000:00:01.1: BAR 1 [io  0x03f6]: legacy IDE quirk
[    0.406896] pci 0000:00:01.1: BAR 2 [io  0x0170-0x0177]: legacy IDE quirk
[    0.407895] pci 0000:00:01.1: BAR 3 [io  0x0376]: legacy IDE quirk
[    0.409185] pci 0000:00:01.3: [8086:7113] type 00 class 0x068000 conventional PCI endpoint
[    0.410444] pci 0000:00:01.3: quirk: [io  0x0600-0x063f] claimed by PIIX4 ACPI
[    0.410907] pci 0000:00:01.3: quirk: [io  0x0700-0x070f] claimed by PIIX4 SMB
[    0.412209] pci 0000:00:02.0: [1234:1111] type 00 class 0x030000 conventional PCI endpoint
[    0.414945] pci 0000:00:02.0: BAR 0 [mem 0xfd000000-0xfdffffff pref]
[    0.415920] pci 0000:00:02.0: BAR 2 [mem 0xfebd0000-0xfebd0fff]
[    0.416943] pci 0000:00:02.0: ROM [mem 0xfebc0000-0xfebcffff pref]
[    0.418022] pci 0000:00:02.0: Video device with shadowed ROM at [mem 0x000c0000-0x000dffff]
[    0.419439] pci 0000:00:03.0: [1af4:1009] type 00 class 0x000200 conventional PCI endpoint
[    0.421645] pci 0000:00:03.0: BAR 0 [io  0xc080-0xc0bf]
[    0.421909] pci 0000:00:03.0: BAR 1 [mem 0xfebd1000-0xfebd1fff]
[    0.422943] pci 0000:00:03.0: BAR 4 [mem 0xfe000000-0xfe003fff 64bit pref]
[    0.425673] pci 0000:00:04.0: [1af4:1000] type 00 class 0x020000 conventional PCI endpoint
[    0.427280] pci 0000:00:04.0: BAR 0 [io  0xc0c0-0xc0df]
[    0.427909] pci 0000:00:04.0: BAR 1 [mem 0xfebd2000-0xfebd2fff]
[    0.428943] pci 0000:00:04.0: BAR 4 [mem 0xfe004000-0xfe007fff 64bit pref]
[    0.429908] pci 0000:00:04.0: ROM [mem 0xfeb80000-0xfebbffff pref]
[    0.432548] pci 0000:00:05.0: [1af4:1001] type 00 class 0x010000 conventional PCI endpoint
[    0.434243] pci 0000:00:05.0: BAR 0 [io  0xc000-0xc07f]
[    0.434908] pci 0000:00:05.0: BAR 1 [mem 0xfebd3000-0xfebd3fff]
[    0.435956] pci 0000:00:05.0: BAR 4 [mem 0xfe008000-0xfe00bfff 64bit pref]
[    0.444204] ACPI: PCI: Interrupt link LNKA configured for IRQ 10
[    0.445040] ACPI: PCI: Interrupt link LNKB configured for IRQ 10
[    0.446055] ACPI: PCI: Interrupt link LNKC configured for IRQ 11
[    0.447027] ACPI: PCI: Interrupt link LNKD configured for IRQ 11
[    0.447969] ACPI: PCI: Interrupt link LNKS configured for IRQ 9
[    0.449331] iommu: Default domain type: Translated
[    0.449894] iommu: DMA domain TLB invalidation policy: lazy mode
[    0.452070] SCSI subsystem initialized
[    0.452925] ACPI: bus type USB registered
[    0.453918] usbcore: registered new interface driver usbfs
[    0.454908] usbcore: registered new interface driver hub
[    0.455901] usbcore: registered new device driver usb
[    0.456928] EDAC MC: Ver: 3.0.0
[    0.458272] NetLabel: Initializing
[    0.458895] NetLabel:  domain hash size = 128
[    0.459894] NetLabel:  protocols = UNLABELED CIPSOv4 CALIPSO
[    0.460913] NetLabel:  unlabeled traffic allowed by default
[    0.461915] mctp: management component transport protocol core
[    0.462894] NET: Registered PF_MCTP protocol family
[    0.463914] PCI: Using ACPI for IRQ routing
[    0.465142] pci 0000:00:02.0: vgaarb: setting as boot VGA device
[    0.465891] pci 0000:00:02.0: vgaarb: bridge control possible
[    0.465891] pci 0000:00:02.0: vgaarb: VGA device added: decodes=io+mem,owns=io+mem,locks=none
[    0.465895] vgaarb: loaded
[    0.466534] hpet0: at MMIO 0xfed00000, IRQs 2, 8, 0
[    0.467895] hpet0: 3 comparators, 64-bit 100.000000 MHz counter
[    0.472998] clocksource: Switched to clocksource kvm-clock
[    0.474823] VFS: Disk quotas dquot_6.6.0
[    0.475766] VFS: Dquot-cache hash table entries: 512 (order 0, 4096 bytes)
[    0.477590] pnp: PnP ACPI init
[    0.478684] pnp: PnP ACPI: found 6 devices
[    0.485874] clocksource: acpi_pm: mask: 0xffffff max_cycles: 0xffffff, max_idle_ns: 2085701024 ns
[    0.487989] NET: Registered PF_INET protocol family
[    0.489227] IP idents hash table entries: 32768 (order: 6, 262144 bytes, linear)
[    0.503411] tcp_listen_portaddr_hash hash table entries: 1024 (order: 2, 16384 bytes, linear)
[    0.505513] Table-perturb hash table entries: 65536 (order: 6, 262144 bytes, linear)
[    0.507365] TCP established hash table entries: 16384 (order: 5, 131072 bytes, linear)
[    0.509262] TCP bind hash table entries: 16384 (order: 7, 524288 bytes, linear)
[    0.510982] TCP: Hash tables configured (established 16384 bind 16384)
[    0.512682] MPTCP token hash table entries: 2048 (order: 4, 49152 bytes, linear)
[    0.514443] UDP hash table entries: 1024 (order: 4, 65536 bytes, linear)
[    0.515991] UDP-Lite hash table entries: 1024 (order: 4, 65536 bytes, linear)
[    0.517706] NET: Registered PF_UNIX/PF_LOCAL protocol family
[    0.519033] NET: Registered PF_XDP protocol family
[    0.520216] pci_bus 0000:00: resource 4 [io  0x0000-0x0cf7 window]
[    0.521649] pci_bus 0000:00: resource 5 [io  0x0d00-0xffff window]
[    0.523257] pci_bus 0000:00: resource 6 [mem 0x000a0000-0x000bffff window]
[    0.524848] pci_bus 0000:00: resource 7 [mem 0x80000000-0xfebfffff window]
[    0.526476] pci_bus 0000:00: resource 8 [mem 0x100000000-0x17fffffff window]
[    0.528157] pci 0000:00:01.0: PIIX3: Enabling Passive Release
[    0.529524] pci 0000:00:00.0: Limiting direct PCI/PCI transfers
[    0.530988] PCI: CLS 0 bytes, default 64
[    0.532065] clocksource: tsc: mask: 0xffffffffffffffff max_cycles: 0x33e452fbb2f, max_idle_ns: 440795236593 ns
[    0.532101] Trying to unpack rootfs image as initramfs...
[    0.556733] Initialise system trusted keyrings
[    0.557821] Key type blacklist registered
[    0.558806] workingset: timestamp_bits=36 max_order=19 bucket_order=0
[    0.560561] fuse: init (API version 7.45)
[    0.561598] integrity: Platform Keyring initialized
[    0.562756] integrity: Machine keyring initialized
[    0.573392] xor: automatically using best checksumming function   avx       
[    0.575033] Key type asymmetric registered
[    0.576004] Asymmetric key parser 'x509' registered
[    0.577190] Block layer SCSI generic (bsg) driver version 0.4 loaded (major 245)
[    0.579851] io scheduler mq-deadline registered
[    0.579913] Freeing initrd memory: 12936K
[    0.580989] io scheduler kyber registered
[    0.582908] io scheduler bfq registered
[    0.583898] ledtrig-cpu: registered to indicate activity on CPUs
[    0.585494] input: Power Button as /devices/LNXSYSTM:00/LNXPWRBN:00/input/input0
[    0.591035] ACPI: button: Power Button [PWRF]
[    0.596247] ACPI: \_SB_.LNKC: Enabled at IRQ 11
[    0.602541] ACPI: \_SB_.LNKD: Enabled at IRQ 10
[    0.607480] ACPI: \_SB_.LNKA: Enabled at IRQ 10
[    0.610948] Serial: 8250/16550 driver, 32 ports, IRQ sharing enabled
[    0.613520] 00:04: ttyS0 at I/O 0x3f8 (irq = 4, base_baud = 115200) is a 16550A
[    0.617326] Non-volatile memory driver v1.3
[    0.618449] Linux agpgart interface v0.103
[    0.619576] ACPI: bus type drm_connector registered
[    0.621233] virtio_blk virtio2: 2/0/0 default/read/poll queues
[    0.623820] virtio_blk virtio2: [vda] 25165824 512-byte logical blocks (12.9 GB/12.0 GiB)
[    0.627272]  vda: vda1
[    0.628085] usbcore: registered new interface driver usbserial_generic
[    0.629644] usbserial: USB Serial support registered for generic
[    0.631129] i8042: PNP: PS/2 Controller [PNP0303:KBD,PNP0f13:MOU] at 0x60,0x64 irq 1,12
[    0.634157] serio: i8042 KBD port at 0x60,0x64 irq 1
[    0.635345] serio: i8042 AUX port at 0x60,0x64 irq 12
[    0.637034] input: AT Translated Set 2 keyboard as /devices/platform/i8042/serio0/input/input1
[    0.639095] rtc_cmos 00:05: RTC can wake from S4
[    0.640848] rtc_cmos 00:05: registered as rtc0
[    0.642008] rtc_cmos 00:05: setting system clock to 2026-02-28T11:45:47 UTC (1772279147)
[    0.644078] rtc_cmos 00:05: alarms up to one day, y3k, 242 bytes nvram, hpet irqs
[    0.645924] intel_pstate: CPU model not supported
[    0.647264] hid: raw HID events driver (C) Jiri Kosina
[    0.648490] usbcore: registered new interface driver usbhid
[    0.649786] usbhid: USB HID core driver
[    0.650723] rust_binder: Loaded Rust Binder.
[    0.650753] drop_monitor: Initializing network drop monitor service
[    0.653331] NET: Registered PF_INET6 protocol family
[    0.654832] Segment Routing with IPv6
[    0.655826] RPL Segment Routing with IPv6
[    0.656951] In-situ OAM (IOAM) with IPv6
[    0.657932] NET: Registered PF_PACKET protocol family
[    0.659466] IPI shorthand broadcast: enabled
[    0.662373] sched_clock: Marking stable (471001715, 190743598)->(771849385, -110104072)
[    0.664404] registered taskstats version 1
[    0.665666] Loading compiled-in X.509 certificates
[    0.672041] Loaded X.509 cert 'Build time autogenerated kernel key: bd75f57764373954f9094fd02f3449c1c19f0d83'
[    0.676683] zswap: loaded using pool zstd
[    0.677709] Demotion targets for Node 0: null
[    0.679019] Key type .fscrypt registered
[    0.679979] Key type fscrypt-provisioning registered
[    0.681478] Btrfs loaded, zoned=yes, fsverity=yes
[    0.682645] Key type big_key registered
[    0.683865] PM:   Magic number: 14:481:783
[    0.685814] RAS: Correctable Errors collector initialized.
[    0.691541] clk: Disabling unused clocks
[    0.692545] PM: genpd: Disabling unused power domains
[    0.695312] Freeing unused decrypted memory: 2028K
[    0.697049] Freeing unused kernel image (initmem) memory: 4732K
[    0.698202] Write protecting the kernel read-only data: 36864k
[    0.699573] Freeing unused kernel image (text/rodata gap) memory: 164K
[    0.700767] Freeing unused kernel image (rodata/data gap) memory: 12K
[    0.739229] x86/mm: Checked W+X mappings: passed, no W+X pages found.
[    0.740336] rodata_test: all tests were successful
[    0.741159] x86/mm: Checking user space page tables
[    0.777967] x86/mm: Checked W+X mappings: passed, no W+X pages found.
[    0.779083] Run /init as init process
P+q6E616D65\[    1.134737] systemd[1]: Successfully made /usr/ read-only.
[6n[32766;32766H[6n[!p]104\[0m[?7h[1G[0J[    1.472871] systemd[1]: systemd 259.1-1-arch running in system mode (+PAM +AUDIT -SELINUX +APPARMOR -IMA +IPE +SMACK +SECCOMP +GCRYPT +GNUTLS +OPENSSL +ACL +BLKID +CURL +ELFUTILS +FIDO2 +IDN2 -IDN +KMOD +LIBCRYPTSETUP +LIBCRYPTSETUP_PLUGINS +LIBFDISK +PCRE2 +PWQUALITY +P11KIT +QRENCODE +TPM2 +BZIP2 +LZ4 +XZ +ZLIB +ZSTD +BPF_FRAMEWORK +BTF +XKBCOMMON +UTMP -SYSVINIT +LIBARCHIVE)
[    1.481556] systemd[1]: Detected virtualization kvm.
[    1.482459] systemd[1]: Detected architecture x86-64.
[    1.483345] systemd[1]: Running in initrd.
[0;1;39mBooting initrd of [0m[38;2;23;147;209mArch Linux[0m[0;1;39m.[0m
[    1.485739] systemd[1]: Initializing machine ID from random generator.
]3008;start=e5ee0ca8218a4ab9a1a55ec43cda62df;user=root;hostname=archlinux;machineid=7b9bb7043d7b49a7822bd832b7cf9043;bootid=29c6e2f3e13b487dbe4109aeda3e7af0;pid=1;pidfdid=2;comm=systemd;type=boot\[    1.522865] systemd[1]: Queued start job for default target Initrd Default Target.
[    1.564107] systemd[1]: Expecting device /dev/vda1...
         Expecting device [0;1;39m/dev/vda1[0m...
[    1.566159] systemd[1]: Reached target Path Units.
[[0;32m  OK  [0m] Reached target [0;1;39mPath Units[0m.
[    1.568232] systemd[1]: Reached target Slice Units.
[[0;32m  OK  [0m] Reached target [0;1;39mSlice Units[0m.
[    1.570234] systemd[1]: Reached target Swaps.
[[0;32m  OK  [0m] Reached target [0;1;39mSwaps[0m.
[    1.572032] systemd[1]: Reached target Timer Units.
[[0;32m  OK  [0m] Reached target [0;1;39mTimer Units[0m.
[    1.574133] systemd[1]: Listening on Journal Socket (/dev/log).
[[0;32m  OK  [0m] Listening on [0;1;39mJournal Socket (/dev/log)[0m.
[    1.576636] systemd[1]: Listening on Journal Sockets.
[[0;32m  OK  [0m] Listening on [0;1;39mJournal Sockets[0m.
[    1.578762] systemd[1]: Listening on udev Control Socket.
[[0;32m  OK  [0m] Listening on [0;1;39mudev Control Socket[0m.
[    1.580940] systemd[1]: Listening on udev Kernel Socket.
[[0;32m  OK  [0m] Listening on [0;1;39mudev Kernel Socket[0m.
[    1.583095] systemd[1]: Reached target Socket Units.
[[0;32m  OK  [0m] Reached target [0;1;39mSocket Units[0m.
[    1.585279] systemd[1]: Create List of Static Device Nodes skipped, unmet condition check ConditionFileNotEmpty=/lib/modules/6.18.9-arch1-2/modules.devname
[    1.587641] systemd[1]: Early Battery Level Check skipped, unmet condition check ConditionDirectoryNotEmpty=/sys/class/power_supply
[    1.589631] systemd[1]: Display Boot-Time Emergency Messages In Full Screen skipped, unmet condition check ConditionVirtualization=no
[    1.596076] systemd[1]: Starting Journal Service...
         Starting [0;1;39mJournal Service[0m...
[    1.601125] systemd[1]: Starting Load Kernel Modules...
         Starting [0;1;39mLoad Kernel Modules[0m...
[    1.605049] systemd[1]: TPM PCR Barrier (initrd) skipped, unmet condition check ConditionSecurity=measured-uki
[    1.613906] systemd[1]: Starting Create Static Device Nodes in /dev...
         Starting [0;1;39mCreate Static Device Nodes in /dev[0m...
[    1.629115] systemd[1]: Starting Coldplug All udev Devices...
         Starting [0;1;39mColdplug All udev Devices[0m...
[    1.632577] systemd-journald[104]: Collecting audit messages is disabled.
[    1.656107] systemd[1]: Finished Create Static Device Nodes in /dev.
[[0;32m  OK  [[    1.657316] netfs: FS-Cache loaded
0m] Finished [0;1;39mCreate Static Device Nodes in /dev[0m.
[    1.659572] systemd[1]: Reached target Preparation for Local File Systems.
[[0;32m  OK  [0m] Reached target [0;1;39mPreparation for Local File Systems[0m.
[    1.664271] systemd[1]: Reached target Local File Systems.
[[0;32m  OK  [0m] Reached target [0;1;39mLocal File Systems[0m.
[    1.670928] systemd[1]: Starting Rule-based Manager for Device Events and Files...
[    1.673345] 9pnet: Installing 9P2000 support
         Starting [0;1;39mRule-based Manager for Device Events and Files[0m...
[    1.675662] systemd[1]: Started Journal Service.
[[0;32m  OK  [0m] Started [0;1;39mJournal Service[0m.
         Starting [0;1;39mCreate System Files and Directories[0m...
[    1.688580] 9p: Installing v9fs 9p2000 file system support
[[0;32m  OK  [0m] Finished [0;1;39mLoad Kernel Modules[0m.
[[0;32m  OK  [0m] Finished [0;1;39mCreate System Files and Directories[0m.
[[0;32m  OK  [0m] Started [0;1;39mRule-based Manager for Device Events and Files[0m.
[[0;32m  OK  [0m] Finished [0;1;39mColdplug All udev Devices[0m.
[[0;32m  OK  [0m] Reached target [0;1;39mSystem Initialization[0m.
[[0;32m  OK  [0m] Reached target [0;1;39mBasic System[0m.
[[0;32m  OK  [0m] Found device [0;1;39m/dev/vda1[0m.
[[0;32m  OK  [0m] Reached target [0;1;39mInitrd Root Device[0m.
         Starting [0;1;39mFile System Check on /dev/vda1[0m...
         Starting [0;1;39mVirtual Console Setup[0m...
[[0;32m  OK  [0m] Finished [0;1;39mFile System Check on /dev/vda1[0m.
[[0;32m  OK  [0m] Finished [0;1;39mVirtual Console Setup[0m.
         Mounting [0;1;39m/sysroot[0m...
[    2.708274] EXT4-fs (vda1): mounted filesystem ddfae1cc-629e-47f4-9008-261996ba3811 r/w with ordered data mode. Quota mode: none.
[[0;32m  OK  [0m] Mounted [0;1;39m/sysroot[0m.
[[0;32m  OK  [0m] Reached target [0;1;39mInitrd Root File System[0m.
         Starting [0;1;39mMountpoints Configured in the Real Root[0m...
[[0;32m  OK  [0m] Finished [0;1;39mMountpoints Configured in the Real Root[0m.
[[0;32m  OK  [0m] Reached target [0;1;39mInitrd File Systems[0m.
[[0;32m  OK  [0m] Reached target [0;1;39mInitrd Default Target[0m.
         Starting [0;1;39mCleaning Up and Shutting Down Daemons[0m...
[[0;32m  OK  [0m] Stopped target [0;1;39mInitrd Default Target[0m.
[[0;32m  OK  [0m] Stopped target [0;1;39mBasic System[0m.
[[0;32m  OK  [0m] Stopped target [0;1;39mInitrd Root Device[0m.
[[0;32m  OK  [0m] Stopped target [0;1;39mPath Units[0m.
[[0;32m  OK  [0m] Stopped target [0;1;39mSlice Units[0m.
[[0;32m  OK  [0m] Stopped target [0;1;39mSocket Units[0m.
[[0;32m  OK  [0m] Stopped target [0;1;39mSystem Initialization[0m.
[[0;32m  OK  [0m] Stopped target [0;1;39mSwaps[0m.
[[0;32m  OK  [0m] Stopped target [0;1;39mTimer Units[0m.
[[0;32m  OK  [0m] Stopped [0;1;39mLoad Kernel Modules[0m.
[[0;32m  OK  [0m] Stopped [0;1;39mCreate System Files and Directories[0m.
[[0;32m  OK  [0m] Stopped target [0;1;39mLocal File Systems[0m.
[[0;32m  OK  [0m] Stopped target [0;1;39mPreparation for Local File Systems[0m.
[[0;32m  OK  [0m] Stopped [0;1;39mColdplug All udev Devices[0m.
         Stopping [0;1;39mRule-based Manager for Device Events and Files[0m...
[[0;32m  OK  [0m] Stopped [0;1;39mVirtual Console Setup[0m.
[[0;32m  OK  [0m] Stopped [0;1;39mRule-based Manager for Device Events and Files[0m.
[[0;32m  OK  [0m] Finished [0;1;39mCleaning Up and Shutting Down Daemons[0m.
[[0;32m  OK  [0m] Closed [0;1;39mudev Control Socket[0m.
         Starting [0;1;39mCleanup udev Database[0m...
[[0;32m  OK  [0m] Stopped [0;1;39mCreate Static Device Nodes in /dev[0m.
[[0;32m  OK  [0m] Finished [0;1;39mCleanup udev Database[0m.
[[0;32m  OK  [0m] Reached target [0;1;39mSwitch Root[0m.
         Starting [0;1;39mSwitch Root[0m...
[    2.978221] systemd-journald[104]: Received SIGTERM from PID 1 (systemd).
P+q6E616D65\[6n[32766;32766H[6n[!p]104\[0m[?7h[1G[0J[    3.737856] systemd[1]: systemd 259.1-1-arch running in system mode (+PAM +AUDIT -SELINUX +APPARMOR -IMA +IPE +SMACK +SECCOMP +GCRYPT +GNUTLS +OPENSSL +ACL +BLKID +CURL +ELFUTILS +FIDO2 +IDN2 -IDN +KMOD +LIBCRYPTSETUP +LIBCRYPTSETUP_PLUGINS +LIBFDISK +PCRE2 +PWQUALITY +P11KIT +QRENCODE +TPM2 +BZIP2 +LZ4 +XZ +ZLIB +ZSTD +BPF_FRAMEWORK +BTF +XKBCOMMON +UTMP -SYSVINIT +LIBARCHIVE)
[    3.752801] systemd[1]: Detected virtualization kvm.
[    3.755210] systemd[1]: Detected architecture x86-64.

[0;1;39mWelcome to [0m[38;2;23;147;209mArch Linux[0m[0;1;39m![0m

[    3.765507] systemd[1]: Hostname set to <ksmbd-vm>.
]3008;start=06a153362def40b5bad7ab1c5669a357;user=root;hostname=ksmbd-vm;machineid=0ab76daf18ce42b0b036a81eb53bdd79;bootid=29c6e2f3e13b487dbe4109aeda3e7af0;pid=1;pidfdid=2;comm=systemd;type=boot\[    3.871151] systemd[1]: bpf-restrict-fs: LSM BPF program attached
[    3.908377] Guest personality initialized and is inactive
[    3.909367] VMCI host device registered (name=vmci, major=10, minor=260)
[    3.910513] Initialized host personality
[    3.915121] NET: Registered PF_VSOCK protocol family
[    4.047498] systemd[1]: initrd-switch-root.service: Deactivated successfully.
[    4.048893] systemd[1]: Stopped Switch Root.
[[0;32m  OK  [0m] Stopped [0;1;39mSwitch Root[0m.
[    4.051474] systemd[1]: systemd-journald.service: Scheduled restart job, restart counter is at 1.
[    4.053518] systemd[1]: Created slice Slice /system/dirmngr.
[[0;32m  OK  [0m] Created slice [0;1;39mSlice /system/dirmngr[0m.
[    4.056083] systemd[1]: Created slice Slice /system/getty.
[[0;32m  OK  [0m] Created slice [0;1;39mSlice /system/getty[0m.
[    4.058591] systemd[1]: Created slice Slice /system/gpg-agent.
[[0;32m  OK  [0m] Created slice [0;1;39mSlice /system/gpg-agent[0m.
[    4.061204] systemd[1]: Created slice Slice /system/gpg-agent-browser.
[[0;32m  OK  [0m] Created slice [0;1;39mSlice /system/gpg-agent-browser[0m.
[    4.064043] systemd[1]: Created slice Slice /system/gpg-agent-extra.
[[0;32m  OK  [0m] Created slice [0;1;39mSlice /system/gpg-agent-extra[0m.
[    4.066964] systemd[1]: Created slice Slice /system/gpg-agent-ssh.
[[0;32m  OK  [0m] Created slice [0;1;39mSlice /system/gpg-agent-ssh[0m.
[    4.069788] systemd[1]: Created slice Slice /system/keyboxd.
[[0;32m  OK  [0m] Created slice [0;1;39mSlice /system/keyboxd[0m.
[    4.072392] systemd[1]: Created slice Slice /system/modprobe.
[[0;32m  OK  [0m] Created slice [0;1;39mSlice /system/modprobe[0m.
[    4.075051] systemd[1]: Created slice Slice /system/serial-getty.
[[0;32m  OK  [0m] Created slice [0;1;39mSlice /system/serial-getty[0m.
[    4.077896] systemd[1]: Created slice User and Session Slice.
[[0;32m  OK  [0m] Created slice [0;1;39mUser and Session Slice[0m.
[    4.080338] systemd[1]: Started Dispatch Password Requests to Console Directory Watch.
[[0;32m  OK  [0m] Started [0;1;39mDispatch Password Requests to Console Directory Watch[0m.
[    4.083456] systemd[1]: Started Forward Password Requests to Wall Directory Watch.
[[0;32m  OK  [0m] Started [0;1;39mForward Password Requests to Wall Directory Watch[0m.
[    4.086573] systemd[1]: Set up automount Arbitrary Executable File Formats File System Automount Point.
[[0;32m  OK  [0m] Set up automount [0;1;39mArbitrary Executa…ormats File System Automount Point[0m.
[    4.090005] systemd[1]: Expecting device /dev/ttyS0...
         Expecting device [0;1;39m/dev/ttyS0[0m...
[    4.091940] systemd[1]: Reached target Local Encrypted Volumes.
[[0;32m  OK  [0m] Reached target [0;1;39mLocal Encrypted Volumes[0m.
[    4.094321] systemd[1]: Reached target Image Downloads.
[[0;32m  OK  [0m] Reached target [0;1;39mImage Downloads[0m.
[    4.096451] systemd[1]: Stopped target Switch Root.
[[0;32m  OK  [0m] Stopped target [0;1;39mSwitch Root[0m.
[    4.098452] systemd[1]: Stopped target Initrd File Systems.
[[0;32m  OK  [0m] Stopped target [0;1;39mInitrd File Systems[0m.
[    4.100684] systemd[1]: Stopped target Initrd Root File System.
[[0;32m  OK  [0m] Stopped target [0;1;39mInitrd Root File System[0m.
[    4.103023] systemd[1]: Reached target Local Integrity Protected Volumes.
[[0;32m  OK  [0m] Reached target [0;1;39mLocal Integrity Protected Volumes[0m.
[    4.105700] systemd[1]: Reached target Path Units.
[[0;32m  OK  [0m] Reached target [0;1;39mPath Units[0m.
[    4.107652] systemd[1]: Reached target Remote File Systems.
[[0;32m  OK  [0m] Reached target [0;1;39mRemote File Systems[0m.
[    4.110004] systemd[1]: Reached target Slice Units.
[[0;32m  OK  [0m] Reached target [0;1;39mSlice Units[0m.
[    4.111993] systemd[1]: Reached target Swaps.
[[0;32m  OK  [0m] Reached target [0;1;39mSwaps[0m.
[    4.113810] systemd[1]: Reached target Local Verity Protected Volumes.
[[0;32m  OK  [0m] Reached target [0;1;39mLocal Verity Protected Volumes[0m.
[    4.116568] systemd[1]: Listening on Device-mapper event daemon FIFOs.
[[0;32m  OK  [0m] Listening on [0;1;39mDevice-mapper event daemon FIFOs[0m.
[    4.120203] systemd[1]: Listening on Query the User Interactively for a Password.
[[0;32m  OK  [0m] Listening on [0;1;39mQuery the User Interactively for a Password[0m.
[    4.124140] systemd[1]: Listening on Process Core Dump Socket.
[[0;32m  OK  [0m] Listening on [0;1;39mProcess Core Dump Socket[0m.
[    4.127013] systemd[1]: Listening on Credential Encryption/Decryption.
[[0;32m  OK  [0m] Listening on [0;1;39mCredential Encryption/Decryption[0m.
[    4.130366] systemd[1]: Listening on Factory Reset Management.
[[0;32m  OK  [0m] Listening on [0;1;39mFactory Reset Management[0m.
[    4.133730] systemd[1]: Listening on Console Output Muting Service Socket.
[[0;32m  OK  [0m] Listening on [0;1;39mConsole Output Muting Service Socket[0m.
[    4.136620] systemd[1]: Listening on Network Management Resolve Hook Socket.
[[0;32m  OK  [0m] Listening on [0;1;39mNetwork Management Resolve Hook Socket[0m.
[    4.139594] systemd[1]: Listening on Network Management Varlink Socket.
[[0;32m  OK  [0m] Listening on [0;1;39mNetwork Management Varlink Socket[0m.
[    4.142601] systemd[1]: Listening on Network Management Netlink Socket.
[[0;32m  OK  [0m] Listening on [0;1;39mNetwork Management Netlink Socket[0m.
[    4.145286] systemd[1]: TPM PCR Measurements skipped, unmet condition check ConditionSecurity=measured-uki
[    4.146945] systemd[1]: Make TPM PCR Policy skipped, unmet condition check ConditionSecurity=measured-uki
[    4.149268] systemd[1]: Listening on Disk Repartitioning Service Socket.
[[0;32m  OK  [0m] Listening on [0;1;39mDisk Repartitioning Service Socket[0m.
[    4.152076] systemd[1]: Listening on Resolve Monitor Varlink Socket.
[[0;32m  OK  [0m] Listening on [0;1;39mResolve Monitor Varlink Socket[0m.
[    4.154650] systemd[1]: Listening on Resolve Service Varlink Socket.
[[0;32m  OK  [0m] Listening on [0;1;39mResolve Service Varlink Socket[0m.
[    4.157279] systemd[1]: Listening on udev Control Socket.
[[0;32m  OK  [0m] Listening on [0;1;39mudev Control Socket[0m.
[    4.159600] systemd[1]: Listening on udev Varlink Socket.
[[0;32m  OK  [0m] Listening on [0;1;39mudev Varlink Socket[0m.
[    4.161883] systemd[1]: Listening on User Database Manager Socket.
[[0;32m  OK  [0m] Listening on [0;1;39mUser Database Manager Socket[0m.
[    4.165295] systemd[1]: Mounting Huge Pages File System...
         Mounting [0;1;39mHuge Pages File System[0m...
[    4.169904] systemd[1]: Mounting POSIX Message Queue File System...
         Mounting [0;1;39mPOSIX Message Queue File System[0m...
[    4.175571] systemd[1]: Mounting Kernel Debug File System...
         Mounting [0;1;39mKernel Debug File System[0m...
[    4.180528] systemd[1]: Mounting Kernel Trace File System...
         Mounting [0;1;39mKernel Trace File System[0m...
[    4.184535] systemd[1]: Mounting Temporary Directory /tmp...
         Mounting [0;1;39mTemporary Directory /tmp[0m...
[    4.189664] systemd[1]: Starting Create List of Static Device Nodes...
         Starting [0;1;39mCreate List of Static Device Nodes[0m...
[    4.192274] systemd[1]: Load Kernel Module configfs skipped, unmet condition check ConditionKernelModuleLoaded=!configfs
[    4.195850] systemd[1]: Mounting Kernel Configuration File System...
         Mounting [0;1;39mKernel Configuration File System[0m...
[    4.199342] systemd[1]: Load Kernel Module drm skipped, unmet condition check ConditionKernelModuleLoaded=!drm
[    4.201103] systemd[1]: Load Kernel Module fuse skipped, unmet condition check ConditionKernelModuleLoaded=!fuse
[    4.203503] systemd[1]: Mounting FUSE Control File System...
         Mounting [0;1;39mFUSE Control File System[0m...
[    4.206935] systemd[1]: Clear Stale Hibernate Storage Info skipped, unmet condition check ConditionPathExists=/sys/firmware/efi/efivars/HibernateLocation-8cf2644b-4b0b-428f-9387-6d876050dc67
[    4.211453] systemd[1]: Starting Journal Service...
         Starting [0;1;39mJournal Service[0m...
[    4.213840] systemd[1]: Load Kernel Modules skipped, no trigger condition checks were met.
[    4.216841] systemd[1]: Starting Generate Network Units from Kernel Command Line...
         Starting [0;1;39mGenerate Network Units from Kernel Command Line[0m...
[    4.219872] systemd[1]: TPM PCR Machine ID Measurement skipped, unmet condition check ConditionSecurity=measured-uki
[    4.221769] systemd[1]: TPM NvPCR Product ID Measurement skipped, unmet condition check ConditionSecurity=measured-uki
[    4.226822] systemd[1]: Starting Remount Root and Kernel File Systems...
         Starting [0;1;39mRemount Root and Kernel File Systems[0m...
[    4.236922] systemd[1]: Starting Apply Kernel Variables...
         Starting [0;1;39mApply Kernel Variables[0m...
[    4.239041] systemd[1]: Early TPM SRK Setup skipped, unmet condition check ConditionSecurity=measured-uki
[    4.241214] systemd-journald[324]: Collecting audit messages is disabled.
[    4.243861] systemd[1]: Starting Load udev Rules from Credentials...
         Starting [0;1;39mLoad udev Rules from Credentials[0m...
[    4.247381] EXT4-fs (vda1): re-mounted ddfae1cc-629e-47f4-9008-261996ba3811.
[    4.258883] systemd[1]: Starting Coldplug All udev Devices...
         Starting [0;1;39mColdplug All udev Devices[0m...
[    4.265124] systemd[1]: Started Journal Service.
[[0;32m  OK  [0m] Started [0;1;39mJournal Service[0m.
[[0;32m  OK  [0m] Mounted [0;1;39mHuge Pages File System[0m.
[[0;32m  OK  [0m] Mounted [0;1;39mPOSIX Message Queue File System[0m.
[[0;32m  OK  [0m] Mounted [0;1;39mKernel Debug File System[0m.
[[0;32m  OK  [0m] Mounted [0;1;39mKernel Trace File System[0m.
[[0;32m  OK  [0m] Mounted [0;1;39mTemporary Directory /tmp[0m.
[[0;32m  OK  [0m] Finished [0;1;39mCreate List of Static Device Nodes[0m.
[[0;32m  OK  [0m] Mounted [0;1;39mKernel Configuration File System[0m.
[[0;32m  OK  [0m] Mounted [0;1;39mFUSE Control File System[0m.
[[0;32m  OK  [0m] Finished [0;1;39mGenerate Network Units from Kernel Command Line[0m.
[[0;32m  OK  [0m] Finished [0;1;39mRemount Root and Kernel File Systems[0m.
[[0;32m  OK  [0m] Finished [0;1;39mApply Kernel Variables[0m.
[[0;32m  OK  [0m] Finished [0;1;39mLoad udev Rules from Credentials[0m.
[[0;32m  OK  [0m] Reached target [0;1;39mPreparation for Network[0m.
         Starting [0;1;39mFlush Journal to Persistent Storage[0m...
         Starting [0;1;39mLoad/Save OS Random Seed[0m...
         Starting [0;1;39mCreate Static Device Nodes in /dev gracefully[0m...
[    4.311118] systemd-journald[324]: Received client request to flush runtime journal.
[    4.316862] systemd-journald[324]: File /var/log/journal/0ab76daf18ce42b0b036a81eb53bdd79/system.journal corrupted or uncleanly shut down, renaming and replacing.
         Starting [0;1;39mUser Database Manager[0m...
[[0;32m  OK  [0m] Started [0;1;39mUser Database Manager[0m.
[[0;32m  OK  [0m] Finished [0;1;39mLoad/Save OS Random Seed[0m.
[[0;32m  OK  [0m] Finished [0;1;39mFlush Journal to Persistent Storage[0m.
[[0;32m  OK  [0m] Finished [0;1;39mCreate Static Device Nodes in /dev gracefully[0m.
         Starting [0;1;39mNetwork Name Resolution[0m...
         Starting [0;1;39mCreate Static Device Nodes in /dev[0m...
[[0;32m  OK  [0m] Finished [0;1;39mColdplug All udev Devices[0m.
[[0;32m  OK  [0m] Finished [0;1;39mCreate Static Device Nodes in /dev[0m.
[[0;32m  OK  [0m] Reached target [0;1;39mPreparation for Local File Systems[0m.
         Starting [0;1;39mRule-based Manager for Device Events and Files[0m...
[[0;32m  OK  [0m] Started [0;1;39mNetwork Name Resolution[0m.
[[0;32m  OK  [0m] Reached target [0;1;39mHost and Network Name Lookups[0m.
[[0;32m  OK  [0m] Started [0;1;39mRule-based Manager for Device Events and Files[0m.
         Starting [0;1;39mNetwork Management[0m...
[    4.602799] cfg80211: Loading compiled-in X.509 certificates for regulatory database
[    4.608049] Loaded X.509 cert 'sforshee: 00b28ddf47aef9cea7'
[    4.609233] Loaded X.509 cert 'wens: 61c038651aabdcf94bd0ac7ff06c7248db18c600'
[    4.610544] faux_driver regulatory: Direct firmware load for regulatory.db failed with error -2
[    4.612524] cfg80211: failed to load regulatory.db
[    4.632120] virtio_net virtio1 ens4: renamed from eth0
[[0;32m  OK  [0m] Started [0;1;39mNetwork Management[0m.
[[0;32m  OK  [0m] Reached target [0;1;39mNetwork[0m.
         Starting [0;1;39mEnable Persistent Storage in systemd-networkd[0m...
[[0;32m  OK  [0m] Finished [0;1;39mEnable Persistent Storage in systemd-networkd[0m.
[    4.721851] bochs-drm 0000:00:02.0: vgaarb: deactivate vga console
[    4.727212] Console: switching to colour dummy device 80x25
[    4.728454] [drm] Found bochs VGA, ID 0xb0c5.
[    4.729291] [drm] Framebuffer size 16384 kB @ 0xfd000000, mmio @ 0xfebd0000.
[    4.742502] bochs-drm 0000:00:02.0: [drm] Registered 1 planes with drm panic
[    4.743730] [drm] Initialized bochs-drm 1.0.0 for 0000:00:02.0 on minor 0
[    4.750395] Floppy drive(s): fd0 is 2.88M AMI BIOS
[    4.754958] fbcon: bochs-drmdrmfb (fb0) is primary device
[    4.755102] scsi host0: ata_piix
[    4.761359] scsi host1: ata_piix
[    4.761399] ata1: PATA max MWDMA2 cmd 0x1f0 ctl 0x3f6 bmdma 0xc0e0 irq 14 lpm-pol 0
[    4.761401] ata2: PATA max MWDMA2 cmd 0x170 ctl 0x376 bmdma 0xc0e8 irq 15 lpm-pol 0
[    4.763185] parport_pc 00:03: reported by Plug and Play ACPI
[    4.763399] parport0: PC-style at 0x378, irq 7 [PCSPP,TRISTATE]
[    4.766718] Console: switching to colour frame buffer device 160x50
[    4.778010] bochs-drm 0000:00:02.0: [drm] fb0: bochs-drmdrmfb frame buffer device
[    4.779717] FDC 0 is a S82078B
[    4.793135] input: PC Speaker as /devices/platform/pcspkr/input/input3
[    4.797045] input: VirtualPS/2 VMware VMMouse as /devices/platform/i8042/serio1/input/input5
[    4.798939] input: VirtualPS/2 VMware VMMouse as /devices/platform/i8042/serio1/input/input4
[[0;32m  OK  [0m] Listening on [0;1;39mLoad/Save RF Kill Switch Status /dev/rfkill Watch[0m.
         Starting [0;1;39mVirtual Console Setup[0m...
[[0;32m  OK  [0m] Stopped [0;1;39mVirtual Console Setup[0m.
         Starting [0;1;39mVirtual Console Setup[0m...
[    4.851079] RAPL PMU: API unit is 2^-32 Joules, 0 fixed counters, 10737418240 ms ovfl timer
[[0;32m  OK  [0m] Finished [0;1;39mVirtual Console Setup[0m.
[    4.874873] ppdev: user-space parallel port driver
[    4.914183] ata2: found unknown device (class 0)
[    4.915920] ata2.00: ATAPI: QEMU DVD-ROM, 2.5+, max UDMA/100
[    4.923057] scsi 1:0:0:0: CD-ROM            QEMU     QEMU DVD-ROM     2.5+ PQ: 0 ANSI: 5
[    4.957589] piix4_smbus 0000:00:01.3: SMBus Host Controller at 0x700, revision 0
[    4.963798] i2c i2c-0: Memory type 0x07 not supported yet, not instantiating SPD
[    4.968068] mousedev: PS/2 mouse device common for all mice
[    5.000570] sr 1:0:0:0: [sr0] scsi3-mmc drive: 4x/4x cd/rw xa/form2 tray
[    5.001713] cdrom: Uniform CD-ROM driver Revision: 3.20
         Mounting [0;1;39m/mnt/ksmbd[0m...
[[0;32m  OK  [0m] Reached target [0;1;39mLocal File Systems[0m.
[[0;32m  OK  [0m] Listening on [0;1;39mBoot Entries Service Socket[0m.
[[0;32m  OK  [0m] Listening on [0;1;39mDisk Image Download Service Socket[0m.
[[0;32m  OK  [0m] Listening on [0;1;39mSystem Extension Image Management[0m.
[    5.061186] 9pnet: Limiting 'msize' to 512000 as this is the maximum supported by transport virtio
         Starting [0;1;39mCreate System Files and Directories[0m...
         Starting [0;1;39mLoad JSON user/group Records from Credentials[0m...
[[0;32m  OK  [0m] Mounted [0;1;39m/mnt/ksmbd[0m.
[[0;32m  OK  [0m] Finished [0;1;39mLoad JSON user/group Records from Credentials[0m.
[[0;32m  OK  [0m] Finished [0;1;39mCreate System Files and Directories[0m.
         Starting [0;1;39mRecord System Boot/Shutdown in UTMP[0m...
[[0;32m  OK  [0m] Finished [0;1;39mRecord System Boot/Shutdown in UTMP[0m.
[[0;32m  OK  [0m] Reached target [0;1;39mSystem Initialization[0m.
[[0;32m  OK  [0m] Started [0;1;39mRefresh existing PGP keys of archlinux-keyring regularly[0m.
[[0;32m  OK  [0m] Started [0;1;39mDaily verification of password and group files[0m.
[[0;32m  OK  [0m] Started [0;1;39mDaily Cleanup of Temporary Directories[0m.
[[0;32m  OK  [0m] Reached target [0;1;39mTimer Units[0m.
[[0;32m  OK  [0m] Listening on [0;1;39mD-Bus System Message Bus Socket[0m.
[[0;32m  OK  [0m] Listening on [0;1;39mGnuPG network certifi…ent daemon for /etc/pacman.d/gnupg[0m.
[[0;32m  OK  [0m] Listening on [0;1;39mGnuPG cryptographic a… browsers) for /etc/pacman.d/gnupg[0m.
[[0;32m  OK  [0m] Listening on [0;1;39mGnuPG cryptographic a…estricted) for /etc/pacman.d/gnupg[0m.
[[0;32m  OK  [0m] Listening on [0;1;39mGnuPG cryptographic a…emulation) for /etc/pacman.d/gnupg[0m.
[[0;32m  OK  [0m] Listening on [0;1;39mGnuPG cryptographic a…rase cache for /etc/pacman.d/gnupg[0m.
[[0;32m  OK  [0m] Listening on [0;1;39mGnuPG public key mana…nt service for /etc/pacman.d/gnupg[0m.
[[0;32m  OK  [0m] Listening on [0;1;39mOpenSSH Server Socket…temd-ssh-generator, AF_UNIX Local)[0m.
[[0;32m  OK  [0m] Listening on [0;1;39mHostname Service Socket[0m.
[[0;32m  OK  [0m] Listening on [0;1;39mUser Login Management Varlink Socket[0m.
[[0;32m  OK  [0m] Listening on [0;1;39mVirtual Machine and C…tainer Registration Service Socket[0m.
[[0;32m  OK  [0m] Reached target [0;1;39mSocket Units[0m.
         Starting [0;1;39mD-Bus System Message Bus[0m...
[[0;32m  OK  [0m] Started [0;1;39mD-Bus System Message Bus[0m.
[[0;32m  OK  [0m] Reached target [0;1;39mBasic System[0m.
         Starting [0;1;39mOpenSSH Daemon[0m...
         Starting [0;1;39mUser Login Management[0m...
         Starting [0;1;39mPermit User Sessions[0m...
[[0;32m  OK  [0m] Started [0;1;39mOpenSSH Daemon[0m.
[[0;32m  OK  [0m] Reached target [0;1;39mSSH Access Available[0m.
[[0;32m  OK  [0m] Finished [0;1;39mPermit User Sessions[0m.
[[0;32m  OK  [0m] Started [0;1;39mGetty on tty1[0m.
[[0;32m  OK  [0m] Started [0;1;39mSerial Getty on ttyS0[0m.
[[0;32m  OK  [0m] Reached target [0;1;39mLogin Prompts[0m.
[[0;32m  OK  [0m] Started [0;1;39mUser Login Management[0m.
[[0;32m  OK  [0m] Reached target [0;1;39mMulti-User System[0m.
[[0;32m  OK  [0m] Reached target [0;1;39mGraphical Interface[0m.
[!p]104\[0m[?7h[1G[0J[6n[32766;32766H[6n[!p]104\[0m[?7h[1G[0J[6n[32766;32766H[6n]3008;start=bb5a53f4cd9e47ba94d9ee52c52d52f1;user=root;hostname=ksmbd-vm;machineid=0ab76daf18ce42b0b036a81eb53bdd79;bootid=29c6e2f3e13b487dbe4109aeda3e7af0;pid=439;pidfdid=440;comm=(agetty);servicename=serial-getty@ttyS0.service;invocationid=bb4aa66e8bdc4d968c625d149e2cd8b4;type=service\P+q6E616D65\
Arch Linux 6.18.9-arch1-2 (ttyS0)

ksmbd-vm login: root (automatic login)

]3008;start=4a51a9f3fd3d49bf91c24a4a8079ff05;user=root;hostname=ksmbd-vm;machineid=0ab76daf18ce42b0b036a81eb53bdd79;bootid=29c6e2f3e13b487dbe4109aeda3e7af0;pid=439;pidfdid=440;comm=login;targetuser=root;sessionid=1;type=session\
  ╔══════════════════════════════════════════════╗
  ║         ksmbd Test VM                        ║
  ╠══════════════════════════════════════════════╣
  ║  /root/start-ksmbd.sh   - Start server      ║
  ║  /root/reload-ksmbd.sh  - Reload module      ║
  ║  /root/dev-info.sh      - Debug/analysis info║
  ║  /mnt/ksmbd/            - Shared source      ║
  ║  poweroff                - Shutdown VM        ║
  ╚══════════════════════════════════════════════╝

]3008;start=e56cdc1a-25c4-4cd1-918e-65fdc6260e25;machineid=0ab76daf18ce42b0b036a81eb53bdd79;user=root;hostname=ksmbd-vm;bootid=29c6e2f3-e13b-487d-be41-09aeda3e7af0;pid=454;type=shell;cwd=/root\[?2004h[root@ksmbd-vm ~]# [   14.673793] ksmbd: loading out-of-tree module taints kernel.
[   14.675637] ksmbd: module verification failed: signature and/or required key missing - tainting kernel
[   14.696615] ksmbd: Configuration subsystem initialized with 12 parameters
[   14.698428] ksmbd: ksmbd: CHANGE_NOTIFY subsystem initialised
[   14.699475] ksmbd: ksmbd: hook subsystem initialized (22 hook points)
[   14.700637] ksmbd: ksmbd: witness protocol support initialised
[   34.956960] ksmbd: PDU length(6424065) excceed maximum allowed pdu size(16384) on connection(5)
[   34.958418] ksmbd: cli req too short, len 162 not 252. cmd:1 mid:2
[  136.063577] ksmbd: PDU length(6424065) excceed maximum allowed pdu size(16384) on connection(5)
[  136.065033] ksmbd: cli req too short, len 162 not 252. cmd:1 mid:2
