[    0.000000] Linux version 6.18.13-arch1-1 (linux@archlinux) (gcc (GCC) 15.2.1 20260209, GNU ld (GNU Binutils) 2.46) #1 SMP PREEMPT_DYNAMIC Wed, 25 Feb 2026 23:12:35 +0000
[    0.000000] Command line: root=/dev/vda1 rw console=ttyS0,115200 loglevel=7
[    0.000000] BIOS-provided physical RAM map:
[    0.000000] BIOS-e820: [mem 0x0000000000000000-0x000000000009fbff] usable
[    0.000000] BIOS-e820: [mem 0x000000000009fc00-0x000000000009ffff] reserved
[    0.000000] BIOS-e820: [mem 0x00000000000f0000-0x00000000000fffff] reserved
[    0.000000] BIOS-e820: [mem 0x0000000000100000-0x000000007ffdcfff] usable
[    0.000000] BIOS-e820: [mem 0x000000007ffdd000-0x000000007fffffff] reserved
[    0.000000] BIOS-e820: [mem 0x00000000feffc000-0x00000000feffffff] reserved
[    0.000000] BIOS-e820: [mem 0x00000000fffc0000-0x00000000ffffffff] reserved
[    0.000000] NX (Execute Disable) protection: active
[    0.000000] APIC: Static calls initialized
[    0.000000] SMBIOS 2.8 present.
[    0.000000] DMI: QEMU Standard PC (i440FX + PIIX, 1996), BIOS Arch Linux 1.17.0-2-2 04/01/2014
[    0.000000] DMI: Memory slots populated: 1/1
[    0.000000] Hypervisor detected: KVM
[    0.000000] last_pfn = 0x7ffdd max_arch_pfn = 0x400000000
[    0.000000] kvm-clock: Using msrs 4b564d01 and 4b564d00
[    0.000002] kvm-clock: using sched offset of 555050297 cycles
[    0.000004] clocksource: kvm-clock: mask: 0xffffffffffffffff max_cycles: 0x1cd42e4dffb, max_idle_ns: 881590591483 ns
[    0.000008] tsc: Detected 3600.000 MHz processor
[    0.000735] last_pfn = 0x7ffdd max_arch_pfn = 0x400000000
[    0.000773] MTRR map: 4 entries (3 fixed + 1 variable; max 19), built from 8 variable MTRRs
[    0.000777] x86/PAT: Configuration [0-7]: WB  WC  UC- UC  WB  WP  UC- WT  
[    0.010482] found SMP MP-table at [mem 0x000f66b0-0x000f66bf]
[    0.010507] Using GB pages for direct mapping
[    0.010723] RAMDISK: [mem 0x7f508000-0x7ffcffff]
[    0.010808] ACPI: Early table checksum verification disabled
[    0.010813] ACPI: RSDP 0x00000000000F64E0 000014 (v00 BOCHS )
[    0.010819] ACPI: RSDT 0x000000007FFE239C 000034 (v01 BOCHS  BXPC     00000001 BXPC 00000001)
[    0.010826] ACPI: FACP 0x000000007FFE2248 000074 (v01 BOCHS  BXPC     00000001 BXPC 00000001)
[    0.010837] ACPI: DSDT 0x000000007FFE0040 002208 (v01 BOCHS  BXPC     00000001 BXPC 00000001)
[    0.010848] ACPI: FACS 0x000000007FFE0000 000040
[    0.010855] ACPI: APIC 0x000000007FFE22BC 000080 (v03 BOCHS  BXPC     00000001 BXPC 00000001)
[    0.010861] ACPI: HPET 0x000000007FFE233C 000038 (v01 BOCHS  BXPC     00000001 BXPC 00000001)
[    0.010866] ACPI: WAET 0x000000007FFE2374 000028 (v01 BOCHS  BXPC     00000001 BXPC 00000001)
[    0.010870] ACPI: Reserving FACP table memory at [mem 0x7ffe2248-0x7ffe22bb]
[    0.010872] ACPI: Reserving DSDT table memory at [mem 0x7ffe0040-0x7ffe2247]
[    0.010874] ACPI: Reserving FACS table memory at [mem 0x7ffe0000-0x7ffe003f]
[    0.010875] ACPI: Reserving APIC table memory at [mem 0x7ffe22bc-0x7ffe233b]
[    0.010876] ACPI: Reserving HPET table memory at [mem 0x7ffe233c-0x7ffe2373]
[    0.010877] ACPI: Reserving WAET table memory at [mem 0x7ffe2374-0x7ffe239b]
[    0.011420] No NUMA configuration found
[    0.011422] Faking a node at [mem 0x0000000000000000-0x000000007ffdcfff]
[    0.011432] NODE_DATA(0) allocated [mem 0x7f4dd280-0x7f507fff]
[    0.011859] Zone ranges:
[    0.011861]   DMA      [mem 0x0000000000001000-0x0000000000ffffff]
[    0.011863]   DMA32    [mem 0x0000000001000000-0x000000007ffdcfff]
[    0.011865]   Normal   empty
[    0.011866]   Device   empty
[    0.011867] Movable zone start for each node
[    0.011870] Early memory node ranges
[    0.011871]   node   0: [mem 0x0000000000001000-0x000000000009efff]
[    0.011873]   node   0: [mem 0x0000000000100000-0x000000007ffdcfff]
[    0.011875] Initmem setup node 0 [mem 0x0000000000001000-0x000000007ffdcfff]
[    0.011895] On node 0, zone DMA: 1 pages in unavailable ranges
[    0.012114] On node 0, zone DMA: 97 pages in unavailable ranges
[    0.042690] On node 0, zone DMA32: 35 pages in unavailable ranges
[    0.043471] ACPI: PM-Timer IO Port: 0x608
[    0.043491] ACPI: LAPIC_NMI (acpi_id[0xff] dfl dfl lint[0x1])
[    0.043533] IOAPIC[0]: apic_id 0, version 17, address 0xfec00000, GSI 0-23
[    0.043539] ACPI: INT_SRC_OVR (bus 0 bus_irq 0 global_irq 2 dfl dfl)
[    0.043540] ACPI: INT_SRC_OVR (bus 0 bus_irq 5 global_irq 5 high level)
[    0.043542] ACPI: INT_SRC_OVR (bus 0 bus_irq 9 global_irq 9 high level)
[    0.043543] ACPI: INT_SRC_OVR (bus 0 bus_irq 10 global_irq 10 high level)
[    0.043544] ACPI: INT_SRC_OVR (bus 0 bus_irq 11 global_irq 11 high level)
[    0.043549] ACPI: Using ACPI (MADT) for SMP configuration information
[    0.043551] ACPI: HPET id: 0x8086a201 base: 0xfed00000
[    0.043556] TSC deadline timer available
[    0.043563] CPU topo: Max. logical packages:   1
[    0.043564] CPU topo: Max. logical dies:       1
[    0.043564] CPU topo: Max. dies per package:   1
[    0.043570] CPU topo: Max. threads per core:   1
[    0.043571] CPU topo: Num. cores per package:     2
[    0.043572] CPU topo: Num. threads per package:   2
[    0.043572] CPU topo: Allowing 2 present CPUs plus 0 hotplug CPUs
[    0.043593] kvm-guest: APIC: eoi() replaced with kvm_guest_apic_eoi_write()
[    0.043608] kvm-guest: KVM setup pv remote TLB flush
[    0.043612] kvm-guest: setup PV sched yield
[    0.043620] PM: hibernation: Registered nosave memory: [mem 0x00000000-0x00000fff]
[    0.043622] PM: hibernation: Registered nosave memory: [mem 0x0009f000-0x000fffff]
[    0.043623] [mem 0x80000000-0xfeffbfff] available for PCI devices
[    0.043625] Booting paravirtualized kernel on KVM
[    0.043627] clocksource: refined-jiffies: mask: 0xffffffff max_cycles: 0xffffffff, max_idle_ns: 1910969940391419 ns
[    0.053123] setup_percpu: NR_CPUS:8192 nr_cpumask_bits:2 nr_cpu_ids:2 nr_node_ids:1
[    0.054874] percpu: Embedded 62 pages/cpu s217088 r8192 d28672 u1048576
[    0.054931] kvm-guest: PV spinlocks enabled
[    0.054933] PV qspinlock hash table entries: 256 (order: 0, 4096 bytes, linear)
[    0.054936] Kernel command line: root=/dev/vda1 rw console=ttyS0,115200 loglevel=7
[    0.054998] random: crng init done
[    0.054999] printk: log buffer data + meta data: 131072 + 458752 = 589824 bytes
[    0.056435] Dentry cache hash table entries: 262144 (order: 9, 2097152 bytes, linear)
[    0.057164] Inode-cache hash table entries: 131072 (order: 8, 1048576 bytes, linear)
[    0.057262] Fallback order for Node 0: 0 
[    0.057266] Built 1 zonelists, mobility grouping on.  Total pages: 524155
[    0.057267] Policy zone: DMA32
[    0.059477] mem auto-init: stack:all(zero), heap alloc:on, heap free:off
[    0.065370] SLUB: HWalign=64, Order=0-3, MinObjects=0, CPUs=2, Nodes=1
[    0.065412] Kernel/User page tables isolation: enabled
[    0.081069] ftrace: allocating 57060 entries in 224 pages
[    0.081074] ftrace: allocated 224 pages with 3 groups
[    0.081350] Dynamic Preempt: full
[    0.081408] rcu: Preemptible hierarchical RCU implementation.
[    0.081409] rcu: 	RCU restricting CPUs from NR_CPUS=8192 to nr_cpu_ids=2.
[    0.081410] rcu: 	RCU priority boosting: priority 1 delay 500 ms.
[    0.081412] 	Trampoline variant of Tasks RCU enabled.
[    0.081412] 	Rude variant of Tasks RCU enabled.
[    0.081413] 	Tracing variant of Tasks RCU enabled.
[    0.081413] rcu: RCU calculated value of scheduler-enlistment delay is 100 jiffies.
[    0.081414] rcu: Adjusting geometry for rcu_fanout_leaf=16, nr_cpu_ids=2
[    0.081421] RCU Tasks: Setting shift to 1 and lim to 1 rcu_task_cb_adjust=1 rcu_task_cpu_ids=2.
[    0.081423] RCU Tasks Rude: Setting shift to 1 and lim to 1 rcu_task_cb_adjust=1 rcu_task_cpu_ids=2.
[    0.081424] RCU Tasks Trace: Setting shift to 1 and lim to 1 rcu_task_cb_adjust=1 rcu_task_cpu_ids=2.
[    0.089841] NR_IRQS: 524544, nr_irqs: 440, preallocated irqs: 16
[    0.090133] rcu: srcu_init: Setting srcu_struct sizes based on contention.
[    0.090318] kfence: initialized - using 2097152 bytes for 255 objects at 0x(____ptrval____)-0x(____ptrval____)
[    0.122557] Console: colour VGA+ 80x25
[    0.122648] printk: legacy console [ttyS0] enabled
[    0.406355] ACPI: Core revision 20250807
[    0.407855] clocksource: hpet: mask: 0xffffffff max_cycles: 0xffffffff, max_idle_ns: 19112604467 ns
[    0.414719] APIC: Switch to symmetric I/O mode setup
[    0.416557] x2apic enabled
[    0.419400] APIC: Switched APIC routing to: physical x2apic
[    0.422354] kvm-guest: APIC: send_IPI_mask() replaced with kvm_send_ipi_mask()
[    0.424473] kvm-guest: APIC: send_IPI_mask_allbutself() replaced with kvm_send_ipi_mask_allbutself()
[    0.427340] kvm-guest: setup PV IPIs
[    0.430325] ..TIMER: vector=0x30 apic1=0 pin1=2 apic2=-1 pin2=-1
[    0.432031] clocksource: tsc-early: mask: 0xffffffffffffffff max_cycles: 0x33e452fbb2f, max_idle_ns: 440795236593 ns
[    0.435562] Calibrating delay loop (skipped) preset value.. 7200.00 BogoMIPS (lpj=3600000)
[    0.436741] x86/cpu: User Mode Instruction Prevention (UMIP) activated
[    0.437736] Last level iTLB entries: 4KB 0, 2MB 0, 4MB 0
[    0.438556] Last level dTLB entries: 4KB 0, 2MB 0, 4MB 0, 1GB 0
[    0.438588] mitigations: Enabled attack vectors: user_kernel, user_user, guest_host, guest_guest, SMT mitigations: auto
[    0.439566] Speculative Store Bypass: Mitigation: Speculative Store Bypass disabled via prctl
[    0.441565] SRBDS: Unknown: Dependent on hypervisor status
[    0.442562] Spectre V2 : Mitigation: IBRS
[    0.443560] RETBleed: Mitigation: IBRS
[    0.444561] MDS: Mitigation: Clear CPU buffers
[    0.445565] TAA: Mitigation: Clear CPU buffers
[    0.446568] MMIO Stale Data: Mitigation: Clear CPU buffers
[    0.448560] Spectre V1 : Mitigation: usercopy/swapgs barriers and __user pointer sanitization
[    0.449564] Spectre V2 : Spectre v2 / SpectreRSB: Filling RSB on context switch and VMEXIT
[    0.450568] Spectre V2 : mitigation: Enabling conditional Indirect Branch Prediction Barrier
[    0.451583] GDS: Unknown: Dependent on hypervisor status
[    0.452556] Spectre V2 : Spectre BHI mitigation: SW BHB clearing on syscall and VM exit
[    0.452584] x86/fpu: Supporting XSAVE feature 0x001: 'x87 floating point registers'
[    0.453565] x86/fpu: Supporting XSAVE feature 0x002: 'SSE registers'
[    0.454561] x86/fpu: Supporting XSAVE feature 0x004: 'AVX registers'
[    0.455561] x86/fpu: Supporting XSAVE feature 0x008: 'MPX bounds registers'
[    0.456561] x86/fpu: Supporting XSAVE feature 0x010: 'MPX CSR'
[    0.457562] x86/fpu: xstate_offset[2]:  576, xstate_sizes[2]:  256
[    0.458562] x86/fpu: xstate_offset[3]:  832, xstate_sizes[3]:   64
[    0.459561] x86/fpu: xstate_offset[4]:  896, xstate_sizes[4]:   64
[    0.460564] x86/fpu: Enabled xstate features 0x1f, context size is 960 bytes, using 'compacted' format.
[    0.506121] Freeing SMP alternatives memory: 56K
[    0.506570] pid_max: default: 32768 minimum: 301
[    0.507556] LSM: initializing lsm=capability,landlock,lockdown,yama,bpf
[    0.507690] landlock: Up and running.
[    0.508571] Yama: becoming mindful.
[    0.509893] LSM support for eBPF active
[    0.510676] Mount-cache hash table entries: 4096 (order: 3, 32768 bytes, linear)
[    0.511582] Mountpoint-cache hash table entries: 4096 (order: 3, 32768 bytes, linear)
[    0.513556] smpboot: CPU0: Intel(R) Core(TM) i7-7700 CPU @ 3.60GHz (family: 0x6, model: 0x9e, stepping: 0x9)
[    0.514609] Performance Events: Skylake events, full-width counters, Intel PMU driver.
[    0.516572] ... version:                   2
[    0.517562] ... bit width:                 48
[    0.518561] ... generic counters:          4
[    0.519561] ... generic bitmap:            000000000000000f
[    0.520564] ... fixed-purpose counters:    3
[    0.521561] ... fixed-purpose bitmap:      0000000000000007
[    0.522562] ... value mask:                0000ffffffffffff
[    0.523561] ... max period:                00007fffffffffff
[    0.524561] ... global_ctrl mask:          000000070000000f
[    0.525915] signal: max sigframe size: 2032
[    0.526694] rcu: Hierarchical SRCU implementation.
[    0.527561] rcu: 	Max phase no-delay instances is 400.
[    0.528915] Timer migration: 1 hierarchy levels; 8 children per group; 1 crossnode level
[    0.530409] smp: Bringing up secondary CPUs ...
[    0.531115] smpboot: x86: Booting SMP configuration:
[    0.531573] .... node  #0, CPUs:      #1
[    0.531838] smp: Brought up 1 node, 2 CPUs
[    0.533571] smpboot: Total of 2 processors activated (14400.00 BogoMIPS)
[    0.535034] Memory: 1985448K/2096620K available (20319K kernel code, 2939K rwdata, 16368K rodata, 4736K init, 4772K bss, 105896K reserved, 0K cma-reserved)
[    0.535911] devtmpfs: initialized
[    0.536643] x86/mm: Memory block size: 128MB
[    0.538936] clocksource: jiffies: mask: 0xffffffff max_cycles: 0xffffffff, max_idle_ns: 1911260446275000 ns
[    0.539610] posixtimers hash table entries: 1024 (order: 2, 16384 bytes, linear)
[    0.540624] futex hash table entries: 512 (32768 bytes on 1 NUMA nodes, total 32 KiB, linear).
[    0.541704] pinctrl core: initialized pinctrl subsystem
[    0.542879] PM: RTC time: 13:38:56, date: 2026-03-04
[    0.547067] NET: Registered PF_NETLINK/PF_ROUTE protocol family
[    0.548129] DMA: preallocated 256 KiB GFP_KERNEL pool for atomic allocations
[    0.548608] DMA: preallocated 256 KiB GFP_KERNEL|GFP_DMA pool for atomic allocations
[    0.549932] DMA: preallocated 256 KiB GFP_KERNEL|GFP_DMA32 pool for atomic allocations
[    0.550580] audit: initializing netlink subsys (disabled)
[    0.551909] thermal_sys: Registered thermal governor 'fair_share'
[    0.551911] thermal_sys: Registered thermal governor 'bang_bang'
[    0.552563] thermal_sys: Registered thermal governor 'step_wise'
[    0.552563] audit: type=2000 audit(1772631536.684:1): state=initialized audit_enabled=0 res=1
[    0.553565] thermal_sys: Registered thermal governor 'user_space'
[    0.553569] thermal_sys: Registered thermal governor 'power_allocator'
[    0.559607] cpuidle: using governor ladder
[    0.561583] cpuidle: using governor menu
[    0.562895] acpiphp: ACPI Hot Plug PCI Controller Driver version: 0.5
[    0.563973] PCI: Using configuration type 1 for base access
[    0.564859] kprobes: kprobe jump-optimization is enabled. All kprobes are optimized if possible.
[    0.574571] HugeTLB: registered 1.00 GiB page size, pre-allocated 0 pages
[    0.575567] HugeTLB: 16380 KiB vmemmap can be freed for a 1.00 GiB page
[    0.576566] HugeTLB: registered 2.00 MiB page size, pre-allocated 0 pages
[    0.577565] HugeTLB: 28 KiB vmemmap can be freed for a 2.00 MiB page
[    0.610698] raid6: skipped pq benchmark and selected avx2x4
[    0.611579] raid6: using avx2x2 recovery algorithm
[    0.612784] ACPI: Added _OSI(Module Device)
[    0.613567] ACPI: Added _OSI(Processor Device)
[    0.614564] ACPI: Added _OSI(Processor Aggregator Device)
[    0.618336] ACPI: 1 ACPI AML tables successfully acquired and loaded
[    0.621355] ACPI: Interpreter enabled
[    0.621592] ACPI: PM: (supports S0 S3 S4 S5)
[    0.622563] ACPI: Using IOAPIC for interrupt routing
[    0.623794] PCI: Using host bridge windows from ACPI; if necessary, use "pci=nocrs" and report a bug
[    0.624567] PCI: Using E820 reservations for host bridge windows
[    0.625796] ACPI: Enabled 2 GPEs in block 00 to 0F
[    0.631196] ACPI: PCI Root Bridge [PCI0] (domain 0000 [bus 00-ff])
[    0.631581] acpi PNP0A03:00: _OSC: OS supports [ASPM ClockPM Segments MSI EDR HPX-Type3]
[    0.632573] acpi PNP0A03:00: _OSC: not requesting OS control; OS requires [ExtendedConfig ASPM ClockPM MSI]
[    0.633601] acpi PNP0A03:00: fail to add MMCONFIG information, can't access extended configuration space under this bridge
[    0.635121] acpiphp: Slot [3] registered
[    0.635598] acpiphp: Slot [4] registered
[    0.636606] acpiphp: Slot [5] registered
[    0.637604] acpiphp: Slot [6] registered
[    0.638598] acpiphp: Slot [7] registered
[    0.639613] acpiphp: Slot [8] registered
[    0.640590] acpiphp: Slot [9] registered
[    0.641590] acpiphp: Slot [10] registered
[    0.642589] acpiphp: Slot [11] registered
[    0.643594] acpiphp: Slot [12] registered
[    0.644805] acpiphp: Slot [13] registered
[    0.645594] acpiphp: Slot [14] registered
[    0.646613] acpiphp: Slot [15] registered
[    0.647611] acpiphp: Slot [16] registered
[    0.648600] acpiphp: Slot [17] registered
[    0.649626] acpiphp: Slot [18] registered
[    0.650598] acpiphp: Slot [19] registered
[    0.651594] acpiphp: Slot [20] registered
[    0.652605] acpiphp: Slot [21] registered
[    0.653593] acpiphp: Slot [22] registered
[    0.654603] acpiphp: Slot [23] registered
[    0.655590] acpiphp: Slot [24] registered
[    0.657590] acpiphp: Slot [25] registered
[    0.658604] acpiphp: Slot [26] registered
[    0.659556] acpiphp: Slot [27] registered
[    0.659556] acpiphp: Slot [28] registered
[    0.659556] acpiphp: Slot [29] registered
[    0.659556] acpiphp: Slot [30] registered
[    0.659556] acpiphp: Slot [31] registered
[    0.662603] PCI host bridge to bus 0000:00
[    0.663575] pci_bus 0000:00: root bus resource [io  0x0000-0x0cf7 window]
[    0.665564] pci_bus 0000:00: root bus resource [io  0x0d00-0xffff window]
[    0.667564] pci_bus 0000:00: root bus resource [mem 0x000a0000-0x000bffff window]
[    0.669564] pci_bus 0000:00: root bus resource [mem 0x80000000-0xfebfffff window]
[    0.671565] pci_bus 0000:00: root bus resource [mem 0x100000000-0x17fffffff window]
[    0.673566] pci_bus 0000:00: root bus resource [bus 00-ff]
[    0.675648] pci 0000:00:00.0: [8086:1237] type 00 class 0x060000 conventional PCI endpoint
[    0.678475] pci 0000:00:01.0: [8086:7000] type 00 class 0x060100 conventional PCI endpoint
[    0.681776] pci 0000:00:01.1: [8086:7010] type 00 class 0x010180 conventional PCI endpoint
[    0.686394] pci 0000:00:01.1: BAR 4 [io  0xc0e0-0xc0ef]
[    0.688653] pci 0000:00:01.1: BAR 0 [io  0x01f0-0x01f7]: legacy IDE quirk
[    0.690563] pci 0000:00:01.1: BAR 1 [io  0x03f6]: legacy IDE quirk
[    0.692565] pci 0000:00:01.1: BAR 2 [io  0x0170-0x0177]: legacy IDE quirk
[    0.694566] pci 0000:00:01.1: BAR 3 [io  0x0376]: legacy IDE quirk
[    0.697245] pci 0000:00:01.3: [8086:7113] type 00 class 0x068000 conventional PCI endpoint
[    0.701314] pci 0000:00:01.3: quirk: [io  0x0600-0x063f] claimed by PIIX4 ACPI
[    0.702588] pci 0000:00:01.3: quirk: [io  0x0700-0x070f] claimed by PIIX4 SMB
[    0.706172] pci 0000:00:02.0: [1234:1111] type 00 class 0x030000 conventional PCI endpoint
[    0.728734] pci 0000:00:02.0: BAR 0 [mem 0xfd000000-0xfdffffff pref]
[    0.734604] pci 0000:00:02.0: BAR 2 [mem 0xfebd0000-0xfebd0fff]
[    0.735643] pci 0000:00:02.0: ROM [mem 0xfebc0000-0xfebcffff pref]
[    0.740717] pci 0000:00:02.0: Video device with shadowed ROM at [mem 0x000c0000-0x000dffff]
[    0.748756] pci 0000:00:03.0: [1af4:1009] type 00 class 0x000200 conventional PCI endpoint
[    0.756590] pci 0000:00:03.0: BAR 0 [io  0xc080-0xc0bf]
[    0.759588] pci 0000:00:03.0: BAR 1 [mem 0xfebd1000-0xfebd1fff]
[    0.763713] pci 0000:00:03.0: BAR 4 [mem 0xfe000000-0xfe003fff 64bit pref]
[    0.779750] pci 0000:00:04.0: [1af4:1000] type 00 class 0x020000 conventional PCI endpoint
[    0.786586] pci 0000:00:04.0: BAR 0 [io  0xc0c0-0xc0df]
[    0.788586] pci 0000:00:04.0: BAR 1 [mem 0xfebd2000-0xfebd2fff]
[    0.790640] pci 0000:00:04.0: BAR 4 [mem 0xfe004000-0xfe007fff 64bit pref]
[    0.792617] pci 0000:00:04.0: ROM [mem 0xfeb80000-0xfebbffff pref]
[    0.798399] pci 0000:00:05.0: [1af4:1001] type 00 class 0x010000 conventional PCI endpoint
[    0.819591] pci 0000:00:05.0: BAR 0 [io  0xc000-0xc07f]
[    0.821588] pci 0000:00:05.0: BAR 1 [mem 0xfebd3000-0xfebd3fff]
[    0.824635] pci 0000:00:05.0: BAR 4 [mem 0xfe008000-0xfe00bfff 64bit pref]
[    0.844556] ACPI: PCI: Interrupt link LNKA configured for IRQ 10
[    0.844818] ACPI: PCI: Interrupt link LNKB configured for IRQ 10
[    0.845556] ACPI: PCI: Interrupt link LNKC configured for IRQ 11
[    0.845556] ACPI: PCI: Interrupt link LNKD configured for IRQ 11
[    0.851686] ACPI: PCI: Interrupt link LNKS configured for IRQ 9
[    0.861776] iommu: Default domain type: Translated
[    0.862563] iommu: DMA domain TLB invalidation policy: lazy mode
[    0.863973] SCSI subsystem initialized
[    0.865654] ACPI: bus type USB registered
[    0.866638] usbcore: registered new interface driver usbfs
[    0.869602] usbcore: registered new interface driver hub
[    0.871624] usbcore: registered new device driver usb
[    0.877713] EDAC MC: Ver: 3.0.0
[    0.891831] NetLabel: Initializing
[    0.895564] NetLabel:  domain hash size = 128
[    0.898566] NetLabel:  protocols = UNLABELED CIPSOv4 CALIPSO
[    0.906658] NetLabel:  unlabeled traffic allowed by default
[    0.912585] mctp: management component transport protocol core
[    0.916576] NET: Registered PF_MCTP protocol family
[    0.918610] PCI: Using ACPI for IRQ routing
[    0.922740] pci 0000:00:02.0: vgaarb: setting as boot VGA device
[    0.923556] pci 0000:00:02.0: vgaarb: bridge control possible
[    0.923556] pci 0000:00:02.0: vgaarb: VGA device added: decodes=io+mem,owns=io+mem,locks=none
[    0.935569] vgaarb: loaded
[    0.938603] hpet0: at MMIO 0xfed00000, IRQs 2, 8, 0
[    0.939628] hpet0: 3 comparators, 64-bit 100.000000 MHz counter
[    0.945105] clocksource: Switched to clocksource kvm-clock
[    0.948214] VFS: Disk quotas dquot_6.6.0
[    0.949452] VFS: Dquot-cache hash table entries: 512 (order 0, 4096 bytes)
[    0.957709] pnp: PnP ACPI init
[    0.959302] pnp: PnP ACPI: found 6 devices
[    0.975295] clocksource: acpi_pm: mask: 0xffffff max_cycles: 0xffffff, max_idle_ns: 2085701024 ns
[    0.979598] NET: Registered PF_INET protocol family
[    0.981445] IP idents hash table entries: 32768 (order: 6, 262144 bytes, linear)
[    1.069082] tcp_listen_portaddr_hash hash table entries: 1024 (order: 2, 16384 bytes, linear)
[    1.073935] Table-perturb hash table entries: 65536 (order: 6, 262144 bytes, linear)
[    1.076594] TCP established hash table entries: 16384 (order: 5, 131072 bytes, linear)
[    1.079538] TCP bind hash table entries: 16384 (order: 7, 524288 bytes, linear)
[    1.081890] TCP: Hash tables configured (established 16384 bind 16384)
[    1.092619] MPTCP token hash table entries: 2048 (order: 4, 49152 bytes, linear)
[    1.095239] UDP hash table entries: 1024 (order: 4, 65536 bytes, linear)
[    1.097492] UDP-Lite hash table entries: 1024 (order: 4, 65536 bytes, linear)
[    1.099820] NET: Registered PF_UNIX/PF_LOCAL protocol family
[    1.101624] NET: Registered PF_XDP protocol family
[    1.103125] pci_bus 0000:00: resource 4 [io  0x0000-0x0cf7 window]
[    1.106493] pci_bus 0000:00: resource 5 [io  0x0d00-0xffff window]
[    1.108277] pci_bus 0000:00: resource 6 [mem 0x000a0000-0x000bffff window]
[    1.113868] pci_bus 0000:00: resource 7 [mem 0x80000000-0xfebfffff window]
[    1.116006] pci_bus 0000:00: resource 8 [mem 0x100000000-0x17fffffff window]
[    1.118331] pci 0000:00:01.0: PIIX3: Enabling Passive Release
[    1.120226] pci 0000:00:00.0: Limiting direct PCI/PCI transfers
[    1.123512] PCI: CLS 0 bytes, default 64
[    1.125121] clocksource: tsc: mask: 0xffffffffffffffff max_cycles: 0x33e452fbb2f, max_idle_ns: 440795236593 ns
[    1.130477] Trying to unpack rootfs image as initramfs...
[    1.208834] Initialise system trusted keyrings
[    1.210258] Key type blacklist registered
[    1.214526] workingset: timestamp_bits=36 max_order=19 bucket_order=0
[    1.217606] fuse: init (API version 7.45)
[    1.218983] integrity: Platform Keyring initialized
[    1.225095] integrity: Machine keyring initialized
[    1.243296] xor: automatically using best checksumming function   avx       
[    1.245371] Key type asymmetric registered
[    1.246608] Asymmetric key parser 'x509' registered
[    1.248058] Block layer SCSI generic (bsg) driver version 0.4 loaded (major 245)
[    1.250211] io scheduler mq-deadline registered
[    1.253041] io scheduler kyber registered
[    1.254167] io scheduler bfq registered
[    1.258888] ledtrig-cpu: registered to indicate activity on CPUs
[    1.260940] input: Power Button as /devices/LNXSYSTM:00/LNXPWRBN:00/input/input0
[    1.263483] ACPI: button: Power Button [PWRF]
[    1.276762] ACPI: \_SB_.LNKC: Enabled at IRQ 11
[    1.282598] ACPI: \_SB_.LNKD: Enabled at IRQ 10
[    1.288303] ACPI: \_SB_.LNKA: Enabled at IRQ 10
[    1.305249] Serial: 8250/16550 driver, 32 ports, IRQ sharing enabled
[    1.307747] 00:04: ttyS0 at I/O 0x3f8 (irq = 4, base_baud = 115200) is a 16550A
[    1.315114] Non-volatile memory driver v1.3
[    1.317246] Linux agpgart interface v0.103
[    1.321105] ACPI: bus type drm_connector registered
[    1.326141] virtio_blk virtio2: 2/0/0 default/read/poll queues
[    1.332086] Freeing initrd memory: 11040K
[    1.334807] virtio_blk virtio2: [vda] 25165824 512-byte logical blocks (12.9 GB/12.0 GiB)
[    1.367288]  vda: vda1
[    1.368409] usbcore: registered new interface driver usbserial_generic
[    1.370258] usbserial: USB Serial support registered for generic
[    1.372878] i8042: PNP: PS/2 Controller [PNP0303:KBD,PNP0f13:MOU] at 0x60,0x64 irq 1,12
[    1.376466] serio: i8042 KBD port at 0x60,0x64 irq 1
[    1.379360] serio: i8042 AUX port at 0x60,0x64 irq 12
[    1.381186] rtc_cmos 00:05: RTC can wake from S4
[    1.384697] rtc_cmos 00:05: registered as rtc0
[    1.386017] rtc_cmos 00:05: setting system clock to 2026-03-04T13:38:57 UTC (1772631537)
[    1.388599] rtc_cmos 00:05: alarms up to one day, y3k, 242 bytes nvram, hpet irqs
[    1.390702] intel_pstate: CPU model not supported
[    1.393390] hid: raw HID events driver (C) Jiri Kosina
[    1.394833] usbcore: registered new interface driver usbhid
[    1.396482] usbhid: USB HID core driver
[    1.399334] rust_binder: Loaded Rust Binder.
[    1.399351] input: AT Translated Set 2 keyboard as /devices/platform/i8042/serio0/input/input2
[    1.399376] drop_monitor: Initializing network drop monitor service
[    1.412708] NET: Registered PF_INET6 protocol family
[    1.416494] Segment Routing with IPv6
[    1.417440] RPL Segment Routing with IPv6
[    1.418642] In-situ OAM (IOAM) with IPv6
[    1.423389] NET: Registered PF_PACKET protocol family
[    1.427852] IPI shorthand broadcast: enabled
[    1.432484] sched_clock: Marking stable (1095003484, 337416569)->(1765979434, -333559381)
[    1.435087] registered taskstats version 1
[    1.436679] Loading compiled-in X.509 certificates
[    1.447079] Loaded X.509 cert 'Build time autogenerated kernel key: 4f282eb87851fdb04b530c5e67453df628afff93'
[    1.455794] zswap: loaded using pool zstd
[    1.457133] Demotion targets for Node 0: null
[    1.458782] Key type .fscrypt registered
[    1.459852] Key type fscrypt-provisioning registered
[    1.461654] Btrfs loaded, zoned=yes, fsverity=yes
[    1.463076] Key type big_key registered
[    1.464710] PM:   Magic number: 2:241:634
[    1.467448] RAS: Correctable Errors collector initialized.
[    1.476398] clk: Disabling unused clocks
[    1.477530] PM: genpd: Disabling unused power domains
[    1.482500] Freeing unused decrypted memory: 2028K
[    1.485997] Freeing unused kernel image (initmem) memory: 4736K
[    1.487365] Write protecting the kernel read-only data: 36864k
[    1.488969] Freeing unused kernel image (text/rodata gap) memory: 160K
[    1.490455] Freeing unused kernel image (rodata/data gap) memory: 16K
[    1.540219] x86/mm: Checked W+X mappings: passed, no W+X pages found.
[    1.541693] rodata_test: all tests were successful
[    1.542738] x86/mm: Checking user space page tables
[    1.588722] x86/mm: Checked W+X mappings: passed, no W+X pages found.
[    1.590023] Run /init as init process
P+q6E616D65\[    1.951882] systemd[1]: Successfully made /usr/ read-only.
[6n[32766;32766H[6n[!p]104\[0m[?7h[1G[0J[    2.287651] systemd[1]: systemd 259.2-1-arch running in system mode (+PAM +AUDIT -SELINUX +APPARMOR -IMA +IPE +SMACK +SECCOMP +GCRYPT +GNUTLS +OPENSSL +ACL +BLKID +CURL +ELFUTILS +FIDO2 +IDN2 -IDN +KMOD +LIBCRYPTSETUP +LIBCRYPTSETUP_PLUGINS +LIBFDISK +PCRE2 +PWQUALITY +P11KIT +QRENCODE +TPM2 +BZIP2 +LZ4 +XZ +ZLIB +ZSTD +BPF_FRAMEWORK +BTF +XKBCOMMON +UTMP -SYSVINIT +LIBARCHIVE)
[    2.295445] systemd[1]: Detected virtualization kvm.
[    2.296616] systemd[1]: Detected architecture x86-64.
[    2.297812] systemd[1]: Running in initrd.
[0;1;39mBooting initrd of [0m[38;2;23;147;209mArch Linux[0m[0;1;39m.[0m
[    2.301558] systemd[1]: Initializing machine ID from random generator.
]3008;start=50067eb25dcc4c9ba831d0970eec71cd;user=root;hostname=archlinux;machineid=e7ecf0c35359423b88c262828e00f8ba;bootid=7107fba39cf6406480f489f89c8eaae8;pid=1;pidfdid=2;comm=systemd;type=boot\[    2.369942] systemd[1]: Queued start job for default target Initrd Default Target.
[    2.435562] systemd[1]: Expecting device /dev/vda1...
         Expecting device [0;1;39m/dev/vda1[0m...
[    2.439690] systemd[1]: Reached target Path Units.
[[0;32m  OK  [0m] Reached target [0;1;39mPath Units[0m.
[    2.443054] systemd[1]: Reached target Slice Units.
[[0;32m  OK  [0m] Reached target [0;1;39mSlice Units[0m.
[    2.446123] systemd[1]: Reached target Swaps.
[[0;32m  OK  [0m] Reached target [0;1;39mSwaps[0m.
[    2.449784] systemd[1]: Reached target Timer Units.
[[0;32m  OK  [0m] Reached target [0;1;39mTimer Units[0m.
[    2.452602] systemd[1]: Listening on Journal Socket (/dev/log).
[[0;32m  OK  [0m] Listening on [0;1;39mJournal Socket (/dev/log)[0m.
[    2.456633] systemd[1]: Listening on Journal Sockets.
[[0;32m  OK  [0m] Listening on [0;1;39mJournal Sockets[0m.
[    2.459651] systemd[1]: Listening on udev Control Socket.
[[0;32m  OK  [0m] Listening on [0;1;39mudev Control Socket[0m.
[    2.462691] systemd[1]: Listening on udev Kernel Socket.
[[0;32m  OK  [0m] Listening on [0;1;39mudev Kernel Socket[0m.
[    2.465575] systemd[1]: Reached target Socket Units.
[[0;32m  OK  [0m] Reached target [0;1;39mSocket Units[0m.
[    2.468231] systemd[1]: Create List of Static Device Nodes skipped, unmet condition check ConditionFileNotEmpty=/lib/modules/6.18.13-arch1-1/modules.devname
[    2.471171] systemd[1]: Early Battery Level Check skipped, unmet condition check ConditionDirectoryNotEmpty=/sys/class/power_supply
[    2.473343] systemd[1]: Display Boot-Time Emergency Messages In Full Screen skipped, unmet condition check ConditionVirtualization=no
[    2.482105] systemd[1]: Starting Journal Service...
         Starting [0;1;39mJournal Service[0m...
[    2.488400] systemd[1]: Starting Load Kernel Modules...
         Starting [0;1;39mLoad Kernel Modules[0m...
[    2.497718] systemd[1]: TPM PCR Barrier (initrd) skipped, unmet condition check ConditionSecurity=measured-uki
[    2.505223] systemd[1]: Starting Create Static Device Nodes in /dev...
         Starting [0;1;39mCreate Static Device Nodes in /dev[0m...
[    2.523570] systemd[1]: Starting Coldplug All udev Devices...
         Starting [0;1;39mColdplug All udev Devices[0m...
[    2.535579] systemd-journald[104]: Collecting audit messages is disabled.
[    2.544787] systemd[1]: Finished Create Static Device Nodes in /dev.
[[0;32m  OK  [0m] Finished [0;1;39mCreate Static Device Nodes in /dev[0m.
[    2.548226] systemd[1]: Reached target Preparation for Local File Systems.
[[0;32m  OK  [0m] Reached target [0;1;39mPreparation for Local File Systems[0m.
[    2.553318] systemd[1]: Reached target Local File Systems.
[[0;32m  OK  [0m] Reached target [0;1;39mLocal File Systems[0m.
[    2.562202] systemd[1]: Starting Rule-based Manager for Device Events and Files...
         Starting [0;1;39mRule-based Manager for Device Events and Files[0m...
[    2.584380] netfs: FS-Cache loaded
[    2.609793] systemd[1]: Started Journal Service.
[[0;32m  OK  [0m] Started [0;1;39mJournal Service[0m.
         Starting [0;1;39mCreate System Files and Directories[0m...
[    2.669021] 9pnet: Installing 9P2000 support
[[0;32m  OK  [0m] Finished [0;1;39mCreate System Files and Directories[0m.
[[0;32m  OK  [0m] Started [0;1;39mRule-based Manager for Device Events and Files[0m.
[    2.759742] 9p: Installing v9fs 9p2000 file system support
[[0;32m  OK  [0m] Finished [0;1;39mLoad Kernel Modules[0m.
[[0;32m  OK  [0m] Finished [0;1;39mColdplug All udev Devices[0m.
[[0;32m  OK  [0m] Reached target [0;1;39mSystem Initialization[0m.
[[0;32m  OK  [0m] Reached target [0;1;39mBasic System[0m.
[[0;32m  OK  [0m] Found device [0;1;39m/dev/vda1[0m.
[[0;32m  OK  [0m] Reached target [0;1;39mInitrd Root Device[0m.
         Starting [0;1;39mFile System Check on /dev/vda1[0m...
[    3.285990] Floppy drive(s): fd0 is 2.88M AMI BIOS
[    3.310875] FDC 0 is a S82078B
[    3.313109] bochs-drm 0000:00:02.0: vgaarb: deactivate vga console
[    3.353679] scsi host0: ata_piix
[    3.355346] scsi host1: ata_piix
[    3.355409] ata1: PATA max MWDMA2 cmd 0x1f0 ctl 0x3f6 bmdma 0xc0e0 irq 14 lpm-pol 0
[    3.355411] ata2: PATA max MWDMA2 cmd 0x170 ctl 0x376 bmdma 0xc0e8 irq 15 lpm-pol 0
[    3.356599] Console: switching to colour dummy device 80x25
[    3.460561] [drm] Found bochs VGA, ID 0xb0c5.
[    3.465522] [drm] Framebuffer size 16384 kB @ 0xfd000000, mmio @ 0xfebd0000.
         Starting [0;1;39mVirtual Console Setup[0m...
[    3.493548] bochs-drm 0000:00:02.0: [drm] Registered 1 planes with drm panic
[    3.496061] [drm] Initialized bochs-drm 1.0.0 for 0000:00:02.0 on minor 0
[    3.514848] fbcon: bochs-drmdrmfb (fb0) is primary device
[    3.544655] ata2: found unknown device (class 0)
[    3.550487] ata2.00: ATAPI: QEMU DVD-ROM, 2.5+, max UDMA/100
[    3.560808] Console: switching to colour frame buffer device 160x50
[    3.574872] scsi 1:0:0:0: CD-ROM            QEMU     QEMU DVD-ROM     2.5+ PQ: 0 ANSI: 5
[    3.603404] bochs-drm 0000:00:02.0: [drm] fb0: bochs-drmdrmfb frame buffer device
[[0;32m  OK  [0m] Stopped [0;1;39mVirtual Console Setup[0m.
         Starting [0;1;39mVirtual Console Setup[0m...
[[0;32m  OK  [0m] Finished [0;1;39mFile System Check on /dev/vda1[0m.
         Mounting [0;1;39m/sysroot[0m...
[[0;32m  OK  [0m] Finished [0;1;39mVirtual Console Setup[0m.
[    3.869557] sr 1:0:0:0: [sr0] scsi3-mmc drive: 4x/4x cd/rw xa/form2 tray
[    3.871176] cdrom: Uniform CD-ROM driver Revision: 3.20
[    3.952109] EXT4-fs (vda1): mounted filesystem ddfae1cc-629e-47f4-9008-261996ba3811 r/w with ordered data mode. Quota mode: none.
[[0;32m  OK  [0m] Mounted [0;1;39m/sysroot[0m.
[[0;32m  OK  [0m] Reached target [0;1;39mInitrd Root File System[0m.
         Starting [0;1;39mMountpoints Configured in the Real Root[0m...
[[0;32m  OK  [0m] Finished [0;1;39mMountpoints Configured in the Real Root[0m.
[[0;32m  OK  [0m] Reached target [0;1;39mInitrd File Systems[0m.
[[0;32m  OK  [0m] Reached target [0;1;39mInitrd Default Target[0m.
         Starting [0;1;39mCleaning Up and Shutting Down Daemons[0m...
[[0;32m  OK  [0m] Stopped target [0;1;39mInitrd Default Target[0m.
[[0;32m  OK  [0m] Stopped target [0;1;39mBasic System[0m.
[[0;32m  OK  [0m] Stopped target [0;1;39mInitrd Root Device[0m.
[[0;32m  OK  [0m] Stopped target [0;1;39mPath Units[0m.
[[0;32m  OK  [0m] Stopped target [0;1;39mSlice Units[0m.
[[0;32m  OK  [0m] Stopped target [0;1;39mSocket Units[0m.
[[0;32m  OK  [0m] Stopped target [0;1;39mSystem Initialization[0m.
[[0;32m  OK  [0m] Stopped target [0;1;39mSwaps[0m.
[[0;32m  OK  [0m] Stopped target [0;1;39mTimer Units[0m.
[[0;32m  OK  [0m] Stopped [0;1;39mLoad Kernel Modules[0m.
[[0;32m  OK  [0m] Stopped [0;1;39mCreate System Files and Directories[0m.
[[0;32m  OK  [0m] Stopped target [0;1;39mLocal File Systems[0m.
[[0;32m  OK  [0m] Stopped target [0;1;39mPreparation for Local File Systems[0m.
[[0;32m  OK  [0m] Stopped [0;1;39mColdplug All udev Devices[0m.
         Stopping [0;1;39mRule-based Manager for Device Events and Files[0m...
[[0;32m  OK  [0m] Stopped [0;1;39mVirtual Console Setup[0m.
[[0;32m  OK  [0m] Finished [0;1;39mCleaning Up and Shutting Down Daemons[0m.
[[0;32m  OK  [0m] Stopped [0;1;39mRule-based Manager for Device Events and Files[0m.
[[0;32m  OK  [0m] Closed [0;1;39mudev Control Socket[0m.
         Starting [0;1;39mCleanup udev Database[0m...
[[0;32m  OK  [0m] Stopped [0;1;39mCreate Static Device Nodes in /dev[0m.
[[0;32m  OK  [0m] Finished [0;1;39mCleanup udev Database[0m.
[[0;32m  OK  [0m] Reached target [0;1;39mSwitch Root[0m.
         Starting [0;1;39mSwitch Root[0m...
[    4.874791] systemd-journald[104]: Received SIGTERM from PID 1 (systemd).
P+q6E616D65\[6n[32766;32766H[6n[!p]104\[0m[?7h[1G[0J[    5.714049] systemd[1]: systemd 259.1-1-arch running in system mode (+PAM +AUDIT -SELINUX +APPARMOR -IMA +IPE +SMACK +SECCOMP +GCRYPT +GNUTLS +OPENSSL +ACL +BLKID +CURL +ELFUTILS +FIDO2 +IDN2 -IDN +KMOD +LIBCRYPTSETUP +LIBCRYPTSETUP_PLUGINS +LIBFDISK +PCRE2 +PWQUALITY +P11KIT +QRENCODE +TPM2 +BZIP2 +LZ4 +XZ +ZLIB +ZSTD +BPF_FRAMEWORK +BTF +XKBCOMMON +UTMP -SYSVINIT +LIBARCHIVE)
[    5.721945] systemd[1]: Detected virtualization kvm.
[    5.723114] systemd[1]: Detected architecture x86-64.

[0;1;39mWelcome to [0m[38;2;23;147;209mArch Linux[0m[0;1;39m![0m

[    5.733683] systemd[1]: Hostname set to <ksmbd-vm>.
]3008;start=25dd953cf2c148609a2833c01e3e4364;user=root;hostname=ksmbd-vm;machineid=0ab76daf18ce42b0b036a81eb53bdd79;bootid=7107fba39cf6406480f489f89c8eaae8;pid=1;pidfdid=2;comm=systemd;type=boot\[    5.887268] systemd[1]: bpf-restrict-fs: LSM BPF program attached
[    6.014336] Guest personality initialized and is inactive
[    6.015781] VMCI host device registered (name=vmci, major=10, minor=260)
[    6.017267] Initialized host personality
[    6.024943] NET: Registered PF_VSOCK protocol family
[    6.399151] systemd[1]: initrd-switch-root.service: Deactivated successfully.
[    6.403500] systemd[1]: Stopped Switch Root.
[[0;32m  OK  [0m] Stopped [0;1;39mSwitch Root[0m.
[    6.408233] systemd[1]: systemd-journald.service: Scheduled restart job, restart counter is at 1.
[    6.411400] systemd[1]: Created slice Slice /system/dirmngr.
[[0;32m  OK  [0m] Created slice [0;1;39mSlice /system/dirmngr[0m.
[    6.415928] systemd[1]: Created slice Slice /system/getty.
[[0;32m  OK  [0m] Created slice [0;1;39mSlice /system/getty[0m.
[    6.420045] systemd[1]: Created slice Slice /system/gpg-agent.
[[0;32m  OK  [0m] Created slice [0;1;39mSlice /system/gpg-agent[0m.
[    6.424296] systemd[1]: Created slice Slice /system/gpg-agent-browser.
[[0;32m  OK  [0m] Created slice [0;1;39mSlice /system/gpg-agent-browser[0m.
[    6.429160] systemd[1]: Created slice Slice /system/gpg-agent-extra.
[[0;32m  OK  [0m] Created slice [0;1;39mSlice /system/gpg-agent-extra[0m.
[    6.433674] systemd[1]: Created slice Slice /system/gpg-agent-ssh.
[[0;32m  OK  [0m] Created slice [0;1;39mSlice /system/gpg-agent-ssh[0m.
[    6.438090] systemd[1]: Created slice Slice /system/keyboxd.
[[0;32m  OK  [0m] Created slice [0;1;39mSlice /system/keyboxd[0m.
[    6.442286] systemd[1]: Created slice Slice /system/modprobe.
[[0;32m  OK  [0m] Created slice [0;1;39mSlice /system/modprobe[0m.
[    6.447041] systemd[1]: Created slice Slice /system/serial-getty.
[[0;32m  OK  [0m] Created slice [0;1;39mSlice /system/serial-getty[0m.
[    6.451627] systemd[1]: Created slice User and Session Slice.
[[0;32m  OK  [0m] Created slice [0;1;39mUser and Session Slice[0m.
[    6.455210] systemd[1]: Started Dispatch Password Requests to Console Directory Watch.
[[0;32m  OK  [0m] Started [0;1;39mDispatch Password Requests to Console Directory Watch[0m.
[    6.459400] systemd[1]: Started Forward Password Requests to Wall Directory Watch.
[[0;32m  OK  [0m] Started [0;1;39mForward Password Requests to Wall Directory Watch[0m.
[    6.464099] systemd[1]: Set up automount Arbitrary Executable File Formats File System Automount Point.
[[0;32m  OK  [0m] Set up automount [0;1;39mArbitrary Executa…ormats File System Automount Point[0m.
[    6.468992] systemd[1]: Expecting device /dev/ttyS0...
         Expecting device [0;1;39m/dev/ttyS0[0m...
[    6.471695] systemd[1]: Reached target Local Encrypted Volumes.
[[0;32m  OK  [0m] Reached target [0;1;39mLocal Encrypted Volumes[0m.
[    6.475151] systemd[1]: Reached target Image Downloads.
[[0;32m  OK  [0m] Reached target [0;1;39mImage Downloads[0m.
[    6.478580] systemd[1]: Stopped target Switch Root.
[[0;32m  OK  [0m] Stopped target [0;1;39mSwitch Root[0m.
[    6.481667] systemd[1]: Stopped target Initrd File Systems.
[[0;32m  OK  [0m] Stopped target [0;1;39mInitrd File Systems[0m.
[    6.484957] systemd[1]: Stopped target Initrd Root File System.
[[0;32m  OK  [0m] Stopped target [0;1;39mInitrd Root File System[0m.
[    6.488270] systemd[1]: Reached target Local Integrity Protected Volumes.
[[0;32m  OK  [0m] Reached target [0;1;39mLocal Integrity Protected Volumes[0m.
[    6.492178] systemd[1]: Reached target Path Units.
[[0;32m  OK  [0m] Reached target [0;1;39mPath Units[0m.
[    6.494926] systemd[1]: Reached target Remote File Systems.
[[0;32m  OK  [0m] Reached target [0;1;39mRemote File Systems[0m.
[    6.498188] systemd[1]: Reached target Slice Units.
[[0;32m  OK  [0m] Reached target [0;1;39mSlice Units[0m.
[    6.501052] systemd[1]: Reached target Swaps.
[[0;32m  OK  [0m] Reached target [0;1;39mSwaps[0m.
[    6.504659] systemd[1]: Reached target Local Verity Protected Volumes.
[[0;32m  OK  [0m] Reached target [0;1;39mLocal Verity Protected Volumes[0m.
[    6.510266] systemd[1]: Listening on Device-mapper event daemon FIFOs.
[[0;32m  OK  [0m] Listening on [0;1;39mDevice-mapper event daemon FIFOs[0m.
[    6.518124] systemd[1]: Listening on Query the User Interactively for a Password.
[[0;32m  OK  [0m] Listening on [0;1;39mQuery the User Interactively for a Password[0m.
[    6.526979] systemd[1]: Listening on Process Core Dump Socket.
[[0;32m  OK  [0m] Listening on [0;1;39mProcess Core Dump Socket[0m.
[    6.533016] systemd[1]: Listening on Credential Encryption/Decryption.
[[0;32m  OK  [0m] Listening on [0;1;39mCredential Encryption/Decryption[0m.
[    6.540790] systemd[1]: Listening on Factory Reset Management.
[[0;32m  OK  [0m] Listening on [0;1;39mFactory Reset Management[0m.
[    6.547668] systemd[1]: Listening on Console Output Muting Service Socket.
[[0;32m  OK  [0m] Listening on [0;1;39mConsole Output Muting Service Socket[0m.
[    6.552914] systemd[1]: Listening on Network Management Resolve Hook Socket.
[[0;32m  OK  [0m] Listening on [0;1;39mNetwork Management Resolve Hook Socket[0m.
[    6.557298] systemd[1]: Listening on Network Management Varlink Socket.
[[0;32m  OK  [0m] Listening on [0;1;39mNetwork Management Varlink Socket[0m.
[    6.561393] systemd[1]: Listening on Network Management Netlink Socket.
[[0;32m  OK  [0m] Listening on [0;1;39mNetwork Management Netlink Socket[0m.
[    6.565179] systemd[1]: TPM PCR Measurements skipped, unmet condition check ConditionSecurity=measured-uki
[    6.567342] systemd[1]: Make TPM PCR Policy skipped, unmet condition check ConditionSecurity=measured-uki
[    6.571261] systemd[1]: Listening on Disk Repartitioning Service Socket.
[[0;32m  OK  [0m] Listening on [0;1;39mDisk Repartitioning Service Socket[0m.
[    6.576070] systemd[1]: Listening on Resolve Monitor Varlink Socket.
[[0;32m  OK  [0m] Listening on [0;1;39mResolve Monitor Varlink Socket[0m.
[    6.581372] systemd[1]: Listening on Resolve Service Varlink Socket.
[[0;32m  OK  [0m] Listening on [0;1;39mResolve Service Varlink Socket[0m.
[    6.586683] systemd[1]: Listening on udev Control Socket.
[[0;32m  OK  [0m] Listening on [0;1;39mudev Control Socket[0m.
[    6.589950] systemd[1]: Listening on udev Varlink Socket.
[[0;32m  OK  [0m] Listening on [0;1;39mudev Varlink Socket[0m.
[    6.594070] systemd[1]: Listening on User Database Manager Socket.
[[0;32m  OK  [0m] Listening on [0;1;39mUser Database Manager Socket[0m.
[    6.600504] systemd[1]: Mounting Huge Pages File System...
         Mounting [0;1;39mHuge Pages File System[0m...
[    6.607735] systemd[1]: Mounting POSIX Message Queue File System...
         Mounting [0;1;39mPOSIX Message Queue File System[0m...
[    6.624622] systemd[1]: Mounting Kernel Debug File System...
         Mounting [0;1;39mKernel Debug File System[0m...
[    6.643563] systemd[1]: Mounting Kernel Trace File System...
         Mounting [0;1;39mKernel Trace File System[0m...
[    6.671610] systemd[1]: Mounting Temporary Directory /tmp...
         Mounting [0;1;39mTemporary Directory /tmp[0m...
[    6.687255] systemd[1]: Starting Create List of Static Device Nodes...
         Starting [0;1;39mCreate List of Static Device Nodes[0m...
[    6.695877] systemd[1]: Load Kernel Module configfs skipped, unmet condition check ConditionKernelModuleLoaded=!configfs
[    6.709569] systemd[1]: Mounting Kernel Configuration File System...
         Mounting [0;1;39mKernel Configuration File System[0m...
[    6.720325] systemd[1]: Load Kernel Module drm skipped, unmet condition check ConditionKernelModuleLoaded=!drm
[    6.722564] systemd[1]: Load Kernel Module fuse skipped, unmet condition check ConditionKernelModuleLoaded=!fuse
[    6.733137] systemd[1]: Mounting FUSE Control File System...
         Mounting [0;1;39mFUSE Control File System[0m...
[    6.741105] systemd[1]: Clear Stale Hibernate Storage Info skipped, unmet condition check ConditionPathExists=/sys/firmware/efi/efivars/HibernateLocation-8cf2644b-4b0b-428f-9387-6d876050dc67
[    6.757626] systemd[1]: Starting Journal Service...
         Starting [0;1;39mJournal Service[0m...
[    6.767682] systemd[1]: Load Kernel Modules skipped, no trigger condition checks were met.
[    6.772534] systemd[1]: Starting Generate Network Units from Kernel Command Line...
         Starting [0;1;39mGenerate Network Units from Kernel Command Line[0m...
[    6.782551] systemd[1]: TPM PCR Machine ID Measurement skipped, unmet condition check ConditionSecurity=measured-uki
[    6.786217] systemd[1]: TPM NvPCR Product ID Measurement skipped, unmet condition check ConditionSecurity=measured-uki
[    6.794076] systemd[1]: Starting Remount Root and Kernel File Systems...
         Starting [0;1;39mRemount Root and Kernel File Systems[0m...
[    6.814575] systemd[1]: Starting Apply Kernel Variables...
         Starting [0;1;39mApply Kernel Variables[0m...
[    6.827338] systemd[1]: Early TPM SRK Setup skipped, unmet condition check ConditionSecurity=measured-uki
[    6.845111] systemd[1]: Starting Load udev Rules from Credentials...
         Starting [0;1;39mLoad udev Rules from Credentials[0m...
[    6.859718] EXT4-fs (vda1): re-mounted ddfae1cc-629e-47f4-9008-261996ba3811.
[    6.873683] systemd[1]: Starting Coldplug All udev Devices...
         Starting [0;1;39mColdplug All udev Devices[0m...
[    6.902278] systemd-journald[340]: Collecting audit messages is disabled.
[    6.904792] systemd[1]: Mounted Huge Pages File System.
[[0;32m  OK  [0m] Mounted [0;1;39mHuge Pages File System[0m.
[    6.914837] systemd[1]: Mounted POSIX Message Queue File System.
[[0;32m  OK  [0m] Mounted [0;1;39mPOSIX Message Queue File System[0m.
[    6.922092] systemd[1]: Started Journal Service.
[[0;32m  OK  [0m] Started [0;1;39mJournal Service[0m.
[[0;32m  OK  [0m] Mounted [0;1;39mKernel Debug File System[0m.
[[0;32m  OK  [0m] Mounted [0;1;39mKernel Trace File System[0m.
[[0;32m  OK  [0m] Mounted [0;1;39mTemporary Directory /tmp[0m.
[[0;32m  OK  [0m] Finished [0;1;39mCreate List of Static Device Nodes[0m.
[[0;32m  OK  [0m] Mounted [0;1;39mKernel Configuration File System[0m.
[[0;32m  OK  [0m] Mounted [0;1;39mFUSE Control File System[0m.
[[0;32m  OK  [0m] Finished [0;1;39mGenerate Network Units from Kernel Command Line[0m.
[[0;32m  OK  [0m] Finished [0;1;39mRemount Root and Kernel File Systems[0m.
[[0;32m  OK  [0m] Finished [0;1;39mApply Kernel Variables[0m.
[[0;32m  OK  [0m] Finished [0;1;39mLoad udev Rules from Credentials[0m.
[[0;32m  OK  [0m] Reached target [0;1;39mPreparation for Network[0m.
         Starting [0;1;39mFlush Journal to Persistent Storage[0m...
         Starting [0;1;39mLoad/Save OS Random Seed[0m...
         Starting [0;1;39mCreate Static Device Nodes in /dev gracefully[0m...
[    7.104268] systemd-journald[340]: Received client request to flush runtime journal.
[    7.125732] systemd-journald[340]: File /var/log/journal/0ab76daf18ce42b0b036a81eb53bdd79/system.journal corrupted or uncleanly shut down, renaming and replacing.
         Starting [0;1;39mUser Database Manager[0m...
[[0;32m  OK  [0m] Finished [0;1;39mLoad/Save OS Random Seed[0m.
[[0;32m  OK  [0m] Started [0;1;39mUser Database Manager[0m.
[[0;32m  OK  [0m] Finished [0;1;39mFlush Journal to Persistent Storage[0m.
[[0;32m  OK  [0m] Finished [0;1;39mCreate Static Device Nodes in /dev gracefully[0m.
         Starting [0;1;39mNetwork Name Resolution[0m...
         Starting [0;1;39mCreate Static Device Nodes in /dev[0m...
[[0;32m  OK  [0m] Finished [0;1;39mCreate Static Device Nodes in /dev[0m.
[[0;32m  OK  [0m] Reached target [0;1;39mPreparation for Local File Systems[0m.
         Mounting [0;1;39m/mnt/ksmbd[0m...
[[0;32m  OK  [0m] Reached target [0;1;39mLocal File Systems[0m.
[[0;32m  OK  [0m] Listening on [0;1;39mBoot Entries Service Socket[0m.
[[0;32m  OK  [0m] Listening on [0;1;39mDisk Image Download Service Socket[0m.
[[0;32m  OK  [0m] Listening on [0;1;39mSystem Extension Image Management[0m.
[    7.671598] 9pnet: Limiting 'msize' to 512000 as this is the maximum supported by transport virtio
         Starting [0;1;39mCreate System Files and Directories[0m...
         Starting [0;1;39mRule-based Manager for Device Events and Files[0m...
         Starting [0;1;39mLoad JSON user/group Records from Credentials[0m...
[[0;32m  OK  [0m] Finished [0;1;39mColdplug All udev Devices[0m.
[[0;32m  OK  [0m] Mounted [0;1;39m/mnt/ksmbd[0m.
[[0;32m  OK  [0m] Started [0;1;39mNetwork Name Resolution[0m.
[[0;32m  OK  [0m] Reached target [0;1;39mHost and Network Name Lookups[0m.
[[0;32m  OK  [0m] Finished [0;1;39mLoad JSON user/group Records from Credentials[0m.
[[0;32m  OK  [0m] Started [0;1;39mRule-based Manager for Device Events and Files[0m.
         Starting [0;1;39mNetwork Management[0m...
[[0;32m  OK  [0m] Finished [0;1;39mCreate System Files and Directories[0m.
         Starting [0;1;39mRecord System Boot/Shutdown in UTMP[0m...
[[0;32m  OK  [0m] Finished [0;1;39mRecord System Boot/Shutdown in UTMP[0m.
[    8.371196] cfg80211: Loading compiled-in X.509 certificates for regulatory database
[    8.392669] Loaded X.509 cert 'sforshee: 00b28ddf47aef9cea7'
[    8.395912] Loaded X.509 cert 'wens: 61c038651aabdcf94bd0ac7ff06c7248db18c600'
[    8.398048] faux_driver regulatory: Direct firmware load for regulatory.db failed with error -2
[[0;32m  OK  [[    8.402904] cfg80211: failed to load regulatory.db
0m] Reached target [0;1;39mSystem Initialization[0m.
[[0;32m  OK  [0m] Started [0;1;39mRefresh existing PGP keys of archlinux-keyring regularly[0m.
[[0;32m  OK  [0m] Started [0;1;39mDaily verification of password and group files[0m.
[[0;32m  OK  [0m] Started [0;1;39mDaily Cleanup of Temporary Directories[0m.
[[0;32m  OK  [0m] Reached target [0;1;39mTimer Units[0m.
[[0;32m  OK  [0m] Listening on [0;1;39mD-Bus System Message Bus Socket[0m.
[[0;32m  OK  [0m] Listening on [0;1;39mGnuPG network certifi…ent daemon for /etc/pacman.d/gnupg[0m.
[[0;32m  OK  [0m] Listening on [0;1;39mGnuPG cryptographic a… browsers) for /etc/pacman.d/gnupg[0m.
[[0;32m  OK  [0m] Listening on [0;1;39mGnuPG cryptographic a…estricted) for /etc/pacman.d/gnupg[0m.
[[0;32m  OK  [0m] Listening on [0;1;39mGnuPG cryptographic a…emulation) for /etc/pacman.d/gnupg[0m.
[[0;32m  OK  [[    8.521568] virtio_net virtio1 ens4: renamed from eth0
0m] Listening on [0;1;39mGnuPG cryptographic a…rase cache for /etc/pacman.d/gnupg[0m.
[[0;32m  OK  [0m] Listening on [0;1;39mGnuPG public key mana…nt service for /etc/pacman.d/gnupg[0m.
[[0;32m  OK  [0m] Listening on [0;1;39mOpenSSH Server Socket…temd-ssh-generator, AF_UNIX Local)[0m.
[[0;32m  OK  [0m] Listening on [0;1;39mHostname Service Socket[0m.
[[0;32m  OK  [0m] Listening on [0;1;39mUser Login Management Varlink Socket[0m.
[[0;32m  OK  [0m] Listening on [0;1;39mVirtual Machine and C…tainer Registration Service Socket[0m.
[[0;32m  OK  [0m] Reached target [0;1;39mSocket Units[0m.
         Starting [0;1;39mD-Bus System Message Bus[0m...
[[0;32m  OK  [0m] Started [0;1;39mNetwork Management[0m.
[[0;32m  OK  [0m] Reached target [0;1;39mNetwork[0m.
         Starting [0;1;39mEnable Persistent Storage in systemd-networkd[0m...
[[0;32m  OK  [0m] Started [0;1;39mD-Bus System Message Bus[0m.
[[0;32m  OK  [0m] Finished [0;1;39mEnable Persistent Storage in systemd-networkd[0m.
[[0;32m  OK  [0m] Reached target [0;1;39mBasic System[0m.
         Starting [0;1;39mOpenSSH Daemon[0m...
         Starting [0;1;39mUser Login Management[0m...
         Starting [0;1;39mPermit User Sessions[0m...
[[0;32m  OK  [0m] Started [0;1;39mOpenSSH Daemon[0m.
[[0;32m  OK  [0m] Reached target [0;1;39mSSH Access Available[0m.
[[0;32m  OK  [0m] Finished [0;1;39mPermit User Sessions[0m.
[[0;32m  OK  [0m] Started [0;1;39mGetty on tty1[0m.
[[0;32m  OK  [0m] Started [0;1;39mSerial Getty on ttyS0[0m.
[[0;32m  OK  [0m] Reached target [0;1;39mLogin Prompts[0m.
[    9.052723] piix4_smbus 0000:00:01.3: SMBus Host Controller at 0x700, revision 0
[[0;32m  OK  [0m] Started [0;1;39mUser Login Management[0m.
[    9.073763] i2c i2c-0: Memory type 0x07 not supported yet, not instantiating SPD
[[0;32m  OK  [0m] Reached target [0;1;39mMulti-User System[0m.
[[0;32m  OK  [0m] Reached target [0;1;39mGraphical Interface[0m.
[!p]104\[0m[?7h[1G[0J[6n[32766;32766H[6n[    9.086553] input: PC Speaker as /devices/platform/pcspkr/input/input4
[    9.092751] input: VirtualPS/2 VMware VMMouse as /devices/platform/i8042/serio1/input/input6
[    9.094744] input: VirtualPS/2 VMware VMMouse as /devices/platform/i8042/serio1/input/input5
[    9.154507] parport_pc 00:03: reported by Plug and Play ACPI
[    9.164704] parport0: PC-style at 0x378, irq 7 [PCSPP,TRISTATE]
[    9.260555] mousedev: PS/2 mouse device common for all mice
[    9.275006] RAPL PMU: API unit is 2^-32 Joules, 0 fixed counters, 10737418240 ms ovfl timer
[    9.346758] ppdev: user-space parallel port driver
[!p]104\[0m[?7h[1G[0J[6n[32766;32766H[6n]3008;start=7bc1fe175a994afa9adfda37403a6db1;user=root;hostname=ksmbd-vm;machineid=0ab76daf18ce42b0b036a81eb53bdd79;bootid=7107fba39cf6406480f489f89c8eaae8;pid=436;pidfdid=437;comm=(agetty);servicename=serial-getty@ttyS0.service;invocationid=0fc5a5b3ef2d4f83a8aff1a39b58761f;type=service\P+q6E616D65\
Arch Linux 6.18.13-arch1-1 (ttyS0)

ksmbd-vm login: root (automatic login)

]3008;start=359c1cd371ed46d58557461103de09ea;user=root;hostname=ksmbd-vm;machineid=0ab76daf18ce42b0b036a81eb53bdd79;bootid=7107fba39cf6406480f489f89c8eaae8;pid=436;pidfdid=437;comm=login;targetuser=root;sessionid=1;type=session\
  ╔══════════════════════════════════════════════╗
  ║         ksmbd Test VM                        ║
  ╠══════════════════════════════════════════════╣
  ║  /root/start-ksmbd.sh   - Start server      ║
  ║  /root/reload-ksmbd.sh  - Reload module      ║
  ║  /root/dev-info.sh      - Debug/analysis info║
  ║  /mnt/ksmbd/            - Shared source      ║
  ║  poweroff                - Shutdown VM        ║
  ╚══════════════════════════════════════════════╝

]3008;start=8da77e82-58c5-48fc-a812-9dac08b6b7ef;machineid=0ab76daf18ce42b0b036a81eb53bdd79;user=root;hostname=ksmbd-vm;bootid=7107fba3-9cf6-4064-80f4-89f89c8eaae8;pid=461;type=shell;cwd=/root\[?2004h[root@ksmbd-vm ~]# [   33.972905] ksmbd: loading out-of-tree module taints kernel.
[   33.974101] ksmbd: module verification failed: signature and/or required key missing - tainting kernel
[   34.016525] ksmbd: Configuration subsystem initialized with 17 parameters
[   34.029970] ksmbd: kernel provides md4, skipping built-in registration
[   34.044392] ksmbd: ksmbd: Fruit SMB extensions loaded
[   34.045941] ksmbd: ksmbd: CHANGE_NOTIFY subsystem initialised
[   34.047270] ksmbd: ksmbd: hook subsystem initialized (22 hook points)
[   34.049557] ksmbd: ksmbd: witness protocol support initialised
[   76.388725] ksmbd: ksmbd: witness protocol support removed
[   76.871486] ksmbd: ksmbd: Fruit SMB extensions unloaded
[   77.435622] ksmbd: Configuration subsystem initialized with 17 parameters
[   77.437218] ksmbd: kernel provides md4, skipping built-in registration
[   77.439393] ksmbd: ksmbd: Fruit SMB extensions loaded
[   77.441871] ksmbd: ksmbd: CHANGE_NOTIFY subsystem initialised
[   77.443265] ksmbd: ksmbd: hook subsystem initialized (22 hook points)
[   77.444637] ksmbd: ksmbd: witness protocol support initialised
[  202.737058] ksmbd: ksmbd: witness protocol support removed
[  203.197461] ksmbd: ksmbd: Fruit SMB extensions unloaded
[  203.596840] ksmbd: Configuration subsystem initialized with 17 parameters
[  203.598103] ksmbd: kernel provides md4, skipping built-in registration
[  203.600130] ksmbd: ksmbd: Fruit SMB extensions loaded
[  203.601085] ksmbd: ksmbd: CHANGE_NOTIFY subsystem initialised
[  203.602120] ksmbd: ksmbd: hook subsystem initialized (22 hook points)
[  203.603594] ksmbd: ksmbd: witness protocol support initialised
[  207.335805] ksmbd: ksmbd: negotiated deprecated SMB2.0.2 protocol - avoid in production
[  207.338774] ksmbd: ksmbd: negotiated deprecated SMB2.0.2 protocol - avoid in production
[  207.341809] ksmbd: ksmbd: negotiated deprecated SMB2.0.2 protocol - avoid in production
[  387.931985] ksmbd: bad smb2 signature
[  387.932959] ksmbd: bad smb2 signature
[ 2209.151052] ksmbd: ksmbd: witness protocol support removed
[ 2209.605463] ksmbd: ksmbd: Fruit SMB extensions unloaded
[ 2210.105021] ksmbd: Configuration subsystem initialized with 17 parameters
[ 2210.106270] ksmbd: kernel provides md4, skipping built-in registration
[ 2210.108193] ksmbd: ksmbd: Fruit SMB extensions loaded
[ 2210.110543] ksmbd: ksmbd: CHANGE_NOTIFY subsystem initialised
[ 2210.111782] ksmbd: ksmbd: hook subsystem initialized (22 hook points)
[ 2210.113139] ksmbd: ksmbd: witness protocol support initialised
[ 2218.082342] ksmbd: ksmbd: witness protocol support removed
[ 2218.543496] ksmbd: ksmbd: Fruit SMB extensions unloaded
[ 2218.990137] ksmbd: Configuration subsystem initialized with 17 parameters
[ 2218.991512] ksmbd: kernel provides md4, skipping built-in registration
[ 2218.993722] ksmbd: ksmbd: Fruit SMB extensions loaded
[ 2218.994849] ksmbd: ksmbd: CHANGE_NOTIFY subsystem initialised
[ 2218.996672] ksmbd: ksmbd: hook subsystem initialized (22 hook points)
[ 2218.998209] ksmbd: ksmbd: witness protocol support initialised
[ 2227.070270] ksmbd: ksmbd: witness protocol support removed
[ 2227.560562] ksmbd: ksmbd: Fruit SMB extensions unloaded
[ 2228.118373] ksmbd: Configuration subsystem initialized with 17 parameters
[ 2228.120336] ksmbd: kernel provides md4, skipping built-in registration
[ 2228.123077] ksmbd: ksmbd: Fruit SMB extensions loaded
[ 2228.124615] ksmbd: ksmbd: CHANGE_NOTIFY subsystem initialised
[ 2228.125842] ksmbd: ksmbd: hook subsystem initialized (22 hook points)
[ 2228.127275] ksmbd: ksmbd: witness protocol support initialised
[ 2233.450343] ksmbd: Not permitted to write : 0x1
[ 2233.456949] ksmbd: Not permitted to write : 0x1
[ 2233.463061] ksmbd: Not permitted to write : 0x1
[ 2233.471545] ksmbd: Not permitted to write : 0x1
[ 2233.476020] ksmbd: Not permitted to write : 0x1
[ 2233.493190] ksmbd: Not permitted to read : 0x2
[ 2233.499407] ksmbd: Not permitted to read : 0x2
[ 2233.505367] ksmbd: Not permitted to read : 0x2
[ 2233.513107] ksmbd: Not permitted to read : 0x2
[ 2233.516967] ksmbd: Not permitted to read : 0x2
[ 2233.527716] ksmbd: Not permitted to write : 0x1
[ 2233.529908] ksmbd: Not permitted to read : 0x2
[ 2233.535990] ksmbd: Not permitted to write : 0x1
[ 2233.540350] ksmbd: Not permitted to read : 0x2
[ 2233.546024] ksmbd: Not permitted to write : 0x1
[ 2233.547930] ksmbd: Not permitted to read : 0x2
[ 2233.555990] ksmbd: Not permitted to write : 0x1
[ 2233.557830] ksmbd: Not permitted to read : 0x2
[ 2233.561331] ksmbd: Not permitted to write : 0x1
[ 2233.563464] ksmbd: Not permitted to read : 0x2
[ 2233.609654] ksmbd: Not permitted to write : 0x1
[ 2233.618676] ksmbd: Not permitted to write : 0x1
[ 2233.625770] ksmbd: Not permitted to write : 0x1
[ 2233.634780] ksmbd: Not permitted to write : 0x1
[ 2233.639147] ksmbd: Not permitted to write : 0x1
[ 2233.651864] ksmbd: Not permitted to read : 0x2
[ 2233.660257] ksmbd: Not permitted to read : 0x2
[ 2233.667347] ksmbd: Not permitted to read : 0x2
[ 2233.677083] ksmbd: Not permitted to read : 0x2
[ 2233.683126] ksmbd: Not permitted to read : 0x2
[ 2233.695352] ksmbd: Not permitted to write : 0x1
[ 2233.697871] ksmbd: Not permitted to read : 0x2
[ 2233.705403] ksmbd: Not permitted to write : 0x1
[ 2233.708096] ksmbd: Not permitted to read : 0x2
[ 2233.714947] ksmbd: Not permitted to write : 0x1
[ 2233.717924] ksmbd: Not permitted to read : 0x2
[ 2233.726273] ksmbd: Not permitted to write : 0x1
[ 2233.728503] ksmbd: Not permitted to read : 0x2
[ 2233.733606] ksmbd: Not permitted to write : 0x1
[ 2233.735782] ksmbd: Not permitted to read : 0x2
[ 2233.784603] ksmbd: Not permitted to write : 0x1
[ 2233.791755] ksmbd: Not permitted to write : 0x1
[ 2233.797862] ksmbd: Not permitted to write : 0x1
[ 2233.807678] ksmbd: Not permitted to write : 0x1
[ 2233.811912] ksmbd: Not permitted to write : 0x1
[ 2233.831472] ksmbd: Not permitted to read : 0x2
[ 2233.838216] ksmbd: Not permitted to read : 0x2
[ 2233.844600] ksmbd: Not permitted to read : 0x2
[ 2233.854561] ksmbd: Not permitted to read : 0x2
[ 2233.858300] ksmbd: Not permitted to read : 0x2
[ 2233.868005] ksmbd: Not permitted to write : 0x1
[ 2233.870484] ksmbd: Not permitted to read : 0x2
[ 2233.877481] ksmbd: Not permitted to write : 0x1
[ 2233.879613] ksmbd: Not permitted to read : 0x2
[ 2233.885498] ksmbd: Not permitted to write : 0x1
[ 2233.887329] ksmbd: Not permitted to read : 0x2
[ 2233.895965] ksmbd: Not permitted to write : 0x1
[ 2233.898224] ksmbd: Not permitted to read : 0x2
[ 2233.902316] ksmbd: Not permitted to write : 0x1
[ 2233.904261] ksmbd: Not permitted to read : 0x2
[ 2233.939334] ksmbd: Not permitted to write : 0x1
[ 2233.945062] ksmbd: Not permitted to write : 0x1
[ 2233.950562] ksmbd: Not permitted to write : 0x1
[ 2233.959941] ksmbd: Not permitted to write : 0x1
[ 2233.963722] ksmbd: Not permitted to write : 0x1
[ 2233.983025] ksmbd: Not permitted to read : 0x2
[ 2234.001705] ksmbd: Not permitted to read : 0x2
[ 2234.012195] ksmbd: Not permitted to read : 0x2
[ 2234.030120] ksmbd: Not permitted to read : 0x2
[ 2234.042684] ksmbd: Not permitted to read : 0x2
[ 2234.065497] ksmbd: Not permitted to write : 0x1
[ 2234.068244] ksmbd: Not permitted to read : 0x2
[ 2234.075880] ksmbd: Not permitted to write : 0x1
[ 2234.078724] ksmbd: Not permitted to read : 0x2
[ 2234.086438] ksmbd: Not permitted to write : 0x1
[ 2234.088786] ksmbd: Not permitted to read : 0x2
[ 2234.102108] ksmbd: Not permitted to write : 0x1
[ 2234.104554] ksmbd: Not permitted to read : 0x2
[ 2234.108010] ksmbd: Not permitted to write : 0x1
[ 2234.110092] ksmbd: Not permitted to read : 0x2
[ 2236.852373] ksmbd: ksmbd: witness protocol support removed
[ 2237.318464] ksmbd: ksmbd: Fruit SMB extensions unloaded
[ 2237.785698] ksmbd: Configuration subsystem initialized with 17 parameters
[ 2237.787162] ksmbd: kernel provides md4, skipping built-in registration
[ 2237.789194] ksmbd: ksmbd: Fruit SMB extensions loaded
[ 2237.790646] ksmbd: ksmbd: CHANGE_NOTIFY subsystem initialised
[ 2237.791966] ksmbd: ksmbd: hook subsystem initialized (22 hook points)
[ 2237.793334] ksmbd: ksmbd: witness protocol support initialised
[ 2243.076542] BUG: kernel NULL pointer dereference, address: 000000000000018c
[ 2243.077959] #PF: supervisor write access in kernel mode
[ 2243.078996] #PF: error_code(0x0002) - not-present page
[ 2243.080022] PGD 0 P4D 0 
[ 2243.080545] Oops: Oops: 0002 [#1] SMP PTI
[ 2243.081382] CPU: 0 UID: 0 PID: 133 Comm: kworker/0:2 Tainted: G           OE       6.18.13-arch1-1 #1 PREEMPT(full)  37d84e5c59d38b1e3c61214631c6e0356ae9b977
[ 2243.084260] Tainted: [O]=OOT_MODULE, [E]=UNSIGNED_MODULE
[ 2243.085360] Hardware name: QEMU Standard PC (i440FX + PIIX, 1996), BIOS Arch Linux 1.17.0-2-2 04/01/2014
[ 2243.087319] Workqueue: ksmbd-io handle_ksmbd_work [ksmbd]
[ 2243.088480] RIP: 0010:_raw_spin_lock+0x17/0x30
[ 2243.089448] Code: 0a 00 00 90 90 90 90 90 90 90 90 90 90 90 90 90 90 90 90 f3 0f 1e fa 0f 1f 44 00 00 65 ff 05 10 ce d5 01 31 c0 ba 01 00 00 00 <f0> 0f b1 17 75 05 c3 cc cc cc cc 89 c6 e8 f7 04 00 00 90 c3 cc cc
[ 2243.093312] RSP: 0018:ffffcfa38047fba8 EFLAGS: 00010246
[ 2243.094290] RAX: 0000000000000000 RBX: ffff8ec3c3cf00f0 RCX: 0000000000000002
[ 2243.095559] RDX: 0000000000000001 RSI: ffff8ec3c3be8b40 RDI: 000000000000018c
[ 2243.096800] RBP: ffff8ec3c3cf0000 R08: ffffcfa38047fbc0 R09: ffff8ec3cd15a408
[ 2243.098062] R10: 0000000000000000 R11: ffff8ec3cd15a400 R12: 000000000000018c
[ 2243.099465] R13: ffff8ec3c3cf5728 R14: ffff8ec3c3cf56c0 R15: ffffcfa38047fc98
[ 2243.100735] FS:  0000000000000000(0000) GS:ffff8ec484eee000(0000) knlGS:0000000000000000
[ 2243.102207] CS:  0010 DS: 0000 ES: 0000 CR0: 0000000080050033
[ 2243.103232] CR2: 000000000000018c CR3: 00000000074b0005 CR4: 0000000000372ef0
[ 2243.104547] Call Trace:
[ 2243.105012]  <TASK>
[ 2243.105426]  session_fd_check+0xe1/0x260 [ksmbd 5e1dde76d0ade98a7bf9502d1f4702ca0c1df4b0]
[ 2243.106900]  ? __pfx_session_fd_check+0x10/0x10 [ksmbd 5e1dde76d0ade98a7bf9502d1f4702ca0c1df4b0]
[ 2243.108497]  __close_file_table_ids+0x62/0x170 [ksmbd 5e1dde76d0ade98a7bf9502d1f4702ca0c1df4b0]
[ 2243.110281]  ? ksmbd_tree_conn_session_logoff+0x19e/0x1d0 [ksmbd 5e1dde76d0ade98a7bf9502d1f4702ca0c1df4b0]
[ 2243.112100]  ksmbd_destroy_file_table+0x22/0x50 [ksmbd 5e1dde76d0ade98a7bf9502d1f4702ca0c1df4b0]
[ 2243.113778]  ksmbd_session_destroy.part.0+0x50/0x280 [ksmbd 5e1dde76d0ade98a7bf9502d1f4702ca0c1df4b0]
[ 2243.115635]  ksmbd_expire_session+0xff/0x250 [ksmbd 5e1dde76d0ade98a7bf9502d1f4702ca0c1df4b0]
[ 2243.117229]  ksmbd_session_register+0x37/0x80 [ksmbd 5e1dde76d0ade98a7bf9502d1f4702ca0c1df4b0]
[ 2243.118821]  smb2_sess_setup+0x213/0x1890 [ksmbd 5e1dde76d0ade98a7bf9502d1f4702ca0c1df4b0]
[ 2243.120408]  ? ksmbd_config_get_u32+0x41/0x50 [ksmbd 5e1dde76d0ade98a7bf9502d1f4702ca0c1df4b0]
[ 2243.121984]  ? _raw_spin_unlock+0xe/0x30
[ 2243.122688]  ? ksmbd_smb2_check_message+0x787/0x820 [ksmbd 5e1dde76d0ade98a7bf9502d1f4702ca0c1df4b0]
[ 2243.124325]  handle_ksmbd_work+0x42f/0x890 [ksmbd 5e1dde76d0ade98a7bf9502d1f4702ca0c1df4b0]
[ 2243.125940]  process_one_work+0x193/0x350
[ 2243.126674]  worker_thread+0x2d7/0x410
[ 2243.127364]  ? __pfx_worker_thread+0x10/0x10
[ 2243.128126]  kthread+0xfc/0x240
[ 2243.128691]  ? __pfx_kthread+0x10/0x10
[ 2243.129407]  ? __pfx_kthread+0x10/0x10
[ 2243.130158]  ret_from_fork+0x1c2/0x1f0
[ 2243.130837]  ? __pfx_kthread+0x10/0x10
[ 2243.131513]  ret_from_fork_asm+0x1a/0x30
[ 2243.132204]  </TASK>
[ 2243.132621] Modules linked in: ksmbd(OE) ccm cmac nls_utf8 md4 lz4_compress libdes intel_rapl_msr intel_rapl_common intel_uncore_frequency_common intel_pmc_core pmt_telemetry pmt_discovery pmt_class intel_pmc_ssram_telemetry intel_vsec kvm_intel kvm irqbypass polyval_clmulni ppdev ghash_clmulni_intel aesni_intel joydev rapl mousedev parport_pc psmouse parport pcspkr i2c_piix4 i2c_smbus mac_hid cfg80211 rfkill nfnetlink vsock_loopback vmw_vsock_virtio_transport_common vmw_vsock_vmci_transport vsock vmw_vmci qemu_fw_cfg sr_mod cdrom ata_generic pata_acpi intel_agp ata_piix bochs intel_gtt floppy serio_raw 9p 9pnet_virtio 9pnet virtio_net net_failover netfs failover
[ 2243.132661] Unloaded tainted modules: ksmbd(OE):6 [last unloaded: ksmbd(OE)]
[ 2243.144076] CR2: 000000000000018c
[ 2243.144714] ---[ end trace 0000000000000000 ]---
[ 2243.145623] RIP: 0010:_raw_spin_lock+0x17/0x30
[ 2243.146494] Code: 0a 00 00 90 90 90 90 90 90 90 90 90 90 90 90 90 90 90 90 f3 0f 1e fa 0f 1f 44 00 00 65 ff 05 10 ce d5 01 31 c0 ba 01 00 00 00 <f0> 0f b1 17 75 05 c3 cc cc cc cc 89 c6 e8 f7 04 00 00 90 c3 cc cc
[ 2243.149852] RSP: 0018:ffffcfa38047fba8 EFLAGS: 00010246
[ 2243.150867] RAX: 0000000000000000 RBX: ffff8ec3c3cf00f0 RCX: 0000000000000002
[ 2243.152156] RDX: 0000000000000001 RSI: ffff8ec3c3be8b40 RDI: 000000000000018c
[ 2243.153475] RBP: ffff8ec3c3cf0000 R08: ffffcfa38047fbc0 R09: ffff8ec3cd15a408
[ 2243.154747] R10: 0000000000000000 R11: ffff8ec3cd15a400 R12: 000000000000018c
[ 2243.156045] R13: ffff8ec3c3cf5728 R14: ffff8ec3c3cf56c0 R15: ffffcfa38047fc98
[ 2243.157324] FS:  0000000000000000(0000) GS:ffff8ec484eee000(0000) knlGS:0000000000000000
[ 2243.158766] CS:  0010 DS: 0000 ES: 0000 CR0: 0000000080050033
[ 2243.159810] CR2: 000000000000018c CR3: 00000000074b0005 CR4: 0000000000372ef0
[ 2243.161114] note: kworker/0:2[133] exited with irqs disabled
[ 2243.162213] note: kworker/0:2[133] exited with preempt_count 2
[ 3556.045421] hrtimer: interrupt took 3995005 ns
