[    0.000000] Linux version 6.18.13-arch1-1 (linux@archlinux) (gcc (GCC) 15.2.1 20260209, GNU ld (GNU Binutils) 2.46) #1 SMP PREEMPT_DYNAMIC Wed, 25 Feb 2026 23:12:35 +0000
[    0.000000] Command line: root=/dev/vda1 rw console=ttyS0,115200 loglevel=7
[    0.000000] BIOS-provided physical RAM map:
[    0.000000] BIOS-e820: [mem 0x0000000000000000-0x000000000009fbff] usable
[    0.000000] BIOS-e820: [mem 0x000000000009fc00-0x000000000009ffff] reserved
[    0.000000] BIOS-e820: [mem 0x00000000000f0000-0x00000000000fffff] reserved
[    0.000000] BIOS-e820: [mem 0x0000000000100000-0x000000007ffdcfff] usable
[    0.000000] BIOS-e820: [mem 0x000000007ffdd000-0x000000007fffffff] reserved
[    0.000000] BIOS-e820: [mem 0x00000000feffc000-0x00000000feffffff] reserved
[    0.000000] BIOS-e820: [mem 0x00000000fffc0000-0x00000000ffffffff] reserved
[    0.000000] NX (Execute Disable) protection: active
[    0.000000] APIC: Static calls initialized
[    0.000000] SMBIOS 2.8 present.
[    0.000000] DMI: QEMU Standard PC (i440FX + PIIX, 1996), BIOS Arch Linux 1.17.0-2-2 04/01/2014
[    0.000000] DMI: Memory slots populated: 1/1
[    0.000000] Hypervisor detected: KVM
[    0.000000] last_pfn = 0x7ffdd max_arch_pfn = 0x400000000
[    0.000000] kvm-clock: Using msrs 4b564d01 and 4b564d00
[    0.000001] kvm-clock: using sched offset of 791876958055 cycles
[    0.000003] clocksource: kvm-clock: mask: 0xffffffffffffffff max_cycles: 0x1cd42e4dffb, max_idle_ns: 881590591483 ns
[    0.000008] tsc: Detected 3600.000 MHz processor
[    0.001414] e820: update [mem 0x00000000-0x00000fff] usable ==> reserved
[    0.001419] e820: remove [mem 0x000a0000-0x000fffff] usable
[    0.001425] last_pfn = 0x7ffdd max_arch_pfn = 0x400000000
[    0.001467] MTRR map: 4 entries (3 fixed + 1 variable; max 19), built from 8 variable MTRRs
[    0.001473] x86/PAT: Configuration [0-7]: WB  WC  UC- UC  WB  WP  UC- WT  
[    0.011647] found SMP MP-table at [mem 0x000f66b0-0x000f66bf]
[    0.011681] Using GB pages for direct mapping
[    0.012072] RAMDISK: [mem 0x7f508000-0x7ffcffff]
[    0.012149] ACPI: Early table checksum verification disabled
[    0.012153] ACPI: RSDP 0x00000000000F64E0 000014 (v00 BOCHS )
[    0.012158] ACPI: RSDT 0x000000007FFE239C 000034 (v01 BOCHS  BXPC     00000001 BXPC 00000001)
[    0.012165] ACPI: FACP 0x000000007FFE2248 000074 (v01 BOCHS  BXPC     00000001 BXPC 00000001)
[    0.012174] ACPI: DSDT 0x000000007FFE0040 002208 (v01 BOCHS  BXPC     00000001 BXPC 00000001)
[    0.012178] ACPI: FACS 0x000000007FFE0000 000040
[    0.012182] ACPI: APIC 0x000000007FFE22BC 000080 (v03 BOCHS  BXPC     00000001 BXPC 00000001)
[    0.012186] ACPI: HPET 0x000000007FFE233C 000038 (v01 BOCHS  BXPC     00000001 BXPC 00000001)
[    0.012190] ACPI: WAET 0x000000007FFE2374 000028 (v01 BOCHS  BXPC     00000001 BXPC 00000001)
[    0.012194] ACPI: Reserving FACP table memory at [mem 0x7ffe2248-0x7ffe22bb]
[    0.012195] ACPI: Reserving DSDT table memory at [mem 0x7ffe0040-0x7ffe2247]
[    0.012196] ACPI: Reserving FACS table memory at [mem 0x7ffe0000-0x7ffe003f]
[    0.012197] ACPI: Reserving APIC table memory at [mem 0x7ffe22bc-0x7ffe233b]
[    0.012198] ACPI: Reserving HPET table memory at [mem 0x7ffe233c-0x7ffe2373]
[    0.012199] ACPI: Reserving WAET table memory at [mem 0x7ffe2374-0x7ffe239b]
[    0.012657] No NUMA configuration found
[    0.012659] Faking a node at [mem 0x0000000000000000-0x000000007ffdcfff]
[    0.012668] NODE_DATA(0) allocated [mem 0x7f4dd280-0x7f507fff]
[    0.013142] Zone ranges:
[    0.013143]   DMA      [mem 0x0000000000001000-0x0000000000ffffff]
[    0.013145]   DMA32    [mem 0x0000000001000000-0x000000007ffdcfff]
[    0.013147]   Normal   empty
[    0.013148]   Device   empty
[    0.013149] Movable zone start for each node
[    0.013152] Early memory node ranges
[    0.013153]   node   0: [mem 0x0000000000001000-0x000000000009efff]
[    0.013154]   node   0: [mem 0x0000000000100000-0x000000007ffdcfff]
[    0.013156] Initmem setup node 0 [mem 0x0000000000001000-0x000000007ffdcfff]
[    0.013166] On node 0, zone DMA: 1 pages in unavailable ranges
[    0.013273] On node 0, zone DMA: 97 pages in unavailable ranges
[    0.029222] On node 0, zone DMA32: 35 pages in unavailable ranges
[    0.030004] ACPI: PM-Timer IO Port: 0x608
[    0.030032] ACPI: LAPIC_NMI (acpi_id[0xff] dfl dfl lint[0x1])
[    0.030072] IOAPIC[0]: apic_id 0, version 17, address 0xfec00000, GSI 0-23
[    0.030078] ACPI: INT_SRC_OVR (bus 0 bus_irq 0 global_irq 2 dfl dfl)
[    0.030080] ACPI: INT_SRC_OVR (bus 0 bus_irq 5 global_irq 5 high level)
[    0.030082] ACPI: INT_SRC_OVR (bus 0 bus_irq 9 global_irq 9 high level)
[    0.030084] ACPI: INT_SRC_OVR (bus 0 bus_irq 10 global_irq 10 high level)
[    0.030086] ACPI: INT_SRC_OVR (bus 0 bus_irq 11 global_irq 11 high level)
[    0.030093] ACPI: Using ACPI (MADT) for SMP configuration information
[    0.030095] ACPI: HPET id: 0x8086a201 base: 0xfed00000
[    0.030100] TSC deadline timer available
[    0.030110] CPU topo: Max. logical packages:   1
[    0.030111] CPU topo: Max. logical dies:       1
[    0.030112] CPU topo: Max. dies per package:   1
[    0.030121] CPU topo: Max. threads per core:   1
[    0.030122] CPU topo: Num. cores per package:     2
[    0.030123] CPU topo: Num. threads per package:   2
[    0.030124] CPU topo: Allowing 2 present CPUs plus 0 hotplug CPUs
[    0.030146] kvm-guest: APIC: eoi() replaced with kvm_guest_apic_eoi_write()
[    0.030161] kvm-guest: KVM setup pv remote TLB flush
[    0.030165] kvm-guest: setup PV sched yield
[    0.030175] PM: hibernation: Registered nosave memory: [mem 0x00000000-0x00000fff]
[    0.030177] PM: hibernation: Registered nosave memory: [mem 0x0009f000-0x000fffff]
[    0.030179] [mem 0x80000000-0xfeffbfff] available for PCI devices
[    0.030181] Booting paravirtualized kernel on KVM
[    0.030183] clocksource: refined-jiffies: mask: 0xffffffff max_cycles: 0xffffffff, max_idle_ns: 1910969940391419 ns
[    0.036958] setup_percpu: NR_CPUS:8192 nr_cpumask_bits:2 nr_cpu_ids:2 nr_node_ids:1
[    0.037954] percpu: Embedded 62 pages/cpu s217088 r8192 d28672 u1048576
[    0.037962] pcpu-alloc: s217088 r8192 d28672 u1048576 alloc=1*2097152
[    0.037965] pcpu-alloc: [0] 0 1 
[    0.038006] kvm-guest: PV spinlocks enabled
[    0.038009] PV qspinlock hash table entries: 256 (order: 0, 4096 bytes, linear)
[    0.038013] Kernel command line: root=/dev/vda1 rw console=ttyS0,115200 loglevel=7
[    0.038087] random: crng init done
[    0.038088] printk: log buffer data + meta data: 131072 + 458752 = 589824 bytes
[    0.039038] Dentry cache hash table entries: 262144 (order: 9, 2097152 bytes, linear)
[    0.039524] Inode-cache hash table entries: 131072 (order: 8, 1048576 bytes, linear)
[    0.039618] Fallback order for Node 0: 0 
[    0.039621] Built 1 zonelists, mobility grouping on.  Total pages: 524155
[    0.039623] Policy zone: DMA32
[    0.040668] mem auto-init: stack:all(zero), heap alloc:on, heap free:off
[    0.046200] SLUB: HWalign=64, Order=0-3, MinObjects=0, CPUs=2, Nodes=1
[    0.046232] Kernel/User page tables isolation: enabled
[    0.057576] ftrace: allocating 57060 entries in 224 pages
[    0.057579] ftrace: allocated 224 pages with 3 groups
[    0.057812] Dynamic Preempt: full
[    0.057870] rcu: Preemptible hierarchical RCU implementation.
[    0.057871] rcu: 	RCU restricting CPUs from NR_CPUS=8192 to nr_cpu_ids=2.
[    0.057872] rcu: 	RCU priority boosting: priority 1 delay 500 ms.
[    0.057874] 	Trampoline variant of Tasks RCU enabled.
[    0.057874] 	Rude variant of Tasks RCU enabled.
[    0.057875] 	Tracing variant of Tasks RCU enabled.
[    0.057876] rcu: RCU calculated value of scheduler-enlistment delay is 100 jiffies.
[    0.057877] rcu: Adjusting geometry for rcu_fanout_leaf=16, nr_cpu_ids=2
[    0.057918] RCU Tasks: Setting shift to 1 and lim to 1 rcu_task_cb_adjust=1 rcu_task_cpu_ids=2.
[    0.057920] RCU Tasks Rude: Setting shift to 1 and lim to 1 rcu_task_cb_adjust=1 rcu_task_cpu_ids=2.
[    0.057921] RCU Tasks Trace: Setting shift to 1 and lim to 1 rcu_task_cb_adjust=1 rcu_task_cpu_ids=2.
[    0.066273] NR_IRQS: 524544, nr_irqs: 440, preallocated irqs: 16
[    0.066539] rcu: srcu_init: Setting srcu_struct sizes based on contention.
[    0.066806] kfence: initialized - using 2097152 bytes for 255 objects at 0x(____ptrval____)-0x(____ptrval____)
[    0.086541] Console: colour VGA+ 80x25
[    0.086606] printk: legacy console [ttyS0] enabled
[    0.285844] ACPI: Core revision 20250807
[    0.287144] clocksource: hpet: mask: 0xffffffff max_cycles: 0xffffffff, max_idle_ns: 19112604467 ns
[    0.289994] APIC: Switch to symmetric I/O mode setup
[    0.291624] x2apic enabled
[    0.292713] APIC: Switched APIC routing to: physical x2apic
[    0.294288] kvm-guest: APIC: send_IPI_mask() replaced with kvm_send_ipi_mask()
[    0.296297] kvm-guest: APIC: send_IPI_mask_allbutself() replaced with kvm_send_ipi_mask_allbutself()
[    0.298863] kvm-guest: setup PV IPIs
[    0.301199] ..TIMER: vector=0x30 apic1=0 pin1=2 apic2=-1 pin2=-1
[    0.302979] clocksource: tsc-early: mask: 0xffffffffffffffff max_cycles: 0x33e452fbb2f, max_idle_ns: 440795236593 ns
[    0.305838] Calibrating delay loop (skipped) preset value.. 7200.00 BogoMIPS (lpj=3600000)
[    0.306956] x86/cpu: User Mode Instruction Prevention (UMIP) activated
[    0.307928] Last level iTLB entries: 4KB 0, 2MB 0, 4MB 0
[    0.308836] Last level dTLB entries: 4KB 0, 2MB 0, 4MB 0, 1GB 0
[    0.309845] mitigations: Enabled attack vectors: user_kernel, user_user, guest_host, guest_guest, SMT mitigations: auto
[    0.310837] Speculative Store Bypass: Mitigation: Speculative Store Bypass disabled via prctl
[    0.311839] SRBDS: Unknown: Dependent on hypervisor status
[    0.312837] Spectre V2 : Mitigation: IBRS
[    0.313837] RETBleed: Mitigation: IBRS
[    0.314836] MDS: Mitigation: Clear CPU buffers
[    0.315837] TAA: Mitigation: Clear CPU buffers
[    0.316836] MMIO Stale Data: Mitigation: Clear CPU buffers
[    0.317836] Spectre V1 : Mitigation: usercopy/swapgs barriers and __user pointer sanitization
[    0.318837] Spectre V2 : Spectre v2 / SpectreRSB: Filling RSB on context switch and VMEXIT
[    0.319839] Spectre V2 : mitigation: Enabling conditional Indirect Branch Prediction Barrier
[    0.320843] GDS: Unknown: Dependent on hypervisor status
[    0.321837] Spectre V2 : Spectre BHI mitigation: SW BHB clearing on syscall and VM exit
[    0.322857] x86/fpu: Supporting XSAVE feature 0x001: 'x87 floating point registers'
[    0.323837] x86/fpu: Supporting XSAVE feature 0x002: 'SSE registers'
[    0.324837] x86/fpu: Supporting XSAVE feature 0x004: 'AVX registers'
[    0.325837] x86/fpu: Supporting XSAVE feature 0x008: 'MPX bounds registers'
[    0.326837] x86/fpu: Supporting XSAVE feature 0x010: 'MPX CSR'
[    0.327839] x86/fpu: xstate_offset[2]:  576, xstate_sizes[2]:  256
[    0.328837] x86/fpu: xstate_offset[3]:  832, xstate_sizes[3]:   64
[    0.329837] x86/fpu: xstate_offset[4]:  896, xstate_sizes[4]:   64
[    0.330837] x86/fpu: Enabled xstate features 0x1f, context size is 960 bytes, using 'compacted' format.
[    0.371578] Freeing SMP alternatives memory: 56K
[    0.371840] pid_max: default: 32768 minimum: 301
[    0.372834] LSM: initializing lsm=capability,landlock,lockdown,yama,bpf
[    0.372834] landlock: Up and running.
[    0.372840] Yama: becoming mindful.
[    0.374920] LSM support for eBPF active
[    0.375880] Mount-cache hash table entries: 4096 (order: 3, 32768 bytes, linear)
[    0.376854] Mountpoint-cache hash table entries: 4096 (order: 3, 32768 bytes, linear)
[    0.379276] smpboot: CPU0: Intel(R) Core(TM) i7-7700 CPU @ 3.60GHz (family: 0x6, model: 0x9e, stepping: 0x9)
[    0.380221] Performance Events: Skylake events, full-width counters, Intel PMU driver.
[    0.380842] ... version:                   2
[    0.381838] ... bit width:                 48
[    0.382838] ... generic counters:          4
[    0.383841] ... generic bitmap:            000000000000000f
[    0.384838] ... fixed-purpose counters:    3
[    0.385838] ... fixed-purpose bitmap:      0000000000000007
[    0.386838] ... value mask:                0000ffffffffffff
[    0.387838] ... max period:                00007fffffffffff
[    0.388838] ... global_ctrl mask:          000000070000000f
[    0.390015] signal: max sigframe size: 2032
[    0.390916] rcu: Hierarchical SRCU implementation.
[    0.391843] rcu: 	Max phase no-delay instances is 400.
[    0.393382] Timer migration: 1 hierarchy levels; 8 children per group; 1 crossnode level
[    0.394282] smp: Bringing up secondary CPUs ...
[    0.395102] smpboot: x86: Booting SMP configuration:
[    0.395846] .... node  #0, CPUs:      #1
[    0.395979] smp: Brought up 1 node, 2 CPUs
[    0.397843] smpboot: Total of 2 processors activated (14400.00 BogoMIPS)
[    0.399026] Memory: 1985448K/2096620K available (20319K kernel code, 2939K rwdata, 16368K rodata, 4736K init, 4772K bss, 105896K reserved, 0K cma-reserved)
[    0.400046] devtmpfs: initialized
[    0.400890] x86/mm: Memory block size: 128MB
[    0.403136] clocksource: jiffies: mask: 0xffffffff max_cycles: 0xffffffff, max_idle_ns: 1911260446275000 ns
[    0.403859] posixtimers hash table entries: 1024 (order: 2, 16384 bytes, linear)
[    0.404859] futex hash table entries: 512 (32768 bytes on 1 NUMA nodes, total 32 KiB, linear).
[    0.405915] pinctrl core: initialized pinctrl subsystem
[    0.407037] PM: RTC time: 13:26:34, date: 2026-03-07
[    0.409865] NET: Registered PF_NETLINK/PF_ROUTE protocol family
[    0.411112] DMA: preallocated 256 KiB GFP_KERNEL pool for atomic allocations
[    0.411861] DMA: preallocated 256 KiB GFP_KERNEL|GFP_DMA pool for atomic allocations
[    0.412957] DMA: preallocated 256 KiB GFP_KERNEL|GFP_DMA32 pool for atomic allocations
[    0.413847] audit: initializing netlink subsys (disabled)
[    0.414896] audit: type=2000 audit(1772889994.686:1): state=initialized audit_enabled=0 res=1
[    0.415069] thermal_sys: Registered thermal governor 'fair_share'
[    0.415839] thermal_sys: Registered thermal governor 'bang_bang'
[    0.416838] thermal_sys: Registered thermal governor 'step_wise'
[    0.417838] thermal_sys: Registered thermal governor 'user_space'
[    0.418838] thermal_sys: Registered thermal governor 'power_allocator'
[    0.419853] cpuidle: using governor ladder
[    0.421845] cpuidle: using governor menu
[    0.422998] acpiphp: ACPI Hot Plug PCI Controller Driver version: 0.5
[    0.424091] PCI: Using configuration type 1 for base access
[    0.425265] kprobes: kprobe jump-optimization is enabled. All kprobes are optimized if possible.
[    0.431870] HugeTLB: registered 1.00 GiB page size, pre-allocated 0 pages
[    0.432839] HugeTLB: 16380 KiB vmemmap can be freed for a 1.00 GiB page
[    0.435848] HugeTLB: registered 2.00 MiB page size, pre-allocated 0 pages
[    0.436838] HugeTLB: 28 KiB vmemmap can be freed for a 2.00 MiB page
[    0.450229] raid6: skipped pq benchmark and selected avx2x4
[    0.450838] raid6: using avx2x2 recovery algorithm
[    0.452989] ACPI: Added _OSI(Module Device)
[    0.453838] ACPI: Added _OSI(Processor Device)
[    0.454839] ACPI: Added _OSI(Processor Aggregator Device)
[    0.458239] ACPI: 1 ACPI AML tables successfully acquired and loaded
[    0.464404] ACPI: Interpreter enabled
[    0.464856] ACPI: PM: (supports S0 S3 S4 S5)
[    0.465840] ACPI: Using IOAPIC for interrupt routing
[    0.466991] PCI: Using host bridge windows from ACPI; if necessary, use "pci=nocrs" and report a bug
[    0.467838] PCI: Using E820 reservations for host bridge windows
[    0.468984] ACPI: Enabled 2 GPEs in block 00 to 0F
[    0.473717] ACPI: PCI Root Bridge [PCI0] (domain 0000 [bus 00-ff])
[    0.473844] acpi PNP0A03:00: _OSC: OS supports [ASPM ClockPM Segments MSI EDR HPX-Type3]
[    0.474839] acpi PNP0A03:00: _OSC: not requesting OS control; OS requires [ExtendedConfig ASPM ClockPM MSI]
[    0.475853] acpi PNP0A03:00: fail to add MMCONFIG information, can't access extended configuration space under this bridge
[    0.477354] acpiphp: Slot [3] registered
[    0.477875] acpiphp: Slot [4] registered
[    0.478869] acpiphp: Slot [5] registered
[    0.479882] acpiphp: Slot [6] registered
[    0.480878] acpiphp: Slot [7] registered
[    0.481869] acpiphp: Slot [8] registered
[    0.482870] acpiphp: Slot [9] registered
[    0.483883] acpiphp: Slot [10] registered
[    0.484870] acpiphp: Slot [11] registered
[    0.485908] acpiphp: Slot [12] registered
[    0.486867] acpiphp: Slot [13] registered
[    0.487866] acpiphp: Slot [14] registered
[    0.488875] acpiphp: Slot [15] registered
[    0.489866] acpiphp: Slot [16] registered
[    0.490870] acpiphp: Slot [17] registered
[    0.491867] acpiphp: Slot [18] registered
[    0.492871] acpiphp: Slot [19] registered
[    0.493866] acpiphp: Slot [20] registered
[    0.494866] acpiphp: Slot [21] registered
[    0.495881] acpiphp: Slot [22] registered
[    0.496865] acpiphp: Slot [23] registered
[    0.497869] acpiphp: Slot [24] registered
[    0.498868] acpiphp: Slot [25] registered
[    0.499867] acpiphp: Slot [26] registered
[    0.500866] acpiphp: Slot [27] registered
[    0.501873] acpiphp: Slot [28] registered
[    0.502866] acpiphp: Slot [29] registered
[    0.503879] acpiphp: Slot [30] registered
[    0.504892] acpiphp: Slot [31] registered
[    0.505861] PCI host bridge to bus 0000:00
[    0.506845] pci_bus 0000:00: root bus resource [io  0x0000-0x0cf7 window]
[    0.507839] pci_bus 0000:00: root bus resource [io  0x0d00-0xffff window]
[    0.508841] pci_bus 0000:00: root bus resource [mem 0x000a0000-0x000bffff window]
[    0.509838] pci_bus 0000:00: root bus resource [mem 0x80000000-0xfebfffff window]
[    0.510839] pci_bus 0000:00: root bus resource [mem 0x100000000-0x17fffffff window]
[    0.511839] pci_bus 0000:00: root bus resource [bus 00-ff]
[    0.512922] pci 0000:00:00.0: [8086:1237] type 00 class 0x060000 conventional PCI endpoint
[    0.514762] pci 0000:00:01.0: [8086:7000] type 00 class 0x060100 conventional PCI endpoint
[    0.515819] pci 0000:00:01.1: [8086:7010] type 00 class 0x010180 conventional PCI endpoint
[    0.517253] pci 0000:00:01.1: BAR 4 [io  0xc0e0-0xc0ef]
[    0.517909] pci 0000:00:01.1: BAR 0 [io  0x01f0-0x01f7]: legacy IDE quirk
[    0.518839] pci 0000:00:01.1: BAR 1 [io  0x03f6]: legacy IDE quirk
[    0.519839] pci 0000:00:01.1: BAR 2 [io  0x0170-0x0177]: legacy IDE quirk
[    0.520839] pci 0000:00:01.1: BAR 3 [io  0x0376]: legacy IDE quirk
[    0.522266] pci 0000:00:01.3: [8086:7113] type 00 class 0x068000 conventional PCI endpoint
[    0.523548] pci 0000:00:01.3: quirk: [io  0x0600-0x063f] claimed by PIIX4 ACPI
[    0.523854] pci 0000:00:01.3: quirk: [io  0x0700-0x070f] claimed by PIIX4 SMB
[    0.525256] pci 0000:00:02.0: [1234:1111] type 00 class 0x030000 conventional PCI endpoint
[    0.527919] pci 0000:00:02.0: BAR 0 [mem 0xfd000000-0xfdffffff pref]
[    0.528873] pci 0000:00:02.0: BAR 2 [mem 0xfebd0000-0xfebd0fff]
[    0.529896] pci 0000:00:02.0: ROM [mem 0xfebc0000-0xfebcffff pref]
[    0.531056] pci 0000:00:02.0: Video device with shadowed ROM at [mem 0x000c0000-0x000dffff]
[    0.532754] pci 0000:00:03.0: [1af4:1009] type 00 class 0x000200 conventional PCI endpoint
[    0.534854] pci 0000:00:03.0: BAR 0 [io  0xc080-0xc0bf]
[    0.535854] pci 0000:00:03.0: BAR 1 [mem 0xfebd1000-0xfebd1fff]
[    0.536893] pci 0000:00:03.0: BAR 4 [mem 0xfe000000-0xfe003fff 64bit pref]
[    0.540221] pci 0000:00:04.0: [1af4:1000] type 00 class 0x020000 conventional PCI endpoint
[    0.542855] pci 0000:00:04.0: BAR 0 [io  0xc0c0-0xc0df]
[    0.543854] pci 0000:00:04.0: BAR 1 [mem 0xfebd2000-0xfebd2fff]
[    0.544896] pci 0000:00:04.0: BAR 4 [mem 0xfe004000-0xfe007fff 64bit pref]
[    0.545854] pci 0000:00:04.0: ROM [mem 0xfeb80000-0xfebbffff pref]
[    0.549542] pci 0000:00:05.0: [1af4:1001] type 00 class 0x010000 conventional PCI endpoint
[    0.551873] pci 0000:00:05.0: BAR 0 [io  0xc000-0xc07f]
[    0.552871] pci 0000:00:05.0: BAR 1 [mem 0xfebd3000-0xfebd3fff]
[    0.553894] pci 0000:00:05.0: BAR 4 [mem 0xfe008000-0xfe00bfff 64bit pref]
[    0.575469] ACPI: PCI: Interrupt link LNKA configured for IRQ 10
[    0.576023] ACPI: PCI: Interrupt link LNKB configured for IRQ 10
[    0.577017] ACPI: PCI: Interrupt link LNKC configured for IRQ 11
[    0.578010] ACPI: PCI: Interrupt link LNKD configured for IRQ 11
[    0.578942] ACPI: PCI: Interrupt link LNKS configured for IRQ 9
[    0.580901] iommu: Default domain type: Translated
[    0.581834] iommu: DMA domain TLB invalidation policy: lazy mode
[    0.583836] SCSI subsystem initialized
[    0.584958] libata version 3.00 loaded.
[    0.584958] ACPI: bus type USB registered
[    0.585834] usbcore: registered new interface driver usbfs
[    0.585834] usbcore: registered new interface driver hub
[    0.589861] usbcore: registered new device driver usb
[    0.590926] EDAC MC: Ver: 3.0.0
[    0.593924] NetLabel: Initializing
[    0.594838] NetLabel:  domain hash size = 128
[    0.595844] NetLabel:  protocols = UNLABELED CIPSOv4 CALIPSO
[    0.596905] NetLabel:  unlabeled traffic allowed by default
[    0.597834] mctp: management component transport protocol core
[    0.599846] NET: Registered PF_MCTP protocol family
[    0.600879] PCI: Using ACPI for IRQ routing
[    0.601842] PCI: pci_cache_line_size set to 64 bytes
[    0.602103] e820: reserve RAM buffer [mem 0x0009fc00-0x0009ffff]
[    0.602110] e820: reserve RAM buffer [mem 0x7ffdd000-0x7fffffff]
[    0.602836] pci 0000:00:02.0: vgaarb: setting as boot VGA device
[    0.602836] pci 0000:00:02.0: vgaarb: bridge control possible
[    0.602836] pci 0000:00:02.0: vgaarb: VGA device added: decodes=io+mem,owns=io+mem,locks=none
[    0.608844] vgaarb: loaded
[    0.610136] hpet0: at MMIO 0xfed00000, IRQs 2, 8, 0
[    0.610838] hpet0: 3 comparators, 64-bit 100.000000 MHz counter
[    0.615838] clocksource: Switched to clocksource kvm-clock
[    0.619552] VFS: Disk quotas dquot_6.6.0
[    0.620697] VFS: Dquot-cache hash table entries: 512 (order 0, 4096 bytes)
[    0.623156] pnp: PnP ACPI init
[    0.624244] pnp 00:02: [dma 2]
[    0.624742] pnp: PnP ACPI: found 6 devices
[    0.635630] clocksource: acpi_pm: mask: 0xffffff max_cycles: 0xffffff, max_idle_ns: 2085701024 ns
[    0.638202] NET: Registered PF_INET protocol family
[    0.639859] IP idents hash table entries: 32768 (order: 6, 262144 bytes, linear)
[    0.665353] tcp_listen_portaddr_hash hash table entries: 1024 (order: 2, 16384 bytes, linear)
[    0.668305] Table-perturb hash table entries: 65536 (order: 6, 262144 bytes, linear)
[    0.670670] TCP established hash table entries: 16384 (order: 5, 131072 bytes, linear)
[    0.673500] TCP bind hash table entries: 16384 (order: 7, 524288 bytes, linear)
[    0.675617] TCP: Hash tables configured (established 16384 bind 16384)
[    0.677638] MPTCP token hash table entries: 2048 (order: 4, 49152 bytes, linear)
[    0.679736] UDP hash table entries: 1024 (order: 4, 65536 bytes, linear)
[    0.681668] UDP-Lite hash table entries: 1024 (order: 4, 65536 bytes, linear)
[    0.683757] NET: Registered PF_UNIX/PF_LOCAL protocol family
[    0.685351] NET: Registered PF_XDP protocol family
[    0.686744] pci_bus 0000:00: resource 4 [io  0x0000-0x0cf7 window]
[    0.688476] pci_bus 0000:00: resource 5 [io  0x0d00-0xffff window]
[    0.690191] pci_bus 0000:00: resource 6 [mem 0x000a0000-0x000bffff window]
[    0.692125] pci_bus 0000:00: resource 7 [mem 0x80000000-0xfebfffff window]
[    0.694057] pci_bus 0000:00: resource 8 [mem 0x100000000-0x17fffffff window]
[    0.696104] pci 0000:00:01.0: PIIX3: Enabling Passive Release
[    0.697760] pci 0000:00:00.0: Limiting direct PCI/PCI transfers
[    0.699536] PCI: CLS 0 bytes, default 64
[    0.700870] clocksource: tsc: mask: 0xffffffffffffffff max_cycles: 0x33e452fbb2f, max_idle_ns: 440795236593 ns
[    0.703843] Trying to unpack rootfs image as initramfs...
[    0.768325] Initialise system trusted keyrings
[    0.770844] Key type blacklist registered
[    0.776515] workingset: timestamp_bits=36 max_order=19 bucket_order=0
[    0.780862] fuse: init (API version 7.45)
[    0.783370] integrity: Platform Keyring initialized
[    0.786850] integrity: Machine keyring initialized
[    0.809260] xor: automatically using best checksumming function   avx       
[    0.811259] Key type asymmetric registered
[    0.812393] Asymmetric key parser 'x509' registered
[    0.813853] Block layer SCSI generic (bsg) driver version 0.4 loaded (major 245)
[    0.816010] io scheduler mq-deadline registered
[    0.817298] io scheduler kyber registered
[    0.818439] io scheduler bfq registered
[    0.819752] ledtrig-cpu: registered to indicate activity on CPUs
[    0.821619] input: Power Button as /devices/LNXSYSTM:00/LNXPWRBN:00/input/input0
[    0.827353] ACPI: button: Power Button [PWRF]
[    0.830252] ACPI: \_SB_.LNKC: Enabled at IRQ 11
[    0.834457] ACPI: \_SB_.LNKD: Enabled at IRQ 10
[    0.838699] ACPI: \_SB_.LNKA: Enabled at IRQ 10
[    0.852927] Serial: 8250/16550 driver, 32 ports, IRQ sharing enabled
[    0.854076] Freeing initrd memory: 11040K
[    0.856574] 00:04: ttyS0 at I/O 0x3f8 (irq = 4, base_baud = 115200) is a 16550A
[    0.862937] Non-volatile memory driver v1.3
[    0.864354] Linux agpgart interface v0.103
[    0.865709] ACPI: bus type drm_connector registered
[    0.867806] virtio_blk virtio2: 2/0/0 default/read/poll queues
[    0.871381] virtio_blk virtio2: [vda] 25165824 512-byte logical blocks (12.9 GB/12.0 GiB)
[    0.959385]  vda: vda1
[    0.961029] usbcore: registered new interface driver usbserial_generic
[    0.963701] usbserial: USB Serial support registered for generic
[    0.965375] i8042: PNP: PS/2 Controller [PNP0303:KBD,PNP0f13:MOU] at 0x60,0x64 irq 1,12
[    0.971620] serio: i8042 KBD port at 0x60,0x64 irq 1
[    0.973043] serio: i8042 AUX port at 0x60,0x64 irq 12
[    0.977700] rtc_cmos 00:05: RTC can wake from S4
[    0.981633] rtc_cmos 00:05: registered as rtc0
[    0.983673] input: AT Translated Set 2 keyboard as /devices/platform/i8042/serio0/input/input1
[    0.986018] rtc_cmos 00:05: setting system clock to 2026-03-07T13:26:35 UTC (1772889995)
[    0.986127] rtc_cmos 00:05: alarms up to one day, y3k, 242 bytes nvram, hpet irqs
[    0.986184] intel_pstate: CPU model not supported
[    0.986281] hid: raw HID events driver (C) Jiri Kosina
[    0.986333] usbcore: registered new interface driver usbhid
[    0.986334] usbhid: USB HID core driver
[    0.986366] rust_binder: Loaded Rust Binder.
[    0.986393] drop_monitor: Initializing network drop monitor service
[    1.001372] NET: Registered PF_INET6 protocol family
[    1.003281] Segment Routing with IPv6
[    1.004274] RPL Segment Routing with IPv6
[    1.005589] In-situ OAM (IOAM) with IPv6
[    1.006671] NET: Registered PF_PACKET protocol family
[    1.008837] IPI shorthand broadcast: enabled
[    1.013205] sched_clock: Marking stable (779028892, 233289222)->(1404683877, -392365763)
[    1.015647] registered taskstats version 1
[    1.017126] Loading compiled-in X.509 certificates
[    1.026946] Loaded X.509 cert 'Build time autogenerated kernel key: 4f282eb87851fdb04b530c5e67453df628afff93'
[    1.033790] zswap: loaded using pool zstd
[    1.035060] Demotion targets for Node 0: null
[    1.036706] Key type .fscrypt registered
[    1.037752] Key type fscrypt-provisioning registered
[    1.039395] Btrfs loaded, zoned=yes, fsverity=yes
[    1.040837] Key type big_key registered
[    1.042392] PM:   Magic number: 2:260:432
[    1.044916] RAS: Correctable Errors collector initialized.
[    1.052775] clk: Disabling unused clocks
[    1.053933] PM: genpd: Disabling unused power domains
[    1.058422] Freeing unused decrypted memory: 2028K
[    1.061736] Freeing unused kernel image (initmem) memory: 4736K
[    1.063046] Write protecting the kernel read-only data: 36864k
[    1.064672] Freeing unused kernel image (text/rodata gap) memory: 160K
[    1.066081] Freeing unused kernel image (rodata/data gap) memory: 16K
[    1.113179] x86/mm: Checked W+X mappings: passed, no W+X pages found.
[    1.114510] rodata_test: all tests were successful
[    1.115504] x86/mm: Checking user space page tables
[    1.161494] x86/mm: Checked W+X mappings: passed, no W+X pages found.
[    1.162890] Run /init as init process
[    1.163679]   with arguments:
[    1.163681]     /init
[    1.163682]   with environment:
[    1.163684]     HOME=/
[    1.163685]     TERM=linux
[    1.513921] systemd[1]: Successfully made /usr/ read-only.
[    1.850214] systemd[1]: systemd 259.2-1-arch running in system mode (+PAM +AUDIT -SELINUX +APPARMOR -IMA +IPE +SMACK +SECCOMP +GCRYPT +GNUTLS +OPENSSL +ACL +BLKID +CURL +ELFUTILS +FIDO2 +IDN2 -IDN +KMOD +LIBCRYPTSETUP +LIBCRYPTSETUP_PLUGINS +LIBFDISK +PCRE2 +PWQUALITY +P11KIT +QRENCODE +TPM2 +BZIP2 +LZ4 +XZ +ZLIB +ZSTD +BPF_FRAMEWORK +BTF +XKBCOMMON +UTMP -SYSVINIT +LIBARCHIVE)
[    1.856619] systemd[1]: Detected virtualization kvm.
[    1.857635] systemd[1]: Detected architecture x86-64.
[    1.858637] systemd[1]: Running in initrd.
[    1.861708] systemd[1]: Initializing machine ID from random generator.
[    1.931284] systemd[1]: Queued start job for default target Initrd Default Target.
[    1.990835] systemd[1]: Expecting device /dev/vda1...
[    1.993398] systemd[1]: Reached target Path Units.
[    1.996518] systemd[1]: Reached target Slice Units.
[    1.999072] systemd[1]: Reached target Swaps.
[    2.002027] systemd[1]: Reached target Timer Units.
[    2.004742] systemd[1]: Listening on Journal Socket (/dev/log).
[    2.007889] systemd[1]: Listening on Journal Sockets.
[    2.011804] systemd[1]: Listening on udev Control Socket.
[    2.014890] systemd[1]: Listening on udev Kernel Socket.
[    2.018968] systemd[1]: Reached target Socket Units.
[    2.021743] systemd[1]: Create List of Static Device Nodes skipped, unmet condition check ConditionFileNotEmpty=/lib/modules/6.18.13-arch1-1/modules.devname
[    2.024766] systemd[1]: Early Battery Level Check skipped, unmet condition check ConditionDirectoryNotEmpty=/sys/class/power_supply
[    2.027202] systemd[1]: Display Boot-Time Emergency Messages In Full Screen skipped, unmet condition check ConditionVirtualization=no
[    2.039622] systemd[1]: Starting Journal Service...
[    2.050720] systemd[1]: Starting Load Kernel Modules...
[    2.055857] systemd[1]: TPM PCR Barrier (initrd) skipped, unmet condition check ConditionSecurity=measured-uki
[    2.065904] systemd[1]: Starting Create Static Device Nodes in /dev...
[    2.096605] systemd[1]: Starting Coldplug All udev Devices...
[    2.115031] systemd-journald[104]: Collecting audit messages is disabled.
[    2.152625] systemd[1]: Finished Create Static Device Nodes in /dev.
[    2.161714] systemd[1]: Reached target Preparation for Local File Systems.
[    2.173590] systemd[1]: Reached target Local File Systems.
[    2.190228] systemd[1]: Starting Rule-based Manager for Device Events and Files...
[    2.205230] systemd[1]: Started Journal Service.
[    3.389103] Floppy drive(s): fd0 is 2.88M AMI BIOS
[    3.396632] netfs: FS-Cache loaded
[    3.414346] scsi host0: ata_piix
[    3.415060] bochs-drm 0000:00:02.0: vgaarb: deactivate vga console
[    3.415720] scsi host1: ata_piix
[    3.418555] ata1: PATA max MWDMA2 cmd 0x1f0 ctl 0x3f6 bmdma 0xc0e0 irq 14 lpm-pol 0
[    3.422010] FDC 0 is a S82078B
[    3.423148] ata2: PATA max MWDMA2 cmd 0x170 ctl 0x376 bmdma 0xc0e8 irq 15 lpm-pol 0
[    3.439223] 9pnet: Installing 9P2000 support
[    3.445231] Console: switching to colour dummy device 80x25
[    3.447771] [drm] Found bochs VGA, ID 0xb0c5.
[    3.447773] [drm] Framebuffer size 16384 kB @ 0xfd000000, mmio @ 0xfebd0000.
[    3.448805] bochs-drm 0000:00:02.0: [drm] Registered 1 planes with drm panic
[    3.448811] [drm] Initialized bochs-drm 1.0.0 for 0000:00:02.0 on minor 0
[    3.465427] fbcon: bochs-drmdrmfb (fb0) is primary device
[    3.480937] Console: switching to colour frame buffer device 160x50
[    3.484849] bochs-drm 0000:00:02.0: [drm] fb0: bochs-drmdrmfb frame buffer device
[    3.580543] ata2: found unknown device (class 0)
[    3.582393] ata2.00: ATAPI: QEMU DVD-ROM, 2.5+, max UDMA/100
[    3.595192] scsi 1:0:0:0: CD-ROM            QEMU     QEMU DVD-ROM     2.5+ PQ: 0 ANSI: 5
[    3.631269] 9p: Installing v9fs 9p2000 file system support
[    3.688035] sr 1:0:0:0: [sr0] scsi3-mmc drive: 4x/4x cd/rw xa/form2 tray
[    3.690365] cdrom: Uniform CD-ROM driver Revision: 3.20
[    3.709481] sr 1:0:0:0: Attached scsi CD-ROM sr0
[    4.225085] EXT4-fs (vda1): mounted filesystem ddfae1cc-629e-47f4-9008-261996ba3811 r/w with ordered data mode. Quota mode: none.
[    4.639834] systemd-journald[104]: Received SIGTERM from PID 1 (systemd).
[    5.368165] systemd[1]: systemd 259.1-1-arch running in system mode (+PAM +AUDIT -SELINUX +APPARMOR -IMA +IPE +SMACK +SECCOMP +GCRYPT +GNUTLS +OPENSSL +ACL +BLKID +CURL +ELFUTILS +FIDO2 +IDN2 -IDN +KMOD +LIBCRYPTSETUP +LIBCRYPTSETUP_PLUGINS +LIBFDISK +PCRE2 +PWQUALITY +P11KIT +QRENCODE +TPM2 +BZIP2 +LZ4 +XZ +ZLIB +ZSTD +BPF_FRAMEWORK +BTF +XKBCOMMON +UTMP -SYSVINIT +LIBARCHIVE)
[    5.374912] systemd[1]: Detected virtualization kvm.
[    5.375968] systemd[1]: Detected architecture x86-64.
[    5.381377] systemd[1]: Hostname set to <ksmbd-vm>.
[    5.554015] systemd[1]: bpf-restrict-fs: LSM BPF program attached
[    6.259956] systemd[1]: initrd-switch-root.service: Deactivated successfully.
[    6.264207] systemd[1]: Stopped Switch Root.
[    6.272806] systemd[1]: systemd-journald.service: Scheduled restart job, restart counter is at 1.
[    6.277660] systemd[1]: Created slice Slice /system/dirmngr.
[    6.288989] systemd[1]: Created slice Slice /system/getty.
[    6.294791] systemd[1]: Created slice Slice /system/gpg-agent.
[    6.301977] systemd[1]: Created slice Slice /system/gpg-agent-browser.
[    6.309781] systemd[1]: Created slice Slice /system/gpg-agent-extra.
[    6.316146] systemd[1]: Created slice Slice /system/gpg-agent-ssh.
[    6.322420] systemd[1]: Created slice Slice /system/keyboxd.
[    6.329383] systemd[1]: Created slice Slice /system/modprobe.
[    6.337000] systemd[1]: Created slice Slice /system/serial-getty.
[    6.343029] systemd[1]: Created slice User and Session Slice.
[    6.346363] systemd[1]: Started Dispatch Password Requests to Console Directory Watch.
[    6.351644] systemd[1]: Started Forward Password Requests to Wall Directory Watch.
[    6.355920] systemd[1]: Set up automount Arbitrary Executable File Formats File System Automount Point.
[    6.361147] systemd[1]: Expecting device /dev/ttyS0...
[    6.363803] systemd[1]: Reached target Local Encrypted Volumes.
[    6.367660] systemd[1]: Reached target Image Downloads.
[    6.371169] systemd[1]: Stopped target Switch Root.
[    6.373959] systemd[1]: Stopped target Initrd File Systems.
[    6.378176] systemd[1]: Stopped target Initrd Root File System.
[    6.382661] systemd[1]: Reached target Local Integrity Protected Volumes.
[    6.387461] systemd[1]: Reached target Path Units.
[    6.391331] systemd[1]: Reached target Remote File Systems.
[    6.394866] systemd[1]: Reached target Slice Units.
[    6.398787] systemd[1]: Reached target Swaps.
[    6.402462] systemd[1]: Reached target Local Verity Protected Volumes.
[    6.406750] systemd[1]: Listening on Device-mapper event daemon FIFOs.
[    6.413775] systemd[1]: Listening on Query the User Interactively for a Password.
[    6.421250] systemd[1]: Listening on Process Core Dump Socket.
[    6.426162] systemd[1]: Listening on Credential Encryption/Decryption.
[    6.433012] systemd[1]: Listening on Factory Reset Management.
[    6.439211] systemd[1]: Listening on Console Output Muting Service Socket.
[    6.443253] systemd[1]: Listening on Network Management Resolve Hook Socket.
[    6.447998] systemd[1]: Listening on Network Management Varlink Socket.
[    6.452227] systemd[1]: Listening on Network Management Netlink Socket.
[    6.456344] systemd[1]: TPM PCR Measurements skipped, unmet condition check ConditionSecurity=measured-uki
[    6.458379] systemd[1]: Make TPM PCR Policy skipped, unmet condition check ConditionSecurity=measured-uki
[    6.462081] systemd[1]: Listening on Disk Repartitioning Service Socket.
[    6.465766] systemd[1]: Listening on Resolve Monitor Varlink Socket.
[    6.469780] systemd[1]: Listening on Resolve Service Varlink Socket.
[    6.473180] systemd[1]: Listening on udev Control Socket.
[    6.476840] systemd[1]: Listening on udev Varlink Socket.
[    6.479955] systemd[1]: Listening on User Database Manager Socket.
[    6.490589] systemd[1]: Mounting Huge Pages File System...
[    6.508617] systemd[1]: Mounting POSIX Message Queue File System...
[    6.527306] systemd[1]: Mounting Kernel Debug File System...
[    6.542580] systemd[1]: Mounting Kernel Trace File System...
[    6.558506] systemd[1]: Mounting Temporary Directory /tmp...
[    6.562830] systemd[1]: Create List of Static Device Nodes skipped, unmet condition check ConditionFileNotEmpty=/lib/modules/6.18.13-arch1-1/modules.devname
[    6.566581] systemd[1]: Load Kernel Module configfs skipped, unmet condition check ConditionKernelModuleLoaded=!configfs
[    6.580648] systemd[1]: Mounting Kernel Configuration File System...
[    6.589135] systemd[1]: Load Kernel Module drm skipped, unmet condition check ConditionKernelModuleLoaded=!drm
[    6.591511] systemd[1]: Load Kernel Module fuse skipped, unmet condition check ConditionKernelModuleLoaded=!fuse
[    6.603074] systemd[1]: Mounting FUSE Control File System...
[    6.613415] systemd[1]: Clear Stale Hibernate Storage Info skipped, unmet condition check ConditionPathExists=/sys/firmware/efi/efivars/HibernateLocation-8cf2644b-4b0b-428f-9387-6d876050dc67
[    6.630312] systemd[1]: Starting Journal Service...
[    6.633178] systemd[1]: Load Kernel Modules skipped, no trigger condition checks were met.
[    6.640390] systemd[1]: Starting Generate Network Units from Kernel Command Line...
[    6.646193] systemd[1]: TPM PCR Machine ID Measurement skipped, unmet condition check ConditionSecurity=measured-uki
[    6.648365] systemd[1]: TPM NvPCR Product ID Measurement skipped, unmet condition check ConditionSecurity=measured-uki
[    6.653943] systemd[1]: Starting Remount Root and Kernel File Systems...
[    6.676398] systemd[1]: Starting Apply Kernel Variables...
[    6.689364] EXT4-fs (vda1): re-mounted ddfae1cc-629e-47f4-9008-261996ba3811.
[    6.691920] systemd[1]: Starting Create Static Device Nodes in /dev gracefully...
[    6.699112] systemd[1]: Early TPM SRK Setup skipped, unmet condition check ConditionSecurity=measured-uki
[    6.700746] systemd-journald[548]: Collecting audit messages is disabled.
[    6.724416] systemd[1]: Starting Load udev Rules from Credentials...
[    6.757577] systemd[1]: Starting Coldplug All udev Devices...
[    6.908510] systemd[1]: Started Journal Service.
[    7.056533] systemd-journald[548]: Received client request to flush runtime journal.
[    7.407076] 9pnet: Limiting 'msize' to 512000 as this is the maximum supported by transport virtio
[    7.898955] virtio_net virtio1 ens4: renamed from eth0
[   16.882746] ksmbd: loading out-of-tree module taints kernel.
[   16.883861] ksmbd: module verification failed: signature and/or required key missing - tainting kernel
[   16.917189] ksmbd: Configuration subsystem initialized with 12 parameters
[   16.923008] ksmbd: ksmbd: registered built-in md4 (md4-ksmbd) for NTLMv1 support
[   16.925396] ksmbd: ksmbd: Fruit SMB extensions loaded
[   16.927393] ksmbd: ksmbd: CHANGE_NOTIFY subsystem initialised
[   16.928605] ksmbd: ksmbd: hook subsystem initialized (22 hook points)
[   16.929948] ksmbd: ksmbd: witness protocol support initialised
[   26.362462] ksmbd: ksmbd: witness protocol support removed
[   26.876329] ksmbd: ksmbd: Fruit SMB extensions unloaded
[   27.186920] ksmbd: Configuration subsystem initialized with 12 parameters
[   27.192989] ksmbd: ksmbd: registered built-in md4 (md4-ksmbd) for NTLMv1 support
[   27.195160] ksmbd: ksmbd: Fruit SMB extensions loaded
[   27.197245] ksmbd: ksmbd: CHANGE_NOTIFY subsystem initialised
[   27.198688] ksmbd: ksmbd: hook subsystem initialized (22 hook points)
[   27.200120] ksmbd: ksmbd: witness protocol support initialised
[   32.936589] ksmbd: inherit ACL overflow
[   34.961006] ksmbd: inherit ACL overflow
[   36.980877] ksmbd: inherit ACL overflow
[   37.999528] ksmbd: inherit ACL overflow
[   39.017328] ksmbd: inherit ACL overflow
[   40.038600] ksmbd: inherit ACL overflow
[   42.058054] ksmbd: inherit ACL overflow
[   42.079401] ksmbd: inherit ACL overflow
[   45.099080] ksmbd: inherit ACL overflow
[   48.119679] ksmbd: inherit ACL overflow
[   83.212424] ksmbd: ksmbd: oplock break ACK timeout on fid 65
[   83.213666] ksmbd: ksmbd: cmd 0x5 handler took 35093 ms (pid=118)
[   83.214967] ksmbd: ksmbd: handle_ksmbd_work took 35094 ms
[   83.241010] ksmbd: inherit ACL overflow
[   84.271576] ksmbd: inherit ACL overflow
[   85.288694] ksmbd: inherit ACL overflow
[   88.312799] ksmbd: inherit ACL overflow
[  124.173319] ksmbd: ksmbd: oplock break ACK timeout on fid 86
[  124.174600] ksmbd: ksmbd: cmd 0x5 handler took 35861 ms (pid=10)
[  124.176113] ksmbd: ksmbd: handle_ksmbd_work took 35862 ms
[  124.191045] ksmbd: inherit ACL overflow
[  125.210370] ksmbd: inherit ACL overflow
[  129.236240] ksmbd: inherit ACL overflow
[  134.261898] ksmbd: inherit ACL overflow
[  137.326510] ksmbd: inherit ACL overflow
[  140.348634] ksmbd: inherit ACL overflow
[  143.368871] ksmbd: inherit ACL overflow
[  144.387736] ksmbd: inherit ACL overflow
[  145.417876] ksmbd: inherit ACL overflow
[  147.436890] ksmbd: inherit ACL overflow
[  148.449370] ksmbd: inherit ACL overflow
[  149.469483] ksmbd: inherit ACL overflow
[  152.482878] ksmbd: inherit ACL overflow
[  153.494924] ksmbd: inherit ACL overflow
[  189.708962] ksmbd: ksmbd: oplock break ACK timeout on fid 164
[  189.710366] ksmbd: ksmbd: cmd 0x5 handler took 36215 ms (pid=10)
[  189.711629] ksmbd: ksmbd: handle_ksmbd_work took 36216 ms
[  190.730211] ksmbd: inherit ACL overflow
[  190.753484] ksmbd: inherit ACL overflow
[  192.812839] ksmbd: inherit ACL overflow
[  193.827173] ksmbd: inherit ACL overflow
[  193.838478] ksmbd: inherit ACL overflow
[  193.859152] ksmbd: inherit ACL overflow
[  195.900138] ksmbd: inherit ACL overflow
[  195.926554] ksmbd: inherit ACL overflow
[  197.931214] ksmbd: Not allow lock operation on exclusive lock range
[  198.947874] ksmbd: inherit ACL overflow
[  198.949719] ksmbd: Not allow lock operation on exclusive lock range
[  199.961905] ksmbd: inherit ACL overflow
[  200.964744] ksmbd: Not allow lock operation on exclusive lock range
[  201.978947] ksmbd: inherit ACL overflow
[  206.007106] ksmbd: inherit ACL overflow
[  208.026535] ksmbd: inherit ACL overflow
[  214.529467] ksmbd: ksmbd: witness protocol support removed
[  215.046327] ksmbd: ksmbd: Fruit SMB extensions unloaded
[  216.555576] ksmbd: Configuration subsystem initialized with 12 parameters
[  216.565338] ksmbd: ksmbd: registered built-in md4 (md4-ksmbd) for NTLMv1 support
[  216.568007] ksmbd: ksmbd: Fruit SMB extensions loaded
[  216.571111] ksmbd: ksmbd: CHANGE_NOTIFY subsystem initialised
[  216.573026] ksmbd: ksmbd: hook subsystem initialized (22 hook points)
[  216.574730] ksmbd: ksmbd: witness protocol support initialised
[  223.144980] ksmbd: Not permitted to read : 0x80
[  226.939504] ksmbd: ksmbd: witness protocol support removed
[  227.440325] ksmbd: ksmbd: Fruit SMB extensions unloaded
[  227.936245] ksmbd: Configuration subsystem initialized with 12 parameters
[  227.941454] ksmbd: ksmbd: registered built-in md4 (md4-ksmbd) for NTLMv1 support
[  227.943836] ksmbd: ksmbd: Fruit SMB extensions loaded
[  227.945610] ksmbd: ksmbd: CHANGE_NOTIFY subsystem initialised
[  227.947219] ksmbd: ksmbd: hook subsystem initialized (22 hook points)
[  227.949105] ksmbd: ksmbd: witness protocol support initialised
[  231.011856] clocksource: Long readout interval, skipping watchdog check: cs_nsec: 2199009440 wd_nsec: 2199009275
[  237.294819] ksmbd: inherit ACL overflow
[  237.308339] ksmbd: inherit ACL overflow
[  242.310023] ksmbd: inherit ACL overflow
[  242.322047] ksmbd: inherit ACL overflow
[  242.323119] ksmbd: no right to delete : 0x1ff
[  242.332997] ksmbd: inherit ACL overflow
[  242.343445] ksmbd: inherit ACL overflow
[  242.354899] ksmbd: inherit ACL overflow
[  242.367955] ksmbd: inherit ACL overflow
[  242.380502] ksmbd: inherit ACL overflow
[  242.392654] ksmbd: inherit ACL overflow
[  242.404960] ksmbd: inherit ACL overflow
[  245.472185] ksmbd: inherit ACL overflow
[  249.112396] ksmbd: ksmbd: witness protocol support removed
[  249.560330] ksmbd: ksmbd: Fruit SMB extensions unloaded
[  249.879116] ksmbd: Configuration subsystem initialized with 12 parameters
[  249.885338] ksmbd: ksmbd: registered built-in md4 (md4-ksmbd) for NTLMv1 support
[  249.887551] ksmbd: ksmbd: Fruit SMB extensions loaded
[  249.888640] ksmbd: ksmbd: CHANGE_NOTIFY subsystem initialised
[  249.890413] ksmbd: ksmbd: hook subsystem initialized (22 hook points)
[  249.892624] ksmbd: ksmbd: witness protocol support initialised
[  256.479693] ksmbd: inherit ACL overflow
[  256.540901] ksmbd: inherit ACL overflow
[  256.543096] ksmbd: inherit ACL overflow
[  256.546761] ksmbd: inherit ACL overflow
[  256.565651] ksmbd: inherit ACL overflow
[  256.581234] ksmbd: inherit ACL overflow
[  256.594583] ksmbd: inherit ACL overflow
[  256.607831] ksmbd: inherit ACL overflow
[  256.625837] ksmbd: inherit ACL overflow
[  256.641926] ksmbd: inherit ACL overflow
[  262.774370] smb_inherit_dacl: 3 callbacks suppressed
[  262.774374] ksmbd: inherit ACL overflow
[  268.810564] ksmbd: inherit ACL overflow
[  289.859914] ksmbd: ksmbd: cmd 0x5 handler took 20046 ms (pid=46)
[  289.861491] ksmbd: ksmbd: cmd 0x5 handler took 21050 ms (pid=118)
[  289.884085] ksmbd: inherit ACL overflow
[  310.906860] ksmbd: ksmbd: cmd 0x5 handler took 20021 ms (pid=611)
[  310.926346] ksmbd: inherit ACL overflow
[  311.948431] ksmbd: ksmbd: cmd 0x5 handler took 22064 ms (pid=9)
[  349.452347] ksmbd: ksmbd: oplock break ACK timeout on fid 98
[  349.453436] ksmbd: ksmbd: cmd 0x5 handler took 38526 ms (pid=611)
[  349.454644] ksmbd: ksmbd: handle_ksmbd_work took 38527 ms
[  350.493483] ksmbd: inherit ACL overflow
[  386.316363] ksmbd: ksmbd: oplock break ACK timeout on fid 107
[  386.318034] ksmbd: ksmbd: cmd 0x5 handler took 35822 ms (pid=46)
[  386.320145] ksmbd: ksmbd: handle_ksmbd_work took 35824 ms
[  387.346776] ksmbd: inherit ACL overflow
[  393.370135] ksmbd: inherit ACL overflow
[  399.396234] ksmbd: inherit ACL overflow
[  435.468354] ksmbd: ksmbd: oplock break ACK timeout on fid 131
[  435.469610] ksmbd: ksmbd: cmd 0x5 handler took 36072 ms (pid=611)
[  435.470881] ksmbd: ksmbd: handle_ksmbd_work took 36073 ms
[  439.885590] ksmbd: ksmbd: witness protocol support removed
[  440.357357] ksmbd: ksmbd: Fruit SMB extensions unloaded
[  440.615386] ksmbd: module uses symbol (crypto_cipher_setkey) from namespace CRYPTO_INTERNAL, but does not import it.
[  440.617585] ksmbd: Unknown symbol hkdf_extract (err -2)
[  440.618658] ksmbd: Unknown symbol hkdf_expand (err -2)
[  440.619732] ksmbd: module uses symbol (crypto_cipher_encrypt_one) from namespace CRYPTO_INTERNAL, but does not import it.
[  440.680822] ksmbd: Configuration subsystem initialized with 12 parameters
[  440.686653] ksmbd: ksmbd: registered built-in md4 (md4-ksmbd) for NTLMv1 support
[  440.688741] ksmbd: ksmbd: Fruit SMB extensions loaded
[  440.689845] ksmbd: ksmbd: CHANGE_NOTIFY subsystem initialised
[  440.690989] ksmbd: ksmbd: hook subsystem initialized (22 hook points)
[  440.693499] ksmbd: ksmbd: witness protocol support initialised
[  450.180453] ksmbd: ksmbd: witness protocol support removed
[  450.687329] ksmbd: ksmbd: Fruit SMB extensions unloaded
[  450.964871] ksmbd: module uses symbol (crypto_cipher_setkey) from namespace CRYPTO_INTERNAL, but does not import it.
[  450.967121] ksmbd: Unknown symbol hkdf_extract (err -2)
[  450.968329] ksmbd: Unknown symbol hkdf_expand (err -2)
[  450.969711] ksmbd: module uses symbol (crypto_cipher_encrypt_one) from namespace CRYPTO_INTERNAL, but does not import it.
[  451.030804] ksmbd: Configuration subsystem initialized with 12 parameters
[  451.037158] ksmbd: ksmbd: registered built-in md4 (md4-ksmbd) for NTLMv1 support
[  451.039658] ksmbd: ksmbd: Fruit SMB extensions loaded
[  451.040857] ksmbd: ksmbd: CHANGE_NOTIFY subsystem initialised
[  451.042094] ksmbd: ksmbd: hook subsystem initialized (22 hook points)
[  451.043541] ksmbd: ksmbd: witness protocol support initialised
[  460.533296] ksmbd: ksmbd: witness protocol support removed
[  461.005332] ksmbd: ksmbd: Fruit SMB extensions unloaded
[  461.404936] ksmbd: module uses symbol (crypto_cipher_setkey) from namespace CRYPTO_INTERNAL, but does not import it.
[  461.407272] ksmbd: Unknown symbol hkdf_extract (err -2)
[  461.408455] ksmbd: Unknown symbol hkdf_expand (err -2)
[  461.409856] ksmbd: module uses symbol (crypto_cipher_encrypt_one) from namespace CRYPTO_INTERNAL, but does not import it.
[  461.463889] ksmbd: Configuration subsystem initialized with 12 parameters
[  461.475305] ksmbd: ksmbd: registered built-in md4 (md4-ksmbd) for NTLMv1 support
[  461.477463] ksmbd: ksmbd: Fruit SMB extensions loaded
[  461.478696] ksmbd: ksmbd: CHANGE_NOTIFY subsystem initialised
[  461.479885] ksmbd: ksmbd: hook subsystem initialized (22 hook points)
[  461.481215] ksmbd: ksmbd: witness protocol support initialised
[  468.962078] ksmbd: inherit ACL overflow
[  469.034729] ksmbd: bad smb2 signature
[  469.035883] ksmbd: bad smb2 signature
[  469.052502] ksmbd: bad smb2 signature
[  469.053517] ksmbd: bad smb2 signature
[  469.070029] ksmbd: bad smb2 signature
[  469.071072] ksmbd: bad smb2 signature
[  469.088460] ksmbd: bad smb2 signature
[  469.089623] ksmbd: bad smb2 signature
[  469.986367] ksmbd: ksmbd[audit]: decrypt failure conn=(einval)
[  530.060840] ksmbd: ksmbd[audit]: decrypt failure conn=(einval)
[  590.139601] ksmbd: ksmbd[audit]: decrypt failure conn=(einval)
[  652.200529] ksmbd: ksmbd: witness protocol support removed
[  652.652330] ksmbd: ksmbd: Fruit SMB extensions unloaded
[  652.895831] ksmbd: module uses symbol (crypto_cipher_setkey) from namespace CRYPTO_INTERNAL, but does not import it.
[  652.898092] ksmbd: Unknown symbol hkdf_extract (err -2)
[  652.899266] ksmbd: Unknown symbol hkdf_expand (err -2)
[  652.900685] ksmbd: module uses symbol (crypto_cipher_encrypt_one) from namespace CRYPTO_INTERNAL, but does not import it.
[  652.955539] ksmbd: Configuration subsystem initialized with 12 parameters
[  652.961660] ksmbd: ksmbd: registered built-in md4 (md4-ksmbd) for NTLMv1 support
[  652.963859] ksmbd: ksmbd: Fruit SMB extensions loaded
[  652.966085] ksmbd: ksmbd: CHANGE_NOTIFY subsystem initialised
[  652.967349] ksmbd: ksmbd: hook subsystem initialized (22 hook points)
[  652.968881] ksmbd: ksmbd: witness protocol support initialised
[  661.590521] ksmbd: can't change a file to a directory
[  661.597690] ksmbd: Mode is not valid : 0x1
[  665.846539] ksmbd: ksmbd: witness protocol support removed
[  666.306333] ksmbd: ksmbd: Fruit SMB extensions unloaded
[  666.614756] ksmbd: module uses symbol (crypto_cipher_setkey) from namespace CRYPTO_INTERNAL, but does not import it.
[  666.616847] ksmbd: Unknown symbol hkdf_extract (err -2)
[  666.617974] ksmbd: Unknown symbol hkdf_expand (err -2)
[  666.619227] ksmbd: module uses symbol (crypto_cipher_encrypt_one) from namespace CRYPTO_INTERNAL, but does not import it.
[  666.678531] ksmbd: Configuration subsystem initialized with 12 parameters
[  666.684157] ksmbd: ksmbd: registered built-in md4 (md4-ksmbd) for NTLMv1 support
[  666.686323] ksmbd: ksmbd: Fruit SMB extensions loaded
[  666.688377] ksmbd: ksmbd: CHANGE_NOTIFY subsystem initialised
[  666.689520] ksmbd: ksmbd: hook subsystem initialized (22 hook points)
[  666.690903] ksmbd: ksmbd: witness protocol support initialised
[  672.512405] ksmbd: inherit ACL overflow
[  672.521250] ksmbd: inherit ACL overflow
[  672.535050] ksmbd: inherit ACL overflow
[  672.555808] ksmbd: inherit ACL overflow
[  672.575106] ksmbd: inherit ACL overflow
[  672.586879] ksmbd: inherit ACL overflow
[  672.589409] ksmbd: not allow base filename in rename
[  672.600697] ksmbd: inherit ACL overflow
[  672.603484] ksmbd: inherit ACL overflow
[  672.605732] ksmbd: inherit ACL overflow
[  672.607967] ksmbd: inherit ACL overflow
[  672.622337] ksmbd: no right to read the attributes : 0x1
[  672.680368] ksmbd: no right to delete : 0x1ff
[  676.196427] ksmbd: ksmbd: witness protocol support removed
[  676.713334] ksmbd: ksmbd: Fruit SMB extensions unloaded
[  676.989581] ksmbd: module uses symbol (crypto_cipher_setkey) from namespace CRYPTO_INTERNAL, but does not import it.
[  676.991821] ksmbd: Unknown symbol hkdf_extract (err -2)
[  676.992942] ksmbd: Unknown symbol hkdf_expand (err -2)
[  676.994044] ksmbd: module uses symbol (crypto_cipher_encrypt_one) from namespace CRYPTO_INTERNAL, but does not import it.
[  677.048518] ksmbd: Configuration subsystem initialized with 12 parameters
[  677.054341] ksmbd: ksmbd: registered built-in md4 (md4-ksmbd) for NTLMv1 support
[  677.056517] ksmbd: ksmbd: Fruit SMB extensions loaded
[  677.057605] ksmbd: ksmbd: CHANGE_NOTIFY subsystem initialised
[  677.058799] ksmbd: ksmbd: hook subsystem initialized (22 hook points)
[  677.061183] ksmbd: ksmbd: witness protocol support initialised
